rake aborted!
SystemStackError: stack level too deep
/Library/Ruby/Gems/2.3.0/gems/activerecord-5.2.3/lib/active_record/reflection.rb:790:in `source_reflection'
/Library/Ruby/Gems/2.3.0/gems/activerecord-5.2.3/lib/active_record/reflection.rb:991:in `derive_class_name'
/Library/Ruby/Gems/2.3.0/gems/activerecord-5.2.3/lib/active_record/reflection.rb:162:in `class_name'
/Library/Ruby/Gems/2.3.0/gems/activerecord-5.2.3/lib/active_record/reflection.rb:769:in `klass'
/Library/Ruby/Gems/2.3.0/gems/activerecord-5.2.3/lib/active_record/reflection.rb:790:in `source_reflection'
/Library/Ruby/Gems/2.3.0/gems/activerecord-5.2.3/lib/active_record/reflection.rb:991:in `derive_class_name'
/Library/Ruby/Gems/2.3.0/gems/activerecord-5.2.3/lib/active_record/reflection.rb:162:in `class_name'
/Library/Ruby/Gems/2.3.0/gems/activerecord-5.2.3/lib/active_record/reflection.rb:769:in `klass'
/Library/Ruby/Gems/2.3.0/gems/activerecord-5.2.3/lib/active_record/reflection.rb:790:in `source_reflection'
/Library/Ruby/Gems/2.3.0/gems/activerecord-5.2.3/lib/active_record/reflection.rb:991:in `derive_class_name'
/Library/Ruby/Gems/2.3.0/gems/activerecord-5.2.3/lib/active_record/reflection.rb:162:in `class_name'
/Library/Ruby/Gems/2.3.0/gems/activerecord-5.2.3/lib/active_record/reflection.rb:769:in `klass'
/Library/Ruby/Gems/2.3.0/gems/activerecord-5.2.3/lib/active_record/reflection.rb:790:in `source_reflection'
/Library/Ruby/Gems/2.3.0/gems/activerecord-5.2.3/lib/active_record/reflection.rb:991:in `derive_class_name'
/Library/Ruby/Gems/2.3.0/gems/activerecord-5.2.3/lib/active_record/reflection.rb:162:in `class_name'
/Library/Ruby/Gems/2.3.0/gems/activerecord-5.2.3/lib/active_record/reflection.rb:769:in `klass'
/Library/Ruby/Gems/2.3.0/gems/activerecord-5.2.3/lib/active_record/reflection.rb:790:in `source_reflection'
/Library/Ruby/Gems/2.3.0/gems/activerecord-5.2.3/lib/active_record/reflection.rb:991:in `derive_class_name'
/Library/Ruby/Gems/2.3.0/gems/activerecord-5.2.3/lib/active_record/reflection.rb:162:in `class_name'
/Library/Ruby/Gems/2.3.0/gems/activerecord-5.2.3/lib/active_record/reflection.rb:769:in `klass'
/Library/Ruby/Gems/2.3.0/gems/activerecord-5.2.3/lib/active_record/reflection.rb:790:in `source_reflection'
/Library/Ruby/Gems/2.3.0/gems/activerecord-5.2.3/lib/active_record/reflection.rb:991:in `derive_class_name'
/Library/Ruby/Gems/2.3.0/gems/activerecord-5.2.3/lib/active_record/reflection.rb:162:in `class_name'
/Library/Ruby/Gems/2.3.0/gems/activerecord-5.2.3/lib/active_record/reflection.rb:769:in `klass'
/Library/Ruby/Gems/2.3.0/gems/activerecord-5.2.3/lib/active_record/reflection.rb:790:in `source_reflection'
/Library/Ruby/Gems/2.3.0/gems/activerecord-5.2.3/lib/active_record/reflection.rb:991:in `derive_class_name'
/Library/Ruby/Gems/2.3.0/gems/activerecord-5.2.3/lib/active_record/reflection.rb:162:in `class_name'
/Library/Ruby/Gems/2.3.0/gems/activerecord-5.2.3/lib/active_record/reflection.rb:769:in `klass'
/Library/Ruby/Gems/2.3.0/gems/activerecord-5.2.3/lib/active_record/reflection.rb:790:in `source_reflection'
/Library/Ruby/Gems/2.3.0/gems/activerecord-5.2.3/lib/active_record/reflection.rb:991:in `derive_class_name'
/Library/Ruby/Gems/2.3.0/gems/activerecord-5.2.3/lib/active_record/reflection.rb:162:in `class_name'
/Library/Ruby/Gems/2.3.0/gems/activerecord-5.2.3/lib/active_record/reflection.rb:769:in `klass'
/Library/Ruby/Gems/2.3.0/gems/activerecord-5.2.3/lib/active_record/reflection.rb:790:in `source_reflection'
/Library/Ruby/Gems/2.3.0/gems/activerecord-5.2.3/lib/active_record/reflection.rb:991:in `derive_class_name'
/Library/Ruby/Gems/2.3.0/gems/activerecord-5.2.3/lib/active_record/reflection.rb:162:in `class_name'
/Library/Ruby/Gems/2.3.0/gems/activerecord-5.2.3/lib/active_record/reflection.rb:769:in `klass'
/Library/Ruby/Gems/2.3.0/gems/activerecord-5.2.3/lib/active_record/reflection.rb:790:in `source_reflection'
/Library/Ruby/Gems/2.3.0/gems/activerecord-5.2.3/lib/active_record/reflection.rb:991:in `derive_class_name'
/Library/Ruby/Gems/2.3.0/gems/activerecord-5.2.3/lib/active_record/reflection.rb:162:in `class_name'
/Library/Ruby/Gems/2.3.0/gems/activerecord-5.2.3/lib/active_record/reflection.rb:769:in `klass'
/Library/Ruby/Gems/2.3.0/gems/activerecord-5.2.3/lib/active_record/reflection.rb:790:in `source_reflection'
/Library/Ruby/Gems/2.3.0/gems/activerecord-5.2.3/lib/active_record/reflection.rb:991:in `derive_class_name'
/Library/Ruby/Gems/2.3.0/gems/activerecord-5.2.3/lib/active_record/reflection.rb:162:in `class_name'
/Library/Ruby/Gems/2.3.0/gems/activerecord-5.2.3/lib/active_record/reflection.rb:769:in `klass'
/Library/Ruby/Gems/2.3.0/gems/activerecord-5.2.3/lib/active_record/reflection.rb:790:in `source_reflection'
/Library/Ruby/Gems/2.3.0/gems/activerecord-5.2.3/lib/active_record/reflection.rb:991:in `derive_class_name'
/Library/Ruby/Gems/2.3.0/gems/activerecord-5.2.3/lib/active_record/reflection.rb:162:in `class_name'
/Library/Ruby/Gems/2.3.0/gems/activerecord-5.2.3/lib/active_record/reflection.rb:769:in `klass'
/Library/Ruby/Gems/2.3.0/gems/activerecord-5.2.3/lib/active_record/reflection.rb:790:in `source_reflection'
/Library/Ruby/Gems/2.3.0/gems/activerecord-5.2.3/lib/active_record/reflection.rb:991:in `derive_class_name'
/Library/Ruby/Gems/2.3.0/gems/activerecord-5.2.3/lib/active_record/reflection.rb:162:in `class_name'
/Library/Ruby/Gems/2.3.0/gems/activerecord-5.2.3/lib/active_record/reflection.rb:769:in `klass'
/Library/Ruby/Gems/2.3.0/gems/activerecord-5.2.3/lib/active_record/reflection.rb:790:in `source_reflection'
/Library/Ruby/Gems/2.3.0/gems/activerecord-5.2.3/lib/active_record/reflection.rb:991:in `derive_class_name'
/Library/Ruby/Gems/2.3.0/gems/activerecord-5.2.3/lib/active_record/reflection.rb:162:in `class_name'
/Library/Ruby/Gems/2.3.0/gems/activerecord-5.2.3/lib/active_record/reflection.rb:769:in `klass'
/Library/Ruby/Gems/2.3.0/gems/activerecord-5.2.3/lib/active_record/reflection.rb:790:in `source_reflection'
/Library/Ruby/Gems/2.3.0/gems/activerecord-5.2.3/lib/active_record/reflection.rb:991:in `derive_class_name'
/Library/Ruby/Gems/2.3.0/gems/activerecord-5.2.3/lib/active_record/reflection.rb:162:in `class_name'
/Library/Ruby/Gems/2.3.0/gems/activerecord-5.2.3/lib/active_record/reflection.rb:769:in `klass'
/Library/Ruby/Gems/2.3.0/gems/activerecord-5.2.3/lib/active_record/reflection.rb:790:in `source_reflection'
/Library/Ruby/Gems/2.3.0/gems/activerecord-5.2.3/lib/active_record/reflection.rb:991:in `derive_class_name'
/Library/Ruby/Gems/2.3.0/gems/activerecord-5.2.3/lib/active_record/reflection.rb:162:in `class_name'
/Library/Ruby/Gems/2.3.0/gems/activerecord-5.2.3/lib/active_record/reflection.rb:769:in `klass'
/Library/Ruby/Gems/2.3.0/gems/activerecord-5.2.3/lib/active_record/reflection.rb:790:in `source_reflection'
/Library/Ruby/Gems/2.3.0/gems/activerecord-5.2.3/lib/active_record/reflection.rb:991:in `derive_class_name'
/Library/Ruby/Gems/2.3.0/gems/activerecord-5.2.3/lib/active_record/reflection.rb:162:in `class_name'
/Library/Ruby/Gems/2.3.0/gems/activerecord-5.2.3/lib/active_record/reflection.rb:769:in `klass'
/Library/Ruby/Gems/2.3.0/gems/activerecord-5.2.3/lib/active_record/reflection.rb:790:in `source_reflection'
/Library/Ruby/Gems/2.3.0/gems/activerecord-5.2.3/lib/active_record/reflection.rb:991:in `derive_class_name'
/Library/Ruby/Gems/2.3.0/gems/activerecord-5.2.3/lib/active_record/reflection.rb:162:in `class_name'
/Library/Ruby/Gems/2.3.0/gems/activerecord-5.2.3/lib/active_record/reflection.rb:769:in `klass'
/Library/Ruby/Gems/2.3.0/gems/activerecord-5.2.3/lib/active_record/reflection.rb:790:in `source_reflection'
/Library/Ruby/Gems/2.3.0/gems/activerecord-5.2.3/lib/active_record/reflection.rb:991:in `derive_class_name'
/Library/Ruby/Gems/2.3.0/gems/activerecord-5.2.3/lib/active_record/reflection.rb:162:in `class_name'
/Library/Ruby/Gems/2.3.0/gems/activerecord-5.2.3/lib/active_record/reflection.rb:769:in `klass'
/Library/Ruby/Gems/2.3.0/gems/activerecord-5.2.3/lib/active_record/reflection.rb:790:in `source_reflection'
/Library/Ruby/Gems/2.3.0/gems/activerecord-5.2.3/lib/active_record/reflection.rb:991:in `derive_class_name'
/Library/Ruby/Gems/2.3.0/gems/activerecord-5.2.3/lib/active_record/reflection.rb:162:in `class_name'
/Library/Ruby/Gems/2.3.0/gems/activerecord-5.2.3/lib/active_record/reflection.rb:769:in `klass'
/Library/Ruby/Gems/2.3.0/gems/activerecord-5.2.3/lib/active_record/reflection.rb:790:in `source_reflection'
/Library/Ruby/Gems/2.3.0/gems/activerecord-5.2.3/lib/active_record/reflection.rb:991:in `derive_class_name'
/Library/Ruby/Gems/2.3.0/gems/activerecord-5.2.3/lib/active_record/reflection.rb:162:in `class_name'
/Library/Ruby/Gems/2.3.0/gems/activerecord-5.2.3/lib/active_record/reflection.rb:769:in `klass'
/Library/Ruby/Gems/2.3.0/gems/activerecord-5.2.3/lib/active_record/reflection.rb:790:in `source_reflection'
/Library/Ruby/Gems/2.3.0/gems/activerecord-5.2.3/lib/active_record/reflection.rb:991:in `derive_class_name'
/Library/Ruby/Gems/2.3.0/gems/activerecord-5.2.3/lib/active_record/reflection.rb:162:in `class_name'
/Library/Ruby/Gems/2.3.0/gems/activerecord-5.2.3/lib/active_record/reflection.rb:769:in `klass'
/Library/Ruby/Gems/2.3.0/gems/activerecord-5.2.3/lib/active_record/reflection.rb:790:in `source_reflection'
/Library/Ruby/Gems/2.3.0/gems/activerecord-5.2.3/lib/active_record/reflection.rb:991:in `derive_class_name'
/Library/Ruby/Gems/2.3.0/gems/activerecord-5.2.3/lib/active_record/reflection.rb:162:in `class_name'
/Library/Ruby/Gems/2.3.0/gems/activerecord-5.2.3/lib/active_record/reflection.rb:769:in `klass'
/Library/Ruby/Gems/2.3.0/gems/activerecord-5.2.3/lib/active_record/reflection.rb:790:in `source_reflection'
/Library/Ruby/Gems/2.3.0/gems/activerecord-5.2.3/lib/active_record/reflection.rb:991:in `derive_class_name'
/Library/Ruby/Gems/2.3.0/gems/activerecord-5.2.3/lib/active_record/reflection.rb:162:in `class_name'
/Library/Ruby/Gems/2.3.0/gems/activerecord-5.2.3/lib/active_record/reflection.rb:769:in `klass'
/Library/Ruby/Gems/2.3.0/gems/activerecord-5.2.3/lib/active_record/reflection.rb:790:in `source_reflection'
/Library/Ruby/Gems/2.3.0/gems/activerecord-5.2.3/lib/active_record/reflection.rb:991:in `derive_class_name'
/Library/Ruby/Gems/2.3.0/gems/activerecord-5.2.3/lib/active_record/reflection.rb:162:in `class_name'
/Library/Ruby/Gems/2.3.0/gems/activerecord-5.2.3/lib/active_record/reflection.rb:769:in `klass'
/Library/Ruby/Gems/2.3.0/gems/activerecord-5.2.3/lib/active_record/reflection.rb:790:in `source_reflection'
/Library/Ruby/Gems/2.3.0/gems/activerecord-5.2.3/lib/active_record/reflection.rb:991:in `derive_class_name'
/Library/Ruby/Gems/2.3.0/gems/activerecord-5.2.3/lib/active_record/reflection.rb:162:in `class_name'
/Library/Ruby/Gems/2.3.0/gems/activerecord-5.2.3/lib/active_record/reflection.rb:769:in `klass'
/Library/Ruby/Gems/2.3.0/gems/activerecord-5.2.3/lib/active_record/reflection.rb:790:in `source_reflection'
/Library/Ruby/Gems/2.3.0/gems/activerecord-5.2.3/lib/active_record/reflection.rb:991:in `derive_class_name'
/Library/Ruby/Gems/2.3.0/gems/activerecord-5.2.3/lib/active_record/reflection.rb:162:in `class_name'
/Library/Ruby/Gems/2.3.0/gems/activerecord-5.2.3/lib/active_record/reflection.rb:769:in `klass'
/Library/Ruby/Gems/2.3.0/gems/activerecord-5.2.3/lib/active_record/reflection.rb:790:in `source_reflection'
/Library/Ruby/Gems/2.3.0/gems/activerecord-5.2.3/lib/active_record/reflection.rb:991:in `derive_class_name'
/Library/Ruby/Gems/2.3.0/gems/activerecord-5.2.3/lib/active_record/reflection.rb:162:in `class_name'
/Library/Ruby/Gems/2.3.0/gems/activerecord-5.2.3/lib/active_record/reflection.rb:769:in `klass'
/Library/Ruby/Gems/2.3.0/gems/activerecord-5.2.3/lib/active_record/reflection.rb:790:in `source_reflection'
/Library/Ruby/Gems/2.3.0/gems/activerecord-5.2.3/lib/active_record/reflection.rb:991:in `derive_class_name'
/Library/Ruby/Gems/2.3.0/gems/activerecord-5.2.3/lib/active_record/reflection.rb:162:in `class_name'
/Library/Ruby/Gems/2.3.0/gems/activerecord-5.2.3/lib/active_record/reflection.rb:769:in `klass'
/Library/Ruby/Gems/2.3.0/gems/activerecord-5.2.3/lib/active_record/reflection.rb:790:in `source_reflection'
/Library/Ruby/Gems/2.3.0/gems/activerecord-5.2.3/lib/active_record/reflection.rb:991:in `derive_class_name'
/Library/Ruby/Gems/2.3.0/gems/activerecord-5.2.3/lib/active_record/reflection.rb:162:in `class_name'
/Library/Ruby/Gems/2.3.0/gems/activerecord-5.2.3/lib/active_record/reflection.rb:769:in `klass'
/Library/Ruby/Gems/2.3.0/gems/activerecord-5.2.3/lib/active_record/reflection.rb:790:in `source_reflection'
/Library/Ruby/Gems/2.3.0/gems/activerecord-5.2.3/lib/active_record/reflection.rb:991:in `derive_class_name'
/Library/Ruby/Gems/2.3.0/gems/activerecord-5.2.3/lib/active_record/reflection.rb:162:in `class_name'
/Library/Ruby/Gems/2.3.0/gems/activerecord-5.2.3/lib/active_record/reflection.rb:769:in `klass'
/Library/Ruby/Gems/2.3.0/gems/activerecord-5.2.3/lib/active_record/reflection.rb:790:in `source_reflection'
/Library/Ruby/Gems/2.3.0/gems/activerecord-5.2.3/lib/active_record/reflection.rb:991:in `derive_class_name'
/Library/Ruby/Gems/2.3.0/gems/activerecord-5.2.3/lib/active_record/reflection.rb:162:in `class_name'
/Library/Ruby/Gems/2.3.0/gems/activerecord-5.2.3/lib/active_record/reflection.rb:769:in `klass'
/Library/Ruby/Gems/2.3.0/gems/activerecord-5.2.3/lib/active_record/reflection.rb:790:in `source_reflection'
/Library/Ruby/Gems/2.3.0/gems/activerecord-5.2.3/lib/active_record/reflection.rb:991:in `derive_class_name'
/Library/Ruby/Gems/2.3.0/gems/activerecord-5.2.3/lib/active_record/reflection.rb:162:in `class_name'
/Library/Ruby/Gems/2.3.0/gems/activerecord-5.2.3/lib/active_record/reflection.rb:769:in `klass'
/Library/Ruby/Gems/2.3.0/gems/activerecord-5.2.3/lib/active_record/reflection.rb:790:in `source_reflection'
/Library/Ruby/Gems/2.3.0/gems/activerecord-5.2.3/lib/active_record/reflection.rb:991:in `derive_class_name'
/Library/Ruby/Gems/2.3.0/gems/activerecord-5.2.3/lib/active_record/reflection.rb:162:in `class_name'
/Library/Ruby/Gems/2.3.0/gems/activerecord-5.2.3/lib/active_record/reflection.rb:769:in `klass'
/Library/Ruby/Gems/2.3.0/gems/activerecord-5.2.3/lib/active_record/reflection.rb:790:in `source_reflection'
/Library/Ruby/Gems/2.3.0/gems/activerecord-5.2.3/lib/active_record/reflection.rb:991:in `derive_class_name'
/Library/Ruby/Gems/2.3.0/gems/activerecord-5.2.3/lib/active_record/reflection.rb:162:in `class_name'
/Library/Ruby/Gems/2.3.0/gems/activerecord-5.2.3/lib/active_record/reflection.rb:769:in `klass'
/Library/Ruby/Gems/2.3.0/gems/activerecord-5.2.3/lib/active_record/reflection.rb:790:in `source_reflection'
/Library/Ruby/Gems/2.3.0/gems/activerecord-5.2.3/lib/active_record/reflection.rb:991:in `derive_class_name'
/Library/Ruby/Gems/2.3.0/gems/activerecord-5.2.3/lib/active_record/reflection.rb:162:in `class_name'
/Library/Ruby/Gems/2.3.0/gems/activerecord-5.2.3/lib/active_record/reflection.rb:769:in `klass'
/Library/Ruby/Gems/2.3.0/gems/activerecord-5.2.3/lib/active_record/reflection.rb:790:in `source_reflection'
/Library/Ruby/Gems/2.3.0/gems/activerecord-5.2.3/lib/active_record/reflection.rb:991:in `derive_class_name'
/Library/Ruby/Gems/2.3.0/gems/activerecord-5.2.3/lib/active_record/reflection.rb:162:in `class_name'
/Library/Ruby/Gems/2.3.0/gems/activerecord-5.2.3/lib/active_record/reflection.rb:769:in `klass'
/Library/Ruby/Gems/2.3.0/gems/activerecord-5.2.3/lib/active_record/reflection.rb:790:in `source_reflection'
/Library/Ruby/Gems/2.3.0/gems/activerecord-5.2.3/lib/active_record/reflection.rb:991:in `derive_class_name'
/Library/Ruby/Gems/2.3.0/gems/activerecord-5.2.3/lib/active_record/reflection.rb:162:in `class_name'
/Library/Ruby/Gems/2.3.0/gems/activerecord-5.2.3/lib/active_record/reflection.rb:769:in `klass'
/Library/Ruby/Gems/2.3.0/gems/activerecord-5.2.3/lib/active_record/reflection.rb:790:in `source_reflection'
/Library/Ruby/Gems/2.3.0/gems/activerecord-5.2.3/lib/active_record/reflection.rb:991:in `derive_class_name'
/Library/Ruby/Gems/2.3.0/gems/activerecord-5.2.3/lib/active_record/reflection.rb:162:in `class_name'
/Library/Ruby/Gems/2.3.0/gems/activerecord-5.2.3/lib/active_record/reflection.rb:769:in `klass'
/Library/Ruby/Gems/2.3.0/gems/activerecord-5.2.3/lib/active_record/reflection.rb:790:in `source_reflection'
/Library/Ruby/Gems/2.3.0/gems/activerecord-5.2.3/lib/active_record/reflection.rb:991:in `derive_class_name'
/Library/Ruby/Gems/2.3.0/gems/activerecord-5.2.3/lib/active_record/reflection.rb:162:in `class_name'
/Library/Ruby/Gems/2.3.0/gems/activerecord-5.2.3/lib/active_record/reflection.rb:769:in `klass'
/Library/Ruby/Gems/2.3.0/gems/activerecord-5.2.3/lib/active_record/reflection.rb:790:in `source_reflection'
/Library/Ruby/Gems/2.3.0/gems/activerecord-5.2.3/lib/active_record/reflection.rb:991:in `derive_class_name'
/Library/Ruby/Gems/2.3.0/gems/activerecord-5.2.3/lib/active_record/reflection.rb:162:in `class_name'
/Library/Ruby/Gems/2.3.0/gems/activerecord-5.2.3/lib/active_record/reflection.rb:769:in `klass'
/Library/Ruby/Gems/2.3.0/gems/activerecord-5.2.3/lib/active_record/reflection.rb:790:in `source_reflection'
/Library/Ruby/Gems/2.3.0/gems/activerecord-5.2.3/lib/active_record/reflection.rb:991:in `derive_class_name'
/Library/Ruby/Gems/2.3.0/gems/activerecord-5.2.3/lib/active_record/reflection.rb:162:in `class_name'
/Library/Ruby/Gems/2.3.0/gems/activerecord-5.2.3/lib/active_record/reflection.rb:769:in `klass'
/Library/Ruby/Gems/2.3.0/gems/activerecord-5.2.3/lib/active_record/reflection.rb:790:in `source_reflection'
/Library/Ruby/Gems/2.3.0/gems/activerecord-5.2.3/lib/active_record/reflection.rb:991:in `derive_class_name'
/Library/Ruby/Gems/2.3.0/gems/activerecord-5.2.3/lib/active_record/reflection.rb:162:in `class_name'
/Library/Ruby/Gems/2.3.0/gems/activerecord-5.2.3/lib/active_record/reflection.rb:769:in `klass'
/Library/Ruby/Gems/2.3.0/gems/activerecord-5.2.3/lib/active_record/reflection.rb:790:in `source_reflection'
/Library/Ruby/Gems/2.3.0/gems/activerecord-5.2.3/lib/active_record/reflection.rb:991:in `derive_class_name'
/Library/Ruby/Gems/2.3.0/gems/activerecord-5.2.3/lib/active_record/reflection.rb:162:in `class_name'
/Library/Ruby/Gems/2.3.0/gems/activerecord-5.2.3/lib/active_record/reflection.rb:769:in `klass'
/Library/Ruby/Gems/2.3.0/gems/activerecord-5.2.3/lib/active_record/reflection.rb:790:in `source_reflection'
/Library/Ruby/Gems/2.3.0/gems/activerecord-5.2.3/lib/active_record/reflection.rb:991:in `derive_class_name'
/Library/Ruby/Gems/2.3.0/gems/activerecord-5.2.3/lib/active_record/reflection.rb:162:in `class_name'
/Library/Ruby/Gems/2.3.0/gems/activerecord-5.2.3/lib/active_record/reflection.rb:769:in `klass'
/Library/Ruby/Gems/2.3.0/gems/activerecord-5.2.3/lib/active_record/reflection.rb:790:in `source_reflection'
/Library/Ruby/Gems/2.3.0/gems/activerecord-5.2.3/lib/active_record/reflection.rb:991:in `derive_class_name'
/Library/Ruby/Gems/2.3.0/gems/activerecord-5.2.3/lib/active_record/reflection.rb:162:in `class_name'
/Library/Ruby/Gems/2.3.0/gems/activerecord-5.2.3/lib/active_record/reflection.rb:769:in `klass'
/Library/Ruby/Gems/2.3.0/gems/activerecord-5.2.3/lib/active_record/reflection.rb:790:in `source_reflection'
/Library/Ruby/Gems/2.3.0/gems/activerecord-5.2.3/lib/active_record/reflection.rb:991:in `derive_class_name'
/Library/Ruby/Gems/2.3.0/gems/activerecord-5.2.3/lib/active_record/reflection.rb:162:in `class_name'
/Library/Ruby/Gems/2.3.0/gems/activerecord-5.2.3/lib/active_record/reflection.rb:769:in `klass'
/Library/Ruby/Gems/2.3.0/gems/activerecord-5.2.3/lib/active_record/reflection.rb:790:in `source_reflection'
/Library/Ruby/Gems/2.3.0/gems/activerecord-5.2.3/lib/active_record/reflection.rb:991:in `derive_class_name'
/Library/Ruby/Gems/2.3.0/gems/activerecord-5.2.3/lib/active_record/reflection.rb:162:in `class_name'
/Library/Ruby/Gems/2.3.0/gems/activerecord-5.2.3/lib/active_record/reflection.rb:769:in `klass'
/Library/Ruby/Gems/2.3.0/gems/activerecord-5.2.3/lib/active_record/reflection.rb:790:in `source_reflection'
/Library/Ruby/Gems/2.3.0/gems/activerecord-5.2.3/lib/active_record/reflection.rb:991:in `derive_class_name'
/Library/Ruby/Gems/2.3.0/gems/activerecord-5.2.3/lib/active_record/reflection.rb:162:in `class_name'
/Library/Ruby/Gems/2.3.0/gems/activerecord-5.2.3/lib/active_record/reflection.rb:769:in `klass'
/Library/Ruby/Gems/2.3.0/gems/activerecord-5.2.3/lib/active_record/reflection.rb:790:in `source_reflection'
/Library/Ruby/Gems/2.3.0/gems/activerecord-5.2.3/lib/active_record/reflection.rb:991:in `derive_class_name'
/Library/Ruby/Gems/2.3.0/gems/activerecord-5.2.3/lib/active_record/reflection.rb:162:in `class_name'
/Library/Ruby/Gems/2.3.0/gems/activerecord-5.2.3/lib/active_record/reflection.rb:769:in `klass'
/Library/Ruby/Gems/2.3.0/gems/activerecord-5.2.3/lib/active_record/reflection.rb:790:in `source_reflection'
/Library/Ruby/Gems/2.3.0/gems/activerecord-5.2.3/lib/active_record/reflection.rb:991:in `derive_class_name'
/Library/Ruby/Gems/2.3.0/gems/activerecord-5.2.3/lib/active_record/reflection.rb:162:in `class_name'
/Library/Ruby/Gems/2.3.0/gems/activerecord-5.2.3/lib/active_record/reflection.rb:769:in `klass'
/Library/Ruby/Gems/2.3.0/gems/activerecord-5.2.3/lib/active_record/reflection.rb:790:in `source_reflection'
/Library/Ruby/Gems/2.3.0/gems/activerecord-5.2.3/lib/active_record/reflection.rb:991:in `derive_class_name'
/Library/Ruby/Gems/2.3.0/gems/activerecord-5.2.3/lib/active_record/reflection.rb:162:in `class_name'
/Library/Ruby/Gems/2.3.0/gems/activerecord-5.2.3/lib/active_record/reflection.rb:769:in `klass'
/Library/Ruby/Gems/2.3.0/gems/activerecord-5.2.3/lib/active_record/reflection.rb:790:in `source_reflection'
/Library/Ruby/Gems/2.3.0/gems/activerecord-5.2.3/lib/active_record/reflection.rb:991:in `derive_class_name'
/Library/Ruby/Gems/2.3.0/gems/activerecord-5.2.3/lib/active_record/reflection.rb:162:in `class_name'
/Library/Ruby/Gems/2.3.0/gems/activerecord-5.2.3/lib/active_record/reflection.rb:769:in `klass'
/Library/Ruby/Gems/2.3.0/gems/activerecord-5.2.3/lib/active_record/reflection.rb:790:in `source_reflection'
/Library/Ruby/Gems/2.3.0/gems/activerecord-5.2.3/lib/active_record/reflection.rb:991:in `derive_class_name'
/Library/Ruby/Gems/2.3.0/gems/activerecord-5.2.3/lib/active_record/reflection.rb:162:in `class_name'
/Library/Ruby/Gems/2.3.0/gems/activerecord-5.2.3/lib/active_record/reflection.rb:769:in `klass'
/Library/Ruby/Gems/2.3.0/gems/activerecord-5.2.3/lib/active_record/reflection.rb:790:in `source_reflection'
/Library/Ruby/Gems/2.3.0/gems/activerecord-5.2.3/lib/active_record/reflection.rb:991:in `derive_class_name'
/Library/Ruby/Gems/2.3.0/gems/activerecord-5.2.3/lib/active_record/reflection.rb:162:in `class_name'
/Library/Ruby/Gems/2.3.0/gems/activerecord-5.2.3/lib/active_record/reflection.rb:769:in `klass'
/Library/Ruby/Gems/2.3.0/gems/activerecord-5.2.3/lib/active_record/reflection.rb:790:in `source_reflection'
/Library/Ruby/Gems/2.3.0/gems/activerecord-5.2.3/lib/active_record/reflection.rb:991:in `derive_class_name'
/Library/Ruby/Gems/2.3.0/gems/activerecord-5.2.3/lib/active_record/reflection.rb:162:in `class_name'
/Library/Ruby/Gems/2.3.0/gems/activerecord-5.2.3/lib/active_record/reflection.rb:769:in `klass'
/Library/Ruby/Gems/2.3.0/gems/activerecord-5.2.3/lib/active_record/reflection.rb:790:in `source_reflection'
/Library/Ruby/Gems/2.3.0/gems/activerecord-5.2.3/lib/active_record/reflection.rb:991:in `derive_class_name'
/Library/Ruby/Gems/2.3.0/gems/activerecord-5.2.3/lib/active_record/reflection.rb:162:in `class_name'
/Library/Ruby/Gems/2.3.0/gems/activerecord-5.2.3/lib/active_record/reflection.rb:769:in `klass'
/Library/Ruby/Gems/2.3.0/gems/activerecord-5.2.3/lib/active_record/reflection.rb:790:in `source_reflection'
/Library/Ruby/Gems/2.3.0/gems/activerecord-5.2.3/lib/active_record/reflection.rb:991:in `derive_class_name'
/Library/Ruby/Gems/2.3.0/gems/activerecord-5.2.3/lib/active_record/reflection.rb:162:in `class_name'
/Library/Ruby/Gems/2.3.0/gems/activerecord-5.2.3/lib/active_record/reflection.rb:769:in `klass'
/Library/Ruby/Gems/2.3.0/gems/activerecord-5.2.3/lib/active_record/reflection.rb:790:in `source_reflection'
/Library/Ruby/Gems/2.3.0/gems/activerecord-5.2.3/lib/active_record/reflection.rb:991:in `derive_class_name'
/Library/Ruby/Gems/2.3.0/gems/activerecord-5.2.3/lib/active_record/reflection.rb:162:in `class_name'
/Library/Ruby/Gems/2.3.0/gems/activerecord-5.2.3/lib/active_record/reflection.rb:769:in `klass'
/Library/Ruby/Gems/2.3.0/gems/activerecord-5.2.3/lib/active_record/reflection.rb:790:in `source_reflection'
/Library/Ruby/Gems/2.3.0/gems/activerecord-5.2.3/lib/active_record/reflection.rb:991:in `derive_class_name'
/Library/Ruby/Gems/2.3.0/gems/activerecord-5.2.3/lib/active_record/reflection.rb:162:in `class_name'
/Library/Ruby/Gems/2.3.0/gems/activerecord-5.2.3/lib/active_record/reflection.rb:769:in `klass'
/Library/Ruby/Gems/2.3.0/gems/activerecord-5.2.3/lib/active_record/reflection.rb:790:in `source_reflection'
/Library/Ruby/Gems/2.3.0/gems/activerecord-5.2.3/lib/active_record/reflection.rb:991:in `derive_class_name'
/Library/Ruby/Gems/2.3.0/gems/activerecord-5.2.3/lib/active_record/reflection.rb:162:in `class_name'
/Library/Ruby/Gems/2.3.0/gems/activerecord-5.2.3/lib/active_record/reflection.rb:769:in `klass'
/Library/Ruby/Gems/2.3.0/gems/activerecord-5.2.3/lib/active_record/reflection.rb:790:in `source_reflection'
/Library/Ruby/Gems/2.3.0/gems/activerecord-5.2.3/lib/active_record/reflection.rb:991:in `derive_class_name'
/Library/Ruby/Gems/2.3.0/gems/activerecord-5.2.3/lib/active_record/reflection.rb:162:in `class_name'
/Library/Ruby/Gems/2.3.0/gems/activerecord-5.2.3/lib/active_record/reflection.rb:769:in `klass'
/Library/Ruby/Gems/2.3.0/gems/activerecord-5.2.3/lib/active_record/reflection.rb:790:in `source_reflection'
/Library/Ruby/Gems/2.3.0/gems/activerecord-5.2.3/lib/active_record/reflection.rb:991:in `derive_class_name'
/Library/Ruby/Gems/2.3.0/gems/activerecord-5.2.3/lib/active_record/reflection.rb:162:in `class_name'
/Library/Ruby/Gems/2.3.0/gems/activerecord-5.2.3/lib/active_record/reflection.rb:769:in `klass'
/Library/Ruby/Gems/2.3.0/gems/activerecord-5.2.3/lib/active_record/reflection.rb:790:in `source_reflection'
/Library/Ruby/Gems/2.3.0/gems/activerecord-5.2.3/lib/active_record/reflection.rb:991:in `derive_class_name'
/Library/Ruby/Gems/2.3.0/gems/activerecord-5.2.3/lib/active_record/reflection.rb:162:in `class_name'
/Library/Ruby/Gems/2.3.0/gems/activerecord-5.2.3/lib/active_record/reflection.rb:769:in `klass'
/Library/Ruby/Gems/2.3.0/gems/activerecord-5.2.3/lib/active_record/reflection.rb:790:in `source_reflection'
/Library/Ruby/Gems/2.3.0/gems/activerecord-5.2.3/lib/active_record/reflection.rb:991:in `derive_class_name'
/Library/Ruby/Gems/2.3.0/gems/activerecord-5.2.3/lib/active_record/reflection.rb:162:in `class_name'
/Library/Ruby/Gems/2.3.0/gems/activerecord-5.2.3/lib/active_record/reflection.rb:769:in `klass'
/Library/Ruby/Gems/2.3.0/gems/activerecord-5.2.3/lib/active_record/reflection.rb:790:in `source_reflection'
/Library/Ruby/Gems/2.3.0/gems/activerecord-5.2.3/lib/active_record/reflection.rb:991:in `derive_class_name'
/Library/Ruby/Gems/2.3.0/gems/activerecord-5.2.3/lib/active_record/reflection.rb:162:in `class_name'
/Library/Ruby/Gems/2.3.0/gems/activerecord-5.2.3/lib/active_record/reflection.rb:769:in `klass'
/Library/Ruby/Gems/2.3.0/gems/activerecord-5.2.3/lib/active_record/reflection.rb:790:in `source_reflection'
/Library/Ruby/Gems/2.3.0/gems/activerecord-5.2.3/lib/active_record/reflection.rb:991:in `derive_class_name'
/Library/Ruby/Gems/2.3.0/gems/activerecord-5.2.3/lib/active_record/reflection.rb:162:in `class_name'
/Library/Ruby/Gems/2.3.0/gems/activerecord-5.2.3/lib/active_record/reflection.rb:769:in `klass'
/Library/Ruby/Gems/2.3.0/gems/activerecord-5.2.3/lib/active_record/reflection.rb:790:in `source_reflection'
/Library/Ruby/Gems/2.3.0/gems/activerecord-5.2.3/lib/active_record/reflection.rb:991:in `derive_class_name'
/Library/Ruby/Gems/2.3.0/gems/activerecord-5.2.3/lib/active_record/reflection.rb:162:in `class_name'
/Library/Ruby/Gems/2.3.0/gems/activerecord-5.2.3/lib/active_record/reflection.rb:769:in `klass'
/Library/Ruby/Gems/2.3.0/gems/activerecord-5.2.3/lib/active_record/reflection.rb:790:in `source_reflection'
/Library/Ruby/Gems/2.3.0/gems/activerecord-5.2.3/lib/active_record/reflection.rb:991:in `derive_class_name'
/Library/Ruby/Gems/2.3.0/gems/activerecord-5.2.3/lib/active_record/reflection.rb:162:in `class_name'
/Library/Ruby/Gems/2.3.0/gems/activerecord-5.2.3/lib/active_record/reflection.rb:769:in `klass'
/Library/Ruby/Gems/2.3.0/gems/activerecord-5.2.3/lib/active_record/reflection.rb:790:in `source_reflection'
/Library/Ruby/Gems/2.3.0/gems/activerecord-5.2.3/lib/active_record/reflection.rb:991:in `derive_class_name'
/Library/Ruby/Gems/2.3.0/gems/activerecord-5.2.3/lib/active_record/reflection.rb:162:in `class_name'
/Library/Ruby/Gems/2.3.0/gems/activerecord-5.2.3/lib/active_record/reflection.rb:769:in `klass'
/Library/Ruby/Gems/2.3.0/gems/activerecord-5.2.3/lib/active_record/reflection.rb:790:in `source_reflection'
/Library/Ruby/Gems/2.3.0/gems/activerecord-5.2.3/lib/active_record/reflection.rb:991:in `derive_class_name'
/Library/Ruby/Gems/2.3.0/gems/activerecord-5.2.3/lib/active_record/reflection.rb:162:in `class_name'
/Library/Ruby/Gems/2.3.0/gems/activerecord-5.2.3/lib/active_record/reflection.rb:769:in `klass'
/Library/Ruby/Gems/2.3.0/gems/activerecord-5.2.3/lib/active_record/reflection.rb:790:in `source_reflection'
/Library/Ruby/Gems/2.3.0/gems/activerecord-5.2.3/lib/active_record/reflection.rb:991:in `derive_class_name'
/Library/Ruby/Gems/2.3.0/gems/activerecord-5.2.3/lib/active_record/reflection.rb:162:in `class_name'
/Library/Ruby/Gems/2.3.0/gems/activerecord-5.2.3/lib/active_record/reflection.rb:769:in `klass'
/Library/Ruby/Gems/2.3.0/gems/activerecord-5.2.3/lib/active_record/reflection.rb:790:in `source_reflection'
/Library/Ruby/Gems/2.3.0/gems/activerecord-5.2.3/lib/active_record/reflection.rb:991:in `derive_class_name'
/Library/Ruby/Gems/2.3.0/gems/activerecord-5.2.3/lib/active_record/reflection.rb:162:in `class_name'
/Library/Ruby/Gems/2.3.0/gems/activerecord-5.2.3/lib/active_record/reflection.rb:769:in `klass'
/Library/Ruby/Gems/2.3.0/gems/activerecord-5.2.3/lib/active_record/reflection.rb:790:in `source_reflection'
/Library/Ruby/Gems/2.3.0/gems/activerecord-5.2.3/lib/active_record/reflection.rb:991:in `derive_class_name'
/Library/Ruby/Gems/2.3.0/gems/activerecord-5.2.3/lib/active_record/reflection.rb:162:in `class_name'
/Library/Ruby/Gems/2.3.0/gems/activerecord-5.2.3/lib/active_record/reflection.rb:769:in `klass'
/Library/Ruby/Gems/2.3.0/gems/activerecord-5.2.3/lib/active_record/reflection.rb:790:in `source_reflection'
/Library/Ruby/Gems/2.3.0/gems/activerecord-5.2.3/lib/active_record/reflection.rb:991:in `derive_class_name'
/Library/Ruby/Gems/2.3.0/gems/activerecord-5.2.3/lib/active_record/reflection.rb:162:in `class_name'
/Library/Ruby/Gems/2.3.0/gems/activerecord-5.2.3/lib/active_record/reflection.rb:769:in `klass'
/Library/Ruby/Gems/2.3.0/gems/activerecord-5.2.3/lib/active_record/reflection.rb:790:in `source_reflection'
/Library/Ruby/Gems/2.3.0/gems/activerecord-5.2.3/lib/active_record/reflection.rb:991:in `derive_class_name'
/Library/Ruby/Gems/2.3.0/gems/activerecord-5.2.3/lib/active_record/reflection.rb:162:in `class_name'
/Library/Ruby/Gems/2.3.0/gems/activerecord-5.2.3/lib/active_record/reflection.rb:769:in `klass'
/Library/Ruby/Gems/2.3.0/gems/activerecord-5.2.3/lib/active_record/reflection.rb:790:in `source_reflection'
/Library/Ruby/Gems/2.3.0/gems/activerecord-5.2.3/lib/active_record/reflection.rb:991:in `derive_class_name'
/Library/Ruby/Gems/2.3.0/gems/activerecord-5.2.3/lib/active_record/reflection.rb:162:in `class_name'
/Library/Ruby/Gems/2.3.0/gems/activerecord-5.2.3/lib/active_record/reflection.rb:769:in `klass'
/Library/Ruby/Gems/2.3.0/gems/activerecord-5.2.3/lib/active_record/reflection.rb:790:in `source_reflection'
/Library/Ruby/Gems/2.3.0/gems/activerecord-5.2.3/lib/active_record/reflection.rb:991:in `derive_class_name'
/Library/Ruby/Gems/2.3.0/gems/activerecord-5.2.3/lib/active_record/reflection.rb:162:in `class_name'
/Library/Ruby/Gems/2.3.0/gems/activerecord-5.2.3/lib/active_record/reflection.rb:769:in `klass'
/Library/Ruby/Gems/2.3.0/gems/activerecord-5.2.3/lib/active_record/reflection.rb:790:in `source_reflection'
/Library/Ruby/Gems/2.3.0/gems/activerecord-5.2.3/lib/active_record/reflection.rb:991:in `derive_class_name'
/Library/Ruby/Gems/2.3.0/gems/activerecord-5.2.3/lib/active_record/reflection.rb:162:in `class_name'
/Library/Ruby/Gems/2.3.0/gems/activerecord-5.2.3/lib/active_record/reflection.rb:769:in `klass'
/Library/Ruby/Gems/2.3.0/gems/activerecord-5.2.3/lib/active_record/reflection.rb:790:in `source_reflection'
/Library/Ruby/Gems/2.3.0/gems/activerecord-5.2.3/lib/active_record/reflection.rb:991:in `derive_class_name'
/Library/Ruby/Gems/2.3.0/gems/activerecord-5.2.3/lib/active_record/reflection.rb:162:in `class_name'
/Library/Ruby/Gems/2.3.0/gems/activerecord-5.2.3/lib/active_record/reflection.rb:769:in `klass'
/Library/Ruby/Gems/2.3.0/gems/activerecord-5.2.3/lib/active_record/reflection.rb:790:in `source_reflection'
/Library/Ruby/Gems/2.3.0/gems/activerecord-5.2.3/lib/active_record/reflection.rb:991:in `derive_class_name'
/Library/Ruby/Gems/2.3.0/gems/activerecord-5.2.3/lib/active_record/reflection.rb:162:in `class_name'
/Library/Ruby/Gems/2.3.0/gems/activerecord-5.2.3/lib/active_record/reflection.rb:769:in `klass'
/Library/Ruby/Gems/2.3.0/gems/activerecord-5.2.3/lib/active_record/reflection.rb:790:in `source_reflection'
/Library/Ruby/Gems/2.3.0/gems/activerecord-5.2.3/lib/active_record/reflection.rb:991:in `derive_class_name'
/Library/Ruby/Gems/2.3.0/gems/activerecord-5.2.3/lib/active_record/reflection.rb:162:in `class_name'
/Library/Ruby/Gems/2.3.0/gems/activerecord-5.2.3/lib/active_record/reflection.rb:769:in `klass'
/Library/Ruby/Gems/2.3.0/gems/activerecord-5.2.3/lib/active_record/reflection.rb:790:in `source_reflection'
/Library/Ruby/Gems/2.3.0/gems/activerecord-5.2.3/lib/active_record/reflection.rb:991:in `derive_class_name'
/Library/Ruby/Gems/2.3.0/gems/activerecord-5.2.3/lib/active_record/reflection.rb:162:in `class_name'
/Library/Ruby/Gems/2.3.0/gems/activerecord-5.2.3/lib/active_record/reflection.rb:769:in `klass'
/Library/Ruby/Gems/2.3.0/gems/activerecord-5.2.3/lib/active_record/reflection.rb:790:in `source_reflection'
/Library/Ruby/Gems/2.3.0/gems/activerecord-5.2.3/lib/active_record/reflection.rb:991:in `derive_class_name'
/Library/Ruby/Gems/2.3.0/gems/activerecord-5.2.3/lib/active_record/reflection.rb:162:in `class_name'
/Library/Ruby/Gems/2.3.0/gems/activerecord-5.2.3/lib/active_record/reflection.rb:769:in `klass'
/Library/Ruby/Gems/2.3.0/gems/activerecord-5.2.3/lib/active_record/reflection.rb:790:in `source_reflection'
/Library/Ruby/Gems/2.3.0/gems/activerecord-5.2.3/lib/active_record/reflection.rb:991:in `derive_class_name'
/Library/Ruby/Gems/2.3.0/gems/activerecord-5.2.3/lib/active_record/reflection.rb:162:in `class_name'
/Library/Ruby/Gems/2.3.0/gems/activerecord-5.2.3/lib/active_record/reflection.rb:769:in `klass'
/Library/Ruby/Gems/2.3.0/gems/activerecord-5.2.3/lib/active_record/reflection.rb:790:in `source_reflection'
/Library/Ruby/Gems/2.3.0/gems/activerecord-5.2.3/lib/active_record/reflection.rb:991:in `derive_class_name'
/Library/Ruby/Gems/2.3.0/gems/activerecord-5.2.3/lib/active_record/reflection.rb:162:in `class_name'
/Library/Ruby/Gems/2.3.0/gems/activerecord-5.2.3/lib/active_record/reflection.rb:769:in `klass'
/Library/Ruby/Gems/2.3.0/gems/activerecord-5.2.3/lib/active_record/reflection.rb:790:in `source_reflection'
/Library/Ruby/Gems/2.3.0/gems/activerecord-5.2.3/lib/active_record/reflection.rb:991:in `derive_class_name'
/Library/Ruby/Gems/2.3.0/gems/activerecord-5.2.3/lib/active_record/reflection.rb:162:in `class_name'
/Library/Ruby/Gems/2.3.0/gems/activerecord-5.2.3/lib/active_record/reflection.rb:769:in `klass'
/Library/Ruby/Gems/2.3.0/gems/activerecord-5.2.3/lib/active_record/reflection.rb:790:in `source_reflection'
/Library/Ruby/Gems/2.3.0/gems/activerecord-5.2.3/lib/active_record/reflection.rb:991:in `derive_class_name'
/Library/Ruby/Gems/2.3.0/gems/activerecord-5.2.3/lib/active_record/reflection.rb:162:in `class_name'
/Library/Ruby/Gems/2.3.0/gems/activerecord-5.2.3/lib/active_record/reflection.rb:769:in `klass'
/Library/Ruby/Gems/2.3.0/gems/activerecord-5.2.3/lib/active_record/reflection.rb:790:in `source_reflection'
/Library/Ruby/Gems/2.3.0/gems/activerecord-5.2.3/lib/active_record/reflection.rb:991:in `derive_class_name'
/Library/Ruby/Gems/2.3.0/gems/activerecord-5.2.3/lib/active_record/reflection.rb:162:in `class_name'
/Library/Ruby/Gems/2.3.0/gems/activerecord-5.2.3/lib/active_record/reflection.rb:769:in `klass'
/Library/Ruby/Gems/2.3.0/gems/activerecord-5.2.3/lib/active_record/reflection.rb:790:in `source_reflection'
/Library/Ruby/Gems/2.3.0/gems/activerecord-5.2.3/lib/active_record/reflection.rb:991:in `derive_class_name'
/Library/Ruby/Gems/2.3.0/gems/activerecord-5.2.3/lib/active_record/reflection.rb:162:in `class_name'
/Library/Ruby/Gems/2.3.0/gems/activerecord-5.2.3/lib/active_record/reflection.rb:769:in `klass'
/Library/Ruby/Gems/2.3.0/gems/activerecord-5.2.3/lib/active_record/reflection.rb:790:in `source_reflection'
/Library/Ruby/Gems/2.3.0/gems/activerecord-5.2.3/lib/active_record/reflection.rb:991:in `derive_class_name'
/Library/Ruby/Gems/2.3.0/gems/activerecord-5.2.3/lib/active_record/reflection.rb:162:in `class_name'
/Library/Ruby/Gems/2.3.0/gems/activerecord-5.2.3/lib/active_record/reflection.rb:769:in `klass'
/Library/Ruby/Gems/2.3.0/gems/activerecord-5.2.3/lib/active_record/reflection.rb:790:in `source_reflection'
/Library/Ruby/Gems/2.3.0/gems/activerecord-5.2.3/lib/active_record/reflection.rb:991:in `derive_class_name'
/Library/Ruby/Gems/2.3.0/gems/activerecord-5.2.3/lib/active_record/reflection.rb:162:in `class_name'
/Library/Ruby/Gems/2.3.0/gems/activerecord-5.2.3/lib/active_record/reflection.rb:769:in `klass'
/Library/Ruby/Gems/2.3.0/gems/activerecord-5.2.3/lib/active_record/reflection.rb:790:in `source_reflection'
/Library/Ruby/Gems/2.3.0/gems/activerecord-5.2.3/lib/active_record/reflection.rb:991:in `derive_class_name'
/Library/Ruby/Gems/2.3.0/gems/activerecord-5.2.3/lib/active_record/reflection.rb:162:in `class_name'
/Library/Ruby/Gems/2.3.0/gems/activerecord-5.2.3/lib/active_record/reflection.rb:769:in `klass'
/Library/Ruby/Gems/2.3.0/gems/activerecord-5.2.3/lib/active_record/reflection.rb:790:in `source_reflection'
/Library/Ruby/Gems/2.3.0/gems/activerecord-5.2.3/lib/active_record/reflection.rb:991:in `derive_class_name'
/Library/Ruby/Gems/2.3.0/gems/activerecord-5.2.3/lib/active_record/reflection.rb:162:in `class_name'
/Library/Ruby/Gems/2.3.0/gems/activerecord-5.2.3/lib/active_record/reflection.rb:769:in `klass'
/Library/Ruby/Gems/2.3.0/gems/activerecord-5.2.3/lib/active_record/reflection.rb:790:in `source_reflection'
/Library/Ruby/Gems/2.3.0/gems/activerecord-5.2.3/lib/active_record/reflection.rb:991:in `derive_class_name'
/Library/Ruby/Gems/2.3.0/gems/activerecord-5.2.3/lib/active_record/reflection.rb:162:in `class_name'
/Library/Ruby/Gems/2.3.0/gems/activerecord-5.2.3/lib/active_record/reflection.rb:769:in `klass'
/Library/Ruby/Gems/2.3.0/gems/activerecord-5.2.3/lib/active_record/reflection.rb:790:in `source_reflection'
/Library/Ruby/Gems/2.3.0/gems/activerecord-5.2.3/lib/active_record/reflection.rb:991:in `derive_class_name'
/Library/Ruby/Gems/2.3.0/gems/activerecord-5.2.3/lib/active_record/reflection.rb:162:in `class_name'
/Library/Ruby/Gems/2.3.0/gems/activerecord-5.2.3/lib/active_record/reflection.rb:769:in `klass'
/Library/Ruby/Gems/2.3.0/gems/activerecord-5.2.3/lib/active_record/reflection.rb:790:in `source_reflection'
/Library/Ruby/Gems/2.3.0/gems/activerecord-5.2.3/lib/active_record/reflection.rb:991:in `derive_class_name'
/Library/Ruby/Gems/2.3.0/gems/activerecord-5.2.3/lib/active_record/reflection.rb:162:in `class_name'
/Library/Ruby/Gems/2.3.0/gems/activerecord-5.2.3/lib/active_record/reflection.rb:769:in `klass'
/Library/Ruby/Gems/2.3.0/gems/activerecord-5.2.3/lib/active_record/reflection.rb:790:in `source_reflection'
/Library/Ruby/Gems/2.3.0/gems/activerecord-5.2.3/lib/active_record/reflection.rb:991:in `derive_class_name'
/Library/Ruby/Gems/2.3.0/gems/activerecord-5.2.3/lib/active_record/reflection.rb:162:in `class_name'
/Library/Ruby/Gems/2.3.0/gems/activerecord-5.2.3/lib/active_record/reflection.rb:769:in `klass'
/Library/Ruby/Gems/2.3.0/gems/activerecord-5.2.3/lib/active_record/reflection.rb:790:in `source_reflection'
/Library/Ruby/Gems/2.3.0/gems/activerecord-5.2.3/lib/active_record/reflection.rb:991:in `derive_class_name'
/Library/Ruby/Gems/2.3.0/gems/activerecord-5.2.3/lib/active_record/reflection.rb:162:in `class_name'
/Library/Ruby/Gems/2.3.0/gems/activerecord-5.2.3/lib/active_record/reflection.rb:769:in `klass'
/Library/Ruby/Gems/2.3.0/gems/activerecord-5.2.3/lib/active_record/reflection.rb:790:in `source_reflection'
/Library/Ruby/Gems/2.3.0/gems/activerecord-5.2.3/lib/active_record/reflection.rb:991:in `derive_class_name'
/Library/Ruby/Gems/2.3.0/gems/activerecord-5.2.3/lib/active_record/reflection.rb:162:in `class_name'
/Library/Ruby/Gems/2.3.0/gems/activerecord-5.2.3/lib/active_record/reflection.rb:769:in `klass'
/Library/Ruby/Gems/2.3.0/gems/activerecord-5.2.3/lib/active_record/reflection.rb:790:in `source_reflection'
/Library/Ruby/Gems/2.3.0/gems/activerecord-5.2.3/lib/active_record/reflection.rb:991:in `derive_class_name'
/Library/Ruby/Gems/2.3.0/gems/activerecord-5.2.3/lib/active_record/reflection.rb:162:in `class_name'
/Library/Ruby/Gems/2.3.0/gems/activerecord-5.2.3/lib/active_record/reflection.rb:769:in `klass'
/Library/Ruby/Gems/2.3.0/gems/activerecord-5.2.3/lib/active_record/reflection.rb:790:in `source_reflection'
/Library/Ruby/Gems/2.3.0/gems/activerecord-5.2.3/lib/active_record/reflection.rb:991:in `derive_class_name'
/Library/Ruby/Gems/2.3.0/gems/activerecord-5.2.3/lib/active_record/reflection.rb:162:in `class_name'
/Library/Ruby/Gems/2.3.0/gems/activerecord-5.2.3/lib/active_record/reflection.rb:769:in `klass'
/Library/Ruby/Gems/2.3.0/gems/activerecord-5.2.3/lib/active_record/reflection.rb:790:in `source_reflection'
/Library/Ruby/Gems/2.3.0/gems/activerecord-5.2.3/lib/active_record/reflection.rb:991:in `derive_class_name'
/Library/Ruby/Gems/2.3.0/gems/activerecord-5.2.3/lib/active_record/reflection.rb:162:in `class_name'
/Library/Ruby/Gems/2.3.0/gems/activerecord-5.2.3/lib/active_record/reflection.rb:769:in `klass'
/Library/Ruby/Gems/2.3.0/gems/activerecord-5.2.3/lib/active_record/reflection.rb:790:in `source_reflection'
/Library/Ruby/Gems/2.3.0/gems/activerecord-5.2.3/lib/active_record/reflection.rb:991:in `derive_class_name'
/Library/Ruby/Gems/2.3.0/gems/activerecord-5.2.3/lib/active_record/reflection.rb:162:in `class_name'
/Library/Ruby/Gems/2.3.0/gems/activerecord-5.2.3/lib/active_record/reflection.rb:769:in `klass'
/Library/Ruby/Gems/2.3.0/gems/activerecord-5.2.3/lib/active_record/reflection.rb:790:in `source_reflection'
/Library/Ruby/Gems/2.3.0/gems/activerecord-5.2.3/lib/active_record/reflection.rb:991:in `derive_class_name'
/Library/Ruby/Gems/2.3.0/gems/activerecord-5.2.3/lib/active_record/reflection.rb:162:in `class_name'
/Library/Ruby/Gems/2.3.0/gems/activerecord-5.2.3/lib/active_record/reflection.rb:769:in `klass'
/Library/Ruby/Gems/2.3.0/gems/activerecord-5.2.3/lib/active_record/reflection.rb:790:in `source_reflection'
/Library/Ruby/Gems/2.3.0/gems/activerecord-5.2.3/lib/active_record/reflection.rb:991:in `derive_class_name'
/Library/Ruby/Gems/2.3.0/gems/activerecord-5.2.3/lib/active_record/reflection.rb:162:in `class_name'
/Library/Ruby/Gems/2.3.0/gems/activerecord-5.2.3/lib/active_record/reflection.rb:769:in `klass'
/Library/Ruby/Gems/2.3.0/gems/activerecord-5.2.3/lib/active_record/reflection.rb:790:in `source_reflection'
/Library/Ruby/Gems/2.3.0/gems/activerecord-5.2.3/lib/active_record/reflection.rb:991:in `derive_class_name'
/Library/Ruby/Gems/2.3.0/gems/activerecord-5.2.3/lib/active_record/reflection.rb:162:in `class_name'
/Library/Ruby/Gems/2.3.0/gems/activerecord-5.2.3/lib/active_record/reflection.rb:769:in `klass'
/Library/Ruby/Gems/2.3.0/gems/activerecord-5.2.3/lib/active_record/reflection.rb:790:in `source_reflection'
/Library/Ruby/Gems/2.3.0/gems/activerecord-5.2.3/lib/active_record/reflection.rb:991:in `derive_class_name'
/Library/Ruby/Gems/2.3.0/gems/activerecord-5.2.3/lib/active_record/reflection.rb:162:in `class_name'
/Library/Ruby/Gems/2.3.0/gems/activerecord-5.2.3/lib/active_record/reflection.rb:769:in `klass'
/Library/Ruby/Gems/2.3.0/gems/activerecord-5.2.3/lib/active_record/reflection.rb:790:in `source_reflection'
/Library/Ruby/Gems/2.3.0/gems/activerecord-5.2.3/lib/active_record/reflection.rb:991:in `derive_class_name'
/Library/Ruby/Gems/2.3.0/gems/activerecord-5.2.3/lib/active_record/reflection.rb:162:in `class_name'
/Library/Ruby/Gems/2.3.0/gems/activerecord-5.2.3/lib/active_record/reflection.rb:769:in `klass'
/Library/Ruby/Gems/2.3.0/gems/activerecord-5.2.3/lib/active_record/reflection.rb:790:in `source_reflection'
/Library/Ruby/Gems/2.3.0/gems/activerecord-5.2.3/lib/active_record/reflection.rb:991:in `derive_class_name'
/Library/Ruby/Gems/2.3.0/gems/activerecord-5.2.3/lib/active_record/reflection.rb:162:in `class_name'
/Library/Ruby/Gems/2.3.0/gems/activerecord-5.2.3/lib/active_record/reflection.rb:769:in `klass'
/Library/Ruby/Gems/2.3.0/gems/activerecord-5.2.3/lib/active_record/reflection.rb:790:in `source_reflection'
/Library/Ruby/Gems/2.3.0/gems/activerecord-5.2.3/lib/active_record/reflection.rb:991:in `derive_class_name'
/Library/Ruby/Gems/2.3.0/gems/activerecord-5.2.3/lib/active_record/reflection.rb:162:in `class_name'
/Library/Ruby/Gems/2.3.0/gems/activerecord-5.2.3/lib/active_record/reflection.rb:769:in `klass'
/Library/Ruby/Gems/2.3.0/gems/activerecord-5.2.3/lib/active_record/reflection.rb:790:in `source_reflection'
/Library/Ruby/Gems/2.3.0/gems/activerecord-5.2.3/lib/active_record/reflection.rb:991:in `derive_class_name'
/Library/Ruby/Gems/2.3.0/gems/activerecord-5.2.3/lib/active_record/reflection.rb:162:in `class_name'
/Library/Ruby/Gems/2.3.0/gems/activerecord-5.2.3/lib/active_record/reflection.rb:769:in `klass'
/Library/Ruby/Gems/2.3.0/gems/activerecord-5.2.3/lib/active_record/reflection.rb:790:in `source_reflection'
/Library/Ruby/Gems/2.3.0/gems/activerecord-5.2.3/lib/active_record/reflection.rb:991:in `derive_class_name'
/Library/Ruby/Gems/2.3.0/gems/activerecord-5.2.3/lib/active_record/reflection.rb:162:in `class_name'
/Library/Ruby/Gems/2.3.0/gems/activerecord-5.2.3/lib/active_record/reflection.rb:769:in `klass'
/Library/Ruby/Gems/2.3.0/gems/activerecord-5.2.3/lib/active_record/reflection.rb:790:in `source_reflection'
/Library/Ruby/Gems/2.3.0/gems/activerecord-5.2.3/lib/active_record/reflection.rb:991:in `derive_class_name'
/Library/Ruby/Gems/2.3.0/gems/activerecord-5.2.3/lib/active_record/reflection.rb:162:in `class_name'
/Library/Ruby/Gems/2.3.0/gems/activerecord-5.2.3/lib/active_record/reflection.rb:769:in `klass'
/Library/Ruby/Gems/2.3.0/gems/activerecord-5.2.3/lib/active_record/reflection.rb:790:in `source_reflection'
/Library/Ruby/Gems/2.3.0/gems/activerecord-5.2.3/lib/active_record/reflection.rb:991:in `derive_class_name'
/Library/Ruby/Gems/2.3.0/gems/activerecord-5.2.3/lib/active_record/reflection.rb:162:in `class_name'
/Library/Ruby/Gems/2.3.0/gems/activerecord-5.2.3/lib/active_record/reflection.rb:769:in `klass'
/Library/Ruby/Gems/2.3.0/gems/activerecord-5.2.3/lib/active_record/reflection.rb:790:in `source_reflection'
/Library/Ruby/Gems/2.3.0/gems/activerecord-5.2.3/lib/active_record/reflection.rb:991:in `derive_class_name'
/Library/Ruby/Gems/2.3.0/gems/activerecord-5.2.3/lib/active_record/reflection.rb:162:in `class_name'
/Library/Ruby/Gems/2.3.0/gems/activerecord-5.2.3/lib/active_record/reflection.rb:769:in `klass'
/Library/Ruby/Gems/2.3.0/gems/activerecord-5.2.3/lib/active_record/reflection.rb:790:in `source_reflection'
/Library/Ruby/Gems/2.3.0/gems/activerecord-5.2.3/lib/active_record/reflection.rb:991:in `derive_class_name'
/Library/Ruby/Gems/2.3.0/gems/activerecord-5.2.3/lib/active_record/reflection.rb:162:in `class_name'
/Library/Ruby/Gems/2.3.0/gems/activerecord-5.2.3/lib/active_record/reflection.rb:769:in `klass'
/Library/Ruby/Gems/2.3.0/gems/activerecord-5.2.3/lib/active_record/reflection.rb:790:in `source_reflection'
/Library/Ruby/Gems/2.3.0/gems/activerecord-5.2.3/lib/active_record/reflection.rb:991:in `derive_class_name'
/Library/Ruby/Gems/2.3.0/gems/activerecord-5.2.3/lib/active_record/reflection.rb:162:in `class_name'
/Library/Ruby/Gems/2.3.0/gems/activerecord-5.2.3/lib/active_record/reflection.rb:769:in `klass'
/Library/Ruby/Gems/2.3.0/gems/activerecord-5.2.3/lib/active_record/reflection.rb:790:in `source_reflection'
/Library/Ruby/Gems/2.3.0/gems/activerecord-5.2.3/lib/active_record/reflection.rb:991:in `derive_class_name'
/Library/Ruby/Gems/2.3.0/gems/activerecord-5.2.3/lib/active_record/reflection.rb:162:in `class_name'
/Library/Ruby/Gems/2.3.0/gems/activerecord-5.2.3/lib/active_record/reflection.rb:769:in `klass'
/Library/Ruby/Gems/2.3.0/gems/activerecord-5.2.3/lib/active_record/reflection.rb:790:in `source_reflection'
/Library/Ruby/Gems/2.3.0/gems/activerecord-5.2.3/lib/active_record/reflection.rb:991:in `derive_class_name'
/Library/Ruby/Gems/2.3.0/gems/activerecord-5.2.3/lib/active_record/reflection.rb:162:in `class_name'
/Library/Ruby/Gems/2.3.0/gems/activerecord-5.2.3/lib/active_record/reflection.rb:769:in `klass'
/Library/Ruby/Gems/2.3.0/gems/activerecord-5.2.3/lib/active_record/reflection.rb:790:in `source_reflection'
/Library/Ruby/Gems/2.3.0/gems/activerecord-5.2.3/lib/active_record/reflection.rb:991:in `derive_class_name'
/Library/Ruby/Gems/2.3.0/gems/activerecord-5.2.3/lib/active_record/reflection.rb:162:in `class_name'
/Library/Ruby/Gems/2.3.0/gems/activerecord-5.2.3/lib/active_record/reflection.rb:769:in `klass'
/Library/Ruby/Gems/2.3.0/gems/activerecord-5.2.3/lib/active_record/reflection.rb:790:in `source_reflection'
/Library/Ruby/Gems/2.3.0/gems/activerecord-5.2.3/lib/active_record/reflection.rb:991:in `derive_class_name'
/Library/Ruby/Gems/2.3.0/gems/activerecord-5.2.3/lib/active_record/reflection.rb:162:in `class_name'
/Library/Ruby/Gems/2.3.0/gems/activerecord-5.2.3/lib/active_record/reflection.rb:769:in `klass'
/Library/Ruby/Gems/2.3.0/gems/activerecord-5.2.3/lib/active_record/reflection.rb:790:in `source_reflection'
/Library/Ruby/Gems/2.3.0/gems/activerecord-5.2.3/lib/active_record/reflection.rb:991:in `derive_class_name'
/Library/Ruby/Gems/2.3.0/gems/activerecord-5.2.3/lib/active_record/reflection.rb:162:in `class_name'
/Library/Ruby/Gems/2.3.0/gems/activerecord-5.2.3/lib/active_record/reflection.rb:769:in `klass'
/Library/Ruby/Gems/2.3.0/gems/activerecord-5.2.3/lib/active_record/reflection.rb:790:in `source_reflection'
/Library/Ruby/Gems/2.3.0/gems/activerecord-5.2.3/lib/active_record/reflection.rb:991:in `derive_class_name'
/Library/Ruby/Gems/2.3.0/gems/activerecord-5.2.3/lib/active_record/reflection.rb:162:in `class_name'
/Library/Ruby/Gems/2.3.0/gems/activerecord-5.2.3/lib/active_record/reflection.rb:769:in `klass'
/Library/Ruby/Gems/2.3.0/gems/activerecord-5.2.3/lib/active_record/reflection.rb:790:in `source_reflection'
/Library/Ruby/Gems/2.3.0/gems/activerecord-5.2.3/lib/active_record/reflection.rb:991:in `derive_class_name'
/Library/Ruby/Gems/2.3.0/gems/activerecord-5.2.3/lib/active_record/reflection.rb:162:in `class_name'
/Library/Ruby/Gems/2.3.0/gems/activerecord-5.2.3/lib/active_record/reflection.rb:769:in `klass'
/Library/Ruby/Gems/2.3.0/gems/activerecord-5.2.3/lib/active_record/reflection.rb:790:in `source_reflection'
/Library/Ruby/Gems/2.3.0/gems/activerecord-5.2.3/lib/active_record/reflection.rb:991:in `derive_class_name'
/Library/Ruby/Gems/2.3.0/gems/activerecord-5.2.3/lib/active_record/reflection.rb:162:in `class_name'
/Library/Ruby/Gems/2.3.0/gems/activerecord-5.2.3/lib/active_record/reflection.rb:769:in `klass'
/Library/Ruby/Gems/2.3.0/gems/activerecord-5.2.3/lib/active_record/reflection.rb:790:in `source_reflection'
/Library/Ruby/Gems/2.3.0/gems/activerecord-5.2.3/lib/active_record/reflection.rb:991:in `derive_class_name'
/Library/Ruby/Gems/2.3.0/gems/activerecord-5.2.3/lib/active_record/reflection.rb:162:in `class_name'
/Library/Ruby/Gems/2.3.0/gems/activerecord-5.2.3/lib/active_record/reflection.rb:769:in `klass'
/Library/Ruby/Gems/2.3.0/gems/activerecord-5.2.3/lib/active_record/reflection.rb:790:in `source_reflection'
/Library/Ruby/Gems/2.3.0/gems/activerecord-5.2.3/lib/active_record/reflection.rb:991:in `derive_class_name'
/Library/Ruby/Gems/2.3.0/gems/activerecord-5.2.3/lib/active_record/reflection.rb:162:in `class_name'
/Library/Ruby/Gems/2.3.0/gems/activerecord-5.2.3/lib/active_record/reflection.rb:769:in `klass'
/Library/Ruby/Gems/2.3.0/gems/activerecord-5.2.3/lib/active_record/reflection.rb:790:in `source_reflection'
/Library/Ruby/Gems/2.3.0/gems/activerecord-5.2.3/lib/active_record/reflection.rb:991:in `derive_class_name'
/Library/Ruby/Gems/2.3.0/gems/activerecord-5.2.3/lib/active_record/reflection.rb:162:in `class_name'
/Library/Ruby/Gems/2.3.0/gems/activerecord-5.2.3/lib/active_record/reflection.rb:769:in `klass'
/Library/Ruby/Gems/2.3.0/gems/activerecord-5.2.3/lib/active_record/reflection.rb:790:in `source_reflection'
/Library/Ruby/Gems/2.3.0/gems/activerecord-5.2.3/lib/active_record/reflection.rb:991:in `derive_class_name'
/Library/Ruby/Gems/2.3.0/gems/activerecord-5.2.3/lib/active_record/reflection.rb:162:in `class_name'
/Library/Ruby/Gems/2.3.0/gems/activerecord-5.2.3/lib/active_record/reflection.rb:769:in `klass'
/Library/Ruby/Gems/2.3.0/gems/activerecord-5.2.3/lib/active_record/reflection.rb:790:in `source_reflection'
/Library/Ruby/Gems/2.3.0/gems/activerecord-5.2.3/lib/active_record/reflection.rb:991:in `derive_class_name'
/Library/Ruby/Gems/2.3.0/gems/activerecord-5.2.3/lib/active_record/reflection.rb:162:in `class_name'
/Library/Ruby/Gems/2.3.0/gems/activerecord-5.2.3/lib/active_record/reflection.rb:769:in `klass'
/Library/Ruby/Gems/2.3.0/gems/activerecord-5.2.3/lib/active_record/reflection.rb:790:in `source_reflection'
/Library/Ruby/Gems/2.3.0/gems/activerecord-5.2.3/lib/active_record/reflection.rb:991:in `derive_class_name'
/Library/Ruby/Gems/2.3.0/gems/activerecord-5.2.3/lib/active_record/reflection.rb:162:in `class_name'
/Library/Ruby/Gems/2.3.0/gems/activerecord-5.2.3/lib/active_record/reflection.rb:769:in `klass'
/Library/Ruby/Gems/2.3.0/gems/activerecord-5.2.3/lib/active_record/reflection.rb:790:in `source_reflection'
/Library/Ruby/Gems/2.3.0/gems/activerecord-5.2.3/lib/active_record/reflection.rb:991:in `derive_class_name'
/Library/Ruby/Gems/2.3.0/gems/activerecord-5.2.3/lib/active_record/reflection.rb:162:in `class_name'
/Library/Ruby/Gems/2.3.0/gems/activerecord-5.2.3/lib/active_record/reflection.rb:769:in `klass'
/Library/Ruby/Gems/2.3.0/gems/activerecord-5.2.3/lib/active_record/reflection.rb:790:in `source_reflection'
/Library/Ruby/Gems/2.3.0/gems/activerecord-5.2.3/lib/active_record/reflection.rb:991:in `derive_class_name'
/Library/Ruby/Gems/2.3.0/gems/activerecord-5.2.3/lib/active_record/reflection.rb:162:in `class_name'
/Library/Ruby/Gems/2.3.0/gems/activerecord-5.2.3/lib/active_record/reflection.rb:769:in `klass'
/Library/Ruby/Gems/2.3.0/gems/activerecord-5.2.3/lib/active_record/reflection.rb:790:in `source_reflection'
/Library/Ruby/Gems/2.3.0/gems/activerecord-5.2.3/lib/active_record/reflection.rb:991:in `derive_class_name'
/Library/Ruby/Gems/2.3.0/gems/activerecord-5.2.3/lib/active_record/reflection.rb:162:in `class_name'
/Library/Ruby/Gems/2.3.0/gems/activerecord-5.2.3/lib/active_record/reflection.rb:769:in `klass'
/Library/Ruby/Gems/2.3.0/gems/activerecord-5.2.3/lib/active_record/reflection.rb:790:in `source_reflection'
/Library/Ruby/Gems/2.3.0/gems/activerecord-5.2.3/lib/active_record/reflection.rb:991:in `derive_class_name'
/Library/Ruby/Gems/2.3.0/gems/activerecord-5.2.3/lib/active_record/reflection.rb:162:in `class_name'
/Library/Ruby/Gems/2.3.0/gems/activerecord-5.2.3/lib/active_record/reflection.rb:769:in `klass'
/Library/Ruby/Gems/2.3.0/gems/activerecord-5.2.3/lib/active_record/reflection.rb:790:in `source_reflection'
/Library/Ruby/Gems/2.3.0/gems/activerecord-5.2.3/lib/active_record/reflection.rb:991:in `derive_class_name'
/Library/Ruby/Gems/2.3.0/gems/activerecord-5.2.3/lib/active_record/reflection.rb:162:in `class_name'
/Library/Ruby/Gems/2.3.0/gems/activerecord-5.2.3/lib/active_record/reflection.rb:769:in `klass'
/Library/Ruby/Gems/2.3.0/gems/activerecord-5.2.3/lib/active_record/reflection.rb:790:in `source_reflection'
/Library/Ruby/Gems/2.3.0/gems/activerecord-5.2.3/lib/active_record/reflection.rb:991:in `derive_class_name'
/Library/Ruby/Gems/2.3.0/gems/activerecord-5.2.3/lib/active_record/reflection.rb:162:in `class_name'
/Library/Ruby/Gems/2.3.0/gems/activerecord-5.2.3/lib/active_record/reflection.rb:769:in `klass'
/Library/Ruby/Gems/2.3.0/gems/activerecord-5.2.3/lib/active_record/reflection.rb:790:in `source_reflection'
/Library/Ruby/Gems/2.3.0/gems/activerecord-5.2.3/lib/active_record/reflection.rb:991:in `derive_class_name'
/Library/Ruby/Gems/2.3.0/gems/activerecord-5.2.3/lib/active_record/reflection.rb:162:in `class_name'
/Library/Ruby/Gems/2.3.0/gems/activerecord-5.2.3/lib/active_record/reflection.rb:769:in `klass'
/Library/Ruby/Gems/2.3.0/gems/activerecord-5.2.3/lib/active_record/reflection.rb:790:in `source_reflection'
/Library/Ruby/Gems/2.3.0/gems/activerecord-5.2.3/lib/active_record/reflection.rb:991:in `derive_class_name'
/Library/Ruby/Gems/2.3.0/gems/activerecord-5.2.3/lib/active_record/reflection.rb:162:in `class_name'
/Library/Ruby/Gems/2.3.0/gems/activerecord-5.2.3/lib/active_record/reflection.rb:769:in `klass'
/Library/Ruby/Gems/2.3.0/gems/activerecord-5.2.3/lib/active_record/reflection.rb:790:in `source_reflection'
/Library/Ruby/Gems/2.3.0/gems/activerecord-5.2.3/lib/active_record/reflection.rb:991:in `derive_class_name'
/Library/Ruby/Gems/2.3.0/gems/activerecord-5.2.3/lib/active_record/reflection.rb:162:in `class_name'
/Library/Ruby/Gems/2.3.0/gems/activerecord-5.2.3/lib/active_record/reflection.rb:769:in `klass'
/Library/Ruby/Gems/2.3.0/gems/activerecord-5.2.3/lib/active_record/reflection.rb:790:in `source_reflection'
/Library/Ruby/Gems/2.3.0/gems/activerecord-5.2.3/lib/active_record/reflection.rb:991:in `derive_class_name'
/Library/Ruby/Gems/2.3.0/gems/activerecord-5.2.3/lib/active_record/reflection.rb:162:in `class_name'
/Library/Ruby/Gems/2.3.0/gems/activerecord-5.2.3/lib/active_record/reflection.rb:769:in `klass'
/Library/Ruby/Gems/2.3.0/gems/activerecord-5.2.3/lib/active_record/reflection.rb:790:in `source_reflection'
/Library/Ruby/Gems/2.3.0/gems/activerecord-5.2.3/lib/active_record/reflection.rb:991:in `derive_class_name'
/Library/Ruby/Gems/2.3.0/gems/activerecord-5.2.3/lib/active_record/reflection.rb:162:in `class_name'
/Library/Ruby/Gems/2.3.0/gems/activerecord-5.2.3/lib/active_record/reflection.rb:769:in `klass'
/Library/Ruby/Gems/2.3.0/gems/activerecord-5.2.3/lib/active_record/reflection.rb:790:in `source_reflection'
/Library/Ruby/Gems/2.3.0/gems/activerecord-5.2.3/lib/active_record/reflection.rb:991:in `derive_class_name'
/Library/Ruby/Gems/2.3.0/gems/activerecord-5.2.3/lib/active_record/reflection.rb:162:in `class_name'
/Library/Ruby/Gems/2.3.0/gems/activerecord-5.2.3/lib/active_record/reflection.rb:769:in `klass'
/Library/Ruby/Gems/2.3.0/gems/activerecord-5.2.3/lib/active_record/reflection.rb:790:in `source_reflection'
/Library/Ruby/Gems/2.3.0/gems/activerecord-5.2.3/lib/active_record/reflection.rb:991:in `derive_class_name'
/Library/Ruby/Gems/2.3.0/gems/activerecord-5.2.3/lib/active_record/reflection.rb:162:in `class_name'
/Library/Ruby/Gems/2.3.0/gems/activerecord-5.2.3/lib/active_record/reflection.rb:769:in `klass'
/Library/Ruby/Gems/2.3.0/gems/activerecord-5.2.3/lib/active_record/reflection.rb:790:in `source_reflection'
/Library/Ruby/Gems/2.3.0/gems/activerecord-5.2.3/lib/active_record/reflection.rb:991:in `derive_class_name'
/Library/Ruby/Gems/2.3.0/gems/activerecord-5.2.3/lib/active_record/reflection.rb:162:in `class_name'
/Library/Ruby/Gems/2.3.0/gems/activerecord-5.2.3/lib/active_record/reflection.rb:769:in `klass'
/Library/Ruby/Gems/2.3.0/gems/activerecord-5.2.3/lib/active_record/reflection.rb:790:in `source_reflection'
/Library/Ruby/Gems/2.3.0/gems/activerecord-5.2.3/lib/active_record/reflection.rb:991:in `derive_class_name'
/Library/Ruby/Gems/2.3.0/gems/activerecord-5.2.3/lib/active_record/reflection.rb:162:in `class_name'
/Library/Ruby/Gems/2.3.0/gems/activerecord-5.2.3/lib/active_record/reflection.rb:769:in `klass'
/Library/Ruby/Gems/2.3.0/gems/activerecord-5.2.3/lib/active_record/reflection.rb:790:in `source_reflection'
/Library/Ruby/Gems/2.3.0/gems/activerecord-5.2.3/lib/active_record/reflection.rb:991:in `derive_class_name'
/Library/Ruby/Gems/2.3.0/gems/activerecord-5.2.3/lib/active_record/reflection.rb:162:in `class_name'
/Library/Ruby/Gems/2.3.0/gems/activerecord-5.2.3/lib/active_record/reflection.rb:769:in `klass'
/Library/Ruby/Gems/2.3.0/gems/activerecord-5.2.3/lib/active_record/reflection.rb:790:in `source_reflection'
/Library/Ruby/Gems/2.3.0/gems/activerecord-5.2.3/lib/active_record/reflection.rb:991:in `derive_class_name'
/Library/Ruby/Gems/2.3.0/gems/activerecord-5.2.3/lib/active_record/reflection.rb:162:in `class_name'
/Library/Ruby/Gems/2.3.0/gems/activerecord-5.2.3/lib/active_record/reflection.rb:769:in `klass'
/Library/Ruby/Gems/2.3.0/gems/activerecord-5.2.3/lib/active_record/reflection.rb:790:in `source_reflection'
/Library/Ruby/Gems/2.3.0/gems/activerecord-5.2.3/lib/active_record/reflection.rb:991:in `derive_class_name'
/Library/Ruby/Gems/2.3.0/gems/activerecord-5.2.3/lib/active_record/reflection.rb:162:in `class_name'
/Library/Ruby/Gems/2.3.0/gems/activerecord-5.2.3/lib/active_record/reflection.rb:769:in `klass'
/Library/Ruby/Gems/2.3.0/gems/activerecord-5.2.3/lib/active_record/reflection.rb:790:in `source_reflection'
/Library/Ruby/Gems/2.3.0/gems/activerecord-5.2.3/lib/active_record/reflection.rb:991:in `derive_class_name'
/Library/Ruby/Gems/2.3.0/gems/activerecord-5.2.3/lib/active_record/reflection.rb:162:in `class_name'
/Library/Ruby/Gems/2.3.0/gems/activerecord-5.2.3/lib/active_record/reflection.rb:769:in `klass'
/Library/Ruby/Gems/2.3.0/gems/activerecord-5.2.3/lib/active_record/reflection.rb:790:in `source_reflection'
/Library/Ruby/Gems/2.3.0/gems/activerecord-5.2.3/lib/active_record/reflection.rb:991:in `derive_class_name'
/Library/Ruby/Gems/2.3.0/gems/activerecord-5.2.3/lib/active_record/reflection.rb:162:in `class_name'
/Library/Ruby/Gems/2.3.0/gems/activerecord-5.2.3/lib/active_record/reflection.rb:769:in `klass'
/Library/Ruby/Gems/2.3.0/gems/activerecord-5.2.3/lib/active_record/reflection.rb:790:in `source_reflection'
/Library/Ruby/Gems/2.3.0/gems/activerecord-5.2.3/lib/active_record/reflection.rb:991:in `derive_class_name'
/Library/Ruby/Gems/2.3.0/gems/activerecord-5.2.3/lib/active_record/reflection.rb:162:in `class_name'
/Library/Ruby/Gems/2.3.0/gems/activerecord-5.2.3/lib/active_record/reflection.rb:769:in `klass'
/Library/Ruby/Gems/2.3.0/gems/activerecord-5.2.3/lib/active_record/reflection.rb:790:in `source_reflection'
/Library/Ruby/Gems/2.3.0/gems/activerecord-5.2.3/lib/active_record/reflection.rb:991:in `derive_class_name'
/Library/Ruby/Gems/2.3.0/gems/activerecord-5.2.3/lib/active_record/reflection.rb:162:in `class_name'
/Library/Ruby/Gems/2.3.0/gems/activerecord-5.2.3/lib/active_record/reflection.rb:769:in `klass'
/Library/Ruby/Gems/2.3.0/gems/activerecord-5.2.3/lib/active_record/reflection.rb:790:in `source_reflection'
/Library/Ruby/Gems/2.3.0/gems/activerecord-5.2.3/lib/active_record/reflection.rb:991:in `derive_class_name'
/Library/Ruby/Gems/2.3.0/gems/activerecord-5.2.3/lib/active_record/reflection.rb:162:in `class_name'
/Library/Ruby/Gems/2.3.0/gems/activerecord-5.2.3/lib/active_record/reflection.rb:769:in `klass'
/Library/Ruby/Gems/2.3.0/gems/activerecord-5.2.3/lib/active_record/reflection.rb:790:in `source_reflection'
/Library/Ruby/Gems/2.3.0/gems/activerecord-5.2.3/lib/active_record/reflection.rb:991:in `derive_class_name'
/Library/Ruby/Gems/2.3.0/gems/activerecord-5.2.3/lib/active_record/reflection.rb:162:in `class_name'
/Library/Ruby/Gems/2.3.0/gems/activerecord-5.2.3/lib/active_record/reflection.rb:769:in `klass'
/Library/Ruby/Gems/2.3.0/gems/activerecord-5.2.3/lib/active_record/reflection.rb:790:in `source_reflection'
/Library/Ruby/Gems/2.3.0/gems/activerecord-5.2.3/lib/active_record/reflection.rb:991:in `derive_class_name'
/Library/Ruby/Gems/2.3.0/gems/activerecord-5.2.3/lib/active_record/reflection.rb:162:in `class_name'
/Library/Ruby/Gems/2.3.0/gems/activerecord-5.2.3/lib/active_record/reflection.rb:769:in `klass'
/Library/Ruby/Gems/2.3.0/gems/activerecord-5.2.3/lib/active_record/reflection.rb:790:in `source_reflection'
/Library/Ruby/Gems/2.3.0/gems/activerecord-5.2.3/lib/active_record/reflection.rb:991:in `derive_class_name'
/Library/Ruby/Gems/2.3.0/gems/activerecord-5.2.3/lib/active_record/reflection.rb:162:in `class_name'
/Library/Ruby/Gems/2.3.0/gems/activerecord-5.2.3/lib/active_record/reflection.rb:769:in `klass'
/Library/Ruby/Gems/2.3.0/gems/activerecord-5.2.3/lib/active_record/reflection.rb:790:in `source_reflection'
/Library/Ruby/Gems/2.3.0/gems/activerecord-5.2.3/lib/active_record/reflection.rb:991:in `derive_class_name'
/Library/Ruby/Gems/2.3.0/gems/activerecord-5.2.3/lib/active_record/reflection.rb:162:in `class_name'
/Library/Ruby/Gems/2.3.0/gems/activerecord-5.2.3/lib/active_record/reflection.rb:769:in `klass'
/Library/Ruby/Gems/2.3.0/gems/activerecord-5.2.3/lib/active_record/reflection.rb:790:in `source_reflection'
/Library/Ruby/Gems/2.3.0/gems/activerecord-5.2.3/lib/active_record/reflection.rb:991:in `derive_class_name'
/Library/Ruby/Gems/2.3.0/gems/activerecord-5.2.3/lib/active_record/reflection.rb:162:in `class_name'
/Library/Ruby/Gems/2.3.0/gems/activerecord-5.2.3/lib/active_record/reflection.rb:769:in `klass'
/Library/Ruby/Gems/2.3.0/gems/activerecord-5.2.3/lib/active_record/reflection.rb:790:in `source_reflection'
/Library/Ruby/Gems/2.3.0/gems/activerecord-5.2.3/lib/active_record/reflection.rb:991:in `derive_class_name'
/Library/Ruby/Gems/2.3.0/gems/activerecord-5.2.3/lib/active_record/reflection.rb:162:in `class_name'
/Library/Ruby/Gems/2.3.0/gems/activerecord-5.2.3/lib/active_record/reflection.rb:769:in `klass'
/Library/Ruby/Gems/2.3.0/gems/activerecord-5.2.3/lib/active_record/reflection.rb:790:in `source_reflection'
/Library/Ruby/Gems/2.3.0/gems/activerecord-5.2.3/lib/active_record/reflection.rb:991:in `derive_class_name'
/Library/Ruby/Gems/2.3.0/gems/activerecord-5.2.3/lib/active_record/reflection.rb:162:in `class_name'
/Library/Ruby/Gems/2.3.0/gems/activerecord-5.2.3/lib/active_record/reflection.rb:769:in `klass'
/Library/Ruby/Gems/2.3.0/gems/activerecord-5.2.3/lib/active_record/reflection.rb:790:in `source_reflection'
/Library/Ruby/Gems/2.3.0/gems/activerecord-5.2.3/lib/active_record/reflection.rb:991:in `derive_class_name'
/Library/Ruby/Gems/2.3.0/gems/activerecord-5.2.3/lib/active_record/reflection.rb:162:in `class_name'
/Library/Ruby/Gems/2.3.0/gems/activerecord-5.2.3/lib/active_record/reflection.rb:769:in `klass'
/Library/Ruby/Gems/2.3.0/gems/activerecord-5.2.3/lib/active_record/reflection.rb:790:in `source_reflection'
/Library/Ruby/Gems/2.3.0/gems/activerecord-5.2.3/lib/active_record/reflection.rb:991:in `derive_class_name'
/Library/Ruby/Gems/2.3.0/gems/activerecord-5.2.3/lib/active_record/reflection.rb:162:in `class_name'
/Library/Ruby/Gems/2.3.0/gems/activerecord-5.2.3/lib/active_record/reflection.rb:769:in `klass'
/Library/Ruby/Gems/2.3.0/gems/activerecord-5.2.3/lib/active_record/reflection.rb:790:in `source_reflection'
/Library/Ruby/Gems/2.3.0/gems/activerecord-5.2.3/lib/active_record/reflection.rb:991:in `derive_class_name'
/Library/Ruby/Gems/2.3.0/gems/activerecord-5.2.3/lib/active_record/reflection.rb:162:in `class_name'
/Library/Ruby/Gems/2.3.0/gems/activerecord-5.2.3/lib/active_record/reflection.rb:769:in `klass'
/Library/Ruby/Gems/2.3.0/gems/activerecord-5.2.3/lib/active_record/reflection.rb:790:in `source_reflection'
/Library/Ruby/Gems/2.3.0/gems/activerecord-5.2.3/lib/active_record/reflection.rb:991:in `derive_class_name'
/Library/Ruby/Gems/2.3.0/gems/activerecord-5.2.3/lib/active_record/reflection.rb:162:in `class_name'
/Library/Ruby/Gems/2.3.0/gems/activerecord-5.2.3/lib/active_record/reflection.rb:769:in `klass'
/Library/Ruby/Gems/2.3.0/gems/activerecord-5.2.3/lib/active_record/reflection.rb:790:in `source_reflection'
/Library/Ruby/Gems/2.3.0/gems/activerecord-5.2.3/lib/active_record/reflection.rb:991:in `derive_class_name'
/Library/Ruby/Gems/2.3.0/gems/activerecord-5.2.3/lib/active_record/reflection.rb:162:in `class_name'
/Library/Ruby/Gems/2.3.0/gems/activerecord-5.2.3/lib/active_record/reflection.rb:769:in `klass'
/Library/Ruby/Gems/2.3.0/gems/activerecord-5.2.3/lib/active_record/reflection.rb:790:in `source_reflection'
/Library/Ruby/Gems/2.3.0/gems/activerecord-5.2.3/lib/active_record/reflection.rb:991:in `derive_class_name'
/Library/Ruby/Gems/2.3.0/gems/activerecord-5.2.3/lib/active_record/reflection.rb:162:in `class_name'
/Library/Ruby/Gems/2.3.0/gems/activerecord-5.2.3/lib/active_record/reflection.rb:769:in `klass'
/Library/Ruby/Gems/2.3.0/gems/activerecord-5.2.3/lib/active_record/reflection.rb:790:in `source_reflection'
/Library/Ruby/Gems/2.3.0/gems/activerecord-5.2.3/lib/active_record/reflection.rb:991:in `derive_class_name'
/Library/Ruby/Gems/2.3.0/gems/activerecord-5.2.3/lib/active_record/reflection.rb:162:in `class_name'
/Library/Ruby/Gems/2.3.0/gems/activerecord-5.2.3/lib/active_record/reflection.rb:769:in `klass'
/Library/Ruby/Gems/2.3.0/gems/activerecord-5.2.3/lib/active_record/reflection.rb:790:in `source_reflection'
/Library/Ruby/Gems/2.3.0/gems/activerecord-5.2.3/lib/active_record/reflection.rb:991:in `derive_class_name'
/Library/Ruby/Gems/2.3.0/gems/activerecord-5.2.3/lib/active_record/reflection.rb:162:in `class_name'
/Library/Ruby/Gems/2.3.0/gems/activerecord-5.2.3/lib/active_record/reflection.rb:769:in `klass'
/Library/Ruby/Gems/2.3.0/gems/activerecord-5.2.3/lib/active_record/reflection.rb:790:in `source_reflection'
/Library/Ruby/Gems/2.3.0/gems/activerecord-5.2.3/lib/active_record/reflection.rb:991:in `derive_class_name'
/Library/Ruby/Gems/2.3.0/gems/activerecord-5.2.3/lib/active_record/reflection.rb:162:in `class_name'
/Library/Ruby/Gems/2.3.0/gems/activerecord-5.2.3/lib/active_record/reflection.rb:769:in `klass'
/Library/Ruby/Gems/2.3.0/gems/activerecord-5.2.3/lib/active_record/reflection.rb:790:in `source_reflection'
/Library/Ruby/Gems/2.3.0/gems/activerecord-5.2.3/lib/active_record/reflection.rb:991:in `derive_class_name'
/Library/Ruby/Gems/2.3.0/gems/activerecord-5.2.3/lib/active_record/reflection.rb:162:in `class_name'
/Library/Ruby/Gems/2.3.0/gems/activerecord-5.2.3/lib/active_record/reflection.rb:769:in `klass'
/Library/Ruby/Gems/2.3.0/gems/activerecord-5.2.3/lib/active_record/reflection.rb:790:in `source_reflection'
/Library/Ruby/Gems/2.3.0/gems/activerecord-5.2.3/lib/active_record/reflection.rb:991:in `derive_class_name'
/Library/Ruby/Gems/2.3.0/gems/activerecord-5.2.3/lib/active_record/reflection.rb:162:in `class_name'
/Library/Ruby/Gems/2.3.0/gems/activerecord-5.2.3/lib/active_record/reflection.rb:769:in `klass'
/Library/Ruby/Gems/2.3.0/gems/activerecord-5.2.3/lib/active_record/reflection.rb:790:in `source_reflection'
/Library/Ruby/Gems/2.3.0/gems/activerecord-5.2.3/lib/active_record/reflection.rb:991:in `derive_class_name'
/Library/Ruby/Gems/2.3.0/gems/activerecord-5.2.3/lib/active_record/reflection.rb:162:in `class_name'
/Library/Ruby/Gems/2.3.0/gems/activerecord-5.2.3/lib/active_record/reflection.rb:769:in `klass'
/Library/Ruby/Gems/2.3.0/gems/activerecord-5.2.3/lib/active_record/reflection.rb:790:in `source_reflection'
/Library/Ruby/Gems/2.3.0/gems/activerecord-5.2.3/lib/active_record/reflection.rb:991:in `derive_class_name'
/Library/Ruby/Gems/2.3.0/gems/activerecord-5.2.3/lib/active_record/reflection.rb:162:in `class_name'
/Library/Ruby/Gems/2.3.0/gems/activerecord-5.2.3/lib/active_record/reflection.rb:769:in `klass'
/Library/Ruby/Gems/2.3.0/gems/activerecord-5.2.3/lib/active_record/reflection.rb:790:in `source_reflection'
/Library/Ruby/Gems/2.3.0/gems/activerecord-5.2.3/lib/active_record/reflection.rb:991:in `derive_class_name'
/Library/Ruby/Gems/2.3.0/gems/activerecord-5.2.3/lib/active_record/reflection.rb:162:in `class_name'
/Library/Ruby/Gems/2.3.0/gems/activerecord-5.2.3/lib/active_record/reflection.rb:769:in `klass'
/Library/Ruby/Gems/2.3.0/gems/activerecord-5.2.3/lib/active_record/reflection.rb:790:in `source_reflection'
/Library/Ruby/Gems/2.3.0/gems/activerecord-5.2.3/lib/active_record/reflection.rb:991:in `derive_class_name'
/Library/Ruby/Gems/2.3.0/gems/activerecord-5.2.3/lib/active_record/reflection.rb:162:in `class_name'
/Library/Ruby/Gems/2.3.0/gems/activerecord-5.2.3/lib/active_record/reflection.rb:769:in `klass'
/Library/Ruby/Gems/2.3.0/gems/activerecord-5.2.3/lib/active_record/reflection.rb:790:in `source_reflection'
/Library/Ruby/Gems/2.3.0/gems/activerecord-5.2.3/lib/active_record/reflection.rb:991:in `derive_class_name'
/Library/Ruby/Gems/2.3.0/gems/activerecord-5.2.3/lib/active_record/reflection.rb:162:in `class_name'
/Library/Ruby/Gems/2.3.0/gems/activerecord-5.2.3/lib/active_record/reflection.rb:769:in `klass'
/Library/Ruby/Gems/2.3.0/gems/activerecord-5.2.3/lib/active_record/reflection.rb:790:in `source_reflection'
/Library/Ruby/Gems/2.3.0/gems/activerecord-5.2.3/lib/active_record/reflection.rb:991:in `derive_class_name'
/Library/Ruby/Gems/2.3.0/gems/activerecord-5.2.3/lib/active_record/reflection.rb:162:in `class_name'
/Library/Ruby/Gems/2.3.0/gems/activerecord-5.2.3/lib/active_record/reflection.rb:769:in `klass'
/Library/Ruby/Gems/2.3.0/gems/activerecord-5.2.3/lib/active_record/reflection.rb:790:in `source_reflection'
/Library/Ruby/Gems/2.3.0/gems/activerecord-5.2.3/lib/active_record/reflection.rb:991:in `derive_class_name'
/Library/Ruby/Gems/2.3.0/gems/activerecord-5.2.3/lib/active_record/reflection.rb:162:in `class_name'
/Library/Ruby/Gems/2.3.0/gems/activerecord-5.2.3/lib/active_record/reflection.rb:769:in `klass'
/Library/Ruby/Gems/2.3.0/gems/activerecord-5.2.3/lib/active_record/reflection.rb:790:in `source_reflection'
/Library/Ruby/Gems/2.3.0/gems/activerecord-5.2.3/lib/active_record/reflection.rb:991:in `derive_class_name'
/Library/Ruby/Gems/2.3.0/gems/activerecord-5.2.3/lib/active_record/reflection.rb:162:in `class_name'
/Library/Ruby/Gems/2.3.0/gems/activerecord-5.2.3/lib/active_record/reflection.rb:769:in `klass'
/Library/Ruby/Gems/2.3.0/gems/activerecord-5.2.3/lib/active_record/reflection.rb:790:in `source_reflection'
/Library/Ruby/Gems/2.3.0/gems/activerecord-5.2.3/lib/active_record/reflection.rb:991:in `derive_class_name'
/Library/Ruby/Gems/2.3.0/gems/activerecord-5.2.3/lib/active_record/reflection.rb:162:in `class_name'
/Library/Ruby/Gems/2.3.0/gems/activerecord-5.2.3/lib/active_record/reflection.rb:769:in `klass'
/Library/Ruby/Gems/2.3.0/gems/activerecord-5.2.3/lib/active_record/reflection.rb:790:in `source_reflection'
/Library/Ruby/Gems/2.3.0/gems/activerecord-5.2.3/lib/active_record/reflection.rb:991:in `derive_class_name'
/Library/Ruby/Gems/2.3.0/gems/activerecord-5.2.3/lib/active_record/reflection.rb:162:in `class_name'
/Library/Ruby/Gems/2.3.0/gems/activerecord-5.2.3/lib/active_record/reflection.rb:769:in `klass'
/Library/Ruby/Gems/2.3.0/gems/activerecord-5.2.3/lib/active_record/reflection.rb:790:in `source_reflection'
/Library/Ruby/Gems/2.3.0/gems/activerecord-5.2.3/lib/active_record/reflection.rb:991:in `derive_class_name'
/Library/Ruby/Gems/2.3.0/gems/activerecord-5.2.3/lib/active_record/reflection.rb:162:in `class_name'
/Library/Ruby/Gems/2.3.0/gems/activerecord-5.2.3/lib/active_record/reflection.rb:769:in `klass'
/Library/Ruby/Gems/2.3.0/gems/activerecord-5.2.3/lib/active_record/reflection.rb:790:in `source_reflection'
/Library/Ruby/Gems/2.3.0/gems/activerecord-5.2.3/lib/active_record/reflection.rb:991:in `derive_class_name'
/Library/Ruby/Gems/2.3.0/gems/activerecord-5.2.3/lib/active_record/reflection.rb:162:in `class_name'
/Library/Ruby/Gems/2.3.0/gems/activerecord-5.2.3/lib/active_record/reflection.rb:769:in `klass'
/Library/Ruby/Gems/2.3.0/gems/activerecord-5.2.3/lib/active_record/reflection.rb:790:in `source_reflection'
/Library/Ruby/Gems/2.3.0/gems/activerecord-5.2.3/lib/active_record/reflection.rb:991:in `derive_class_name'
/Library/Ruby/Gems/2.3.0/gems/activerecord-5.2.3/lib/active_record/reflection.rb:162:in `class_name'
/Library/Ruby/Gems/2.3.0/gems/activerecord-5.2.3/lib/active_record/reflection.rb:769:in `klass'
/Library/Ruby/Gems/2.3.0/gems/activerecord-5.2.3/lib/active_record/reflection.rb:790:in `source_reflection'
/Library/Ruby/Gems/2.3.0/gems/activerecord-5.2.3/lib/active_record/reflection.rb:991:in `derive_class_name'
/Library/Ruby/Gems/2.3.0/gems/activerecord-5.2.3/lib/active_record/reflection.rb:162:in `class_name'
/Library/Ruby/Gems/2.3.0/gems/activerecord-5.2.3/lib/active_record/reflection.rb:769:in `klass'
/Library/Ruby/Gems/2.3.0/gems/activerecord-5.2.3/lib/active_record/reflection.rb:790:in `source_reflection'
/Library/Ruby/Gems/2.3.0/gems/activerecord-5.2.3/lib/active_record/reflection.rb:991:in `derive_class_name'
/Library/Ruby/Gems/2.3.0/gems/activerecord-5.2.3/lib/active_record/reflection.rb:162:in `class_name'
/Library/Ruby/Gems/2.3.0/gems/activerecord-5.2.3/lib/active_record/reflection.rb:769:in `klass'
/Library/Ruby/Gems/2.3.0/gems/activerecord-5.2.3/lib/active_record/reflection.rb:790:in `source_reflection'
/Library/Ruby/Gems/2.3.0/gems/activerecord-5.2.3/lib/active_record/reflection.rb:991:in `derive_class_name'
/Library/Ruby/Gems/2.3.0/gems/activerecord-5.2.3/lib/active_record/reflection.rb:162:in `class_name'
/Library/Ruby/Gems/2.3.0/gems/activerecord-5.2.3/lib/active_record/reflection.rb:769:in `klass'
/Library/Ruby/Gems/2.3.0/gems/activerecord-5.2.3/lib/active_record/reflection.rb:790:in `source_reflection'
/Library/Ruby/Gems/2.3.0/gems/activerecord-5.2.3/lib/active_record/reflection.rb:991:in `derive_class_name'
/Library/Ruby/Gems/2.3.0/gems/activerecord-5.2.3/lib/active_record/reflection.rb:162:in `class_name'
/Library/Ruby/Gems/2.3.0/gems/activerecord-5.2.3/lib/active_record/reflection.rb:769:in `klass'
/Library/Ruby/Gems/2.3.0/gems/activerecord-5.2.3/lib/active_record/reflection.rb:790:in `source_reflection'
/Library/Ruby/Gems/2.3.0/gems/activerecord-5.2.3/lib/active_record/reflection.rb:991:in `derive_class_name'
/Library/Ruby/Gems/2.3.0/gems/activerecord-5.2.3/lib/active_record/reflection.rb:162:in `class_name'
/Library/Ruby/Gems/2.3.0/gems/activerecord-5.2.3/lib/active_record/reflection.rb:769:in `klass'
/Library/Ruby/Gems/2.3.0/gems/activerecord-5.2.3/lib/active_record/reflection.rb:790:in `source_reflection'
/Library/Ruby/Gems/2.3.0/gems/activerecord-5.2.3/lib/active_record/reflection.rb:991:in `derive_class_name'
/Library/Ruby/Gems/2.3.0/gems/activerecord-5.2.3/lib/active_record/reflection.rb:162:in `class_name'
/Library/Ruby/Gems/2.3.0/gems/activerecord-5.2.3/lib/active_record/reflection.rb:769:in `klass'
/Library/Ruby/Gems/2.3.0/gems/activerecord-5.2.3/lib/active_record/reflection.rb:790:in `source_reflection'
/Library/Ruby/Gems/2.3.0/gems/activerecord-5.2.3/lib/active_record/reflection.rb:991:in `derive_class_name'
/Library/Ruby/Gems/2.3.0/gems/activerecord-5.2.3/lib/active_record/reflection.rb:162:in `class_name'
/Library/Ruby/Gems/2.3.0/gems/activerecord-5.2.3/lib/active_record/reflection.rb:769:in `klass'
/Library/Ruby/Gems/2.3.0/gems/activerecord-5.2.3/lib/active_record/reflection.rb:790:in `source_reflection'
/Library/Ruby/Gems/2.3.0/gems/activerecord-5.2.3/lib/active_record/reflection.rb:991:in `derive_class_name'
/Library/Ruby/Gems/2.3.0/gems/activerecord-5.2.3/lib/active_record/reflection.rb:162:in `class_name'
/Library/Ruby/Gems/2.3.0/gems/activerecord-5.2.3/lib/active_record/reflection.rb:769:in `klass'
/Library/Ruby/Gems/2.3.0/gems/activerecord-5.2.3/lib/active_record/reflection.rb:790:in `source_reflection'
/Library/Ruby/Gems/2.3.0/gems/activerecord-5.2.3/lib/active_record/reflection.rb:991:in `derive_class_name'
/Library/Ruby/Gems/2.3.0/gems/activerecord-5.2.3/lib/active_record/reflection.rb:162:in `class_name'
/Library/Ruby/Gems/2.3.0/gems/activerecord-5.2.3/lib/active_record/reflection.rb:769:in `klass'
/Library/Ruby/Gems/2.3.0/gems/activerecord-5.2.3/lib/active_record/reflection.rb:790:in `source_reflection'
/Library/Ruby/Gems/2.3.0/gems/activerecord-5.2.3/lib/active_record/reflection.rb:991:in `derive_class_name'
/Library/Ruby/Gems/2.3.0/gems/activerecord-5.2.3/lib/active_record/reflection.rb:162:in `class_name'
/Library/Ruby/Gems/2.3.0/gems/activerecord-5.2.3/lib/active_record/reflection.rb:769:in `klass'
/Library/Ruby/Gems/2.3.0/gems/activerecord-5.2.3/lib/active_record/reflection.rb:790:in `source_reflection'
/Library/Ruby/Gems/2.3.0/gems/activerecord-5.2.3/lib/active_record/reflection.rb:991:in `derive_class_name'
/Library/Ruby/Gems/2.3.0/gems/activerecord-5.2.3/lib/active_record/reflection.rb:162:in `class_name'
/Library/Ruby/Gems/2.3.0/gems/activerecord-5.2.3/lib/active_record/reflection.rb:769:in `klass'
/Library/Ruby/Gems/2.3.0/gems/activerecord-5.2.3/lib/active_record/reflection.rb:790:in `source_reflection'
/Library/Ruby/Gems/2.3.0/gems/activerecord-5.2.3/lib/active_record/reflection.rb:991:in `derive_class_name'
/Library/Ruby/Gems/2.3.0/gems/activerecord-5.2.3/lib/active_record/reflection.rb:162:in `class_name'
/Library/Ruby/Gems/2.3.0/gems/activerecord-5.2.3/lib/active_record/reflection.rb:769:in `klass'
/Library/Ruby/Gems/2.3.0/gems/activerecord-5.2.3/lib/active_record/reflection.rb:790:in `source_reflection'
/Library/Ruby/Gems/2.3.0/gems/activerecord-5.2.3/lib/active_record/reflection.rb:991:in `derive_class_name'
/Library/Ruby/Gems/2.3.0/gems/activerecord-5.2.3/lib/active_record/reflection.rb:162:in `class_name'
/Library/Ruby/Gems/2.3.0/gems/activerecord-5.2.3/lib/active_record/reflection.rb:769:in `klass'
/Library/Ruby/Gems/2.3.0/gems/activerecord-5.2.3/lib/active_record/reflection.rb:790:in `source_reflection'
/Library/Ruby/Gems/2.3.0/gems/activerecord-5.2.3/lib/active_record/reflection.rb:991:in `derive_class_name'
/Library/Ruby/Gems/2.3.0/gems/activerecord-5.2.3/lib/active_record/reflection.rb:162:in `class_name'
/Library/Ruby/Gems/2.3.0/gems/activerecord-5.2.3/lib/active_record/reflection.rb:769:in `klass'
/Library/Ruby/Gems/2.3.0/gems/activerecord-5.2.3/lib/active_record/reflection.rb:790:in `source_reflection'
/Library/Ruby/Gems/2.3.0/gems/activerecord-5.2.3/lib/active_record/reflection.rb:991:in `derive_class_name'
/Library/Ruby/Gems/2.3.0/gems/activerecord-5.2.3/lib/active_record/reflection.rb:162:in `class_name'
/Library/Ruby/Gems/2.3.0/gems/activerecord-5.2.3/lib/active_record/reflection.rb:769:in `klass'
/Library/Ruby/Gems/2.3.0/gems/activerecord-5.2.3/lib/active_record/reflection.rb:790:in `source_reflection'
/Library/Ruby/Gems/2.3.0/gems/activerecord-5.2.3/lib/active_record/reflection.rb:991:in `derive_class_name'
/Library/Ruby/Gems/2.3.0/gems/activerecord-5.2.3/lib/active_record/reflection.rb:162:in `class_name'
/Library/Ruby/Gems/2.3.0/gems/activerecord-5.2.3/lib/active_record/reflection.rb:769:in `klass'
/Library/Ruby/Gems/2.3.0/gems/activerecord-5.2.3/lib/active_record/reflection.rb:790:in `source_reflection'
/Library/Ruby/Gems/2.3.0/gems/activerecord-5.2.3/lib/active_record/reflection.rb:991:in `derive_class_name'
/Library/Ruby/Gems/2.3.0/gems/activerecord-5.2.3/lib/active_record/reflection.rb:162:in `class_name'
/Library/Ruby/Gems/2.3.0/gems/activerecord-5.2.3/lib/active_record/reflection.rb:769:in `klass'
/Library/Ruby/Gems/2.3.0/gems/activerecord-5.2.3/lib/active_record/reflection.rb:790:in `source_reflection'
/Library/Ruby/Gems/2.3.0/gems/activerecord-5.2.3/lib/active_record/reflection.rb:991:in `derive_class_name'
/Library/Ruby/Gems/2.3.0/gems/activerecord-5.2.3/lib/active_record/reflection.rb:162:in `class_name'
/Library/Ruby/Gems/2.3.0/gems/activerecord-5.2.3/lib/active_record/reflection.rb:769:in `klass'
/Library/Ruby/Gems/2.3.0/gems/activerecord-5.2.3/lib/active_record/reflection.rb:790:in `source_reflection'
/Library/Ruby/Gems/2.3.0/gems/activerecord-5.2.3/lib/active_record/reflection.rb:991:in `derive_class_name'
/Library/Ruby/Gems/2.3.0/gems/activerecord-5.2.3/lib/active_record/reflection.rb:162:in `class_name'
/Library/Ruby/Gems/2.3.0/gems/activerecord-5.2.3/lib/active_record/reflection.rb:769:in `klass'
/Library/Ruby/Gems/2.3.0/gems/activerecord-5.2.3/lib/active_record/reflection.rb:790:in `source_reflection'
/Library/Ruby/Gems/2.3.0/gems/activerecord-5.2.3/lib/active_record/reflection.rb:991:in `derive_class_name'
/Library/Ruby/Gems/2.3.0/gems/activerecord-5.2.3/lib/active_record/reflection.rb:162:in `class_name'
/Library/Ruby/Gems/2.3.0/gems/activerecord-5.2.3/lib/active_record/reflection.rb:769:in `klass'
/Library/Ruby/Gems/2.3.0/gems/activerecord-5.2.3/lib/active_record/reflection.rb:790:in `source_reflection'
/Library/Ruby/Gems/2.3.0/gems/activerecord-5.2.3/lib/active_record/reflection.rb:991:in `derive_class_name'
/Library/Ruby/Gems/2.3.0/gems/activerecord-5.2.3/lib/active_record/reflection.rb:162:in `class_name'
/Library/Ruby/Gems/2.3.0/gems/activerecord-5.2.3/lib/active_record/reflection.rb:769:in `klass'
/Library/Ruby/Gems/2.3.0/gems/activerecord-5.2.3/lib/active_record/reflection.rb:790:in `source_reflection'
/Library/Ruby/Gems/2.3.0/gems/activerecord-5.2.3/lib/active_record/reflection.rb:991:in `derive_class_name'
/Library/Ruby/Gems/2.3.0/gems/activerecord-5.2.3/lib/active_record/reflection.rb:162:in `class_name'
/Library/Ruby/Gems/2.3.0/gems/activerecord-5.2.3/lib/active_record/reflection.rb:769:in `klass'
/Library/Ruby/Gems/2.3.0/gems/activerecord-5.2.3/lib/active_record/reflection.rb:790:in `source_reflection'
/Library/Ruby/Gems/2.3.0/gems/activerecord-5.2.3/lib/active_record/reflection.rb:991:in `derive_class_name'
/Library/Ruby/Gems/2.3.0/gems/activerecord-5.2.3/lib/active_record/reflection.rb:162:in `class_name'
/Library/Ruby/Gems/2.3.0/gems/activerecord-5.2.3/lib/active_record/reflection.rb:769:in `klass'
/Library/Ruby/Gems/2.3.0/gems/activerecord-5.2.3/lib/active_record/reflection.rb:790:in `source_reflection'
/Library/Ruby/Gems/2.3.0/gems/activerecord-5.2.3/lib/active_record/reflection.rb:991:in `derive_class_name'
/Library/Ruby/Gems/2.3.0/gems/activerecord-5.2.3/lib/active_record/reflection.rb:162:in `class_name'
/Library/Ruby/Gems/2.3.0/gems/activerecord-5.2.3/lib/active_record/reflection.rb:769:in `klass'
/Library/Ruby/Gems/2.3.0/gems/activerecord-5.2.3/lib/active_record/reflection.rb:790:in `source_reflection'
/Library/Ruby/Gems/2.3.0/gems/activerecord-5.2.3/lib/active_record/reflection.rb:991:in `derive_class_name'
/Library/Ruby/Gems/2.3.0/gems/activerecord-5.2.3/lib/active_record/reflection.rb:162:in `class_name'
/Library/Ruby/Gems/2.3.0/gems/activerecord-5.2.3/lib/active_record/reflection.rb:769:in `klass'
/Library/Ruby/Gems/2.3.0/gems/activerecord-5.2.3/lib/active_record/reflection.rb:790:in `source_reflection'
/Library/Ruby/Gems/2.3.0/gems/activerecord-5.2.3/lib/active_record/reflection.rb:991:in `derive_class_name'
/Library/Ruby/Gems/2.3.0/gems/activerecord-5.2.3/lib/active_record/reflection.rb:162:in `class_name'
/Library/Ruby/Gems/2.3.0/gems/activerecord-5.2.3/lib/active_record/reflection.rb:769:in `klass'
/Library/Ruby/Gems/2.3.0/gems/activerecord-5.2.3/lib/active_record/reflection.rb:790:in `source_reflection'
/Library/Ruby/Gems/2.3.0/gems/activerecord-5.2.3/lib/active_record/reflection.rb:991:in `derive_class_name'
/Library/Ruby/Gems/2.3.0/gems/activerecord-5.2.3/lib/active_record/reflection.rb:162:in `class_name'
/Library/Ruby/Gems/2.3.0/gems/activerecord-5.2.3/lib/active_record/reflection.rb:769:in `klass'
/Library/Ruby/Gems/2.3.0/gems/activerecord-5.2.3/lib/active_record/reflection.rb:790:in `source_reflection'
/Library/Ruby/Gems/2.3.0/gems/activerecord-5.2.3/lib/active_record/reflection.rb:991:in `derive_class_name'
/Library/Ruby/Gems/2.3.0/gems/activerecord-5.2.3/lib/active_record/reflection.rb:162:in `class_name'
/Library/Ruby/Gems/2.3.0/gems/activerecord-5.2.3/lib/active_record/reflection.rb:769:in `klass'
/Library/Ruby/Gems/2.3.0/gems/activerecord-5.2.3/lib/active_record/reflection.rb:790:in `source_reflection'
/Library/Ruby/Gems/2.3.0/gems/activerecord-5.2.3/lib/active_record/reflection.rb:991:in `derive_class_name'
/Library/Ruby/Gems/2.3.0/gems/activerecord-5.2.3/lib/active_record/reflection.rb:162:in `class_name'
/Library/Ruby/Gems/2.3.0/gems/activerecord-5.2.3/lib/active_record/reflection.rb:769:in `klass'
/Library/Ruby/Gems/2.3.0/gems/activerecord-5.2.3/lib/active_record/reflection.rb:790:in `source_reflection'
/Library/Ruby/Gems/2.3.0/gems/activerecord-5.2.3/lib/active_record/reflection.rb:991:in `derive_class_name'
/Library/Ruby/Gems/2.3.0/gems/activerecord-5.2.3/lib/active_record/reflection.rb:162:in `class_name'
/Library/Ruby/Gems/2.3.0/gems/activerecord-5.2.3/lib/active_record/reflection.rb:769:in `klass'
/Library/Ruby/Gems/2.3.0/gems/activerecord-5.2.3/lib/active_record/reflection.rb:790:in `source_reflection'
/Library/Ruby/Gems/2.3.0/gems/activerecord-5.2.3/lib/active_record/reflection.rb:991:in `derive_class_name'
/Library/Ruby/Gems/2.3.0/gems/activerecord-5.2.3/lib/active_record/reflection.rb:162:in `class_name'
/Library/Ruby/Gems/2.3.0/gems/activerecord-5.2.3/lib/active_record/reflection.rb:769:in `klass'
/Library/Ruby/Gems/2.3.0/gems/activerecord-5.2.3/lib/active_record/reflection.rb:790:in `source_reflection'
/Library/Ruby/Gems/2.3.0/gems/activerecord-5.2.3/lib/active_record/reflection.rb:991:in `derive_class_name'
/Library/Ruby/Gems/2.3.0/gems/activerecord-5.2.3/lib/active_record/reflection.rb:162:in `class_name'
/Library/Ruby/Gems/2.3.0/gems/activerecord-5.2.3/lib/active_record/reflection.rb:769:in `klass'
/Library/Ruby/Gems/2.3.0/gems/activerecord-5.2.3/lib/active_record/reflection.rb:790:in `source_reflection'
/Library/Ruby/Gems/2.3.0/gems/activerecord-5.2.3/lib/active_record/reflection.rb:991:in `derive_class_name'
/Library/Ruby/Gems/2.3.0/gems/activerecord-5.2.3/lib/active_record/reflection.rb:162:in `class_name'
/Library/Ruby/Gems/2.3.0/gems/activerecord-5.2.3/lib/active_record/reflection.rb:769:in `klass'
/Library/Ruby/Gems/2.3.0/gems/activerecord-5.2.3/lib/active_record/reflection.rb:790:in `source_reflection'
/Library/Ruby/Gems/2.3.0/gems/activerecord-5.2.3/lib/active_record/reflection.rb:991:in `derive_class_name'
/Library/Ruby/Gems/2.3.0/gems/activerecord-5.2.3/lib/active_record/reflection.rb:162:in `class_name'
/Library/Ruby/Gems/2.3.0/gems/activerecord-5.2.3/lib/active_record/reflection.rb:769:in `klass'
/Library/Ruby/Gems/2.3.0/gems/activerecord-5.2.3/lib/active_record/reflection.rb:790:in `source_reflection'
/Library/Ruby/Gems/2.3.0/gems/activerecord-5.2.3/lib/active_record/reflection.rb:991:in `derive_class_name'
/Library/Ruby/Gems/2.3.0/gems/activerecord-5.2.3/lib/active_record/reflection.rb:162:in `class_name'
/Library/Ruby/Gems/2.3.0/gems/activerecord-5.2.3/lib/active_record/reflection.rb:769:in `klass'
/Library/Ruby/Gems/2.3.0/gems/activerecord-5.2.3/lib/active_record/reflection.rb:790:in `source_reflection'
/Library/Ruby/Gems/2.3.0/gems/activerecord-5.2.3/lib/active_record/reflection.rb:991:in `derive_class_name'
/Library/Ruby/Gems/2.3.0/gems/activerecord-5.2.3/lib/active_record/reflection.rb:162:in `class_name'
/Library/Ruby/Gems/2.3.0/gems/activerecord-5.2.3/lib/active_record/reflection.rb:769:in `klass'
/Library/Ruby/Gems/2.3.0/gems/activerecord-5.2.3/lib/active_record/reflection.rb:790:in `source_reflection'
/Library/Ruby/Gems/2.3.0/gems/activerecord-5.2.3/lib/active_record/reflection.rb:991:in `derive_class_name'
/Library/Ruby/Gems/2.3.0/gems/activerecord-5.2.3/lib/active_record/reflection.rb:162:in `class_name'
/Library/Ruby/Gems/2.3.0/gems/activerecord-5.2.3/lib/active_record/reflection.rb:769:in `klass'
/Library/Ruby/Gems/2.3.0/gems/activerecord-5.2.3/lib/active_record/reflection.rb:790:in `source_reflection'
/Library/Ruby/Gems/2.3.0/gems/activerecord-5.2.3/lib/active_record/reflection.rb:991:in `derive_class_name'
/Library/Ruby/Gems/2.3.0/gems/activerecord-5.2.3/lib/active_record/reflection.rb:162:in `class_name'
/Library/Ruby/Gems/2.3.0/gems/activerecord-5.2.3/lib/active_record/reflection.rb:769:in `klass'
/Library/Ruby/Gems/2.3.0/gems/activerecord-5.2.3/lib/active_record/reflection.rb:790:in `source_reflection'
/Library/Ruby/Gems/2.3.0/gems/activerecord-5.2.3/lib/active_record/reflection.rb:991:in `derive_class_name'
/Library/Ruby/Gems/2.3.0/gems/activerecord-5.2.3/lib/active_record/reflection.rb:162:in `class_name'
/Library/Ruby/Gems/2.3.0/gems/activerecord-5.2.3/lib/active_record/reflection.rb:769:in `klass'
/Library/Ruby/Gems/2.3.0/gems/activerecord-5.2.3/lib/active_record/reflection.rb:790:in `source_reflection'
/Library/Ruby/Gems/2.3.0/gems/activerecord-5.2.3/lib/active_record/reflection.rb:991:in `derive_class_name'
/Library/Ruby/Gems/2.3.0/gems/activerecord-5.2.3/lib/active_record/reflection.rb:162:in `class_name'
/Library/Ruby/Gems/2.3.0/gems/activerecord-5.2.3/lib/active_record/reflection.rb:769:in `klass'
/Library/Ruby/Gems/2.3.0/gems/activerecord-5.2.3/lib/active_record/reflection.rb:790:in `source_reflection'
/Library/Ruby/Gems/2.3.0/gems/activerecord-5.2.3/lib/active_record/reflection.rb:991:in `derive_class_name'
/Library/Ruby/Gems/2.3.0/gems/activerecord-5.2.3/lib/active_record/reflection.rb:162:in `class_name'
/Library/Ruby/Gems/2.3.0/gems/activerecord-5.2.3/lib/active_record/reflection.rb:769:in `klass'
/Library/Ruby/Gems/2.3.0/gems/activerecord-5.2.3/lib/active_record/reflection.rb:790:in `source_reflection'
/Library/Ruby/Gems/2.3.0/gems/activerecord-5.2.3/lib/active_record/reflection.rb:991:in `derive_class_name'
/Library/Ruby/Gems/2.3.0/gems/activerecord-5.2.3/lib/active_record/reflection.rb:162:in `class_name'
/Library/Ruby/Gems/2.3.0/gems/activerecord-5.2.3/lib/active_record/reflection.rb:769:in `klass'
/Library/Ruby/Gems/2.3.0/gems/activerecord-5.2.3/lib/active_record/reflection.rb:790:in `source_reflection'
/Library/Ruby/Gems/2.3.0/gems/activerecord-5.2.3/lib/active_record/reflection.rb:991:in `derive_class_name'
/Library/Ruby/Gems/2.3.0/gems/activerecord-5.2.3/lib/active_record/reflection.rb:162:in `class_name'
/Library/Ruby/Gems/2.3.0/gems/activerecord-5.2.3/lib/active_record/reflection.rb:769:in `klass'
/Library/Ruby/Gems/2.3.0/gems/activerecord-5.2.3/lib/active_record/reflection.rb:790:in `source_reflection'
/Library/Ruby/Gems/2.3.0/gems/activerecord-5.2.3/lib/active_record/reflection.rb:991:in `derive_class_name'
/Library/Ruby/Gems/2.3.0/gems/activerecord-5.2.3/lib/active_record/reflection.rb:162:in `class_name'
/Library/Ruby/Gems/2.3.0/gems/activerecord-5.2.3/lib/active_record/reflection.rb:769:in `klass'
/Library/Ruby/Gems/2.3.0/gems/activerecord-5.2.3/lib/active_record/reflection.rb:790:in `source_reflection'
/Library/Ruby/Gems/2.3.0/gems/activerecord-5.2.3/lib/active_record/reflection.rb:991:in `derive_class_name'
/Library/Ruby/Gems/2.3.0/gems/activerecord-5.2.3/lib/active_record/reflection.rb:162:in `class_name'
/Library/Ruby/Gems/2.3.0/gems/activerecord-5.2.3/lib/active_record/reflection.rb:769:in `klass'
/Library/Ruby/Gems/2.3.0/gems/activerecord-5.2.3/lib/active_record/reflection.rb:790:in `source_reflection'
/Library/Ruby/Gems/2.3.0/gems/activerecord-5.2.3/lib/active_record/reflection.rb:991:in `derive_class_name'
/Library/Ruby/Gems/2.3.0/gems/activerecord-5.2.3/lib/active_record/reflection.rb:162:in `class_name'
/Library/Ruby/Gems/2.3.0/gems/activerecord-5.2.3/lib/active_record/reflection.rb:769:in `klass'
/Library/Ruby/Gems/2.3.0/gems/activerecord-5.2.3/lib/active_record/reflection.rb:790:in `source_reflection'
/Library/Ruby/Gems/2.3.0/gems/activerecord-5.2.3/lib/active_record/reflection.rb:991:in `derive_class_name'
/Library/Ruby/Gems/2.3.0/gems/activerecord-5.2.3/lib/active_record/reflection.rb:162:in `class_name'
/Library/Ruby/Gems/2.3.0/gems/activerecord-5.2.3/lib/active_record/reflection.rb:769:in `klass'
/Library/Ruby/Gems/2.3.0/gems/activerecord-5.2.3/lib/active_record/reflection.rb:790:in `source_reflection'
/Library/Ruby/Gems/2.3.0/gems/activerecord-5.2.3/lib/active_record/reflection.rb:991:in `derive_class_name'
/Library/Ruby/Gems/2.3.0/gems/activerecord-5.2.3/lib/active_record/reflection.rb:162:in `class_name'
/Library/Ruby/Gems/2.3.0/gems/activerecord-5.2.3/lib/active_record/reflection.rb:769:in `klass'
/Library/Ruby/Gems/2.3.0/gems/activerecord-5.2.3/lib/active_record/reflection.rb:790:in `source_reflection'
/Library/Ruby/Gems/2.3.0/gems/activerecord-5.2.3/lib/active_record/reflection.rb:991:in `derive_class_name'
/Library/Ruby/Gems/2.3.0/gems/activerecord-5.2.3/lib/active_record/reflection.rb:162:in `class_name'
/Library/Ruby/Gems/2.3.0/gems/activerecord-5.2.3/lib/active_record/reflection.rb:769:in `klass'
/Library/Ruby/Gems/2.3.0/gems/activerecord-5.2.3/lib/active_record/reflection.rb:790:in `source_reflection'
/Library/Ruby/Gems/2.3.0/gems/activerecord-5.2.3/lib/active_record/reflection.rb:991:in `derive_class_name'
/Library/Ruby/Gems/2.3.0/gems/activerecord-5.2.3/lib/active_record/reflection.rb:162:in `class_name'
/Library/Ruby/Gems/2.3.0/gems/activerecord-5.2.3/lib/active_record/reflection.rb:769:in `klass'
/Library/Ruby/Gems/2.3.0/gems/activerecord-5.2.3/lib/active_record/reflection.rb:790:in `source_reflection'
/Library/Ruby/Gems/2.3.0/gems/activerecord-5.2.3/lib/active_record/reflection.rb:991:in `derive_class_name'
/Library/Ruby/Gems/2.3.0/gems/activerecord-5.2.3/lib/active_record/reflection.rb:162:in `class_name'
/Library/Ruby/Gems/2.3.0/gems/activerecord-5.2.3/lib/active_record/reflection.rb:769:in `klass'
/Library/Ruby/Gems/2.3.0/gems/activerecord-5.2.3/lib/active_record/reflection.rb:790:in `source_reflection'
/Library/Ruby/Gems/2.3.0/gems/activerecord-5.2.3/lib/active_record/reflection.rb:991:in `derive_class_name'
/Library/Ruby/Gems/2.3.0/gems/activerecord-5.2.3/lib/active_record/reflection.rb:162:in `class_name'
/Library/Ruby/Gems/2.3.0/gems/activerecord-5.2.3/lib/active_record/reflection.rb:769:in `klass'
/Library/Ruby/Gems/2.3.0/gems/activerecord-5.2.3/lib/active_record/reflection.rb:790:in `source_reflection'
/Library/Ruby/Gems/2.3.0/gems/activerecord-5.2.3/lib/active_record/reflection.rb:991:in `derive_class_name'
/Library/Ruby/Gems/2.3.0/gems/activerecord-5.2.3/lib/active_record/reflection.rb:162:in `class_name'
/Library/Ruby/Gems/2.3.0/gems/activerecord-5.2.3/lib/active_record/reflection.rb:769:in `klass'
/Library/Ruby/Gems/2.3.0/gems/activerecord-5.2.3/lib/active_record/reflection.rb:790:in `source_reflection'
/Library/Ruby/Gems/2.3.0/gems/activerecord-5.2.3/lib/active_record/reflection.rb:991:in `derive_class_name'
/Library/Ruby/Gems/2.3.0/gems/activerecord-5.2.3/lib/active_record/reflection.rb:162:in `class_name'
/Library/Ruby/Gems/2.3.0/gems/activerecord-5.2.3/lib/active_record/reflection.rb:769:in `klass'
/Library/Ruby/Gems/2.3.0/gems/activerecord-5.2.3/lib/active_record/reflection.rb:790:in `source_reflection'
/Library/Ruby/Gems/2.3.0/gems/activerecord-5.2.3/lib/active_record/reflection.rb:991:in `derive_class_name'
/Library/Ruby/Gems/2.3.0/gems/activerecord-5.2.3/lib/active_record/reflection.rb:162:in `class_name'
/Library/Ruby/Gems/2.3.0/gems/activerecord-5.2.3/lib/active_record/reflection.rb:769:in `klass'
/Library/Ruby/Gems/2.3.0/gems/activerecord-5.2.3/lib/active_record/reflection.rb:790:in `source_reflection'
/Library/Ruby/Gems/2.3.0/gems/activerecord-5.2.3/lib/active_record/reflection.rb:991:in `derive_class_name'
/Library/Ruby/Gems/2.3.0/gems/activerecord-5.2.3/lib/active_record/reflection.rb:162:in `class_name'
/Library/Ruby/Gems/2.3.0/gems/activerecord-5.2.3/lib/active_record/reflection.rb:769:in `klass'
/Library/Ruby/Gems/2.3.0/gems/activerecord-5.2.3/lib/active_record/reflection.rb:790:in `source_reflection'
/Library/Ruby/Gems/2.3.0/gems/activerecord-5.2.3/lib/active_record/reflection.rb:991:in `derive_class_name'
/Library/Ruby/Gems/2.3.0/gems/activerecord-5.2.3/lib/active_record/reflection.rb:162:in `class_name'
/Library/Ruby/Gems/2.3.0/gems/activerecord-5.2.3/lib/active_record/reflection.rb:769:in `klass'
/Library/Ruby/Gems/2.3.0/gems/activerecord-5.2.3/lib/active_record/reflection.rb:790:in `source_reflection'
/Library/Ruby/Gems/2.3.0/gems/activerecord-5.2.3/lib/active_record/reflection.rb:991:in `derive_class_name'
/Library/Ruby/Gems/2.3.0/gems/activerecord-5.2.3/lib/active_record/reflection.rb:162:in `class_name'
/Library/Ruby/Gems/2.3.0/gems/activerecord-5.2.3/lib/active_record/reflection.rb:769:in `klass'
/Library/Ruby/Gems/2.3.0/gems/activerecord-5.2.3/lib/active_record/reflection.rb:790:in `source_reflection'
/Library/Ruby/Gems/2.3.0/gems/activerecord-5.2.3/lib/active_record/reflection.rb:991:in `derive_class_name'
/Library/Ruby/Gems/2.3.0/gems/activerecord-5.2.3/lib/active_record/reflection.rb:162:in `class_name'
/Library/Ruby/Gems/2.3.0/gems/activerecord-5.2.3/lib/active_record/reflection.rb:769:in `klass'
/Library/Ruby/Gems/2.3.0/gems/activerecord-5.2.3/lib/active_record/reflection.rb:790:in `source_reflection'
/Library/Ruby/Gems/2.3.0/gems/activerecord-5.2.3/lib/active_record/reflection.rb:991:in `derive_class_name'
/Library/Ruby/Gems/2.3.0/gems/activerecord-5.2.3/lib/active_record/reflection.rb:162:in `class_name'
/Library/Ruby/Gems/2.3.0/gems/activerecord-5.2.3/lib/active_record/reflection.rb:769:in `klass'
/Library/Ruby/Gems/2.3.0/gems/activerecord-5.2.3/lib/active_record/reflection.rb:790:in `source_reflection'
/Library/Ruby/Gems/2.3.0/gems/activerecord-5.2.3/lib/active_record/reflection.rb:991:in `derive_class_name'
/Library/Ruby/Gems/2.3.0/gems/activerecord-5.2.3/lib/active_record/reflection.rb:162:in `class_name'
/Library/Ruby/Gems/2.3.0/gems/activerecord-5.2.3/lib/active_record/reflection.rb:769:in `klass'
/Library/Ruby/Gems/2.3.0/gems/activerecord-5.2.3/lib/active_record/reflection.rb:790:in `source_reflection'
/Library/Ruby/Gems/2.3.0/gems/activerecord-5.2.3/lib/active_record/reflection.rb:991:in `derive_class_name'
/Library/Ruby/Gems/2.3.0/gems/activerecord-5.2.3/lib/active_record/reflection.rb:162:in `class_name'
/Library/Ruby/Gems/2.3.0/gems/activerecord-5.2.3/lib/active_record/reflection.rb:769:in `klass'
/Library/Ruby/Gems/2.3.0/gems/activerecord-5.2.3/lib/active_record/reflection.rb:790:in `source_reflection'
/Library/Ruby/Gems/2.3.0/gems/activerecord-5.2.3/lib/active_record/reflection.rb:991:in `derive_class_name'
/Library/Ruby/Gems/2.3.0/gems/activerecord-5.2.3/lib/active_record/reflection.rb:162:in `class_name'
/Library/Ruby/Gems/2.3.0/gems/activerecord-5.2.3/lib/active_record/reflection.rb:769:in `klass'
/Library/Ruby/Gems/2.3.0/gems/activerecord-5.2.3/lib/active_record/reflection.rb:790:in `source_reflection'
/Library/Ruby/Gems/2.3.0/gems/activerecord-5.2.3/lib/active_record/reflection.rb:991:in `derive_class_name'
/Library/Ruby/Gems/2.3.0/gems/activerecord-5.2.3/lib/active_record/reflection.rb:162:in `class_name'
/Library/Ruby/Gems/2.3.0/gems/activerecord-5.2.3/lib/active_record/reflection.rb:769:in `klass'
/Library/Ruby/Gems/2.3.0/gems/activerecord-5.2.3/lib/active_record/reflection.rb:790:in `source_reflection'
/Library/Ruby/Gems/2.3.0/gems/activerecord-5.2.3/lib/active_record/reflection.rb:991:in `derive_class_name'
/Library/Ruby/Gems/2.3.0/gems/activerecord-5.2.3/lib/active_record/reflection.rb:162:in `class_name'
/Library/Ruby/Gems/2.3.0/gems/activerecord-5.2.3/lib/active_record/reflection.rb:769:in `klass'
/Library/Ruby/Gems/2.3.0/gems/activerecord-5.2.3/lib/active_record/reflection.rb:790:in `source_reflection'
/Library/Ruby/Gems/2.3.0/gems/activerecord-5.2.3/lib/active_record/reflection.rb:991:in `derive_class_name'
/Library/Ruby/Gems/2.3.0/gems/activerecord-5.2.3/lib/active_record/reflection.rb:162:in `class_name'
/Library/Ruby/Gems/2.3.0/gems/activerecord-5.2.3/lib/active_record/reflection.rb:769:in `klass'
/Library/Ruby/Gems/2.3.0/gems/activerecord-5.2.3/lib/active_record/reflection.rb:790:in `source_reflection'
/Library/Ruby/Gems/2.3.0/gems/activerecord-5.2.3/lib/active_record/reflection.rb:991:in `derive_class_name'
/Library/Ruby/Gems/2.3.0/gems/activerecord-5.2.3/lib/active_record/reflection.rb:162:in `class_name'
/Library/Ruby/Gems/2.3.0/gems/activerecord-5.2.3/lib/active_record/reflection.rb:769:in `klass'
/Library/Ruby/Gems/2.3.0/gems/activerecord-5.2.3/lib/active_record/reflection.rb:790:in `source_reflection'
/Library/Ruby/Gems/2.3.0/gems/activerecord-5.2.3/lib/active_record/reflection.rb:991:in `derive_class_name'
/Library/Ruby/Gems/2.3.0/gems/activerecord-5.2.3/lib/active_record/reflection.rb:162:in `class_name'
/Library/Ruby/Gems/2.3.0/gems/activerecord-5.2.3/lib/active_record/reflection.rb:769:in `klass'
/Library/Ruby/Gems/2.3.0/gems/activerecord-5.2.3/lib/active_record/reflection.rb:790:in `source_reflection'
/Library/Ruby/Gems/2.3.0/gems/activerecord-5.2.3/lib/active_record/reflection.rb:991:in `derive_class_name'
/Library/Ruby/Gems/2.3.0/gems/activerecord-5.2.3/lib/active_record/reflection.rb:162:in `class_name'
/Library/Ruby/Gems/2.3.0/gems/activerecord-5.2.3/lib/active_record/reflection.rb:769:in `klass'
/Library/Ruby/Gems/2.3.0/gems/activerecord-5.2.3/lib/active_record/reflection.rb:790:in `source_reflection'
/Library/Ruby/Gems/2.3.0/gems/activerecord-5.2.3/lib/active_record/reflection.rb:991:in `derive_class_name'
/Library/Ruby/Gems/2.3.0/gems/activerecord-5.2.3/lib/active_record/reflection.rb:162:in `class_name'
/Library/Ruby/Gems/2.3.0/gems/activerecord-5.2.3/lib/active_record/reflection.rb:769:in `klass'
/Library/Ruby/Gems/2.3.0/gems/activerecord-5.2.3/lib/active_record/reflection.rb:790:in `source_reflection'
/Library/Ruby/Gems/2.3.0/gems/activerecord-5.2.3/lib/active_record/reflection.rb:991:in `derive_class_name'
/Library/Ruby/Gems/2.3.0/gems/activerecord-5.2.3/lib/active_record/reflection.rb:162:in `class_name'
/Library/Ruby/Gems/2.3.0/gems/activerecord-5.2.3/lib/active_record/reflection.rb:769:in `klass'
/Library/Ruby/Gems/2.3.0/gems/activerecord-5.2.3/lib/active_record/reflection.rb:790:in `source_reflection'
/Library/Ruby/Gems/2.3.0/gems/activerecord-5.2.3/lib/active_record/reflection.rb:991:in `derive_class_name'
/Library/Ruby/Gems/2.3.0/gems/activerecord-5.2.3/lib/active_record/reflection.rb:162:in `class_name'
/Library/Ruby/Gems/2.3.0/gems/activerecord-5.2.3/lib/active_record/reflection.rb:769:in `klass'
/Library/Ruby/Gems/2.3.0/gems/activerecord-5.2.3/lib/active_record/reflection.rb:790:in `source_reflection'
/Library/Ruby/Gems/2.3.0/gems/activerecord-5.2.3/lib/active_record/reflection.rb:991:in `derive_class_name'
/Library/Ruby/Gems/2.3.0/gems/activerecord-5.2.3/lib/active_record/reflection.rb:162:in `class_name'
/Library/Ruby/Gems/2.3.0/gems/activerecord-5.2.3/lib/active_record/reflection.rb:769:in `klass'
/Library/Ruby/Gems/2.3.0/gems/activerecord-5.2.3/lib/active_record/reflection.rb:790:in `source_reflection'
/Library/Ruby/Gems/2.3.0/gems/activerecord-5.2.3/lib/active_record/reflection.rb:991:in `derive_class_name'
/Library/Ruby/Gems/2.3.0/gems/activerecord-5.2.3/lib/active_record/reflection.rb:162:in `class_name'
/Library/Ruby/Gems/2.3.0/gems/activerecord-5.2.3/lib/active_record/reflection.rb:769:in `klass'
/Library/Ruby/Gems/2.3.0/gems/activerecord-5.2.3/lib/active_record/reflection.rb:790:in `source_reflection'
/Library/Ruby/Gems/2.3.0/gems/activerecord-5.2.3/lib/active_record/reflection.rb:991:in `derive_class_name'
/Library/Ruby/Gems/2.3.0/gems/activerecord-5.2.3/lib/active_record/reflection.rb:162:in `class_name'
/Library/Ruby/Gems/2.3.0/gems/activerecord-5.2.3/lib/active_record/reflection.rb:769:in `klass'
/Library/Ruby/Gems/2.3.0/gems/activerecord-5.2.3/lib/active_record/reflection.rb:790:in `source_reflection'
/Library/Ruby/Gems/2.3.0/gems/activerecord-5.2.3/lib/active_record/reflection.rb:991:in `derive_class_name'
/Library/Ruby/Gems/2.3.0/gems/activerecord-5.2.3/lib/active_record/reflection.rb:162:in `class_name'
/Library/Ruby/Gems/2.3.0/gems/activerecord-5.2.3/lib/active_record/reflection.rb:769:in `klass'
/Library/Ruby/Gems/2.3.0/gems/activerecord-5.2.3/lib/active_record/reflection.rb:790:in `source_reflection'
/Library/Ruby/Gems/2.3.0/gems/activerecord-5.2.3/lib/active_record/reflection.rb:991:in `derive_class_name'
/Library/Ruby/Gems/2.3.0/gems/activerecord-5.2.3/lib/active_record/reflection.rb:162:in `class_name'
/Library/Ruby/Gems/2.3.0/gems/activerecord-5.2.3/lib/active_record/reflection.rb:769:in `klass'
/Library/Ruby/Gems/2.3.0/gems/activerecord-5.2.3/lib/active_record/reflection.rb:790:in `source_reflection'
/Library/Ruby/Gems/2.3.0/gems/activerecord-5.2.3/lib/active_record/reflection.rb:991:in `derive_class_name'
/Library/Ruby/Gems/2.3.0/gems/activerecord-5.2.3/lib/active_record/reflection.rb:162:in `class_name'
/Library/Ruby/Gems/2.3.0/gems/activerecord-5.2.3/lib/active_record/reflection.rb:769:in `klass'
/Library/Ruby/Gems/2.3.0/gems/activerecord-5.2.3/lib/active_record/reflection.rb:790:in `source_reflection'
/Library/Ruby/Gems/2.3.0/gems/activerecord-5.2.3/lib/active_record/reflection.rb:991:in `derive_class_name'
/Library/Ruby/Gems/2.3.0/gems/activerecord-5.2.3/lib/active_record/reflection.rb:162:in `class_name'
/Library/Ruby/Gems/2.3.0/gems/activerecord-5.2.3/lib/active_record/reflection.rb:769:in `klass'
/Library/Ruby/Gems/2.3.0/gems/activerecord-5.2.3/lib/active_record/reflection.rb:790:in `source_reflection'
/Library/Ruby/Gems/2.3.0/gems/activerecord-5.2.3/lib/active_record/reflection.rb:991:in `derive_class_name'
/Library/Ruby/Gems/2.3.0/gems/activerecord-5.2.3/lib/active_record/reflection.rb:162:in `class_name'
/Library/Ruby/Gems/2.3.0/gems/activerecord-5.2.3/lib/active_record/reflection.rb:769:in `klass'
/Library/Ruby/Gems/2.3.0/gems/activerecord-5.2.3/lib/active_record/reflection.rb:790:in `source_reflection'
/Library/Ruby/Gems/2.3.0/gems/activerecord-5.2.3/lib/active_record/reflection.rb:991:in `derive_class_name'
/Library/Ruby/Gems/2.3.0/gems/activerecord-5.2.3/lib/active_record/reflection.rb:162:in `class_name'
/Library/Ruby/Gems/2.3.0/gems/activerecord-5.2.3/lib/active_record/reflection.rb:769:in `klass'
/Library/Ruby/Gems/2.3.0/gems/activerecord-5.2.3/lib/active_record/reflection.rb:790:in `source_reflection'
/Library/Ruby/Gems/2.3.0/gems/activerecord-5.2.3/lib/active_record/reflection.rb:991:in `derive_class_name'
/Library/Ruby/Gems/2.3.0/gems/activerecord-5.2.3/lib/active_record/reflection.rb:162:in `class_name'
/Library/Ruby/Gems/2.3.0/gems/activerecord-5.2.3/lib/active_record/reflection.rb:769:in `klass'
/Library/Ruby/Gems/2.3.0/gems/activerecord-5.2.3/lib/active_record/reflection.rb:790:in `source_reflection'
/Library/Ruby/Gems/2.3.0/gems/activerecord-5.2.3/lib/active_record/reflection.rb:991:in `derive_class_name'
/Library/Ruby/Gems/2.3.0/gems/activerecord-5.2.3/lib/active_record/reflection.rb:162:in `class_name'
/Library/Ruby/Gems/2.3.0/gems/activerecord-5.2.3/lib/active_record/reflection.rb:769:in `klass'
/Library/Ruby/Gems/2.3.0/gems/activerecord-5.2.3/lib/active_record/reflection.rb:790:in `source_reflection'
/Library/Ruby/Gems/2.3.0/gems/activerecord-5.2.3/lib/active_record/reflection.rb:991:in `derive_class_name'
/Library/Ruby/Gems/2.3.0/gems/activerecord-5.2.3/lib/active_record/reflection.rb:162:in `class_name'
/Library/Ruby/Gems/2.3.0/gems/activerecord-5.2.3/lib/active_record/reflection.rb:769:in `klass'
/Library/Ruby/Gems/2.3.0/gems/activerecord-5.2.3/lib/active_record/reflection.rb:790:in `source_reflection'
/Library/Ruby/Gems/2.3.0/gems/activerecord-5.2.3/lib/active_record/reflection.rb:991:in `derive_class_name'
/Library/Ruby/Gems/2.3.0/gems/activerecord-5.2.3/lib/active_record/reflection.rb:162:in `class_name'
/Library/Ruby/Gems/2.3.0/gems/activerecord-5.2.3/lib/active_record/reflection.rb:769:in `klass'
/Library/Ruby/Gems/2.3.0/gems/activerecord-5.2.3/lib/active_record/reflection.rb:790:in `source_reflection'
/Library/Ruby/Gems/2.3.0/gems/activerecord-5.2.3/lib/active_record/reflection.rb:991:in `derive_class_name'
/Library/Ruby/Gems/2.3.0/gems/activerecord-5.2.3/lib/active_record/reflection.rb:162:in `class_name'
/Library/Ruby/Gems/2.3.0/gems/activerecord-5.2.3/lib/active_record/reflection.rb:769:in `klass'
/Library/Ruby/Gems/2.3.0/gems/activerecord-5.2.3/lib/active_record/reflection.rb:790:in `source_reflection'
/Library/Ruby/Gems/2.3.0/gems/activerecord-5.2.3/lib/active_record/reflection.rb:991:in `derive_class_name'
/Library/Ruby/Gems/2.3.0/gems/activerecord-5.2.3/lib/active_record/reflection.rb:162:in `class_name'
/Library/Ruby/Gems/2.3.0/gems/activerecord-5.2.3/lib/active_record/reflection.rb:769:in `klass'
/Library/Ruby/Gems/2.3.0/gems/activerecord-5.2.3/lib/active_record/reflection.rb:790:in `source_reflection'
/Library/Ruby/Gems/2.3.0/gems/activerecord-5.2.3/lib/active_record/reflection.rb:991:in `derive_class_name'
/Library/Ruby/Gems/2.3.0/gems/activerecord-5.2.3/lib/active_record/reflection.rb:162:in `class_name'
/Library/Ruby/Gems/2.3.0/gems/activerecord-5.2.3/lib/active_record/reflection.rb:769:in `klass'
/Library/Ruby/Gems/2.3.0/gems/activerecord-5.2.3/lib/active_record/reflection.rb:790:in `source_reflection'
/Library/Ruby/Gems/2.3.0/gems/activerecord-5.2.3/lib/active_record/reflection.rb:991:in `derive_class_name'
/Library/Ruby/Gems/2.3.0/gems/activerecord-5.2.3/lib/active_record/reflection.rb:162:in `class_name'
/Library/Ruby/Gems/2.3.0/gems/activerecord-5.2.3/lib/active_record/reflection.rb:769:in `klass'
/Library/Ruby/Gems/2.3.0/gems/activerecord-5.2.3/lib/active_record/reflection.rb:790:in `source_reflection'
/Library/Ruby/Gems/2.3.0/gems/activerecord-5.2.3/lib/active_record/reflection.rb:991:in `derive_class_name'
/Library/Ruby/Gems/2.3.0/gems/activerecord-5.2.3/lib/active_record/reflection.rb:162:in `class_name'
/Library/Ruby/Gems/2.3.0/gems/activerecord-5.2.3/lib/active_record/reflection.rb:769:in `klass'
/Library/Ruby/Gems/2.3.0/gems/activerecord-5.2.3/lib/active_record/reflection.rb:790:in `source_reflection'
/Library/Ruby/Gems/2.3.0/gems/activerecord-5.2.3/lib/active_record/reflection.rb:991:in `derive_class_name'
/Library/Ruby/Gems/2.3.0/gems/activerecord-5.2.3/lib/active_record/reflection.rb:162:in `class_name'
/Library/Ruby/Gems/2.3.0/gems/activerecord-5.2.3/lib/active_record/reflection.rb:769:in `klass'
/Library/Ruby/Gems/2.3.0/gems/activerecord-5.2.3/lib/active_record/reflection.rb:790:in `source_reflection'
/Library/Ruby/Gems/2.3.0/gems/activerecord-5.2.3/lib/active_record/reflection.rb:991:in `derive_class_name'
/Library/Ruby/Gems/2.3.0/gems/activerecord-5.2.3/lib/active_record/reflection.rb:162:in `class_name'
/Library/Ruby/Gems/2.3.0/gems/activerecord-5.2.3/lib/active_record/reflection.rb:769:in `klass'
/Library/Ruby/Gems/2.3.0/gems/activerecord-5.2.3/lib/active_record/reflection.rb:790:in `source_reflection'
/Library/Ruby/Gems/2.3.0/gems/activerecord-5.2.3/lib/active_record/reflection.rb:991:in `derive_class_name'
/Library/Ruby/Gems/2.3.0/gems/activerecord-5.2.3/lib/active_record/reflection.rb:162:in `class_name'
/Library/Ruby/Gems/2.3.0/gems/activerecord-5.2.3/lib/active_record/reflection.rb:769:in `klass'
/Library/Ruby/Gems/2.3.0/gems/activerecord-5.2.3/lib/active_record/reflection.rb:790:in `source_reflection'
/Library/Ruby/Gems/2.3.0/gems/activerecord-5.2.3/lib/active_record/reflection.rb:991:in `derive_class_name'
/Library/Ruby/Gems/2.3.0/gems/activerecord-5.2.3/lib/active_record/reflection.rb:162:in `class_name'
/Library/Ruby/Gems/2.3.0/gems/activerecord-5.2.3/lib/active_record/reflection.rb:769:in `klass'
/Library/Ruby/Gems/2.3.0/gems/activerecord-5.2.3/lib/active_record/reflection.rb:790:in `source_reflection'
/Library/Ruby/Gems/2.3.0/gems/activerecord-5.2.3/lib/active_record/reflection.rb:991:in `derive_class_name'
/Library/Ruby/Gems/2.3.0/gems/activerecord-5.2.3/lib/active_record/reflection.rb:162:in `class_name'
/Library/Ruby/Gems/2.3.0/gems/activerecord-5.2.3/lib/active_record/reflection.rb:769:in `klass'
/Library/Ruby/Gems/2.3.0/gems/activerecord-5.2.3/lib/active_record/reflection.rb:790:in `source_reflection'
/Library/Ruby/Gems/2.3.0/gems/activerecord-5.2.3/lib/active_record/reflection.rb:991:in `derive_class_name'
/Library/Ruby/Gems/2.3.0/gems/activerecord-5.2.3/lib/active_record/reflection.rb:162:in `class_name'
/Library/Ruby/Gems/2.3.0/gems/activerecord-5.2.3/lib/active_record/reflection.rb:769:in `klass'
/Library/Ruby/Gems/2.3.0/gems/activerecord-5.2.3/lib/active_record/reflection.rb:790:in `source_reflection'
/Library/Ruby/Gems/2.3.0/gems/activerecord-5.2.3/lib/active_record/reflection.rb:991:in `derive_class_name'
/Library/Ruby/Gems/2.3.0/gems/activerecord-5.2.3/lib/active_record/reflection.rb:162:in `class_name'
/Library/Ruby/Gems/2.3.0/gems/activerecord-5.2.3/lib/active_record/reflection.rb:769:in `klass'
/Library/Ruby/Gems/2.3.0/gems/activerecord-5.2.3/lib/active_record/reflection.rb:790:in `source_reflection'
/Library/Ruby/Gems/2.3.0/gems/activerecord-5.2.3/lib/active_record/reflection.rb:991:in `derive_class_name'
/Library/Ruby/Gems/2.3.0/gems/activerecord-5.2.3/lib/active_record/reflection.rb:162:in `class_name'
/Library/Ruby/Gems/2.3.0/gems/activerecord-5.2.3/lib/active_record/reflection.rb:769:in `klass'
/Library/Ruby/Gems/2.3.0/gems/activerecord-5.2.3/lib/active_record/reflection.rb:790:in `source_reflection'
/Library/Ruby/Gems/2.3.0/gems/activerecord-5.2.3/lib/active_record/reflection.rb:991:in `derive_class_name'
/Library/Ruby/Gems/2.3.0/gems/activerecord-5.2.3/lib/active_record/reflection.rb:162:in `class_name'
/Library/Ruby/Gems/2.3.0/gems/activerecord-5.2.3/lib/active_record/reflection.rb:769:in `klass'
/Library/Ruby/Gems/2.3.0/gems/activerecord-5.2.3/lib/active_record/reflection.rb:790:in `source_reflection'
/Library/Ruby/Gems/2.3.0/gems/activerecord-5.2.3/lib/active_record/reflection.rb:991:in `derive_class_name'
/Library/Ruby/Gems/2.3.0/gems/activerecord-5.2.3/lib/active_record/reflection.rb:162:in `class_name'
/Library/Ruby/Gems/2.3.0/gems/activerecord-5.2.3/lib/active_record/reflection.rb:769:in `klass'
/Library/Ruby/Gems/2.3.0/gems/activerecord-5.2.3/lib/active_record/reflection.rb:790:in `source_reflection'
/Library/Ruby/Gems/2.3.0/gems/activerecord-5.2.3/lib/active_record/reflection.rb:991:in `derive_class_name'
/Library/Ruby/Gems/2.3.0/gems/activerecord-5.2.3/lib/active_record/reflection.rb:162:in `class_name'
/Library/Ruby/Gems/2.3.0/gems/activerecord-5.2.3/lib/active_record/reflection.rb:769:in `klass'
/Library/Ruby/Gems/2.3.0/gems/activerecord-5.2.3/lib/active_record/reflection.rb:790:in `source_reflection'
/Library/Ruby/Gems/2.3.0/gems/activerecord-5.2.3/lib/active_record/reflection.rb:991:in `derive_class_name'
/Library/Ruby/Gems/2.3.0/gems/activerecord-5.2.3/lib/active_record/reflection.rb:162:in `class_name'
/Library/Ruby/Gems/2.3.0/gems/activerecord-5.2.3/lib/active_record/reflection.rb:769:in `klass'
/Library/Ruby/Gems/2.3.0/gems/activerecord-5.2.3/lib/active_record/reflection.rb:790:in `source_reflection'
/Library/Ruby/Gems/2.3.0/gems/activerecord-5.2.3/lib/active_record/reflection.rb:991:in `derive_class_name'
/Library/Ruby/Gems/2.3.0/gems/activerecord-5.2.3/lib/active_record/reflection.rb:162:in `class_name'
/Library/Ruby/Gems/2.3.0/gems/activerecord-5.2.3/lib/active_record/reflection.rb:769:in `klass'
/Library/Ruby/Gems/2.3.0/gems/activerecord-5.2.3/lib/active_record/reflection.rb:790:in `source_reflection'
/Library/Ruby/Gems/2.3.0/gems/activerecord-5.2.3/lib/active_record/reflection.rb:991:in `derive_class_name'
/Library/Ruby/Gems/2.3.0/gems/activerecord-5.2.3/lib/active_record/reflection.rb:162:in `class_name'
/Library/Ruby/Gems/2.3.0/gems/activerecord-5.2.3/lib/active_record/reflection.rb:769:in `klass'
/Library/Ruby/Gems/2.3.0/gems/activerecord-5.2.3/lib/active_record/reflection.rb:790:in `source_reflection'
/Library/Ruby/Gems/2.3.0/gems/activerecord-5.2.3/lib/active_record/reflection.rb:991:in `derive_class_name'
/Library/Ruby/Gems/2.3.0/gems/activerecord-5.2.3/lib/active_record/reflection.rb:162:in `class_name'
/Library/Ruby/Gems/2.3.0/gems/activerecord-5.2.3/lib/active_record/reflection.rb:769:in `klass'
/Library/Ruby/Gems/2.3.0/gems/activerecord-5.2.3/lib/active_record/reflection.rb:790:in `source_reflection'
/Library/Ruby/Gems/2.3.0/gems/activerecord-5.2.3/lib/active_record/reflection.rb:991:in `derive_class_name'
/Library/Ruby/Gems/2.3.0/gems/activerecord-5.2.3/lib/active_record/reflection.rb:162:in `class_name'
/Library/Ruby/Gems/2.3.0/gems/activerecord-5.2.3/lib/active_record/reflection.rb:769:in `klass'
/Library/Ruby/Gems/2.3.0/gems/activerecord-5.2.3/lib/active_record/reflection.rb:790:in `source_reflection'
/Library/Ruby/Gems/2.3.0/gems/activerecord-5.2.3/lib/active_record/reflection.rb:991:in `derive_class_name'
/Library/Ruby/Gems/2.3.0/gems/activerecord-5.2.3/lib/active_record/reflection.rb:162:in `class_name'
/Library/Ruby/Gems/2.3.0/gems/activerecord-5.2.3/lib/active_record/reflection.rb:769:in `klass'
/Library/Ruby/Gems/2.3.0/gems/activerecord-5.2.3/lib/active_record/reflection.rb:790:in `source_reflection'
/Library/Ruby/Gems/2.3.0/gems/activerecord-5.2.3/lib/active_record/reflection.rb:991:in `derive_class_name'
/Library/Ruby/Gems/2.3.0/gems/activerecord-5.2.3/lib/active_record/reflection.rb:162:in `class_name'
/Library/Ruby/Gems/2.3.0/gems/activerecord-5.2.3/lib/active_record/reflection.rb:769:in `klass'
/Library/Ruby/Gems/2.3.0/gems/activerecord-5.2.3/lib/active_record/reflection.rb:790:in `source_reflection'
/Library/Ruby/Gems/2.3.0/gems/activerecord-5.2.3/lib/active_record/reflection.rb:991:in `derive_class_name'
/Library/Ruby/Gems/2.3.0/gems/activerecord-5.2.3/lib/active_record/reflection.rb:162:in `class_name'
/Library/Ruby/Gems/2.3.0/gems/activerecord-5.2.3/lib/active_record/reflection.rb:769:in `klass'
/Library/Ruby/Gems/2.3.0/gems/activerecord-5.2.3/lib/active_record/reflection.rb:790:in `source_reflection'
/Library/Ruby/Gems/2.3.0/gems/activerecord-5.2.3/lib/active_record/reflection.rb:991:in `derive_class_name'
/Library/Ruby/Gems/2.3.0/gems/activerecord-5.2.3/lib/active_record/reflection.rb:162:in `class_name'
/Library/Ruby/Gems/2.3.0/gems/activerecord-5.2.3/lib/active_record/reflection.rb:769:in `klass'
/Library/Ruby/Gems/2.3.0/gems/activerecord-5.2.3/lib/active_record/reflection.rb:790:in `source_reflection'
/Library/Ruby/Gems/2.3.0/gems/activerecord-5.2.3/lib/active_record/reflection.rb:991:in `derive_class_name'
/Library/Ruby/Gems/2.3.0/gems/activerecord-5.2.3/lib/active_record/reflection.rb:162:in `class_name'
/Library/Ruby/Gems/2.3.0/gems/activerecord-5.2.3/lib/active_record/reflection.rb:769:in `klass'
/Library/Ruby/Gems/2.3.0/gems/activerecord-5.2.3/lib/active_record/reflection.rb:790:in `source_reflection'
/Library/Ruby/Gems/2.3.0/gems/activerecord-5.2.3/lib/active_record/reflection.rb:991:in `derive_class_name'
/Library/Ruby/Gems/2.3.0/gems/activerecord-5.2.3/lib/active_record/reflection.rb:162:in `class_name'
/Library/Ruby/Gems/2.3.0/gems/activerecord-5.2.3/lib/active_record/reflection.rb:769:in `klass'
/Library/Ruby/Gems/2.3.0/gems/activerecord-5.2.3/lib/active_record/reflection.rb:790:in `source_reflection'
/Library/Ruby/Gems/2.3.0/gems/activerecord-5.2.3/lib/active_record/reflection.rb:991:in `derive_class_name'
/Library/Ruby/Gems/2.3.0/gems/activerecord-5.2.3/lib/active_record/reflection.rb:162:in `class_name'
/Library/Ruby/Gems/2.3.0/gems/activerecord-5.2.3/lib/active_record/reflection.rb:769:in `klass'
/Library/Ruby/Gems/2.3.0/gems/activerecord-5.2.3/lib/active_record/reflection.rb:790:in `source_reflection'
/Library/Ruby/Gems/2.3.0/gems/activerecord-5.2.3/lib/active_record/reflection.rb:991:in `derive_class_name'
/Library/Ruby/Gems/2.3.0/gems/activerecord-5.2.3/lib/active_record/reflection.rb:162:in `class_name'
/Library/Ruby/Gems/2.3.0/gems/activerecord-5.2.3/lib/active_record/reflection.rb:769:in `klass'
/Library/Ruby/Gems/2.3.0/gems/activerecord-5.2.3/lib/active_record/reflection.rb:790:in `source_reflection'
/Library/Ruby/Gems/2.3.0/gems/activerecord-5.2.3/lib/active_record/reflection.rb:991:in `derive_class_name'
/Library/Ruby/Gems/2.3.0/gems/activerecord-5.2.3/lib/active_record/reflection.rb:162:in `class_name'
/Library/Ruby/Gems/2.3.0/gems/activerecord-5.2.3/lib/active_record/reflection.rb:769:in `klass'
/Library/Ruby/Gems/2.3.0/gems/activerecord-5.2.3/lib/active_record/reflection.rb:790:in `source_reflection'
/Library/Ruby/Gems/2.3.0/gems/activerecord-5.2.3/lib/active_record/reflection.rb:991:in `derive_class_name'
/Library/Ruby/Gems/2.3.0/gems/activerecord-5.2.3/lib/active_record/reflection.rb:162:in `class_name'
/Library/Ruby/Gems/2.3.0/gems/activerecord-5.2.3/lib/active_record/reflection.rb:769:in `klass'
/Library/Ruby/Gems/2.3.0/gems/activerecord-5.2.3/lib/active_record/reflection.rb:790:in `source_reflection'
/Library/Ruby/Gems/2.3.0/gems/activerecord-5.2.3/lib/active_record/reflection.rb:991:in `derive_class_name'
/Library/Ruby/Gems/2.3.0/gems/activerecord-5.2.3/lib/active_record/reflection.rb:162:in `class_name'
/Library/Ruby/Gems/2.3.0/gems/activerecord-5.2.3/lib/active_record/reflection.rb:769:in `klass'
/Library/Ruby/Gems/2.3.0/gems/activerecord-5.2.3/lib/active_record/reflection.rb:790:in `source_reflection'
/Library/Ruby/Gems/2.3.0/gems/activerecord-5.2.3/lib/active_record/reflection.rb:991:in `derive_class_name'
/Library/Ruby/Gems/2.3.0/gems/activerecord-5.2.3/lib/active_record/reflection.rb:162:in `class_name'
/Library/Ruby/Gems/2.3.0/gems/activerecord-5.2.3/lib/active_record/reflection.rb:769:in `klass'
/Library/Ruby/Gems/2.3.0/gems/activerecord-5.2.3/lib/active_record/reflection.rb:790:in `source_reflection'
/Library/Ruby/Gems/2.3.0/gems/activerecord-5.2.3/lib/active_record/reflection.rb:991:in `derive_class_name'
/Library/Ruby/Gems/2.3.0/gems/activerecord-5.2.3/lib/active_record/reflection.rb:162:in `class_name'
/Library/Ruby/Gems/2.3.0/gems/activerecord-5.2.3/lib/active_record/reflection.rb:769:in `klass'
/Library/Ruby/Gems/2.3.0/gems/activerecord-5.2.3/lib/active_record/reflection.rb:790:in `source_reflection'
/Library/Ruby/Gems/2.3.0/gems/activerecord-5.2.3/lib/active_record/reflection.rb:991:in `derive_class_name'
/Library/Ruby/Gems/2.3.0/gems/activerecord-5.2.3/lib/active_record/reflection.rb:162:in `class_name'
/Library/Ruby/Gems/2.3.0/gems/activerecord-5.2.3/lib/active_record/reflection.rb:769:in `klass'
/Library/Ruby/Gems/2.3.0/gems/activerecord-5.2.3/lib/active_record/reflection.rb:790:in `source_reflection'
/Library/Ruby/Gems/2.3.0/gems/activerecord-5.2.3/lib/active_record/reflection.rb:991:in `derive_class_name'
/Library/Ruby/Gems/2.3.0/gems/activerecord-5.2.3/lib/active_record/reflection.rb:162:in `class_name'
/Library/Ruby/Gems/2.3.0/gems/activerecord-5.2.3/lib/active_record/reflection.rb:769:in `klass'
/Library/Ruby/Gems/2.3.0/gems/activerecord-5.2.3/lib/active_record/reflection.rb:790:in `source_reflection'
/Library/Ruby/Gems/2.3.0/gems/activerecord-5.2.3/lib/active_record/reflection.rb:991:in `derive_class_name'
/Library/Ruby/Gems/2.3.0/gems/activerecord-5.2.3/lib/active_record/reflection.rb:162:in `class_name'
/Library/Ruby/Gems/2.3.0/gems/activerecord-5.2.3/lib/active_record/reflection.rb:769:in `klass'
/Library/Ruby/Gems/2.3.0/gems/activerecord-5.2.3/lib/active_record/reflection.rb:790:in `source_reflection'
/Library/Ruby/Gems/2.3.0/gems/activerecord-5.2.3/lib/active_record/reflection.rb:991:in `derive_class_name'
/Library/Ruby/Gems/2.3.0/gems/activerecord-5.2.3/lib/active_record/reflection.rb:162:in `class_name'
/Library/Ruby/Gems/2.3.0/gems/activerecord-5.2.3/lib/active_record/reflection.rb:769:in `klass'
/Library/Ruby/Gems/2.3.0/gems/activerecord-5.2.3/lib/active_record/reflection.rb:790:in `source_reflection'
/Library/Ruby/Gems/2.3.0/gems/activerecord-5.2.3/lib/active_record/reflection.rb:991:in `derive_class_name'
/Library/Ruby/Gems/2.3.0/gems/activerecord-5.2.3/lib/active_record/reflection.rb:162:in `class_name'
/Library/Ruby/Gems/2.3.0/gems/activerecord-5.2.3/lib/active_record/reflection.rb:769:in `klass'
/Library/Ruby/Gems/2.3.0/gems/activerecord-5.2.3/lib/active_record/reflection.rb:790:in `source_reflection'
/Library/Ruby/Gems/2.3.0/gems/activerecord-5.2.3/lib/active_record/reflection.rb:991:in `derive_class_name'
/Library/Ruby/Gems/2.3.0/gems/activerecord-5.2.3/lib/active_record/reflection.rb:162:in `class_name'
/Library/Ruby/Gems/2.3.0/gems/activerecord-5.2.3/lib/active_record/reflection.rb:769:in `klass'
/Library/Ruby/Gems/2.3.0/gems/activerecord-5.2.3/lib/active_record/reflection.rb:790:in `source_reflection'
/Library/Ruby/Gems/2.3.0/gems/activerecord-5.2.3/lib/active_record/reflection.rb:991:in `derive_class_name'
/Library/Ruby/Gems/2.3.0/gems/activerecord-5.2.3/lib/active_record/reflection.rb:162:in `class_name'
/Library/Ruby/Gems/2.3.0/gems/activerecord-5.2.3/lib/active_record/reflection.rb:769:in `klass'
/Library/Ruby/Gems/2.3.0/gems/activerecord-5.2.3/lib/active_record/reflection.rb:790:in `source_reflection'
/Library/Ruby/Gems/2.3.0/gems/activerecord-5.2.3/lib/active_record/reflection.rb:991:in `derive_class_name'
/Library/Ruby/Gems/2.3.0/gems/activerecord-5.2.3/lib/active_record/reflection.rb:162:in `class_name'
/Library/Ruby/Gems/2.3.0/gems/activerecord-5.2.3/lib/active_record/reflection.rb:769:in `klass'
/Library/Ruby/Gems/2.3.0/gems/activerecord-5.2.3/lib/active_record/reflection.rb:790:in `source_reflection'
/Library/Ruby/Gems/2.3.0/gems/activerecord-5.2.3/lib/active_record/reflection.rb:991:in `derive_class_name'
/Library/Ruby/Gems/2.3.0/gems/activerecord-5.2.3/lib/active_record/reflection.rb:162:in `class_name'
/Library/Ruby/Gems/2.3.0/gems/activerecord-5.2.3/lib/active_record/reflection.rb:769:in `klass'
/Library/Ruby/Gems/2.3.0/gems/activerecord-5.2.3/lib/active_record/reflection.rb:790:in `source_reflection'
/Library/Ruby/Gems/2.3.0/gems/activerecord-5.2.3/lib/active_record/reflection.rb:991:in `derive_class_name'
/Library/Ruby/Gems/2.3.0/gems/activerecord-5.2.3/lib/active_record/reflection.rb:162:in `class_name'
/Library/Ruby/Gems/2.3.0/gems/activerecord-5.2.3/lib/active_record/reflection.rb:769:in `klass'
/Library/Ruby/Gems/2.3.0/gems/activerecord-5.2.3/lib/active_record/reflection.rb:790:in `source_reflection'
/Library/Ruby/Gems/2.3.0/gems/activerecord-5.2.3/lib/active_record/reflection.rb:991:in `derive_class_name'
/Library/Ruby/Gems/2.3.0/gems/activerecord-5.2.3/lib/active_record/reflection.rb:162:in `class_name'
/Library/Ruby/Gems/2.3.0/gems/activerecord-5.2.3/lib/active_record/reflection.rb:769:in `klass'
/Library/Ruby/Gems/2.3.0/gems/activerecord-5.2.3/lib/active_record/reflection.rb:790:in `source_reflection'
/Library/Ruby/Gems/2.3.0/gems/activerecord-5.2.3/lib/active_record/reflection.rb:991:in `derive_class_name'
/Library/Ruby/Gems/2.3.0/gems/activerecord-5.2.3/lib/active_record/reflection.rb:162:in `class_name'
/Library/Ruby/Gems/2.3.0/gems/activerecord-5.2.3/lib/active_record/reflection.rb:769:in `klass'
/Library/Ruby/Gems/2.3.0/gems/activerecord-5.2.3/lib/active_record/reflection.rb:790:in `source_reflection'
/Library/Ruby/Gems/2.3.0/gems/activerecord-5.2.3/lib/active_record/reflection.rb:991:in `derive_class_name'
/Library/Ruby/Gems/2.3.0/gems/activerecord-5.2.3/lib/active_record/reflection.rb:162:in `class_name'
/Library/Ruby/Gems/2.3.0/gems/activerecord-5.2.3/lib/active_record/reflection.rb:769:in `klass'
/Library/Ruby/Gems/2.3.0/gems/activerecord-5.2.3/lib/active_record/reflection.rb:790:in `source_reflection'
/Library/Ruby/Gems/2.3.0/gems/activerecord-5.2.3/lib/active_record/reflection.rb:991:in `derive_class_name'
/Library/Ruby/Gems/2.3.0/gems/activerecord-5.2.3/lib/active_record/reflection.rb:162:in `class_name'
/Library/Ruby/Gems/2.3.0/gems/activerecord-5.2.3/lib/active_record/reflection.rb:769:in `klass'
/Library/Ruby/Gems/2.3.0/gems/activerecord-5.2.3/lib/active_record/reflection.rb:790:in `source_reflection'
/Library/Ruby/Gems/2.3.0/gems/activerecord-5.2.3/lib/active_record/reflection.rb:991:in `derive_class_name'
/Library/Ruby/Gems/2.3.0/gems/activerecord-5.2.3/lib/active_record/reflection.rb:162:in `class_name'
/Library/Ruby/Gems/2.3.0/gems/activerecord-5.2.3/lib/active_record/reflection.rb:769:in `klass'
/Library/Ruby/Gems/2.3.0/gems/activerecord-5.2.3/lib/active_record/reflection.rb:790:in `source_reflection'
/Library/Ruby/Gems/2.3.0/gems/activerecord-5.2.3/lib/active_record/reflection.rb:991:in `derive_class_name'
/Library/Ruby/Gems/2.3.0/gems/activerecord-5.2.3/lib/active_record/reflection.rb:162:in `class_name'
/Library/Ruby/Gems/2.3.0/gems/activerecord-5.2.3/lib/active_record/reflection.rb:769:in `klass'
/Library/Ruby/Gems/2.3.0/gems/activerecord-5.2.3/lib/active_record/reflection.rb:790:in `source_reflection'
/Library/Ruby/Gems/2.3.0/gems/activerecord-5.2.3/lib/active_record/reflection.rb:991:in `derive_class_name'
/Library/Ruby/Gems/2.3.0/gems/activerecord-5.2.3/lib/active_record/reflection.rb:162:in `class_name'
/Library/Ruby/Gems/2.3.0/gems/activerecord-5.2.3/lib/active_record/reflection.rb:769:in `klass'
/Library/Ruby/Gems/2.3.0/gems/activerecord-5.2.3/lib/active_record/reflection.rb:790:in `source_reflection'
/Library/Ruby/Gems/2.3.0/gems/activerecord-5.2.3/lib/active_record/reflection.rb:991:in `derive_class_name'
/Library/Ruby/Gems/2.3.0/gems/activerecord-5.2.3/lib/active_record/reflection.rb:162:in `class_name'
/Library/Ruby/Gems/2.3.0/gems/activerecord-5.2.3/lib/active_record/reflection.rb:769:in `klass'
/Library/Ruby/Gems/2.3.0/gems/activerecord-5.2.3/lib/active_record/reflection.rb:790:in `source_reflection'
/Library/Ruby/Gems/2.3.0/gems/activerecord-5.2.3/lib/active_record/reflection.rb:991:in `derive_class_name'
/Library/Ruby/Gems/2.3.0/gems/activerecord-5.2.3/lib/active_record/reflection.rb:162:in `class_name'
/Library/Ruby/Gems/2.3.0/gems/activerecord-5.2.3/lib/active_record/reflection.rb:769:in `klass'
/Library/Ruby/Gems/2.3.0/gems/activerecord-5.2.3/lib/active_record/reflection.rb:790:in `source_reflection'
/Library/Ruby/Gems/2.3.0/gems/activerecord-5.2.3/lib/active_record/reflection.rb:991:in `derive_class_name'
/Library/Ruby/Gems/2.3.0/gems/activerecord-5.2.3/lib/active_record/reflection.rb:162:in `class_name'
/Library/Ruby/Gems/2.3.0/gems/activerecord-5.2.3/lib/active_record/reflection.rb:769:in `klass'
/Library/Ruby/Gems/2.3.0/gems/activerecord-5.2.3/lib/active_record/reflection.rb:790:in `source_reflection'
/Library/Ruby/Gems/2.3.0/gems/activerecord-5.2.3/lib/active_record/reflection.rb:991:in `derive_class_name'
/Library/Ruby/Gems/2.3.0/gems/activerecord-5.2.3/lib/active_record/reflection.rb:162:in `class_name'
/Library/Ruby/Gems/2.3.0/gems/activerecord-5.2.3/lib/active_record/reflection.rb:769:in `klass'
/Library/Ruby/Gems/2.3.0/gems/activerecord-5.2.3/lib/active_record/reflection.rb:790:in `source_reflection'
/Library/Ruby/Gems/2.3.0/gems/activerecord-5.2.3/lib/active_record/reflection.rb:991:in `derive_class_name'
/Library/Ruby/Gems/2.3.0/gems/activerecord-5.2.3/lib/active_record/reflection.rb:162:in `class_name'
/Library/Ruby/Gems/2.3.0/gems/activerecord-5.2.3/lib/active_record/reflection.rb:769:in `klass'
/Library/Ruby/Gems/2.3.0/gems/activerecord-5.2.3/lib/active_record/reflection.rb:790:in `source_reflection'
/Library/Ruby/Gems/2.3.0/gems/activerecord-5.2.3/lib/active_record/reflection.rb:991:in `derive_class_name'
/Library/Ruby/Gems/2.3.0/gems/activerecord-5.2.3/lib/active_record/reflection.rb:162:in `class_name'
/Library/Ruby/Gems/2.3.0/gems/activerecord-5.2.3/lib/active_record/reflection.rb:769:in `klass'
/Library/Ruby/Gems/2.3.0/gems/activerecord-5.2.3/lib/active_record/reflection.rb:790:in `source_reflection'
/Library/Ruby/Gems/2.3.0/gems/activerecord-5.2.3/lib/active_record/reflection.rb:991:in `derive_class_name'
/Library/Ruby/Gems/2.3.0/gems/activerecord-5.2.3/lib/active_record/reflection.rb:162:in `class_name'
/Library/Ruby/Gems/2.3.0/gems/activerecord-5.2.3/lib/active_record/reflection.rb:769:in `klass'
/Library/Ruby/Gems/2.3.0/gems/activerecord-5.2.3/lib/active_record/reflection.rb:790:in `source_reflection'
/Library/Ruby/Gems/2.3.0/gems/activerecord-5.2.3/lib/active_record/reflection.rb:991:in `derive_class_name'
/Library/Ruby/Gems/2.3.0/gems/activerecord-5.2.3/lib/active_record/reflection.rb:162:in `class_name'
/Library/Ruby/Gems/2.3.0/gems/activerecord-5.2.3/lib/active_record/reflection.rb:769:in `klass'
/Library/Ruby/Gems/2.3.0/gems/activerecord-5.2.3/lib/active_record/reflection.rb:790:in `source_reflection'
/Library/Ruby/Gems/2.3.0/gems/activerecord-5.2.3/lib/active_record/reflection.rb:991:in `derive_class_name'
/Library/Ruby/Gems/2.3.0/gems/activerecord-5.2.3/lib/active_record/reflection.rb:162:in `class_name'
/Library/Ruby/Gems/2.3.0/gems/activerecord-5.2.3/lib/active_record/reflection.rb:769:in `klass'
/Library/Ruby/Gems/2.3.0/gems/activerecord-5.2.3/lib/active_record/reflection.rb:790:in `source_reflection'
/Library/Ruby/Gems/2.3.0/gems/activerecord-5.2.3/lib/active_record/reflection.rb:991:in `derive_class_name'
/Library/Ruby/Gems/2.3.0/gems/activerecord-5.2.3/lib/active_record/reflection.rb:162:in `class_name'
/Library/Ruby/Gems/2.3.0/gems/activerecord-5.2.3/lib/active_record/reflection.rb:769:in `klass'
/Library/Ruby/Gems/2.3.0/gems/activerecord-5.2.3/lib/active_record/reflection.rb:790:in `source_reflection'
/Library/Ruby/Gems/2.3.0/gems/activerecord-5.2.3/lib/active_record/reflection.rb:991:in `derive_class_name'
/Library/Ruby/Gems/2.3.0/gems/activerecord-5.2.3/lib/active_record/reflection.rb:162:in `class_name'
/Library/Ruby/Gems/2.3.0/gems/activerecord-5.2.3/lib/active_record/reflection.rb:769:in `klass'
/Library/Ruby/Gems/2.3.0/gems/activerecord-5.2.3/lib/active_record/reflection.rb:790:in `source_reflection'
/Library/Ruby/Gems/2.3.0/gems/activerecord-5.2.3/lib/active_record/reflection.rb:991:in `derive_class_name'
/Library/Ruby/Gems/2.3.0/gems/activerecord-5.2.3/lib/active_record/reflection.rb:162:in `class_name'
/Library/Ruby/Gems/2.3.0/gems/activerecord-5.2.3/lib/active_record/reflection.rb:769:in `klass'
/Library/Ruby/Gems/2.3.0/gems/activerecord-5.2.3/lib/active_record/reflection.rb:790:in `source_reflection'
/Library/Ruby/Gems/2.3.0/gems/activerecord-5.2.3/lib/active_record/reflection.rb:991:in `derive_class_name'
/Library/Ruby/Gems/2.3.0/gems/activerecord-5.2.3/lib/active_record/reflection.rb:162:in `class_name'
/Library/Ruby/Gems/2.3.0/gems/activerecord-5.2.3/lib/active_record/reflection.rb:769:in `klass'
/Library/Ruby/Gems/2.3.0/gems/activerecord-5.2.3/lib/active_record/reflection.rb:790:in `source_reflection'
/Library/Ruby/Gems/2.3.0/gems/activerecord-5.2.3/lib/active_record/reflection.rb:991:in `derive_class_name'
/Library/Ruby/Gems/2.3.0/gems/activerecord-5.2.3/lib/active_record/reflection.rb:162:in `class_name'
/Library/Ruby/Gems/2.3.0/gems/activerecord-5.2.3/lib/active_record/reflection.rb:769:in `klass'
/Library/Ruby/Gems/2.3.0/gems/activerecord-5.2.3/lib/active_record/reflection.rb:790:in `source_reflection'
/Library/Ruby/Gems/2.3.0/gems/activerecord-5.2.3/lib/active_record/reflection.rb:991:in `derive_class_name'
/Library/Ruby/Gems/2.3.0/gems/activerecord-5.2.3/lib/active_record/reflection.rb:162:in `class_name'
/Library/Ruby/Gems/2.3.0/gems/activerecord-5.2.3/lib/active_record/reflection.rb:769:in `klass'
/Library/Ruby/Gems/2.3.0/gems/activerecord-5.2.3/lib/active_record/reflection.rb:790:in `source_reflection'
/Library/Ruby/Gems/2.3.0/gems/activerecord-5.2.3/lib/active_record/reflection.rb:991:in `derive_class_name'
/Library/Ruby/Gems/2.3.0/gems/activerecord-5.2.3/lib/active_record/reflection.rb:162:in `class_name'
/Library/Ruby/Gems/2.3.0/gems/activerecord-5.2.3/lib/active_record/reflection.rb:769:in `klass'
/Library/Ruby/Gems/2.3.0/gems/activerecord-5.2.3/lib/active_record/reflection.rb:790:in `source_reflection'
/Library/Ruby/Gems/2.3.0/gems/activerecord-5.2.3/lib/active_record/reflection.rb:991:in `derive_class_name'
/Library/Ruby/Gems/2.3.0/gems/activerecord-5.2.3/lib/active_record/reflection.rb:162:in `class_name'
/Library/Ruby/Gems/2.3.0/gems/activerecord-5.2.3/lib/active_record/reflection.rb:769:in `klass'
/Library/Ruby/Gems/2.3.0/gems/activerecord-5.2.3/lib/active_record/reflection.rb:790:in `source_reflection'
/Library/Ruby/Gems/2.3.0/gems/activerecord-5.2.3/lib/active_record/reflection.rb:991:in `derive_class_name'
/Library/Ruby/Gems/2.3.0/gems/activerecord-5.2.3/lib/active_record/reflection.rb:162:in `class_name'
/Library/Ruby/Gems/2.3.0/gems/activerecord-5.2.3/lib/active_record/reflection.rb:769:in `klass'
/Library/Ruby/Gems/2.3.0/gems/activerecord-5.2.3/lib/active_record/reflection.rb:790:in `source_reflection'
/Library/Ruby/Gems/2.3.0/gems/activerecord-5.2.3/lib/active_record/reflection.rb:991:in `derive_class_name'
/Library/Ruby/Gems/2.3.0/gems/activerecord-5.2.3/lib/active_record/reflection.rb:162:in `class_name'
/Library/Ruby/Gems/2.3.0/gems/activerecord-5.2.3/lib/active_record/reflection.rb:769:in `klass'
/Library/Ruby/Gems/2.3.0/gems/activerecord-5.2.3/lib/active_record/reflection.rb:790:in `source_reflection'
/Library/Ruby/Gems/2.3.0/gems/activerecord-5.2.3/lib/active_record/reflection.rb:991:in `derive_class_name'
/Library/Ruby/Gems/2.3.0/gems/activerecord-5.2.3/lib/active_record/reflection.rb:162:in `class_name'
/Library/Ruby/Gems/2.3.0/gems/activerecord-5.2.3/lib/active_record/reflection.rb:769:in `klass'
/Library/Ruby/Gems/2.3.0/gems/activerecord-5.2.3/lib/active_record/reflection.rb:790:in `source_reflection'
/Library/Ruby/Gems/2.3.0/gems/activerecord-5.2.3/lib/active_record/reflection.rb:991:in `derive_class_name'
/Library/Ruby/Gems/2.3.0/gems/activerecord-5.2.3/lib/active_record/reflection.rb:162:in `class_name'
/Library/Ruby/Gems/2.3.0/gems/activerecord-5.2.3/lib/active_record/reflection.rb:769:in `klass'
/Library/Ruby/Gems/2.3.0/gems/activerecord-5.2.3/lib/active_record/reflection.rb:790:in `source_reflection'
/Library/Ruby/Gems/2.3.0/gems/activerecord-5.2.3/lib/active_record/reflection.rb:991:in `derive_class_name'
/Library/Ruby/Gems/2.3.0/gems/activerecord-5.2.3/lib/active_record/reflection.rb:162:in `class_name'
/Library/Ruby/Gems/2.3.0/gems/activerecord-5.2.3/lib/active_record/reflection.rb:769:in `klass'
/Library/Ruby/Gems/2.3.0/gems/activerecord-5.2.3/lib/active_record/reflection.rb:790:in `source_reflection'
/Library/Ruby/Gems/2.3.0/gems/activerecord-5.2.3/lib/active_record/reflection.rb:991:in `derive_class_name'
/Library/Ruby/Gems/2.3.0/gems/activerecord-5.2.3/lib/active_record/reflection.rb:162:in `class_name'
/Library/Ruby/Gems/2.3.0/gems/activerecord-5.2.3/lib/active_record/reflection.rb:769:in `klass'
/Library/Ruby/Gems/2.3.0/gems/activerecord-5.2.3/lib/active_record/reflection.rb:790:in `source_reflection'
/Library/Ruby/Gems/2.3.0/gems/activerecord-5.2.3/lib/active_record/reflection.rb:991:in `derive_class_name'
/Library/Ruby/Gems/2.3.0/gems/activerecord-5.2.3/lib/active_record/reflection.rb:162:in `class_name'
/Library/Ruby/Gems/2.3.0/gems/activerecord-5.2.3/lib/active_record/reflection.rb:769:in `klass'
/Library/Ruby/Gems/2.3.0/gems/activerecord-5.2.3/lib/active_record/reflection.rb:790:in `source_reflection'
/Library/Ruby/Gems/2.3.0/gems/activerecord-5.2.3/lib/active_record/reflection.rb:991:in `derive_class_name'
/Library/Ruby/Gems/2.3.0/gems/activerecord-5.2.3/lib/active_record/reflection.rb:162:in `class_name'
/Library/Ruby/Gems/2.3.0/gems/activerecord-5.2.3/lib/active_record/reflection.rb:769:in `klass'
/Library/Ruby/Gems/2.3.0/gems/activerecord-5.2.3/lib/active_record/reflection.rb:790:in `source_reflection'
/Library/Ruby/Gems/2.3.0/gems/activerecord-5.2.3/lib/active_record/reflection.rb:991:in `derive_class_name'
/Library/Ruby/Gems/2.3.0/gems/activerecord-5.2.3/lib/active_record/reflection.rb:162:in `class_name'
/Library/Ruby/Gems/2.3.0/gems/activerecord-5.2.3/lib/active_record/reflection.rb:769:in `klass'
/Library/Ruby/Gems/2.3.0/gems/activerecord-5.2.3/lib/active_record/reflection.rb:790:in `source_reflection'
/Library/Ruby/Gems/2.3.0/gems/activerecord-5.2.3/lib/active_record/reflection.rb:991:in `derive_class_name'
/Library/Ruby/Gems/2.3.0/gems/activerecord-5.2.3/lib/active_record/reflection.rb:162:in `class_name'
/Library/Ruby/Gems/2.3.0/gems/activerecord-5.2.3/lib/active_record/reflection.rb:769:in `klass'
/Library/Ruby/Gems/2.3.0/gems/activerecord-5.2.3/lib/active_record/reflection.rb:790:in `source_reflection'
/Library/Ruby/Gems/2.3.0/gems/activerecord-5.2.3/lib/active_record/reflection.rb:991:in `derive_class_name'
/Library/Ruby/Gems/2.3.0/gems/activerecord-5.2.3/lib/active_record/reflection.rb:162:in `class_name'
/Library/Ruby/Gems/2.3.0/gems/activerecord-5.2.3/lib/active_record/reflection.rb:769:in `klass'
/Library/Ruby/Gems/2.3.0/gems/activerecord-5.2.3/lib/active_record/reflection.rb:790:in `source_reflection'
/Library/Ruby/Gems/2.3.0/gems/activerecord-5.2.3/lib/active_record/reflection.rb:991:in `derive_class_name'
/Library/Ruby/Gems/2.3.0/gems/activerecord-5.2.3/lib/active_record/reflection.rb:162:in `class_name'
/Library/Ruby/Gems/2.3.0/gems/activerecord-5.2.3/lib/active_record/reflection.rb:769:in `klass'
/Library/Ruby/Gems/2.3.0/gems/activerecord-5.2.3/lib/active_record/reflection.rb:790:in `source_reflection'
/Library/Ruby/Gems/2.3.0/gems/activerecord-5.2.3/lib/active_record/reflection.rb:991:in `derive_class_name'
/Library/Ruby/Gems/2.3.0/gems/activerecord-5.2.3/lib/active_record/reflection.rb:162:in `class_name'
/Library/Ruby/Gems/2.3.0/gems/activerecord-5.2.3/lib/active_record/reflection.rb:769:in `klass'
/Library/Ruby/Gems/2.3.0/gems/activerecord-5.2.3/lib/active_record/reflection.rb:790:in `source_reflection'
/Library/Ruby/Gems/2.3.0/gems/activerecord-5.2.3/lib/active_record/reflection.rb:991:in `derive_class_name'
/Library/Ruby/Gems/2.3.0/gems/activerecord-5.2.3/lib/active_record/reflection.rb:162:in `class_name'
/Library/Ruby/Gems/2.3.0/gems/activerecord-5.2.3/lib/active_record/reflection.rb:769:in `klass'
/Library/Ruby/Gems/2.3.0/gems/activerecord-5.2.3/lib/active_record/reflection.rb:790:in `source_reflection'
/Library/Ruby/Gems/2.3.0/gems/activerecord-5.2.3/lib/active_record/reflection.rb:991:in `derive_class_name'
/Library/Ruby/Gems/2.3.0/gems/activerecord-5.2.3/lib/active_record/reflection.rb:162:in `class_name'
/Library/Ruby/Gems/2.3.0/gems/activerecord-5.2.3/lib/active_record/reflection.rb:769:in `klass'
/Library/Ruby/Gems/2.3.0/gems/activerecord-5.2.3/lib/active_record/reflection.rb:790:in `source_reflection'
/Library/Ruby/Gems/2.3.0/gems/activerecord-5.2.3/lib/active_record/reflection.rb:991:in `derive_class_name'
/Library/Ruby/Gems/2.3.0/gems/activerecord-5.2.3/lib/active_record/reflection.rb:162:in `class_name'
/Library/Ruby/Gems/2.3.0/gems/activerecord-5.2.3/lib/active_record/reflection.rb:769:in `klass'
/Library/Ruby/Gems/2.3.0/gems/activerecord-5.2.3/lib/active_record/reflection.rb:790:in `source_reflection'
/Library/Ruby/Gems/2.3.0/gems/activerecord-5.2.3/lib/active_record/reflection.rb:991:in `derive_class_name'
/Library/Ruby/Gems/2.3.0/gems/activerecord-5.2.3/lib/active_record/reflection.rb:162:in `class_name'
/Library/Ruby/Gems/2.3.0/gems/activerecord-5.2.3/lib/active_record/reflection.rb:769:in `klass'
/Library/Ruby/Gems/2.3.0/gems/activerecord-5.2.3/lib/active_record/reflection.rb:790:in `source_reflection'
/Library/Ruby/Gems/2.3.0/gems/activerecord-5.2.3/lib/active_record/reflection.rb:991:in `derive_class_name'
/Library/Ruby/Gems/2.3.0/gems/activerecord-5.2.3/lib/active_record/reflection.rb:162:in `class_name'
/Library/Ruby/Gems/2.3.0/gems/activerecord-5.2.3/lib/active_record/reflection.rb:769:in `klass'
/Library/Ruby/Gems/2.3.0/gems/activerecord-5.2.3/lib/active_record/reflection.rb:790:in `source_reflection'
/Library/Ruby/Gems/2.3.0/gems/activerecord-5.2.3/lib/active_record/reflection.rb:991:in `derive_class_name'
/Library/Ruby/Gems/2.3.0/gems/activerecord-5.2.3/lib/active_record/reflection.rb:162:in `class_name'
/Library/Ruby/Gems/2.3.0/gems/activerecord-5.2.3/lib/active_record/reflection.rb:769:in `klass'
/Library/Ruby/Gems/2.3.0/gems/activerecord-5.2.3/lib/active_record/reflection.rb:790:in `source_reflection'
/Library/Ruby/Gems/2.3.0/gems/activerecord-5.2.3/lib/active_record/reflection.rb:991:in `derive_class_name'
/Library/Ruby/Gems/2.3.0/gems/activerecord-5.2.3/lib/active_record/reflection.rb:162:in `class_name'
/Library/Ruby/Gems/2.3.0/gems/activerecord-5.2.3/lib/active_record/reflection.rb:769:in `klass'
/Library/Ruby/Gems/2.3.0/gems/activerecord-5.2.3/lib/active_record/reflection.rb:790:in `source_reflection'
/Library/Ruby/Gems/2.3.0/gems/activerecord-5.2.3/lib/active_record/reflection.rb:991:in `derive_class_name'
/Library/Ruby/Gems/2.3.0/gems/activerecord-5.2.3/lib/active_record/reflection.rb:162:in `class_name'
/Library/Ruby/Gems/2.3.0/gems/activerecord-5.2.3/lib/active_record/reflection.rb:769:in `klass'
/Library/Ruby/Gems/2.3.0/gems/activerecord-5.2.3/lib/active_record/reflection.rb:790:in `source_reflection'
/Library/Ruby/Gems/2.3.0/gems/activerecord-5.2.3/lib/active_record/reflection.rb:991:in `derive_class_name'
/Library/Ruby/Gems/2.3.0/gems/activerecord-5.2.3/lib/active_record/reflection.rb:162:in `class_name'
/Library/Ruby/Gems/2.3.0/gems/activerecord-5.2.3/lib/active_record/reflection.rb:769:in `klass'
/Library/Ruby/Gems/2.3.0/gems/activerecord-5.2.3/lib/active_record/reflection.rb:790:in `source_reflection'
/Library/Ruby/Gems/2.3.0/gems/activerecord-5.2.3/lib/active_record/reflection.rb:991:in `derive_class_name'
/Library/Ruby/Gems/2.3.0/gems/activerecord-5.2.3/lib/active_record/reflection.rb:162:in `class_name'
/Library/Ruby/Gems/2.3.0/gems/activerecord-5.2.3/lib/active_record/reflection.rb:769:in `klass'
/Library/Ruby/Gems/2.3.0/gems/activerecord-5.2.3/lib/active_record/reflection.rb:790:in `source_reflection'
/Library/Ruby/Gems/2.3.0/gems/activerecord-5.2.3/lib/active_record/reflection.rb:991:in `derive_class_name'
/Library/Ruby/Gems/2.3.0/gems/activerecord-5.2.3/lib/active_record/reflection.rb:162:in `class_name'
/Library/Ruby/Gems/2.3.0/gems/activerecord-5.2.3/lib/active_record/reflection.rb:769:in `klass'
/Library/Ruby/Gems/2.3.0/gems/activerecord-5.2.3/lib/active_record/reflection.rb:790:in `source_reflection'
/Library/Ruby/Gems/2.3.0/gems/activerecord-5.2.3/lib/active_record/reflection.rb:991:in `derive_class_name'
/Library/Ruby/Gems/2.3.0/gems/activerecord-5.2.3/lib/active_record/reflection.rb:162:in `class_name'
/Library/Ruby/Gems/2.3.0/gems/activerecord-5.2.3/lib/active_record/reflection.rb:769:in `klass'
/Library/Ruby/Gems/2.3.0/gems/activerecord-5.2.3/lib/active_record/reflection.rb:790:in `source_reflection'
/Library/Ruby/Gems/2.3.0/gems/activerecord-5.2.3/lib/active_record/reflection.rb:991:in `derive_class_name'
/Library/Ruby/Gems/2.3.0/gems/activerecord-5.2.3/lib/active_record/reflection.rb:162:in `class_name'
/Library/Ruby/Gems/2.3.0/gems/activerecord-5.2.3/lib/active_record/reflection.rb:769:in `klass'
/Library/Ruby/Gems/2.3.0/gems/activerecord-5.2.3/lib/active_record/reflection.rb:790:in `source_reflection'
/Library/Ruby/Gems/2.3.0/gems/activerecord-5.2.3/lib/active_record/reflection.rb:991:in `derive_class_name'
/Library/Ruby/Gems/2.3.0/gems/activerecord-5.2.3/lib/active_record/reflection.rb:162:in `class_name'
/Library/Ruby/Gems/2.3.0/gems/activerecord-5.2.3/lib/active_record/reflection.rb:769:in `klass'
/Library/Ruby/Gems/2.3.0/gems/activerecord-5.2.3/lib/active_record/reflection.rb:790:in `source_reflection'
/Library/Ruby/Gems/2.3.0/gems/activerecord-5.2.3/lib/active_record/reflection.rb:991:in `derive_class_name'
/Library/Ruby/Gems/2.3.0/gems/activerecord-5.2.3/lib/active_record/reflection.rb:162:in `class_name'
/Library/Ruby/Gems/2.3.0/gems/activerecord-5.2.3/lib/active_record/reflection.rb:769:in `klass'
/Library/Ruby/Gems/2.3.0/gems/activerecord-5.2.3/lib/active_record/reflection.rb:790:in `source_reflection'
/Library/Ruby/Gems/2.3.0/gems/activerecord-5.2.3/lib/active_record/reflection.rb:991:in `derive_class_name'
/Library/Ruby/Gems/2.3.0/gems/activerecord-5.2.3/lib/active_record/reflection.rb:162:in `class_name'
/Library/Ruby/Gems/2.3.0/gems/activerecord-5.2.3/lib/active_record/reflection.rb:769:in `klass'
/Library/Ruby/Gems/2.3.0/gems/activerecord-5.2.3/lib/active_record/reflection.rb:790:in `source_reflection'
/Library/Ruby/Gems/2.3.0/gems/activerecord-5.2.3/lib/active_record/reflection.rb:991:in `derive_class_name'
/Library/Ruby/Gems/2.3.0/gems/activerecord-5.2.3/lib/active_record/reflection.rb:162:in `class_name'
/Library/Ruby/Gems/2.3.0/gems/activerecord-5.2.3/lib/active_record/reflection.rb:769:in `klass'
/Library/Ruby/Gems/2.3.0/gems/activerecord-5.2.3/lib/active_record/reflection.rb:790:in `source_reflection'
/Library/Ruby/Gems/2.3.0/gems/activerecord-5.2.3/lib/active_record/reflection.rb:991:in `derive_class_name'
/Library/Ruby/Gems/2.3.0/gems/activerecord-5.2.3/lib/active_record/reflection.rb:162:in `class_name'
/Library/Ruby/Gems/2.3.0/gems/activerecord-5.2.3/lib/active_record/reflection.rb:769:in `klass'
/Library/Ruby/Gems/2.3.0/gems/activerecord-5.2.3/lib/active_record/reflection.rb:790:in `source_reflection'
/Library/Ruby/Gems/2.3.0/gems/activerecord-5.2.3/lib/active_record/reflection.rb:991:in `derive_class_name'
/Library/Ruby/Gems/2.3.0/gems/activerecord-5.2.3/lib/active_record/reflection.rb:162:in `class_name'
/Library/Ruby/Gems/2.3.0/gems/activerecord-5.2.3/lib/active_record/reflection.rb:769:in `klass'
/Library/Ruby/Gems/2.3.0/gems/activerecord-5.2.3/lib/active_record/reflection.rb:790:in `source_reflection'
/Library/Ruby/Gems/2.3.0/gems/activerecord-5.2.3/lib/active_record/reflection.rb:991:in `derive_class_name'
/Library/Ruby/Gems/2.3.0/gems/activerecord-5.2.3/lib/active_record/reflection.rb:162:in `class_name'
/Library/Ruby/Gems/2.3.0/gems/activerecord-5.2.3/lib/active_record/reflection.rb:769:in `klass'
/Library/Ruby/Gems/2.3.0/gems/activerecord-5.2.3/lib/active_record/reflection.rb:790:in `source_reflection'
/Library/Ruby/Gems/2.3.0/gems/activerecord-5.2.3/lib/active_record/reflection.rb:991:in `derive_class_name'
/Library/Ruby/Gems/2.3.0/gems/activerecord-5.2.3/lib/active_record/reflection.rb:162:in `class_name'
/Library/Ruby/Gems/2.3.0/gems/activerecord-5.2.3/lib/active_record/reflection.rb:769:in `klass'
/Library/Ruby/Gems/2.3.0/gems/activerecord-5.2.3/lib/active_record/reflection.rb:790:in `source_reflection'
/Library/Ruby/Gems/2.3.0/gems/activerecord-5.2.3/lib/active_record/reflection.rb:991:in `derive_class_name'
/Library/Ruby/Gems/2.3.0/gems/activerecord-5.2.3/lib/active_record/reflection.rb:162:in `class_name'
/Library/Ruby/Gems/2.3.0/gems/activerecord-5.2.3/lib/active_record/reflection.rb:769:in `klass'
/Library/Ruby/Gems/2.3.0/gems/activerecord-5.2.3/lib/active_record/reflection.rb:790:in `source_reflection'
/Library/Ruby/Gems/2.3.0/gems/activerecord-5.2.3/lib/active_record/reflection.rb:991:in `derive_class_name'
/Library/Ruby/Gems/2.3.0/gems/activerecord-5.2.3/lib/active_record/reflection.rb:162:in `class_name'
/Library/Ruby/Gems/2.3.0/gems/activerecord-5.2.3/lib/active_record/reflection.rb:769:in `klass'
/Library/Ruby/Gems/2.3.0/gems/activerecord-5.2.3/lib/active_record/reflection.rb:790:in `source_reflection'
/Library/Ruby/Gems/2.3.0/gems/activerecord-5.2.3/lib/active_record/reflection.rb:991:in `derive_class_name'
/Library/Ruby/Gems/2.3.0/gems/activerecord-5.2.3/lib/active_record/reflection.rb:162:in `class_name'
/Library/Ruby/Gems/2.3.0/gems/activerecord-5.2.3/lib/active_record/reflection.rb:769:in `klass'
/Library/Ruby/Gems/2.3.0/gems/activerecord-5.2.3/lib/active_record/reflection.rb:790:in `source_reflection'
/Library/Ruby/Gems/2.3.0/gems/activerecord-5.2.3/lib/active_record/reflection.rb:991:in `derive_class_name'
/Library/Ruby/Gems/2.3.0/gems/activerecord-5.2.3/lib/active_record/reflection.rb:162:in `class_name'
/Library/Ruby/Gems/2.3.0/gems/activerecord-5.2.3/lib/active_record/reflection.rb:769:in `klass'
/Library/Ruby/Gems/2.3.0/gems/activerecord-5.2.3/lib/active_record/reflection.rb:790:in `source_reflection'
/Library/Ruby/Gems/2.3.0/gems/activerecord-5.2.3/lib/active_record/reflection.rb:991:in `derive_class_name'
/Library/Ruby/Gems/2.3.0/gems/activerecord-5.2.3/lib/active_record/reflection.rb:162:in `class_name'
/Library/Ruby/Gems/2.3.0/gems/activerecord-5.2.3/lib/active_record/reflection.rb:769:in `klass'
/Library/Ruby/Gems/2.3.0/gems/activerecord-5.2.3/lib/active_record/reflection.rb:790:in `source_reflection'
/Library/Ruby/Gems/2.3.0/gems/activerecord-5.2.3/lib/active_record/reflection.rb:991:in `derive_class_name'
/Library/Ruby/Gems/2.3.0/gems/activerecord-5.2.3/lib/active_record/reflection.rb:162:in `class_name'
/Library/Ruby/Gems/2.3.0/gems/activerecord-5.2.3/lib/active_record/reflection.rb:769:in `klass'
/Library/Ruby/Gems/2.3.0/gems/activerecord-5.2.3/lib/active_record/reflection.rb:790:in `source_reflection'
/Library/Ruby/Gems/2.3.0/gems/activerecord-5.2.3/lib/active_record/reflection.rb:991:in `derive_class_name'
/Library/Ruby/Gems/2.3.0/gems/activerecord-5.2.3/lib/active_record/reflection.rb:162:in `class_name'
/Library/Ruby/Gems/2.3.0/gems/activerecord-5.2.3/lib/active_record/reflection.rb:769:in `klass'
/Library/Ruby/Gems/2.3.0/gems/activerecord-5.2.3/lib/active_record/reflection.rb:790:in `source_reflection'
/Library/Ruby/Gems/2.3.0/gems/activerecord-5.2.3/lib/active_record/reflection.rb:991:in `derive_class_name'
/Library/Ruby/Gems/2.3.0/gems/activerecord-5.2.3/lib/active_record/reflection.rb:162:in `class_name'
/Library/Ruby/Gems/2.3.0/gems/activerecord-5.2.3/lib/active_record/reflection.rb:769:in `klass'
/Library/Ruby/Gems/2.3.0/gems/activerecord-5.2.3/lib/active_record/reflection.rb:790:in `source_reflection'
/Library/Ruby/Gems/2.3.0/gems/activerecord-5.2.3/lib/active_record/reflection.rb:991:in `derive_class_name'
/Library/Ruby/Gems/2.3.0/gems/activerecord-5.2.3/lib/active_record/reflection.rb:162:in `class_name'
/Library/Ruby/Gems/2.3.0/gems/activerecord-5.2.3/lib/active_record/reflection.rb:769:in `klass'
/Library/Ruby/Gems/2.3.0/gems/activerecord-5.2.3/lib/active_record/reflection.rb:790:in `source_reflection'
/Library/Ruby/Gems/2.3.0/gems/activerecord-5.2.3/lib/active_record/reflection.rb:991:in `derive_class_name'
/Library/Ruby/Gems/2.3.0/gems/activerecord-5.2.3/lib/active_record/reflection.rb:162:in `class_name'
/Library/Ruby/Gems/2.3.0/gems/activerecord-5.2.3/lib/active_record/reflection.rb:769:in `klass'
/Library/Ruby/Gems/2.3.0/gems/activerecord-5.2.3/lib/active_record/reflection.rb:790:in `source_reflection'
/Library/Ruby/Gems/2.3.0/gems/activerecord-5.2.3/lib/active_record/reflection.rb:991:in `derive_class_name'
/Library/Ruby/Gems/2.3.0/gems/activerecord-5.2.3/lib/active_record/reflection.rb:162:in `class_name'
/Library/Ruby/Gems/2.3.0/gems/activerecord-5.2.3/lib/active_record/reflection.rb:769:in `klass'
/Library/Ruby/Gems/2.3.0/gems/activerecord-5.2.3/lib/active_record/reflection.rb:790:in `source_reflection'
/Library/Ruby/Gems/2.3.0/gems/activerecord-5.2.3/lib/active_record/reflection.rb:991:in `derive_class_name'
/Library/Ruby/Gems/2.3.0/gems/activerecord-5.2.3/lib/active_record/reflection.rb:162:in `class_name'
/Library/Ruby/Gems/2.3.0/gems/activerecord-5.2.3/lib/active_record/reflection.rb:769:in `klass'
/Library/Ruby/Gems/2.3.0/gems/activerecord-5.2.3/lib/active_record/reflection.rb:790:in `source_reflection'
/Library/Ruby/Gems/2.3.0/gems/activerecord-5.2.3/lib/active_record/reflection.rb:991:in `derive_class_name'
/Library/Ruby/Gems/2.3.0/gems/activerecord-5.2.3/lib/active_record/reflection.rb:162:in `class_name'
/Library/Ruby/Gems/2.3.0/gems/activerecord-5.2.3/lib/active_record/reflection.rb:769:in `klass'
/Library/Ruby/Gems/2.3.0/gems/activerecord-5.2.3/lib/active_record/reflection.rb:790:in `source_reflection'
/Library/Ruby/Gems/2.3.0/gems/activerecord-5.2.3/lib/active_record/reflection.rb:991:in `derive_class_name'
/Library/Ruby/Gems/2.3.0/gems/activerecord-5.2.3/lib/active_record/reflection.rb:162:in `class_name'
/Library/Ruby/Gems/2.3.0/gems/activerecord-5.2.3/lib/active_record/reflection.rb:769:in `klass'
/Library/Ruby/Gems/2.3.0/gems/activerecord-5.2.3/lib/active_record/reflection.rb:790:in `source_reflection'
/Library/Ruby/Gems/2.3.0/gems/activerecord-5.2.3/lib/active_record/reflection.rb:991:in `derive_class_name'
/Library/Ruby/Gems/2.3.0/gems/activerecord-5.2.3/lib/active_record/reflection.rb:162:in `class_name'
/Library/Ruby/Gems/2.3.0/gems/activerecord-5.2.3/lib/active_record/reflection.rb:769:in `klass'
/Library/Ruby/Gems/2.3.0/gems/activerecord-5.2.3/lib/active_record/reflection.rb:790:in `source_reflection'
/Library/Ruby/Gems/2.3.0/gems/activerecord-5.2.3/lib/active_record/reflection.rb:991:in `derive_class_name'
/Library/Ruby/Gems/2.3.0/gems/activerecord-5.2.3/lib/active_record/reflection.rb:162:in `class_name'
/Library/Ruby/Gems/2.3.0/gems/activerecord-5.2.3/lib/active_record/reflection.rb:769:in `klass'
/Library/Ruby/Gems/2.3.0/gems/activerecord-5.2.3/lib/active_record/reflection.rb:790:in `source_reflection'
/Library/Ruby/Gems/2.3.0/gems/activerecord-5.2.3/lib/active_record/reflection.rb:991:in `derive_class_name'
/Library/Ruby/Gems/2.3.0/gems/activerecord-5.2.3/lib/active_record/reflection.rb:162:in `class_name'
/Library/Ruby/Gems/2.3.0/gems/activerecord-5.2.3/lib/active_record/reflection.rb:769:in `klass'
/Library/Ruby/Gems/2.3.0/gems/activerecord-5.2.3/lib/active_record/reflection.rb:790:in `source_reflection'
/Library/Ruby/Gems/2.3.0/gems/activerecord-5.2.3/lib/active_record/reflection.rb:991:in `derive_class_name'
/Library/Ruby/Gems/2.3.0/gems/activerecord-5.2.3/lib/active_record/reflection.rb:162:in `class_name'
/Library/Ruby/Gems/2.3.0/gems/activerecord-5.2.3/lib/active_record/reflection.rb:769:in `klass'
/Library/Ruby/Gems/2.3.0/gems/activerecord-5.2.3/lib/active_record/reflection.rb:790:in `source_reflection'
/Library/Ruby/Gems/2.3.0/gems/activerecord-5.2.3/lib/active_record/reflection.rb:991:in `derive_class_name'
/Library/Ruby/Gems/2.3.0/gems/activerecord-5.2.3/lib/active_record/reflection.rb:162:in `class_name'
/Library/Ruby/Gems/2.3.0/gems/activerecord-5.2.3/lib/active_record/reflection.rb:769:in `klass'
/Library/Ruby/Gems/2.3.0/gems/activerecord-5.2.3/lib/active_record/reflection.rb:790:in `source_reflection'
/Library/Ruby/Gems/2.3.0/gems/activerecord-5.2.3/lib/active_record/reflection.rb:991:in `derive_class_name'
/Library/Ruby/Gems/2.3.0/gems/activerecord-5.2.3/lib/active_record/reflection.rb:162:in `class_name'
/Library/Ruby/Gems/2.3.0/gems/activerecord-5.2.3/lib/active_record/reflection.rb:769:in `klass'
/Library/Ruby/Gems/2.3.0/gems/activerecord-5.2.3/lib/active_record/reflection.rb:790:in `source_reflection'
/Library/Ruby/Gems/2.3.0/gems/activerecord-5.2.3/lib/active_record/reflection.rb:991:in `derive_class_name'
/Library/Ruby/Gems/2.3.0/gems/activerecord-5.2.3/lib/active_record/reflection.rb:162:in `class_name'
/Library/Ruby/Gems/2.3.0/gems/activerecord-5.2.3/lib/active_record/reflection.rb:769:in `klass'
/Library/Ruby/Gems/2.3.0/gems/activerecord-5.2.3/lib/active_record/reflection.rb:790:in `source_reflection'
/Library/Ruby/Gems/2.3.0/gems/activerecord-5.2.3/lib/active_record/reflection.rb:991:in `derive_class_name'
/Library/Ruby/Gems/2.3.0/gems/activerecord-5.2.3/lib/active_record/reflection.rb:162:in `class_name'
/Library/Ruby/Gems/2.3.0/gems/activerecord-5.2.3/lib/active_record/reflection.rb:769:in `klass'
/Library/Ruby/Gems/2.3.0/gems/activerecord-5.2.3/lib/active_record/reflection.rb:790:in `source_reflection'
/Library/Ruby/Gems/2.3.0/gems/activerecord-5.2.3/lib/active_record/reflection.rb:991:in `derive_class_name'
/Library/Ruby/Gems/2.3.0/gems/activerecord-5.2.3/lib/active_record/reflection.rb:162:in `class_name'
/Library/Ruby/Gems/2.3.0/gems/activerecord-5.2.3/lib/active_record/reflection.rb:769:in `klass'
/Library/Ruby/Gems/2.3.0/gems/activerecord-5.2.3/lib/active_record/reflection.rb:790:in `source_reflection'
/Library/Ruby/Gems/2.3.0/gems/activerecord-5.2.3/lib/active_record/reflection.rb:991:in `derive_class_name'
/Library/Ruby/Gems/2.3.0/gems/activerecord-5.2.3/lib/active_record/reflection.rb:162:in `class_name'
/Library/Ruby/Gems/2.3.0/gems/activerecord-5.2.3/lib/active_record/reflection.rb:769:in `klass'
/Library/Ruby/Gems/2.3.0/gems/activerecord-5.2.3/lib/active_record/reflection.rb:790:in `source_reflection'
/Library/Ruby/Gems/2.3.0/gems/activerecord-5.2.3/lib/active_record/reflection.rb:991:in `derive_class_name'
/Library/Ruby/Gems/2.3.0/gems/activerecord-5.2.3/lib/active_record/reflection.rb:162:in `class_name'
/Library/Ruby/Gems/2.3.0/gems/activerecord-5.2.3/lib/active_record/reflection.rb:769:in `klass'
/Library/Ruby/Gems/2.3.0/gems/activerecord-5.2.3/lib/active_record/reflection.rb:790:in `source_reflection'
/Library/Ruby/Gems/2.3.0/gems/activerecord-5.2.3/lib/active_record/reflection.rb:991:in `derive_class_name'
/Library/Ruby/Gems/2.3.0/gems/activerecord-5.2.3/lib/active_record/reflection.rb:162:in `class_name'
/Library/Ruby/Gems/2.3.0/gems/activerecord-5.2.3/lib/active_record/reflection.rb:769:in `klass'
/Library/Ruby/Gems/2.3.0/gems/activerecord-5.2.3/lib/active_record/reflection.rb:790:in `source_reflection'
/Library/Ruby/Gems/2.3.0/gems/activerecord-5.2.3/lib/active_record/reflection.rb:991:in `derive_class_name'
/Library/Ruby/Gems/2.3.0/gems/activerecord-5.2.3/lib/active_record/reflection.rb:162:in `class_name'
/Library/Ruby/Gems/2.3.0/gems/activerecord-5.2.3/lib/active_record/reflection.rb:769:in `klass'
/Library/Ruby/Gems/2.3.0/gems/activerecord-5.2.3/lib/active_record/reflection.rb:790:in `source_reflection'
/Library/Ruby/Gems/2.3.0/gems/activerecord-5.2.3/lib/active_record/reflection.rb:991:in `derive_class_name'
/Library/Ruby/Gems/2.3.0/gems/activerecord-5.2.3/lib/active_record/reflection.rb:162:in `class_name'
/Library/Ruby/Gems/2.3.0/gems/activerecord-5.2.3/lib/active_record/reflection.rb:769:in `klass'
/Library/Ruby/Gems/2.3.0/gems/activerecord-5.2.3/lib/active_record/reflection.rb:790:in `source_reflection'
/Library/Ruby/Gems/2.3.0/gems/activerecord-5.2.3/lib/active_record/reflection.rb:991:in `derive_class_name'
/Library/Ruby/Gems/2.3.0/gems/activerecord-5.2.3/lib/active_record/reflection.rb:162:in `class_name'
/Library/Ruby/Gems/2.3.0/gems/activerecord-5.2.3/lib/active_record/reflection.rb:769:in `klass'
/Library/Ruby/Gems/2.3.0/gems/activerecord-5.2.3/lib/active_record/reflection.rb:790:in `source_reflection'
/Library/Ruby/Gems/2.3.0/gems/activerecord-5.2.3/lib/active_record/reflection.rb:991:in `derive_class_name'
/Library/Ruby/Gems/2.3.0/gems/activerecord-5.2.3/lib/active_record/reflection.rb:162:in `class_name'
/Library/Ruby/Gems/2.3.0/gems/activerecord-5.2.3/lib/active_record/reflection.rb:769:in `klass'
/Library/Ruby/Gems/2.3.0/gems/activerecord-5.2.3/lib/active_record/reflection.rb:790:in `source_reflection'
/Library/Ruby/Gems/2.3.0/gems/activerecord-5.2.3/lib/active_record/reflection.rb:991:in `derive_class_name'
/Library/Ruby/Gems/2.3.0/gems/activerecord-5.2.3/lib/active_record/reflection.rb:162:in `class_name'
/Library/Ruby/Gems/2.3.0/gems/activerecord-5.2.3/lib/active_record/reflection.rb:769:in `klass'
/Library/Ruby/Gems/2.3.0/gems/activerecord-5.2.3/lib/active_record/reflection.rb:790:in `source_reflection'
/Library/Ruby/Gems/2.3.0/gems/activerecord-5.2.3/lib/active_record/reflection.rb:991:in `derive_class_name'
/Library/Ruby/Gems/2.3.0/gems/activerecord-5.2.3/lib/active_record/reflection.rb:162:in `class_name'
/Library/Ruby/Gems/2.3.0/gems/activerecord-5.2.3/lib/active_record/reflection.rb:769:in `klass'
/Library/Ruby/Gems/2.3.0/gems/activerecord-5.2.3/lib/active_record/reflection.rb:790:in `source_reflection'
/Library/Ruby/Gems/2.3.0/gems/activerecord-5.2.3/lib/active_record/reflection.rb:991:in `derive_class_name'
/Library/Ruby/Gems/2.3.0/gems/activerecord-5.2.3/lib/active_record/reflection.rb:162:in `class_name'
/Library/Ruby/Gems/2.3.0/gems/activerecord-5.2.3/lib/active_record/reflection.rb:769:in `klass'
/Library/Ruby/Gems/2.3.0/gems/activerecord-5.2.3/lib/active_record/reflection.rb:790:in `source_reflection'
/Library/Ruby/Gems/2.3.0/gems/activerecord-5.2.3/lib/active_record/reflection.rb:991:in `derive_class_name'
/Library/Ruby/Gems/2.3.0/gems/activerecord-5.2.3/lib/active_record/reflection.rb:162:in `class_name'
/Library/Ruby/Gems/2.3.0/gems/activerecord-5.2.3/lib/active_record/reflection.rb:769:in `klass'
/Library/Ruby/Gems/2.3.0/gems/activerecord-5.2.3/lib/active_record/reflection.rb:790:in `source_reflection'
/Library/Ruby/Gems/2.3.0/gems/activerecord-5.2.3/lib/active_record/reflection.rb:991:in `derive_class_name'
/Library/Ruby/Gems/2.3.0/gems/activerecord-5.2.3/lib/active_record/reflection.rb:162:in `class_name'
/Library/Ruby/Gems/2.3.0/gems/activerecord-5.2.3/lib/active_record/reflection.rb:769:in `klass'
/Library/Ruby/Gems/2.3.0/gems/activerecord-5.2.3/lib/active_record/reflection.rb:790:in `source_reflection'
/Library/Ruby/Gems/2.3.0/gems/activerecord-5.2.3/lib/active_record/reflection.rb:991:in `derive_class_name'
/Library/Ruby/Gems/2.3.0/gems/activerecord-5.2.3/lib/active_record/reflection.rb:162:in `class_name'
/Library/Ruby/Gems/2.3.0/gems/activerecord-5.2.3/lib/active_record/reflection.rb:769:in `klass'
/Library/Ruby/Gems/2.3.0/gems/activerecord-5.2.3/lib/active_record/reflection.rb:790:in `source_reflection'
/Library/Ruby/Gems/2.3.0/gems/activerecord-5.2.3/lib/active_record/reflection.rb:991:in `derive_class_name'
/Library/Ruby/Gems/2.3.0/gems/activerecord-5.2.3/lib/active_record/reflection.rb:162:in `class_name'
/Library/Ruby/Gems/2.3.0/gems/activerecord-5.2.3/lib/active_record/reflection.rb:769:in `klass'
/Library/Ruby/Gems/2.3.0/gems/activerecord-5.2.3/lib/active_record/reflection.rb:790:in `source_reflection'
/Library/Ruby/Gems/2.3.0/gems/activerecord-5.2.3/lib/active_record/reflection.rb:991:in `derive_class_name'
/Library/Ruby/Gems/2.3.0/gems/activerecord-5.2.3/lib/active_record/reflection.rb:162:in `class_name'
/Library/Ruby/Gems/2.3.0/gems/activerecord-5.2.3/lib/active_record/reflection.rb:769:in `klass'
/Library/Ruby/Gems/2.3.0/gems/activerecord-5.2.3/lib/active_record/reflection.rb:790:in `source_reflection'
/Library/Ruby/Gems/2.3.0/gems/activerecord-5.2.3/lib/active_record/reflection.rb:991:in `derive_class_name'
/Library/Ruby/Gems/2.3.0/gems/activerecord-5.2.3/lib/active_record/reflection.rb:162:in `class_name'
/Library/Ruby/Gems/2.3.0/gems/activerecord-5.2.3/lib/active_record/reflection.rb:769:in `klass'
/Library/Ruby/Gems/2.3.0/gems/activerecord-5.2.3/lib/active_record/reflection.rb:790:in `source_reflection'
/Library/Ruby/Gems/2.3.0/gems/activerecord-5.2.3/lib/active_record/reflection.rb:991:in `derive_class_name'
/Library/Ruby/Gems/2.3.0/gems/activerecord-5.2.3/lib/active_record/reflection.rb:162:in `class_name'
/Library/Ruby/Gems/2.3.0/gems/activerecord-5.2.3/lib/active_record/reflection.rb:769:in `klass'
/Library/Ruby/Gems/2.3.0/gems/activerecord-5.2.3/lib/active_record/reflection.rb:790:in `source_reflection'
/Library/Ruby/Gems/2.3.0/gems/activerecord-5.2.3/lib/active_record/reflection.rb:991:in `derive_class_name'
/Library/Ruby/Gems/2.3.0/gems/activerecord-5.2.3/lib/active_record/reflection.rb:162:in `class_name'
/Library/Ruby/Gems/2.3.0/gems/activerecord-5.2.3/lib/active_record/reflection.rb:769:in `klass'
/Library/Ruby/Gems/2.3.0/gems/activerecord-5.2.3/lib/active_record/reflection.rb:790:in `source_reflection'
/Library/Ruby/Gems/2.3.0/gems/activerecord-5.2.3/lib/active_record/reflection.rb:991:in `derive_class_name'
/Library/Ruby/Gems/2.3.0/gems/activerecord-5.2.3/lib/active_record/reflection.rb:162:in `class_name'
/Library/Ruby/Gems/2.3.0/gems/activerecord-5.2.3/lib/active_record/reflection.rb:769:in `klass'
/Library/Ruby/Gems/2.3.0/gems/activerecord-5.2.3/lib/active_record/reflection.rb:790:in `source_reflection'
/Library/Ruby/Gems/2.3.0/gems/activerecord-5.2.3/lib/active_record/reflection.rb:991:in `derive_class_name'
/Library/Ruby/Gems/2.3.0/gems/activerecord-5.2.3/lib/active_record/reflection.rb:162:in `class_name'
/Library/Ruby/Gems/2.3.0/gems/activerecord-5.2.3/lib/active_record/reflection.rb:769:in `klass'
/Library/Ruby/Gems/2.3.0/gems/activerecord-5.2.3/lib/active_record/reflection.rb:790:in `source_reflection'
/Library/Ruby/Gems/2.3.0/gems/activerecord-5.2.3/lib/active_record/reflection.rb:991:in `derive_class_name'
/Library/Ruby/Gems/2.3.0/gems/activerecord-5.2.3/lib/active_record/reflection.rb:162:in `class_name'
/Library/Ruby/Gems/2.3.0/gems/activerecord-5.2.3/lib/active_record/reflection.rb:769:in `klass'
/Library/Ruby/Gems/2.3.0/gems/activerecord-5.2.3/lib/active_record/reflection.rb:790:in `source_reflection'
/Library/Ruby/Gems/2.3.0/gems/activerecord-5.2.3/lib/active_record/reflection.rb:991:in `derive_class_name'
/Library/Ruby/Gems/2.3.0/gems/activerecord-5.2.3/lib/active_record/reflection.rb:162:in `class_name'
/Library/Ruby/Gems/2.3.0/gems/activerecord-5.2.3/lib/active_record/reflection.rb:769:in `klass'
/Library/Ruby/Gems/2.3.0/gems/activerecord-5.2.3/lib/active_record/reflection.rb:790:in `source_reflection'
/Library/Ruby/Gems/2.3.0/gems/activerecord-5.2.3/lib/active_record/reflection.rb:991:in `derive_class_name'
/Library/Ruby/Gems/2.3.0/gems/activerecord-5.2.3/lib/active_record/reflection.rb:162:in `class_name'
/Library/Ruby/Gems/2.3.0/gems/activerecord-5.2.3/lib/active_record/reflection.rb:769:in `klass'
/Library/Ruby/Gems/2.3.0/gems/activerecord-5.2.3/lib/active_record/reflection.rb:790:in `source_reflection'
/Library/Ruby/Gems/2.3.0/gems/activerecord-5.2.3/lib/active_record/reflection.rb:991:in `derive_class_name'
/Library/Ruby/Gems/2.3.0/gems/activerecord-5.2.3/lib/active_record/reflection.rb:162:in `class_name'
/Library/Ruby/Gems/2.3.0/gems/activerecord-5.2.3/lib/active_record/reflection.rb:769:in `klass'
/Library/Ruby/Gems/2.3.0/gems/activerecord-5.2.3/lib/active_record/reflection.rb:790:in `source_reflection'
/Library/Ruby/Gems/2.3.0/gems/activerecord-5.2.3/lib/active_record/reflection.rb:991:in `derive_class_name'
/Library/Ruby/Gems/2.3.0/gems/activerecord-5.2.3/lib/active_record/reflection.rb:162:in `class_name'
/Library/Ruby/Gems/2.3.0/gems/activerecord-5.2.3/lib/active_record/reflection.rb:769:in `klass'
/Library/Ruby/Gems/2.3.0/gems/activerecord-5.2.3/lib/active_record/reflection.rb:790:in `source_reflection'
/Library/Ruby/Gems/2.3.0/gems/activerecord-5.2.3/lib/active_record/reflection.rb:991:in `derive_class_name'
/Library/Ruby/Gems/2.3.0/gems/activerecord-5.2.3/lib/active_record/reflection.rb:162:in `class_name'
/Library/Ruby/Gems/2.3.0/gems/activerecord-5.2.3/lib/active_record/reflection.rb:769:in `klass'
/Library/Ruby/Gems/2.3.0/gems/activerecord-5.2.3/lib/active_record/reflection.rb:790:in `source_reflection'
/Library/Ruby/Gems/2.3.0/gems/activerecord-5.2.3/lib/active_record/reflection.rb:991:in `derive_class_name'
/Library/Ruby/Gems/2.3.0/gems/activerecord-5.2.3/lib/active_record/reflection.rb:162:in `class_name'
/Library/Ruby/Gems/2.3.0/gems/activerecord-5.2.3/lib/active_record/reflection.rb:769:in `klass'
/Library/Ruby/Gems/2.3.0/gems/activerecord-5.2.3/lib/active_record/reflection.rb:790:in `source_reflection'
/Library/Ruby/Gems/2.3.0/gems/activerecord-5.2.3/lib/active_record/reflection.rb:991:in `derive_class_name'
/Library/Ruby/Gems/2.3.0/gems/activerecord-5.2.3/lib/active_record/reflection.rb:162:in `class_name'
/Library/Ruby/Gems/2.3.0/gems/activerecord-5.2.3/lib/active_record/reflection.rb:769:in `klass'
/Library/Ruby/Gems/2.3.0/gems/activerecord-5.2.3/lib/active_record/reflection.rb:790:in `source_reflection'
/Library/Ruby/Gems/2.3.0/gems/activerecord-5.2.3/lib/active_record/reflection.rb:991:in `derive_class_name'
/Library/Ruby/Gems/2.3.0/gems/activerecord-5.2.3/lib/active_record/reflection.rb:162:in `class_name'
/Library/Ruby/Gems/2.3.0/gems/activerecord-5.2.3/lib/active_record/reflection.rb:769:in `klass'
/Library/Ruby/Gems/2.3.0/gems/activerecord-5.2.3/lib/active_record/reflection.rb:790:in `source_reflection'
/Library/Ruby/Gems/2.3.0/gems/activerecord-5.2.3/lib/active_record/reflection.rb:991:in `derive_class_name'
/Library/Ruby/Gems/2.3.0/gems/activerecord-5.2.3/lib/active_record/reflection.rb:162:in `class_name'
/Library/Ruby/Gems/2.3.0/gems/activerecord-5.2.3/lib/active_record/reflection.rb:769:in `klass'
/Library/Ruby/Gems/2.3.0/gems/activerecord-5.2.3/lib/active_record/reflection.rb:790:in `source_reflection'
/Library/Ruby/Gems/2.3.0/gems/activerecord-5.2.3/lib/active_record/reflection.rb:991:in `derive_class_name'
/Library/Ruby/Gems/2.3.0/gems/activerecord-5.2.3/lib/active_record/reflection.rb:162:in `class_name'
/Library/Ruby/Gems/2.3.0/gems/activerecord-5.2.3/lib/active_record/reflection.rb:769:in `klass'
/Library/Ruby/Gems/2.3.0/gems/activerecord-5.2.3/lib/active_record/reflection.rb:790:in `source_reflection'
/Library/Ruby/Gems/2.3.0/gems/activerecord-5.2.3/lib/active_record/reflection.rb:991:in `derive_class_name'
/Library/Ruby/Gems/2.3.0/gems/activerecord-5.2.3/lib/active_record/reflection.rb:162:in `class_name'
/Library/Ruby/Gems/2.3.0/gems/activerecord-5.2.3/lib/active_record/reflection.rb:769:in `klass'
/Library/Ruby/Gems/2.3.0/gems/activerecord-5.2.3/lib/active_record/reflection.rb:790:in `source_reflection'
/Library/Ruby/Gems/2.3.0/gems/activerecord-5.2.3/lib/active_record/reflection.rb:991:in `derive_class_name'
/Library/Ruby/Gems/2.3.0/gems/activerecord-5.2.3/lib/active_record/reflection.rb:162:in `class_name'
/Library/Ruby/Gems/2.3.0/gems/activerecord-5.2.3/lib/active_record/reflection.rb:769:in `klass'
/Library/Ruby/Gems/2.3.0/gems/activerecord-5.2.3/lib/active_record/reflection.rb:790:in `source_reflection'
/Library/Ruby/Gems/2.3.0/gems/activerecord-5.2.3/lib/active_record/reflection.rb:991:in `derive_class_name'
/Library/Ruby/Gems/2.3.0/gems/activerecord-5.2.3/lib/active_record/reflection.rb:162:in `class_name'
/Library/Ruby/Gems/2.3.0/gems/activerecord-5.2.3/lib/active_record/reflection.rb:769:in `klass'
/Library/Ruby/Gems/2.3.0/gems/activerecord-5.2.3/lib/active_record/reflection.rb:790:in `source_reflection'
/Library/Ruby/Gems/2.3.0/gems/activerecord-5.2.3/lib/active_record/reflection.rb:991:in `derive_class_name'
/Library/Ruby/Gems/2.3.0/gems/activerecord-5.2.3/lib/active_record/reflection.rb:162:in `class_name'
/Library/Ruby/Gems/2.3.0/gems/activerecord-5.2.3/lib/active_record/reflection.rb:769:in `klass'
/Library/Ruby/Gems/2.3.0/gems/activerecord-5.2.3/lib/active_record/reflection.rb:790:in `source_reflection'
/Library/Ruby/Gems/2.3.0/gems/activerecord-5.2.3/lib/active_record/reflection.rb:991:in `derive_class_name'
/Library/Ruby/Gems/2.3.0/gems/activerecord-5.2.3/lib/active_record/reflection.rb:162:in `class_name'
/Library/Ruby/Gems/2.3.0/gems/activerecord-5.2.3/lib/active_record/reflection.rb:769:in `klass'
/Library/Ruby/Gems/2.3.0/gems/activerecord-5.2.3/lib/active_record/reflection.rb:790:in `source_reflection'
/Library/Ruby/Gems/2.3.0/gems/activerecord-5.2.3/lib/active_record/reflection.rb:991:in `derive_class_name'
/Library/Ruby/Gems/2.3.0/gems/activerecord-5.2.3/lib/active_record/reflection.rb:162:in `class_name'
/Library/Ruby/Gems/2.3.0/gems/activerecord-5.2.3/lib/active_record/reflection.rb:769:in `klass'
/Library/Ruby/Gems/2.3.0/gems/activerecord-5.2.3/lib/active_record/reflection.rb:790:in `source_reflection'
/Library/Ruby/Gems/2.3.0/gems/activerecord-5.2.3/lib/active_record/reflection.rb:991:in `derive_class_name'
/Library/Ruby/Gems/2.3.0/gems/activerecord-5.2.3/lib/active_record/reflection.rb:162:in `class_name'
/Library/Ruby/Gems/2.3.0/gems/activerecord-5.2.3/lib/active_record/reflection.rb:769:in `klass'
/Library/Ruby/Gems/2.3.0/gems/activerecord-5.2.3/lib/active_record/reflection.rb:790:in `source_reflection'
/Library/Ruby/Gems/2.3.0/gems/activerecord-5.2.3/lib/active_record/reflection.rb:991:in `derive_class_name'
/Library/Ruby/Gems/2.3.0/gems/activerecord-5.2.3/lib/active_record/reflection.rb:162:in `class_name'
/Library/Ruby/Gems/2.3.0/gems/activerecord-5.2.3/lib/active_record/reflection.rb:769:in `klass'
/Library/Ruby/Gems/2.3.0/gems/activerecord-5.2.3/lib/active_record/reflection.rb:790:in `source_reflection'
/Library/Ruby/Gems/2.3.0/gems/activerecord-5.2.3/lib/active_record/reflection.rb:991:in `derive_class_name'
/Library/Ruby/Gems/2.3.0/gems/activerecord-5.2.3/lib/active_record/reflection.rb:162:in `class_name'
/Library/Ruby/Gems/2.3.0/gems/activerecord-5.2.3/lib/active_record/reflection.rb:769:in `klass'
/Library/Ruby/Gems/2.3.0/gems/activerecord-5.2.3/lib/active_record/reflection.rb:790:in `source_reflection'
/Library/Ruby/Gems/2.3.0/gems/activerecord-5.2.3/lib/active_record/reflection.rb:991:in `derive_class_name'
/Library/Ruby/Gems/2.3.0/gems/activerecord-5.2.3/lib/active_record/reflection.rb:162:in `class_name'
/Library/Ruby/Gems/2.3.0/gems/activerecord-5.2.3/lib/active_record/reflection.rb:769:in `klass'
/Library/Ruby/Gems/2.3.0/gems/activerecord-5.2.3/lib/active_record/reflection.rb:790:in `source_reflection'
/Library/Ruby/Gems/2.3.0/gems/activerecord-5.2.3/lib/active_record/reflection.rb:991:in `derive_class_name'
/Library/Ruby/Gems/2.3.0/gems/activerecord-5.2.3/lib/active_record/reflection.rb:162:in `class_name'
/Library/Ruby/Gems/2.3.0/gems/activerecord-5.2.3/lib/active_record/reflection.rb:769:in `klass'
/Library/Ruby/Gems/2.3.0/gems/activerecord-5.2.3/lib/active_record/reflection.rb:790:in `source_reflection'
/Library/Ruby/Gems/2.3.0/gems/activerecord-5.2.3/lib/active_record/reflection.rb:991:in `derive_class_name'
/Library/Ruby/Gems/2.3.0/gems/activerecord-5.2.3/lib/active_record/reflection.rb:162:in `class_name'
/Library/Ruby/Gems/2.3.0/gems/activerecord-5.2.3/lib/active_record/reflection.rb:769:in `klass'
/Library/Ruby/Gems/2.3.0/gems/activerecord-5.2.3/lib/active_record/reflection.rb:790:in `source_reflection'
/Library/Ruby/Gems/2.3.0/gems/activerecord-5.2.3/lib/active_record/reflection.rb:991:in `derive_class_name'
/Library/Ruby/Gems/2.3.0/gems/activerecord-5.2.3/lib/active_record/reflection.rb:162:in `class_name'
/Library/Ruby/Gems/2.3.0/gems/activerecord-5.2.3/lib/active_record/reflection.rb:769:in `klass'
/Library/Ruby/Gems/2.3.0/gems/activerecord-5.2.3/lib/active_record/reflection.rb:790:in `source_reflection'
/Library/Ruby/Gems/2.3.0/gems/activerecord-5.2.3/lib/active_record/reflection.rb:991:in `derive_class_name'
/Library/Ruby/Gems/2.3.0/gems/activerecord-5.2.3/lib/active_record/reflection.rb:162:in `class_name'
/Library/Ruby/Gems/2.3.0/gems/activerecord-5.2.3/lib/active_record/reflection.rb:769:in `klass'
/Library/Ruby/Gems/2.3.0/gems/activerecord-5.2.3/lib/active_record/reflection.rb:790:in `source_reflection'
/Library/Ruby/Gems/2.3.0/gems/activerecord-5.2.3/lib/active_record/reflection.rb:991:in `derive_class_name'
/Library/Ruby/Gems/2.3.0/gems/activerecord-5.2.3/lib/active_record/reflection.rb:162:in `class_name'
/Library/Ruby/Gems/2.3.0/gems/activerecord-5.2.3/lib/active_record/reflection.rb:769:in `klass'
/Library/Ruby/Gems/2.3.0/gems/activerecord-5.2.3/lib/active_record/reflection.rb:790:in `source_reflection'
/Library/Ruby/Gems/2.3.0/gems/activerecord-5.2.3/lib/active_record/reflection.rb:991:in `derive_class_name'
/Library/Ruby/Gems/2.3.0/gems/activerecord-5.2.3/lib/active_record/reflection.rb:162:in `class_name'
/Library/Ruby/Gems/2.3.0/gems/activerecord-5.2.3/lib/active_record/reflection.rb:769:in `klass'
/Library/Ruby/Gems/2.3.0/gems/activerecord-5.2.3/lib/active_record/reflection.rb:790:in `source_reflection'
/Library/Ruby/Gems/2.3.0/gems/activerecord-5.2.3/lib/active_record/reflection.rb:991:in `derive_class_name'
/Library/Ruby/Gems/2.3.0/gems/activerecord-5.2.3/lib/active_record/reflection.rb:162:in `class_name'
/Library/Ruby/Gems/2.3.0/gems/activerecord-5.2.3/lib/active_record/reflection.rb:769:in `klass'
/Library/Ruby/Gems/2.3.0/gems/activerecord-5.2.3/lib/active_record/reflection.rb:790:in `source_reflection'
/Library/Ruby/Gems/2.3.0/gems/activerecord-5.2.3/lib/active_record/reflection.rb:991:in `derive_class_name'
/Library/Ruby/Gems/2.3.0/gems/activerecord-5.2.3/lib/active_record/reflection.rb:162:in `class_name'
/Library/Ruby/Gems/2.3.0/gems/activerecord-5.2.3/lib/active_record/reflection.rb:769:in `klass'
/Library/Ruby/Gems/2.3.0/gems/activerecord-5.2.3/lib/active_record/reflection.rb:790:in `source_reflection'
/Library/Ruby/Gems/2.3.0/gems/activerecord-5.2.3/lib/active_record/reflection.rb:991:in `derive_class_name'
/Library/Ruby/Gems/2.3.0/gems/activerecord-5.2.3/lib/active_record/reflection.rb:162:in `class_name'
/Library/Ruby/Gems/2.3.0/gems/activerecord-5.2.3/lib/active_record/reflection.rb:769:in `klass'
/Library/Ruby/Gems/2.3.0/gems/activerecord-5.2.3/lib/active_record/reflection.rb:790:in `source_reflection'
/Library/Ruby/Gems/2.3.0/gems/activerecord-5.2.3/lib/active_record/reflection.rb:991:in `derive_class_name'
/Library/Ruby/Gems/2.3.0/gems/activerecord-5.2.3/lib/active_record/reflection.rb:162:in `class_name'
/Library/Ruby/Gems/2.3.0/gems/activerecord-5.2.3/lib/active_record/reflection.rb:769:in `klass'
/Library/Ruby/Gems/2.3.0/gems/activerecord-5.2.3/lib/active_record/reflection.rb:790:in `source_reflection'
/Library/Ruby/Gems/2.3.0/gems/activerecord-5.2.3/lib/active_record/reflection.rb:991:in `derive_class_name'
/Library/Ruby/Gems/2.3.0/gems/activerecord-5.2.3/lib/active_record/reflection.rb:162:in `class_name'
/Library/Ruby/Gems/2.3.0/gems/activerecord-5.2.3/lib/active_record/reflection.rb:769:in `klass'
/Library/Ruby/Gems/2.3.0/gems/activerecord-5.2.3/lib/active_record/reflection.rb:790:in `source_reflection'
/Library/Ruby/Gems/2.3.0/gems/activerecord-5.2.3/lib/active_record/reflection.rb:991:in `derive_class_name'
/Library/Ruby/Gems/2.3.0/gems/activerecord-5.2.3/lib/active_record/reflection.rb:162:in `class_name'
/Library/Ruby/Gems/2.3.0/gems/activerecord-5.2.3/lib/active_record/reflection.rb:769:in `klass'
/Library/Ruby/Gems/2.3.0/gems/activerecord-5.2.3/lib/active_record/reflection.rb:790:in `source_reflection'
/Library/Ruby/Gems/2.3.0/gems/activerecord-5.2.3/lib/active_record/reflection.rb:991:in `derive_class_name'
/Library/Ruby/Gems/2.3.0/gems/activerecord-5.2.3/lib/active_record/reflection.rb:162:in `class_name'
/Library/Ruby/Gems/2.3.0/gems/activerecord-5.2.3/lib/active_record/reflection.rb:769:in `klass'
/Library/Ruby/Gems/2.3.0/gems/activerecord-5.2.3/lib/active_record/reflection.rb:790:in `source_reflection'
/Library/Ruby/Gems/2.3.0/gems/activerecord-5.2.3/lib/active_record/reflection.rb:991:in `derive_class_name'
/Library/Ruby/Gems/2.3.0/gems/activerecord-5.2.3/lib/active_record/reflection.rb:162:in `class_name'
/Library/Ruby/Gems/2.3.0/gems/activerecord-5.2.3/lib/active_record/reflection.rb:769:in `klass'
/Library/Ruby/Gems/2.3.0/gems/activerecord-5.2.3/lib/active_record/reflection.rb:790:in `source_reflection'
/Library/Ruby/Gems/2.3.0/gems/activerecord-5.2.3/lib/active_record/reflection.rb:991:in `derive_class_name'
/Library/Ruby/Gems/2.3.0/gems/activerecord-5.2.3/lib/active_record/reflection.rb:162:in `class_name'
/Library/Ruby/Gems/2.3.0/gems/activerecord-5.2.3/lib/active_record/reflection.rb:769:in `klass'
/Library/Ruby/Gems/2.3.0/gems/activerecord-5.2.3/lib/active_record/reflection.rb:790:in `source_reflection'
/Library/Ruby/Gems/2.3.0/gems/activerecord-5.2.3/lib/active_record/reflection.rb:991:in `derive_class_name'
/Library/Ruby/Gems/2.3.0/gems/activerecord-5.2.3/lib/active_record/reflection.rb:162:in `class_name'
/Library/Ruby/Gems/2.3.0/gems/activerecord-5.2.3/lib/active_record/reflection.rb:769:in `klass'
/Library/Ruby/Gems/2.3.0/gems/activerecord-5.2.3/lib/active_record/reflection.rb:790:in `source_reflection'
/Library/Ruby/Gems/2.3.0/gems/activerecord-5.2.3/lib/active_record/reflection.rb:991:in `derive_class_name'
/Library/Ruby/Gems/2.3.0/gems/activerecord-5.2.3/lib/active_record/reflection.rb:162:in `class_name'
/Library/Ruby/Gems/2.3.0/gems/activerecord-5.2.3/lib/active_record/reflection.rb:769:in `klass'
/Library/Ruby/Gems/2.3.0/gems/activerecord-5.2.3/lib/active_record/reflection.rb:790:in `source_reflection'
/Library/Ruby/Gems/2.3.0/gems/activerecord-5.2.3/lib/active_record/reflection.rb:991:in `derive_class_name'
/Library/Ruby/Gems/2.3.0/gems/activerecord-5.2.3/lib/active_record/reflection.rb:162:in `class_name'
/Library/Ruby/Gems/2.3.0/gems/activerecord-5.2.3/lib/active_record/reflection.rb:769:in `klass'
/Library/Ruby/Gems/2.3.0/gems/activerecord-5.2.3/lib/active_record/reflection.rb:790:in `source_reflection'
/Library/Ruby/Gems/2.3.0/gems/activerecord-5.2.3/lib/active_record/reflection.rb:991:in `derive_class_name'
/Library/Ruby/Gems/2.3.0/gems/activerecord-5.2.3/lib/active_record/reflection.rb:162:in `class_name'
/Library/Ruby/Gems/2.3.0/gems/activerecord-5.2.3/lib/active_record/reflection.rb:769:in `klass'
/Library/Ruby/Gems/2.3.0/gems/activerecord-5.2.3/lib/active_record/reflection.rb:790:in `source_reflection'
/Library/Ruby/Gems/2.3.0/gems/activerecord-5.2.3/lib/active_record/reflection.rb:991:in `derive_class_name'
/Library/Ruby/Gems/2.3.0/gems/activerecord-5.2.3/lib/active_record/reflection.rb:162:in `class_name'
/Library/Ruby/Gems/2.3.0/gems/activerecord-5.2.3/lib/active_record/reflection.rb:769:in `klass'
/Library/Ruby/Gems/2.3.0/gems/activerecord-5.2.3/lib/active_record/reflection.rb:790:in `source_reflection'
/Library/Ruby/Gems/2.3.0/gems/activerecord-5.2.3/lib/active_record/reflection.rb:991:in `derive_class_name'
/Library/Ruby/Gems/2.3.0/gems/activerecord-5.2.3/lib/active_record/reflection.rb:162:in `class_name'
/Library/Ruby/Gems/2.3.0/gems/activerecord-5.2.3/lib/active_record/reflection.rb:769:in `klass'
/Library/Ruby/Gems/2.3.0/gems/activerecord-5.2.3/lib/active_record/reflection.rb:790:in `source_reflection'
/Library/Ruby/Gems/2.3.0/gems/activerecord-5.2.3/lib/active_record/reflection.rb:991:in `derive_class_name'
/Library/Ruby/Gems/2.3.0/gems/activerecord-5.2.3/lib/active_record/reflection.rb:162:in `class_name'
/Library/Ruby/Gems/2.3.0/gems/activerecord-5.2.3/lib/active_record/reflection.rb:769:in `klass'
/Library/Ruby/Gems/2.3.0/gems/activerecord-5.2.3/lib/active_record/reflection.rb:790:in `source_reflection'
/Library/Ruby/Gems/2.3.0/gems/activerecord-5.2.3/lib/active_record/reflection.rb:991:in `derive_class_name'
/Library/Ruby/Gems/2.3.0/gems/activerecord-5.2.3/lib/active_record/reflection.rb:162:in `class_name'
/Library/Ruby/Gems/2.3.0/gems/activerecord-5.2.3/lib/active_record/reflection.rb:769:in `klass'
/Library/Ruby/Gems/2.3.0/gems/activerecord-5.2.3/lib/active_record/reflection.rb:790:in `source_reflection'
/Library/Ruby/Gems/2.3.0/gems/activerecord-5.2.3/lib/active_record/reflection.rb:991:in `derive_class_name'
/Library/Ruby/Gems/2.3.0/gems/activerecord-5.2.3/lib/active_record/reflection.rb:162:in `class_name'
/Library/Ruby/Gems/2.3.0/gems/activerecord-5.2.3/lib/active_record/reflection.rb:769:in `klass'
/Library/Ruby/Gems/2.3.0/gems/activerecord-5.2.3/lib/active_record/reflection.rb:790:in `source_reflection'
/Library/Ruby/Gems/2.3.0/gems/activerecord-5.2.3/lib/active_record/reflection.rb:991:in `derive_class_name'
/Library/Ruby/Gems/2.3.0/gems/activerecord-5.2.3/lib/active_record/reflection.rb:162:in `class_name'
/Library/Ruby/Gems/2.3.0/gems/activerecord-5.2.3/lib/active_record/reflection.rb:769:in `klass'
/Library/Ruby/Gems/2.3.0/gems/activerecord-5.2.3/lib/active_record/reflection.rb:790:in `source_reflection'
/Library/Ruby/Gems/2.3.0/gems/activerecord-5.2.3/lib/active_record/reflection.rb:991:in `derive_class_name'
/Library/Ruby/Gems/2.3.0/gems/activerecord-5.2.3/lib/active_record/reflection.rb:162:in `class_name'
/Library/Ruby/Gems/2.3.0/gems/activerecord-5.2.3/lib/active_record/reflection.rb:769:in `klass'
/Library/Ruby/Gems/2.3.0/gems/activerecord-5.2.3/lib/active_record/reflection.rb:790:in `source_reflection'
/Library/Ruby/Gems/2.3.0/gems/activerecord-5.2.3/lib/active_record/reflection.rb:991:in `derive_class_name'
/Library/Ruby/Gems/2.3.0/gems/activerecord-5.2.3/lib/active_record/reflection.rb:162:in `class_name'
/Library/Ruby/Gems/2.3.0/gems/activerecord-5.2.3/lib/active_record/reflection.rb:769:in `klass'
/Library/Ruby/Gems/2.3.0/gems/activerecord-5.2.3/lib/active_record/reflection.rb:790:in `source_reflection'
/Library/Ruby/Gems/2.3.0/gems/activerecord-5.2.3/lib/active_record/reflection.rb:991:in `derive_class_name'
/Library/Ruby/Gems/2.3.0/gems/activerecord-5.2.3/lib/active_record/reflection.rb:162:in `class_name'
/Library/Ruby/Gems/2.3.0/gems/activerecord-5.2.3/lib/active_record/reflection.rb:769:in `klass'
/Library/Ruby/Gems/2.3.0/gems/activerecord-5.2.3/lib/active_record/reflection.rb:790:in `source_reflection'
/Library/Ruby/Gems/2.3.0/gems/activerecord-5.2.3/lib/active_record/reflection.rb:991:in `derive_class_name'
/Library/Ruby/Gems/2.3.0/gems/activerecord-5.2.3/lib/active_record/reflection.rb:162:in `class_name'
/Library/Ruby/Gems/2.3.0/gems/activerecord-5.2.3/lib/active_record/reflection.rb:769:in `klass'
/Library/Ruby/Gems/2.3.0/gems/activerecord-5.2.3/lib/active_record/reflection.rb:790:in `source_reflection'
/Library/Ruby/Gems/2.3.0/gems/activerecord-5.2.3/lib/active_record/reflection.rb:991:in `derive_class_name'
/Library/Ruby/Gems/2.3.0/gems/activerecord-5.2.3/lib/active_record/reflection.rb:162:in `class_name'
/Library/Ruby/Gems/2.3.0/gems/activerecord-5.2.3/lib/active_record/reflection.rb:769:in `klass'
/Library/Ruby/Gems/2.3.0/gems/activerecord-5.2.3/lib/active_record/reflection.rb:790:in `source_reflection'
/Library/Ruby/Gems/2.3.0/gems/activerecord-5.2.3/lib/active_record/reflection.rb:991:in `derive_class_name'
/Library/Ruby/Gems/2.3.0/gems/activerecord-5.2.3/lib/active_record/reflection.rb:162:in `class_name'
/Library/Ruby/Gems/2.3.0/gems/activerecord-5.2.3/lib/active_record/reflection.rb:769:in `klass'
/Library/Ruby/Gems/2.3.0/gems/activerecord-5.2.3/lib/active_record/reflection.rb:790:in `source_reflection'
/Library/Ruby/Gems/2.3.0/gems/activerecord-5.2.3/lib/active_record/reflection.rb:991:in `derive_class_name'
/Library/Ruby/Gems/2.3.0/gems/activerecord-5.2.3/lib/active_record/reflection.rb:162:in `class_name'
/Library/Ruby/Gems/2.3.0/gems/activerecord-5.2.3/lib/active_record/reflection.rb:769:in `klass'
/Library/Ruby/Gems/2.3.0/gems/activerecord-5.2.3/lib/active_record/reflection.rb:790:in `source_reflection'
/Library/Ruby/Gems/2.3.0/gems/activerecord-5.2.3/lib/active_record/reflection.rb:991:in `derive_class_name'
/Library/Ruby/Gems/2.3.0/gems/activerecord-5.2.3/lib/active_record/reflection.rb:162:in `class_name'
/Library/Ruby/Gems/2.3.0/gems/activerecord-5.2.3/lib/active_record/reflection.rb:769:in `klass'
/Library/Ruby/Gems/2.3.0/gems/activerecord-5.2.3/lib/active_record/reflection.rb:790:in `source_reflection'
/Library/Ruby/Gems/2.3.0/gems/activerecord-5.2.3/lib/active_record/reflection.rb:991:in `derive_class_name'
/Library/Ruby/Gems/2.3.0/gems/activerecord-5.2.3/lib/active_record/reflection.rb:162:in `class_name'
/Library/Ruby/Gems/2.3.0/gems/activerecord-5.2.3/lib/active_record/reflection.rb:769:in `klass'
/Library/Ruby/Gems/2.3.0/gems/activerecord-5.2.3/lib/active_record/reflection.rb:790:in `source_reflection'
/Library/Ruby/Gems/2.3.0/gems/activerecord-5.2.3/lib/active_record/reflection.rb:991:in `derive_class_name'
/Library/Ruby/Gems/2.3.0/gems/activerecord-5.2.3/lib/active_record/reflection.rb:162:in `class_name'
/Library/Ruby/Gems/2.3.0/gems/activerecord-5.2.3/lib/active_record/reflection.rb:769:in `klass'
/Library/Ruby/Gems/2.3.0/gems/activerecord-5.2.3/lib/active_record/reflection.rb:790:in `source_reflection'
/Library/Ruby/Gems/2.3.0/gems/activerecord-5.2.3/lib/active_record/reflection.rb:991:in `derive_class_name'
/Library/Ruby/Gems/2.3.0/gems/activerecord-5.2.3/lib/active_record/reflection.rb:162:in `class_name'
/Library/Ruby/Gems/2.3.0/gems/activerecord-5.2.3/lib/active_record/reflection.rb:769:in `klass'
/Library/Ruby/Gems/2.3.0/gems/activerecord-5.2.3/lib/active_record/reflection.rb:790:in `source_reflection'
/Library/Ruby/Gems/2.3.0/gems/activerecord-5.2.3/lib/active_record/reflection.rb:991:in `derive_class_name'
/Library/Ruby/Gems/2.3.0/gems/activerecord-5.2.3/lib/active_record/reflection.rb:162:in `class_name'
/Library/Ruby/Gems/2.3.0/gems/activerecord-5.2.3/lib/active_record/reflection.rb:769:in `klass'
/Library/Ruby/Gems/2.3.0/gems/activerecord-5.2.3/lib/active_record/reflection.rb:790:in `source_reflection'
/Library/Ruby/Gems/2.3.0/gems/activerecord-5.2.3/lib/active_record/reflection.rb:991:in `derive_class_name'
/Library/Ruby/Gems/2.3.0/gems/activerecord-5.2.3/lib/active_record/reflection.rb:162:in `class_name'
/Library/Ruby/Gems/2.3.0/gems/activerecord-5.2.3/lib/active_record/reflection.rb:769:in `klass'
/Library/Ruby/Gems/2.3.0/gems/activerecord-5.2.3/lib/active_record/reflection.rb:790:in `source_reflection'
/Library/Ruby/Gems/2.3.0/gems/activerecord-5.2.3/lib/active_record/reflection.rb:991:in `derive_class_name'
/Library/Ruby/Gems/2.3.0/gems/activerecord-5.2.3/lib/active_record/reflection.rb:162:in `class_name'
/Library/Ruby/Gems/2.3.0/gems/activerecord-5.2.3/lib/active_record/reflection.rb:769:in `klass'
/Library/Ruby/Gems/2.3.0/gems/activerecord-5.2.3/lib/active_record/reflection.rb:790:in `source_reflection'
/Library/Ruby/Gems/2.3.0/gems/activerecord-5.2.3/lib/active_record/reflection.rb:991:in `derive_class_name'
/Library/Ruby/Gems/2.3.0/gems/activerecord-5.2.3/lib/active_record/reflection.rb:162:in `class_name'
/Library/Ruby/Gems/2.3.0/gems/activerecord-5.2.3/lib/active_record/reflection.rb:769:in `klass'
/Library/Ruby/Gems/2.3.0/gems/activerecord-5.2.3/lib/active_record/reflection.rb:790:in `source_reflection'
/Library/Ruby/Gems/2.3.0/gems/activerecord-5.2.3/lib/active_record/reflection.rb:991:in `derive_class_name'
/Library/Ruby/Gems/2.3.0/gems/activerecord-5.2.3/lib/active_record/reflection.rb:162:in `class_name'
/Library/Ruby/Gems/2.3.0/gems/activerecord-5.2.3/lib/active_record/reflection.rb:769:in `klass'
/Library/Ruby/Gems/2.3.0/gems/activerecord-5.2.3/lib/active_record/reflection.rb:790:in `source_reflection'
/Library/Ruby/Gems/2.3.0/gems/activerecord-5.2.3/lib/active_record/reflection.rb:991:in `derive_class_name'
/Library/Ruby/Gems/2.3.0/gems/activerecord-5.2.3/lib/active_record/reflection.rb:162:in `class_name'
/Library/Ruby/Gems/2.3.0/gems/activerecord-5.2.3/lib/active_record/reflection.rb:769:in `klass'
/Library/Ruby/Gems/2.3.0/gems/activerecord-5.2.3/lib/active_record/reflection.rb:790:in `source_reflection'
/Library/Ruby/Gems/2.3.0/gems/activerecord-5.2.3/lib/active_record/reflection.rb:991:in `derive_class_name'
/Library/Ruby/Gems/2.3.0/gems/activerecord-5.2.3/lib/active_record/reflection.rb:162:in `class_name'
/Library/Ruby/Gems/2.3.0/gems/activerecord-5.2.3/lib/active_record/reflection.rb:769:in `klass'
/Library/Ruby/Gems/2.3.0/gems/activerecord-5.2.3/lib/active_record/reflection.rb:790:in `source_reflection'
/Library/Ruby/Gems/2.3.0/gems/activerecord-5.2.3/lib/active_record/reflection.rb:991:in `derive_class_name'
/Library/Ruby/Gems/2.3.0/gems/activerecord-5.2.3/lib/active_record/reflection.rb:162:in `class_name'
/Library/Ruby/Gems/2.3.0/gems/activerecord-5.2.3/lib/active_record/reflection.rb:769:in `klass'
/Library/Ruby/Gems/2.3.0/gems/activerecord-5.2.3/lib/active_record/reflection.rb:790:in `source_reflection'
/Library/Ruby/Gems/2.3.0/gems/activerecord-5.2.3/lib/active_record/reflection.rb:991:in `derive_class_name'
/Library/Ruby/Gems/2.3.0/gems/activerecord-5.2.3/lib/active_record/reflection.rb:162:in `class_name'
/Library/Ruby/Gems/2.3.0/gems/activerecord-5.2.3/lib/active_record/reflection.rb:769:in `klass'
/Library/Ruby/Gems/2.3.0/gems/activerecord-5.2.3/lib/active_record/reflection.rb:790:in `source_reflection'
/Library/Ruby/Gems/2.3.0/gems/activerecord-5.2.3/lib/active_record/reflection.rb:991:in `derive_class_name'
/Library/Ruby/Gems/2.3.0/gems/activerecord-5.2.3/lib/active_record/reflection.rb:162:in `class_name'
/Library/Ruby/Gems/2.3.0/gems/activerecord-5.2.3/lib/active_record/reflection.rb:769:in `klass'
/Library/Ruby/Gems/2.3.0/gems/activerecord-5.2.3/lib/active_record/reflection.rb:790:in `source_reflection'
/Library/Ruby/Gems/2.3.0/gems/activerecord-5.2.3/lib/active_record/reflection.rb:991:in `derive_class_name'
/Library/Ruby/Gems/2.3.0/gems/activerecord-5.2.3/lib/active_record/reflection.rb:162:in `class_name'
/Library/Ruby/Gems/2.3.0/gems/activerecord-5.2.3/lib/active_record/reflection.rb:769:in `klass'
/Library/Ruby/Gems/2.3.0/gems/activerecord-5.2.3/lib/active_record/reflection.rb:790:in `source_reflection'
/Library/Ruby/Gems/2.3.0/gems/activerecord-5.2.3/lib/active_record/reflection.rb:991:in `derive_class_name'
/Library/Ruby/Gems/2.3.0/gems/activerecord-5.2.3/lib/active_record/reflection.rb:162:in `class_name'
/Library/Ruby/Gems/2.3.0/gems/activerecord-5.2.3/lib/active_record/reflection.rb:769:in `klass'
/Library/Ruby/Gems/2.3.0/gems/activerecord-5.2.3/lib/active_record/reflection.rb:790:in `source_reflection'
/Library/Ruby/Gems/2.3.0/gems/activerecord-5.2.3/lib/active_record/reflection.rb:991:in `derive_class_name'
/Library/Ruby/Gems/2.3.0/gems/activerecord-5.2.3/lib/active_record/reflection.rb:162:in `class_name'
/Library/Ruby/Gems/2.3.0/gems/activerecord-5.2.3/lib/active_record/reflection.rb:769:in `klass'
/Library/Ruby/Gems/2.3.0/gems/activerecord-5.2.3/lib/active_record/reflection.rb:790:in `source_reflection'
/Library/Ruby/Gems/2.3.0/gems/activerecord-5.2.3/lib/active_record/reflection.rb:991:in `derive_class_name'
/Library/Ruby/Gems/2.3.0/gems/activerecord-5.2.3/lib/active_record/reflection.rb:162:in `class_name'
/Library/Ruby/Gems/2.3.0/gems/activerecord-5.2.3/lib/active_record/reflection.rb:769:in `klass'
/Library/Ruby/Gems/2.3.0/gems/activerecord-5.2.3/lib/active_record/reflection.rb:790:in `source_reflection'
/Library/Ruby/Gems/2.3.0/gems/activerecord-5.2.3/lib/active_record/reflection.rb:991:in `derive_class_name'
/Library/Ruby/Gems/2.3.0/gems/activerecord-5.2.3/lib/active_record/reflection.rb:162:in `class_name'
/Library/Ruby/Gems/2.3.0/gems/activerecord-5.2.3/lib/active_record/reflection.rb:769:in `klass'
/Library/Ruby/Gems/2.3.0/gems/activerecord-5.2.3/lib/active_record/reflection.rb:790:in `source_reflection'
/Library/Ruby/Gems/2.3.0/gems/activerecord-5.2.3/lib/active_record/reflection.rb:991:in `derive_class_name'
/Library/Ruby/Gems/2.3.0/gems/activerecord-5.2.3/lib/active_record/reflection.rb:162:in `class_name'
/Library/Ruby/Gems/2.3.0/gems/activerecord-5.2.3/lib/active_record/reflection.rb:769:in `klass'
/Library/Ruby/Gems/2.3.0/gems/activerecord-5.2.3/lib/active_record/reflection.rb:790:in `source_reflection'
/Library/Ruby/Gems/2.3.0/gems/activerecord-5.2.3/lib/active_record/reflection.rb:991:in `derive_class_name'
/Library/Ruby/Gems/2.3.0/gems/activerecord-5.2.3/lib/active_record/reflection.rb:162:in `class_name'
/Library/Ruby/Gems/2.3.0/gems/activerecord-5.2.3/lib/active_record/reflection.rb:769:in `klass'
/Library/Ruby/Gems/2.3.0/gems/activerecord-5.2.3/lib/active_record/reflection.rb:790:in `source_reflection'
/Library/Ruby/Gems/2.3.0/gems/activerecord-5.2.3/lib/active_record/reflection.rb:991:in `derive_class_name'
/Library/Ruby/Gems/2.3.0/gems/activerecord-5.2.3/lib/active_record/reflection.rb:162:in `class_name'
/Library/Ruby/Gems/2.3.0/gems/activerecord-5.2.3/lib/active_record/reflection.rb:769:in `klass'
/Library/Ruby/Gems/2.3.0/gems/activerecord-5.2.3/lib/active_record/reflection.rb:790:in `source_reflection'
/Library/Ruby/Gems/2.3.0/gems/activerecord-5.2.3/lib/active_record/reflection.rb:991:in `derive_class_name'
/Library/Ruby/Gems/2.3.0/gems/activerecord-5.2.3/lib/active_record/reflection.rb:162:in `class_name'
/Library/Ruby/Gems/2.3.0/gems/activerecord-5.2.3/lib/active_record/reflection.rb:769:in `klass'
/Library/Ruby/Gems/2.3.0/gems/activerecord-5.2.3/lib/active_record/reflection.rb:790:in `source_reflection'
/Library/Ruby/Gems/2.3.0/gems/activerecord-5.2.3/lib/active_record/reflection.rb:991:in `derive_class_name'
/Library/Ruby/Gems/2.3.0/gems/activerecord-5.2.3/lib/active_record/reflection.rb:162:in `class_name'
/Library/Ruby/Gems/2.3.0/gems/activerecord-5.2.3/lib/active_record/reflection.rb:769:in `klass'
/Library/Ruby/Gems/2.3.0/gems/activerecord-5.2.3/lib/active_record/reflection.rb:790:in `source_reflection'
/Library/Ruby/Gems/2.3.0/gems/activerecord-5.2.3/lib/active_record/reflection.rb:991:in `derive_class_name'
/Library/Ruby/Gems/2.3.0/gems/activerecord-5.2.3/lib/active_record/reflection.rb:162:in `class_name'
/Library/Ruby/Gems/2.3.0/gems/activerecord-5.2.3/lib/active_record/reflection.rb:769:in `klass'
/Library/Ruby/Gems/2.3.0/gems/activerecord-5.2.3/lib/active_record/reflection.rb:790:in `source_reflection'
/Library/Ruby/Gems/2.3.0/gems/activerecord-5.2.3/lib/active_record/reflection.rb:991:in `derive_class_name'
/Library/Ruby/Gems/2.3.0/gems/activerecord-5.2.3/lib/active_record/reflection.rb:162:in `class_name'
/Library/Ruby/Gems/2.3.0/gems/activerecord-5.2.3/lib/active_record/reflection.rb:769:in `klass'
/Library/Ruby/Gems/2.3.0/gems/activerecord-5.2.3/lib/active_record/reflection.rb:790:in `source_reflection'
/Library/Ruby/Gems/2.3.0/gems/activerecord-5.2.3/lib/active_record/reflection.rb:991:in `derive_class_name'
/Library/Ruby/Gems/2.3.0/gems/activerecord-5.2.3/lib/active_record/reflection.rb:162:in `class_name'
/Library/Ruby/Gems/2.3.0/gems/activerecord-5.2.3/lib/active_record/reflection.rb:769:in `klass'
/Library/Ruby/Gems/2.3.0/gems/activerecord-5.2.3/lib/active_record/reflection.rb:790:in `source_reflection'
/Library/Ruby/Gems/2.3.0/gems/activerecord-5.2.3/lib/active_record/reflection.rb:991:in `derive_class_name'
/Library/Ruby/Gems/2.3.0/gems/activerecord-5.2.3/lib/active_record/reflection.rb:162:in `class_name'
/Library/Ruby/Gems/2.3.0/gems/activerecord-5.2.3/lib/active_record/reflection.rb:769:in `klass'
/Library/Ruby/Gems/2.3.0/gems/activerecord-5.2.3/lib/active_record/reflection.rb:790:in `source_reflection'
/Library/Ruby/Gems/2.3.0/gems/activerecord-5.2.3/lib/active_record/reflection.rb:991:in `derive_class_name'
/Library/Ruby/Gems/2.3.0/gems/activerecord-5.2.3/lib/active_record/reflection.rb:162:in `class_name'
/Library/Ruby/Gems/2.3.0/gems/activerecord-5.2.3/lib/active_record/reflection.rb:769:in `klass'
/Library/Ruby/Gems/2.3.0/gems/activerecord-5.2.3/lib/active_record/reflection.rb:790:in `source_reflection'
/Library/Ruby/Gems/2.3.0/gems/activerecord-5.2.3/lib/active_record/reflection.rb:991:in `derive_class_name'
/Library/Ruby/Gems/2.3.0/gems/activerecord-5.2.3/lib/active_record/reflection.rb:162:in `class_name'
/Library/Ruby/Gems/2.3.0/gems/activerecord-5.2.3/lib/active_record/reflection.rb:769:in `klass'
/Library/Ruby/Gems/2.3.0/gems/activerecord-5.2.3/lib/active_record/reflection.rb:790:in `source_reflection'
/Library/Ruby/Gems/2.3.0/gems/activerecord-5.2.3/lib/active_record/reflection.rb:991:in `derive_class_name'
/Library/Ruby/Gems/2.3.0/gems/activerecord-5.2.3/lib/active_record/reflection.rb:162:in `class_name'
/Library/Ruby/Gems/2.3.0/gems/activerecord-5.2.3/lib/active_record/reflection.rb:769:in `klass'
/Library/Ruby/Gems/2.3.0/gems/activerecord-5.2.3/lib/active_record/reflection.rb:790:in `source_reflection'
/Library/Ruby/Gems/2.3.0/gems/activerecord-5.2.3/lib/active_record/reflection.rb:991:in `derive_class_name'
/Library/Ruby/Gems/2.3.0/gems/activerecord-5.2.3/lib/active_record/reflection.rb:162:in `class_name'
/Library/Ruby/Gems/2.3.0/gems/activerecord-5.2.3/lib/active_record/reflection.rb:769:in `klass'
/Library/Ruby/Gems/2.3.0/gems/activerecord-5.2.3/lib/active_record/reflection.rb:790:in `source_reflection'
/Library/Ruby/Gems/2.3.0/gems/activerecord-5.2.3/lib/active_record/reflection.rb:991:in `derive_class_name'
/Library/Ruby/Gems/2.3.0/gems/activerecord-5.2.3/lib/active_record/reflection.rb:162:in `class_name'
/Library/Ruby/Gems/2.3.0/gems/activerecord-5.2.3/lib/active_record/reflection.rb:769:in `klass'
/Library/Ruby/Gems/2.3.0/gems/activerecord-5.2.3/lib/active_record/reflection.rb:790:in `source_reflection'
/Library/Ruby/Gems/2.3.0/gems/activerecord-5.2.3/lib/active_record/reflection.rb:991:in `derive_class_name'
/Library/Ruby/Gems/2.3.0/gems/activerecord-5.2.3/lib/active_record/reflection.rb:162:in `class_name'
/Library/Ruby/Gems/2.3.0/gems/activerecord-5.2.3/lib/active_record/reflection.rb:769:in `klass'
/Library/Ruby/Gems/2.3.0/gems/activerecord-5.2.3/lib/active_record/reflection.rb:790:in `source_reflection'
/Library/Ruby/Gems/2.3.0/gems/activerecord-5.2.3/lib/active_record/reflection.rb:991:in `derive_class_name'
/Library/Ruby/Gems/2.3.0/gems/activerecord-5.2.3/lib/active_record/reflection.rb:162:in `class_name'
/Library/Ruby/Gems/2.3.0/gems/activerecord-5.2.3/lib/active_record/reflection.rb:769:in `klass'
/Library/Ruby/Gems/2.3.0/gems/activerecord-5.2.3/lib/active_record/reflection.rb:790:in `source_reflection'
/Library/Ruby/Gems/2.3.0/gems/activerecord-5.2.3/lib/active_record/reflection.rb:991:in `derive_class_name'
/Library/Ruby/Gems/2.3.0/gems/activerecord-5.2.3/lib/active_record/reflection.rb:162:in `class_name'
/Library/Ruby/Gems/2.3.0/gems/activerecord-5.2.3/lib/active_record/reflection.rb:769:in `klass'
/Library/Ruby/Gems/2.3.0/gems/activerecord-5.2.3/lib/active_record/reflection.rb:790:in `source_reflection'
/Library/Ruby/Gems/2.3.0/gems/activerecord-5.2.3/lib/active_record/reflection.rb:991:in `derive_class_name'
/Library/Ruby/Gems/2.3.0/gems/activerecord-5.2.3/lib/active_record/reflection.rb:162:in `class_name'
/Library/Ruby/Gems/2.3.0/gems/activerecord-5.2.3/lib/active_record/reflection.rb:769:in `klass'
/Library/Ruby/Gems/2.3.0/gems/activerecord-5.2.3/lib/active_record/reflection.rb:790:in `source_reflection'
/Library/Ruby/Gems/2.3.0/gems/activerecord-5.2.3/lib/active_record/reflection.rb:991:in `derive_class_name'
/Library/Ruby/Gems/2.3.0/gems/activerecord-5.2.3/lib/active_record/reflection.rb:162:in `class_name'
/Library/Ruby/Gems/2.3.0/gems/activerecord-5.2.3/lib/active_record/reflection.rb:769:in `klass'
/Library/Ruby/Gems/2.3.0/gems/activerecord-5.2.3/lib/active_record/reflection.rb:790:in `source_reflection'
/Library/Ruby/Gems/2.3.0/gems/activerecord-5.2.3/lib/active_record/reflection.rb:991:in `derive_class_name'
/Library/Ruby/Gems/2.3.0/gems/activerecord-5.2.3/lib/active_record/reflection.rb:162:in `class_name'
/Library/Ruby/Gems/2.3.0/gems/activerecord-5.2.3/lib/active_record/reflection.rb:769:in `klass'
/Library/Ruby/Gems/2.3.0/gems/activerecord-5.2.3/lib/active_record/reflection.rb:790:in `source_reflection'
/Library/Ruby/Gems/2.3.0/gems/activerecord-5.2.3/lib/active_record/reflection.rb:991:in `derive_class_name'
/Library/Ruby/Gems/2.3.0/gems/activerecord-5.2.3/lib/active_record/reflection.rb:162:in `class_name'
/Library/Ruby/Gems/2.3.0/gems/activerecord-5.2.3/lib/active_record/reflection.rb:769:in `klass'
/Library/Ruby/Gems/2.3.0/gems/activerecord-5.2.3/lib/active_record/reflection.rb:790:in `source_reflection'
/Library/Ruby/Gems/2.3.0/gems/activerecord-5.2.3/lib/active_record/reflection.rb:991:in `derive_class_name'
/Library/Ruby/Gems/2.3.0/gems/activerecord-5.2.3/lib/active_record/reflection.rb:162:in `class_name'
/Library/Ruby/Gems/2.3.0/gems/activerecord-5.2.3/lib/active_record/reflection.rb:769:in `klass'
/Library/Ruby/Gems/2.3.0/gems/activerecord-5.2.3/lib/active_record/reflection.rb:790:in `source_reflection'
/Library/Ruby/Gems/2.3.0/gems/activerecord-5.2.3/lib/active_record/reflection.rb:991:in `derive_class_name'
/Library/Ruby/Gems/2.3.0/gems/activerecord-5.2.3/lib/active_record/reflection.rb:162:in `class_name'
/Library/Ruby/Gems/2.3.0/gems/activerecord-5.2.3/lib/active_record/reflection.rb:769:in `klass'
/Library/Ruby/Gems/2.3.0/gems/activerecord-5.2.3/lib/active_record/reflection.rb:790:in `source_reflection'
/Library/Ruby/Gems/2.3.0/gems/activerecord-5.2.3/lib/active_record/reflection.rb:991:in `derive_class_name'
/Library/Ruby/Gems/2.3.0/gems/activerecord-5.2.3/lib/active_record/reflection.rb:162:in `class_name'
/Library/Ruby/Gems/2.3.0/gems/activerecord-5.2.3/lib/active_record/reflection.rb:769:in `klass'
/Library/Ruby/Gems/2.3.0/gems/activerecord-5.2.3/lib/active_record/reflection.rb:790:in `source_reflection'
/Library/Ruby/Gems/2.3.0/gems/activerecord-5.2.3/lib/active_record/reflection.rb:991:in `derive_class_name'
/Library/Ruby/Gems/2.3.0/gems/activerecord-5.2.3/lib/active_record/reflection.rb:162:in `class_name'
/Library/Ruby/Gems/2.3.0/gems/activerecord-5.2.3/lib/active_record/reflection.rb:769:in `klass'
/Library/Ruby/Gems/2.3.0/gems/activerecord-5.2.3/lib/active_record/reflection.rb:790:in `source_reflection'
/Library/Ruby/Gems/2.3.0/gems/activerecord-5.2.3/lib/active_record/reflection.rb:991:in `derive_class_name'
/Library/Ruby/Gems/2.3.0/gems/activerecord-5.2.3/lib/active_record/reflection.rb:162:in `class_name'
/Library/Ruby/Gems/2.3.0/gems/activerecord-5.2.3/lib/active_record/reflection.rb:769:in `klass'
/Library/Ruby/Gems/2.3.0/gems/activerecord-5.2.3/lib/active_record/reflection.rb:790:in `source_reflection'
/Library/Ruby/Gems/2.3.0/gems/activerecord-5.2.3/lib/active_record/reflection.rb:991:in `derive_class_name'
/Library/Ruby/Gems/2.3.0/gems/activerecord-5.2.3/lib/active_record/reflection.rb:162:in `class_name'
/Library/Ruby/Gems/2.3.0/gems/activerecord-5.2.3/lib/active_record/reflection.rb:769:in `klass'
/Library/Ruby/Gems/2.3.0/gems/activerecord-5.2.3/lib/active_record/reflection.rb:790:in `source_reflection'
/Library/Ruby/Gems/2.3.0/gems/activerecord-5.2.3/lib/active_record/reflection.rb:991:in `derive_class_name'
/Library/Ruby/Gems/2.3.0/gems/activerecord-5.2.3/lib/active_record/reflection.rb:162:in `class_name'
/Library/Ruby/Gems/2.3.0/gems/activerecord-5.2.3/lib/active_record/reflection.rb:769:in `klass'
/Library/Ruby/Gems/2.3.0/gems/activerecord-5.2.3/lib/active_record/reflection.rb:790:in `source_reflection'
/Library/Ruby/Gems/2.3.0/gems/activerecord-5.2.3/lib/active_record/reflection.rb:991:in `derive_class_name'
/Library/Ruby/Gems/2.3.0/gems/activerecord-5.2.3/lib/active_record/reflection.rb:162:in `class_name'
/Library/Ruby/Gems/2.3.0/gems/activerecord-5.2.3/lib/active_record/reflection.rb:769:in `klass'
/Library/Ruby/Gems/2.3.0/gems/activerecord-5.2.3/lib/active_record/reflection.rb:790:in `source_reflection'
/Library/Ruby/Gems/2.3.0/gems/activerecord-5.2.3/lib/active_record/reflection.rb:991:in `derive_class_name'
/Library/Ruby/Gems/2.3.0/gems/activerecord-5.2.3/lib/active_record/reflection.rb:162:in `class_name'
/Library/Ruby/Gems/2.3.0/gems/activerecord-5.2.3/lib/active_record/reflection.rb:769:in `klass'
/Library/Ruby/Gems/2.3.0/gems/activerecord-5.2.3/lib/active_record/reflection.rb:790:in `source_reflection'
/Library/Ruby/Gems/2.3.0/gems/activerecord-5.2.3/lib/active_record/reflection.rb:991:in `derive_class_name'
/Library/Ruby/Gems/2.3.0/gems/activerecord-5.2.3/lib/active_record/reflection.rb:162:in `class_name'
/Library/Ruby/Gems/2.3.0/gems/activerecord-5.2.3/lib/active_record/reflection.rb:769:in `klass'
/Library/Ruby/Gems/2.3.0/gems/activerecord-5.2.3/lib/active_record/reflection.rb:790:in `source_reflection'
/Library/Ruby/Gems/2.3.0/gems/activerecord-5.2.3/lib/active_record/reflection.rb:991:in `derive_class_name'
/Library/Ruby/Gems/2.3.0/gems/activerecord-5.2.3/lib/active_record/reflection.rb:162:in `class_name'
/Library/Ruby/Gems/2.3.0/gems/activerecord-5.2.3/lib/active_record/reflection.rb:769:in `klass'
/Library/Ruby/Gems/2.3.0/gems/activerecord-5.2.3/lib/active_record/reflection.rb:790:in `source_reflection'
/Library/Ruby/Gems/2.3.0/gems/activerecord-5.2.3/lib/active_record/reflection.rb:991:in `derive_class_name'
/Library/Ruby/Gems/2.3.0/gems/activerecord-5.2.3/lib/active_record/reflection.rb:162:in `class_name'
/Library/Ruby/Gems/2.3.0/gems/activerecord-5.2.3/lib/active_record/reflection.rb:769:in `klass'
/Library/Ruby/Gems/2.3.0/gems/activerecord-5.2.3/lib/active_record/reflection.rb:790:in `source_reflection'
/Library/Ruby/Gems/2.3.0/gems/activerecord-5.2.3/lib/active_record/reflection.rb:991:in `derive_class_name'
/Library/Ruby/Gems/2.3.0/gems/activerecord-5.2.3/lib/active_record/reflection.rb:162:in `class_name'
/Library/Ruby/Gems/2.3.0/gems/activerecord-5.2.3/lib/active_record/reflection.rb:769:in `klass'
/Library/Ruby/Gems/2.3.0/gems/activerecord-5.2.3/lib/active_record/reflection.rb:790:in `source_reflection'
/Library/Ruby/Gems/2.3.0/gems/activerecord-5.2.3/lib/active_record/reflection.rb:991:in `derive_class_name'
/Library/Ruby/Gems/2.3.0/gems/activerecord-5.2.3/lib/active_record/reflection.rb:162:in `class_name'
/Library/Ruby/Gems/2.3.0/gems/activerecord-5.2.3/lib/active_record/reflection.rb:769:in `klass'
/Library/Ruby/Gems/2.3.0/gems/activerecord-5.2.3/lib/active_record/reflection.rb:790:in `source_reflection'
/Library/Ruby/Gems/2.3.0/gems/activerecord-5.2.3/lib/active_record/reflection.rb:991:in `derive_class_name'
/Library/Ruby/Gems/2.3.0/gems/activerecord-5.2.3/lib/active_record/reflection.rb:162:in `class_name'
/Library/Ruby/Gems/2.3.0/gems/activerecord-5.2.3/lib/active_record/reflection.rb:769:in `klass'
/Library/Ruby/Gems/2.3.0/gems/activerecord-5.2.3/lib/active_record/reflection.rb:790:in `source_reflection'
/Library/Ruby/Gems/2.3.0/gems/activerecord-5.2.3/lib/active_record/reflection.rb:991:in `derive_class_name'
/Library/Ruby/Gems/2.3.0/gems/activerecord-5.2.3/lib/active_record/reflection.rb:162:in `class_name'
/Library/Ruby/Gems/2.3.0/gems/activerecord-5.2.3/lib/active_record/reflection.rb:769:in `klass'
/Library/Ruby/Gems/2.3.0/gems/activerecord-5.2.3/lib/active_record/reflection.rb:790:in `source_reflection'
/Library/Ruby/Gems/2.3.0/gems/activerecord-5.2.3/lib/active_record/reflection.rb:991:in `derive_class_name'
/Library/Ruby/Gems/2.3.0/gems/activerecord-5.2.3/lib/active_record/reflection.rb:162:in `class_name'
/Library/Ruby/Gems/2.3.0/gems/activerecord-5.2.3/lib/active_record/reflection.rb:769:in `klass'
/Library/Ruby/Gems/2.3.0/gems/activerecord-5.2.3/lib/active_record/reflection.rb:790:in `source_reflection'
/Library/Ruby/Gems/2.3.0/gems/activerecord-5.2.3/lib/active_record/reflection.rb:991:in `derive_class_name'
/Library/Ruby/Gems/2.3.0/gems/activerecord-5.2.3/lib/active_record/reflection.rb:162:in `class_name'
/Library/Ruby/Gems/2.3.0/gems/activerecord-5.2.3/lib/active_record/reflection.rb:769:in `klass'
/Library/Ruby/Gems/2.3.0/gems/activerecord-5.2.3/lib/active_record/reflection.rb:790:in `source_reflection'
/Library/Ruby/Gems/2.3.0/gems/activerecord-5.2.3/lib/active_record/reflection.rb:991:in `derive_class_name'
/Library/Ruby/Gems/2.3.0/gems/activerecord-5.2.3/lib/active_record/reflection.rb:162:in `class_name'
/Library/Ruby/Gems/2.3.0/gems/activerecord-5.2.3/lib/active_record/reflection.rb:769:in `klass'
/Library/Ruby/Gems/2.3.0/gems/activerecord-5.2.3/lib/active_record/reflection.rb:790:in `source_reflection'
/Library/Ruby/Gems/2.3.0/gems/activerecord-5.2.3/lib/active_record/reflection.rb:991:in `derive_class_name'
/Library/Ruby/Gems/2.3.0/gems/activerecord-5.2.3/lib/active_record/reflection.rb:162:in `class_name'
/Library/Ruby/Gems/2.3.0/gems/activerecord-5.2.3/lib/active_record/reflection.rb:769:in `klass'
/Library/Ruby/Gems/2.3.0/gems/activerecord-5.2.3/lib/active_record/reflection.rb:790:in `source_reflection'
/Library/Ruby/Gems/2.3.0/gems/activerecord-5.2.3/lib/active_record/reflection.rb:991:in `derive_class_name'
/Library/Ruby/Gems/2.3.0/gems/activerecord-5.2.3/lib/active_record/reflection.rb:162:in `class_name'
/Library/Ruby/Gems/2.3.0/gems/activerecord-5.2.3/lib/active_record/reflection.rb:769:in `klass'
/Library/Ruby/Gems/2.3.0/gems/activerecord-5.2.3/lib/active_record/reflection.rb:790:in `source_reflection'
/Library/Ruby/Gems/2.3.0/gems/activerecord-5.2.3/lib/active_record/reflection.rb:991:in `derive_class_name'
/Library/Ruby/Gems/2.3.0/gems/activerecord-5.2.3/lib/active_record/reflection.rb:162:in `class_name'
/Library/Ruby/Gems/2.3.0/gems/activerecord-5.2.3/lib/active_record/reflection.rb:769:in `klass'
/Library/Ruby/Gems/2.3.0/gems/activerecord-5.2.3/lib/active_record/reflection.rb:790:in `source_reflection'
/Library/Ruby/Gems/2.3.0/gems/activerecord-5.2.3/lib/active_record/reflection.rb:991:in `derive_class_name'
/Library/Ruby/Gems/2.3.0/gems/activerecord-5.2.3/lib/active_record/reflection.rb:162:in `class_name'
/Library/Ruby/Gems/2.3.0/gems/activerecord-5.2.3/lib/active_record/reflection.rb:769:in `klass'
/Library/Ruby/Gems/2.3.0/gems/activerecord-5.2.3/lib/active_record/reflection.rb:790:in `source_reflection'
/Library/Ruby/Gems/2.3.0/gems/activerecord-5.2.3/lib/active_record/reflection.rb:991:in `derive_class_name'
/Library/Ruby/Gems/2.3.0/gems/activerecord-5.2.3/lib/active_record/reflection.rb:162:in `class_name'
/Library/Ruby/Gems/2.3.0/gems/activerecord-5.2.3/lib/active_record/reflection.rb:769:in `klass'
/Library/Ruby/Gems/2.3.0/gems/activerecord-5.2.3/lib/active_record/reflection.rb:790:in `source_reflection'
/Library/Ruby/Gems/2.3.0/gems/activerecord-5.2.3/lib/active_record/reflection.rb:991:in `derive_class_name'
/Library/Ruby/Gems/2.3.0/gems/activerecord-5.2.3/lib/active_record/reflection.rb:162:in `class_name'
/Library/Ruby/Gems/2.3.0/gems/activerecord-5.2.3/lib/active_record/reflection.rb:769:in `klass'
/Library/Ruby/Gems/2.3.0/gems/activerecord-5.2.3/lib/active_record/reflection.rb:790:in `source_reflection'
/Library/Ruby/Gems/2.3.0/gems/activerecord-5.2.3/lib/active_record/reflection.rb:991:in `derive_class_name'
/Library/Ruby/Gems/2.3.0/gems/activerecord-5.2.3/lib/active_record/reflection.rb:162:in `class_name'
/Library/Ruby/Gems/2.3.0/gems/activerecord-5.2.3/lib/active_record/reflection.rb:769:in `klass'
/Library/Ruby/Gems/2.3.0/gems/activerecord-5.2.3/lib/active_record/reflection.rb:790:in `source_reflection'
/Library/Ruby/Gems/2.3.0/gems/activerecord-5.2.3/lib/active_record/reflection.rb:991:in `derive_class_name'
/Library/Ruby/Gems/2.3.0/gems/activerecord-5.2.3/lib/active_record/reflection.rb:162:in `class_name'
/Library/Ruby/Gems/2.3.0/gems/activerecord-5.2.3/lib/active_record/reflection.rb:769:in `klass'
/Library/Ruby/Gems/2.3.0/gems/activerecord-5.2.3/lib/active_record/reflection.rb:790:in `source_reflection'
/Library/Ruby/Gems/2.3.0/gems/activerecord-5.2.3/lib/active_record/reflection.rb:991:in `derive_class_name'
/Library/Ruby/Gems/2.3.0/gems/activerecord-5.2.3/lib/active_record/reflection.rb:162:in `class_name'
/Library/Ruby/Gems/2.3.0/gems/activerecord-5.2.3/lib/active_record/reflection.rb:769:in `klass'
/Library/Ruby/Gems/2.3.0/gems/activerecord-5.2.3/lib/active_record/reflection.rb:790:in `source_reflection'
/Library/Ruby/Gems/2.3.0/gems/activerecord-5.2.3/lib/active_record/reflection.rb:991:in `derive_class_name'
/Library/Ruby/Gems/2.3.0/gems/activerecord-5.2.3/lib/active_record/reflection.rb:162:in `class_name'
/Library/Ruby/Gems/2.3.0/gems/activerecord-5.2.3/lib/active_record/reflection.rb:769:in `klass'
/Library/Ruby/Gems/2.3.0/gems/activerecord-5.2.3/lib/active_record/reflection.rb:790:in `source_reflection'
/Library/Ruby/Gems/2.3.0/gems/activerecord-5.2.3/lib/active_record/reflection.rb:991:in `derive_class_name'
/Library/Ruby/Gems/2.3.0/gems/activerecord-5.2.3/lib/active_record/reflection.rb:162:in `class_name'
/Library/Ruby/Gems/2.3.0/gems/activerecord-5.2.3/lib/active_record/reflection.rb:769:in `klass'
/Library/Ruby/Gems/2.3.0/gems/activerecord-5.2.3/lib/active_record/reflection.rb:790:in `source_reflection'
/Library/Ruby/Gems/2.3.0/gems/activerecord-5.2.3/lib/active_record/reflection.rb:991:in `derive_class_name'
/Library/Ruby/Gems/2.3.0/gems/activerecord-5.2.3/lib/active_record/reflection.rb:162:in `class_name'
/Library/Ruby/Gems/2.3.0/gems/activerecord-5.2.3/lib/active_record/reflection.rb:769:in `klass'
/Library/Ruby/Gems/2.3.0/gems/activerecord-5.2.3/lib/active_record/reflection.rb:790:in `source_reflection'
/Library/Ruby/Gems/2.3.0/gems/activerecord-5.2.3/lib/active_record/reflection.rb:991:in `derive_class_name'
/Library/Ruby/Gems/2.3.0/gems/activerecord-5.2.3/lib/active_record/reflection.rb:162:in `class_name'
/Library/Ruby/Gems/2.3.0/gems/activerecord-5.2.3/lib/active_record/reflection.rb:769:in `klass'
/Library/Ruby/Gems/2.3.0/gems/activerecord-5.2.3/lib/active_record/reflection.rb:790:in `source_reflection'
/Library/Ruby/Gems/2.3.0/gems/activerecord-5.2.3/lib/active_record/reflection.rb:991:in `derive_class_name'
/Library/Ruby/Gems/2.3.0/gems/activerecord-5.2.3/lib/active_record/reflection.rb:162:in `class_name'
/Library/Ruby/Gems/2.3.0/gems/activerecord-5.2.3/lib/active_record/reflection.rb:769:in `klass'
/Library/Ruby/Gems/2.3.0/gems/activerecord-5.2.3/lib/active_record/reflection.rb:790:in `source_reflection'
/Library/Ruby/Gems/2.3.0/gems/activerecord-5.2.3/lib/active_record/reflection.rb:991:in `derive_class_name'
/Library/Ruby/Gems/2.3.0/gems/activerecord-5.2.3/lib/active_record/reflection.rb:162:in `class_name'
/Library/Ruby/Gems/2.3.0/gems/activerecord-5.2.3/lib/active_record/reflection.rb:769:in `klass'
/Library/Ruby/Gems/2.3.0/gems/activerecord-5.2.3/lib/active_record/reflection.rb:790:in `source_reflection'
/Library/Ruby/Gems/2.3.0/gems/activerecord-5.2.3/lib/active_record/reflection.rb:991:in `derive_class_name'
/Library/Ruby/Gems/2.3.0/gems/activerecord-5.2.3/lib/active_record/reflection.rb:162:in `class_name'
/Library/Ruby/Gems/2.3.0/gems/activerecord-5.2.3/lib/active_record/reflection.rb:769:in `klass'
/Library/Ruby/Gems/2.3.0/gems/activerecord-5.2.3/lib/active_record/reflection.rb:790:in `source_reflection'
/Library/Ruby/Gems/2.3.0/gems/activerecord-5.2.3/lib/active_record/reflection.rb:991:in `derive_class_name'
/Library/Ruby/Gems/2.3.0/gems/activerecord-5.2.3/lib/active_record/reflection.rb:162:in `class_name'
/Library/Ruby/Gems/2.3.0/gems/activerecord-5.2.3/lib/active_record/reflection.rb:769:in `klass'
/Library/Ruby/Gems/2.3.0/gems/activerecord-5.2.3/lib/active_record/reflection.rb:790:in `source_reflection'
/Library/Ruby/Gems/2.3.0/gems/activerecord-5.2.3/lib/active_record/reflection.rb:991:in `derive_class_name'
/Library/Ruby/Gems/2.3.0/gems/activerecord-5.2.3/lib/active_record/reflection.rb:162:in `class_name'
/Library/Ruby/Gems/2.3.0/gems/activerecord-5.2.3/lib/active_record/reflection.rb:769:in `klass'
/Library/Ruby/Gems/2.3.0/gems/activerecord-5.2.3/lib/active_record/reflection.rb:790:in `source_reflection'
/Library/Ruby/Gems/2.3.0/gems/activerecord-5.2.3/lib/active_record/reflection.rb:991:in `derive_class_name'
/Library/Ruby/Gems/2.3.0/gems/activerecord-5.2.3/lib/active_record/reflection.rb:162:in `class_name'
/Library/Ruby/Gems/2.3.0/gems/activerecord-5.2.3/lib/active_record/reflection.rb:769:in `klass'
/Library/Ruby/Gems/2.3.0/gems/activerecord-5.2.3/lib/active_record/reflection.rb:790:in `source_reflection'
/Library/Ruby/Gems/2.3.0/gems/activerecord-5.2.3/lib/active_record/reflection.rb:991:in `derive_class_name'
/Library/Ruby/Gems/2.3.0/gems/activerecord-5.2.3/lib/active_record/reflection.rb:162:in `class_name'
/Library/Ruby/Gems/2.3.0/gems/activerecord-5.2.3/lib/active_record/reflection.rb:769:in `klass'
/Library/Ruby/Gems/2.3.0/gems/activerecord-5.2.3/lib/active_record/reflection.rb:790:in `source_reflection'
/Library/Ruby/Gems/2.3.0/gems/activerecord-5.2.3/lib/active_record/reflection.rb:991:in `derive_class_name'
/Library/Ruby/Gems/2.3.0/gems/activerecord-5.2.3/lib/active_record/reflection.rb:162:in `class_name'
/Library/Ruby/Gems/2.3.0/gems/activerecord-5.2.3/lib/active_record/reflection.rb:769:in `klass'
/Library/Ruby/Gems/2.3.0/gems/activerecord-5.2.3/lib/active_record/reflection.rb:790:in `source_reflection'
/Library/Ruby/Gems/2.3.0/gems/activerecord-5.2.3/lib/active_record/reflection.rb:991:in `derive_class_name'
/Library/Ruby/Gems/2.3.0/gems/activerecord-5.2.3/lib/active_record/reflection.rb:162:in `class_name'
/Library/Ruby/Gems/2.3.0/gems/activerecord-5.2.3/lib/active_record/reflection.rb:769:in `klass'
/Library/Ruby/Gems/2.3.0/gems/activerecord-5.2.3/lib/active_record/reflection.rb:790:in `source_reflection'
/Library/Ruby/Gems/2.3.0/gems/activerecord-5.2.3/lib/active_record/reflection.rb:991:in `derive_class_name'
/Library/Ruby/Gems/2.3.0/gems/activerecord-5.2.3/lib/active_record/reflection.rb:162:in `class_name'
/Library/Ruby/Gems/2.3.0/gems/activerecord-5.2.3/lib/active_record/reflection.rb:769:in `klass'
/Library/Ruby/Gems/2.3.0/gems/activerecord-5.2.3/lib/active_record/reflection.rb:790:in `source_reflection'
/Library/Ruby/Gems/2.3.0/gems/activerecord-5.2.3/lib/active_record/reflection.rb:991:in `derive_class_name'
/Library/Ruby/Gems/2.3.0/gems/activerecord-5.2.3/lib/active_record/reflection.rb:162:in `class_name'
/Library/Ruby/Gems/2.3.0/gems/activerecord-5.2.3/lib/active_record/reflection.rb:769:in `klass'
/Library/Ruby/Gems/2.3.0/gems/activerecord-5.2.3/lib/active_record/reflection.rb:790:in `source_reflection'
/Library/Ruby/Gems/2.3.0/gems/activerecord-5.2.3/lib/active_record/reflection.rb:991:in `derive_class_name'
/Library/Ruby/Gems/2.3.0/gems/activerecord-5.2.3/lib/active_record/reflection.rb:162:in `class_name'
/Library/Ruby/Gems/2.3.0/gems/activerecord-5.2.3/lib/active_record/reflection.rb:769:in `klass'
/Library/Ruby/Gems/2.3.0/gems/activerecord-5.2.3/lib/active_record/reflection.rb:790:in `source_reflection'
/Library/Ruby/Gems/2.3.0/gems/activerecord-5.2.3/lib/active_record/reflection.rb:991:in `derive_class_name'
/Library/Ruby/Gems/2.3.0/gems/activerecord-5.2.3/lib/active_record/reflection.rb:162:in `class_name'
/Library/Ruby/Gems/2.3.0/gems/activerecord-5.2.3/lib/active_record/reflection.rb:769:in `klass'
/Library/Ruby/Gems/2.3.0/gems/activerecord-5.2.3/lib/active_record/reflection.rb:790:in `source_reflection'
/Library/Ruby/Gems/2.3.0/gems/activerecord-5.2.3/lib/active_record/reflection.rb:991:in `derive_class_name'
/Library/Ruby/Gems/2.3.0/gems/activerecord-5.2.3/lib/active_record/reflection.rb:162:in `class_name'
/Library/Ruby/Gems/2.3.0/gems/activerecord-5.2.3/lib/active_record/reflection.rb:769:in `klass'
/Library/Ruby/Gems/2.3.0/gems/activerecord-5.2.3/lib/active_record/reflection.rb:790:in `source_reflection'
/Library/Ruby/Gems/2.3.0/gems/activerecord-5.2.3/lib/active_record/reflection.rb:991:in `derive_class_name'
/Library/Ruby/Gems/2.3.0/gems/activerecord-5.2.3/lib/active_record/reflection.rb:162:in `class_name'
/Library/Ruby/Gems/2.3.0/gems/activerecord-5.2.3/lib/active_record/reflection.rb:769:in `klass'
/Library/Ruby/Gems/2.3.0/gems/activerecord-5.2.3/lib/active_record/reflection.rb:790:in `source_reflection'
/Library/Ruby/Gems/2.3.0/gems/activerecord-5.2.3/lib/active_record/reflection.rb:991:in `derive_class_name'
/Library/Ruby/Gems/2.3.0/gems/activerecord-5.2.3/lib/active_record/reflection.rb:162:in `class_name'
/Library/Ruby/Gems/2.3.0/gems/activerecord-5.2.3/lib/active_record/reflection.rb:769:in `klass'
/Library/Ruby/Gems/2.3.0/gems/activerecord-5.2.3/lib/active_record/reflection.rb:790:in `source_reflection'
/Library/Ruby/Gems/2.3.0/gems/activerecord-5.2.3/lib/active_record/reflection.rb:991:in `derive_class_name'
/Library/Ruby/Gems/2.3.0/gems/activerecord-5.2.3/lib/active_record/reflection.rb:162:in `class_name'
/Library/Ruby/Gems/2.3.0/gems/activerecord-5.2.3/lib/active_record/reflection.rb:769:in `klass'
/Library/Ruby/Gems/2.3.0/gems/activerecord-5.2.3/lib/active_record/reflection.rb:790:in `source_reflection'
/Library/Ruby/Gems/2.3.0/gems/activerecord-5.2.3/lib/active_record/reflection.rb:991:in `derive_class_name'
/Library/Ruby/Gems/2.3.0/gems/activerecord-5.2.3/lib/active_record/reflection.rb:162:in `class_name'
/Library/Ruby/Gems/2.3.0/gems/activerecord-5.2.3/lib/active_record/reflection.rb:769:in `klass'
/Library/Ruby/Gems/2.3.0/gems/activerecord-5.2.3/lib/active_record/reflection.rb:790:in `source_reflection'
/Library/Ruby/Gems/2.3.0/gems/activerecord-5.2.3/lib/active_record/reflection.rb:991:in `derive_class_name'
/Library/Ruby/Gems/2.3.0/gems/activerecord-5.2.3/lib/active_record/reflection.rb:162:in `class_name'
/Library/Ruby/Gems/2.3.0/gems/activerecord-5.2.3/lib/active_record/reflection.rb:769:in `klass'
/Library/Ruby/Gems/2.3.0/gems/activerecord-5.2.3/lib/active_record/reflection.rb:790:in `source_reflection'
/Library/Ruby/Gems/2.3.0/gems/activerecord-5.2.3/lib/active_record/reflection.rb:991:in `derive_class_name'
/Library/Ruby/Gems/2.3.0/gems/activerecord-5.2.3/lib/active_record/reflection.rb:162:in `class_name'
/Library/Ruby/Gems/2.3.0/gems/activerecord-5.2.3/lib/active_record/reflection.rb:769:in `klass'
/Library/Ruby/Gems/2.3.0/gems/activerecord-5.2.3/lib/active_record/reflection.rb:790:in `source_reflection'
/Library/Ruby/Gems/2.3.0/gems/activerecord-5.2.3/lib/active_record/reflection.rb:991:in `derive_class_name'
/Library/Ruby/Gems/2.3.0/gems/activerecord-5.2.3/lib/active_record/reflection.rb:162:in `class_name'
/Library/Ruby/Gems/2.3.0/gems/activerecord-5.2.3/lib/active_record/reflection.rb:769:in `klass'
/Library/Ruby/Gems/2.3.0/gems/activerecord-5.2.3/lib/active_record/reflection.rb:790:in `source_reflection'
/Library/Ruby/Gems/2.3.0/gems/activerecord-5.2.3/lib/active_record/reflection.rb:991:in `derive_class_name'
/Library/Ruby/Gems/2.3.0/gems/activerecord-5.2.3/lib/active_record/reflection.rb:162:in `class_name'
/Library/Ruby/Gems/2.3.0/gems/activerecord-5.2.3/lib/active_record/reflection.rb:769:in `klass'
/Library/Ruby/Gems/2.3.0/gems/activerecord-5.2.3/lib/active_record/reflection.rb:790:in `source_reflection'
/Library/Ruby/Gems/2.3.0/gems/activerecord-5.2.3/lib/active_record/reflection.rb:991:in `derive_class_name'
/Library/Ruby/Gems/2.3.0/gems/activerecord-5.2.3/lib/active_record/reflection.rb:162:in `class_name'
/Library/Ruby/Gems/2.3.0/gems/activerecord-5.2.3/lib/active_record/reflection.rb:769:in `klass'
/Library/Ruby/Gems/2.3.0/gems/activerecord-5.2.3/lib/active_record/reflection.rb:790:in `source_reflection'
/Library/Ruby/Gems/2.3.0/gems/activerecord-5.2.3/lib/active_record/reflection.rb:991:in `derive_class_name'
/Library/Ruby/Gems/2.3.0/gems/activerecord-5.2.3/lib/active_record/reflection.rb:162:in `class_name'
/Library/Ruby/Gems/2.3.0/gems/activerecord-5.2.3/lib/active_record/reflection.rb:769:in `klass'
/Library/Ruby/Gems/2.3.0/gems/activerecord-5.2.3/lib/active_record/reflection.rb:790:in `source_reflection'
/Library/Ruby/Gems/2.3.0/gems/activerecord-5.2.3/lib/active_record/reflection.rb:991:in `derive_class_name'
/Library/Ruby/Gems/2.3.0/gems/activerecord-5.2.3/lib/active_record/reflection.rb:162:in `class_name'
/Library/Ruby/Gems/2.3.0/gems/activerecord-5.2.3/lib/active_record/reflection.rb:769:in `klass'
/Library/Ruby/Gems/2.3.0/gems/activerecord-5.2.3/lib/active_record/reflection.rb:790:in `source_reflection'
/Library/Ruby/Gems/2.3.0/gems/activerecord-5.2.3/lib/active_record/reflection.rb:991:in `derive_class_name'
/Library/Ruby/Gems/2.3.0/gems/activerecord-5.2.3/lib/active_record/reflection.rb:162:in `class_name'
/Library/Ruby/Gems/2.3.0/gems/activerecord-5.2.3/lib/active_record/reflection.rb:769:in `klass'
/Library/Ruby/Gems/2.3.0/gems/activerecord-5.2.3/lib/active_record/reflection.rb:790:in `source_reflection'
/Library/Ruby/Gems/2.3.0/gems/activerecord-5.2.3/lib/active_record/reflection.rb:991:in `derive_class_name'
/Library/Ruby/Gems/2.3.0/gems/activerecord-5.2.3/lib/active_record/reflection.rb:162:in `class_name'
/Library/Ruby/Gems/2.3.0/gems/activerecord-5.2.3/lib/active_record/reflection.rb:769:in `klass'
/Library/Ruby/Gems/2.3.0/gems/activerecord-5.2.3/lib/active_record/reflection.rb:790:in `source_reflection'
/Library/Ruby/Gems/2.3.0/gems/activerecord-5.2.3/lib/active_record/reflection.rb:991:in `derive_class_name'
/Library/Ruby/Gems/2.3.0/gems/activerecord-5.2.3/lib/active_record/reflection.rb:162:in `class_name'
/Library/Ruby/Gems/2.3.0/gems/activerecord-5.2.3/lib/active_record/reflection.rb:769:in `klass'
/Library/Ruby/Gems/2.3.0/gems/activerecord-5.2.3/lib/active_record/reflection.rb:790:in `source_reflection'
/Library/Ruby/Gems/2.3.0/gems/activerecord-5.2.3/lib/active_record/reflection.rb:991:in `derive_class_name'
/Library/Ruby/Gems/2.3.0/gems/activerecord-5.2.3/lib/active_record/reflection.rb:162:in `class_name'
/Library/Ruby/Gems/2.3.0/gems/activerecord-5.2.3/lib/active_record/reflection.rb:769:in `klass'
/Library/Ruby/Gems/2.3.0/gems/activerecord-5.2.3/lib/active_record/reflection.rb:790:in `source_reflection'
/Library/Ruby/Gems/2.3.0/gems/activerecord-5.2.3/lib/active_record/reflection.rb:991:in `derive_class_name'
/Library/Ruby/Gems/2.3.0/gems/activerecord-5.2.3/lib/active_record/reflection.rb:162:in `class_name'
/Library/Ruby/Gems/2.3.0/gems/activerecord-5.2.3/lib/active_record/reflection.rb:769:in `klass'
/Library/Ruby/Gems/2.3.0/gems/activerecord-5.2.3/lib/active_record/reflection.rb:790:in `source_reflection'
/Library/Ruby/Gems/2.3.0/gems/activerecord-5.2.3/lib/active_record/reflection.rb:991:in `derive_class_name'
/Library/Ruby/Gems/2.3.0/gems/activerecord-5.2.3/lib/active_record/reflection.rb:162:in `class_name'
/Library/Ruby/Gems/2.3.0/gems/activerecord-5.2.3/lib/active_record/reflection.rb:769:in `klass'
/Library/Ruby/Gems/2.3.0/gems/activerecord-5.2.3/lib/active_record/reflection.rb:790:in `source_reflection'
/Library/Ruby/Gems/2.3.0/gems/activerecord-5.2.3/lib/active_record/reflection.rb:991:in `derive_class_name'
/Library/Ruby/Gems/2.3.0/gems/activerecord-5.2.3/lib/active_record/reflection.rb:162:in `class_name'
/Library/Ruby/Gems/2.3.0/gems/activerecord-5.2.3/lib/active_record/reflection.rb:769:in `klass'
/Library/Ruby/Gems/2.3.0/gems/activerecord-5.2.3/lib/active_record/reflection.rb:790:in `source_reflection'
/Library/Ruby/Gems/2.3.0/gems/activerecord-5.2.3/lib/active_record/reflection.rb:991:in `derive_class_name'
/Library/Ruby/Gems/2.3.0/gems/activerecord-5.2.3/lib/active_record/reflection.rb:162:in `class_name'
/Library/Ruby/Gems/2.3.0/gems/activerecord-5.2.3/lib/active_record/reflection.rb:769:in `klass'
/Library/Ruby/Gems/2.3.0/gems/activerecord-5.2.3/lib/active_record/reflection.rb:790:in `source_reflection'
/Library/Ruby/Gems/2.3.0/gems/activerecord-5.2.3/lib/active_record/reflection.rb:991:in `derive_class_name'
/Library/Ruby/Gems/2.3.0/gems/activerecord-5.2.3/lib/active_record/reflection.rb:162:in `class_name'
/Library/Ruby/Gems/2.3.0/gems/activerecord-5.2.3/lib/active_record/reflection.rb:769:in `klass'
/Library/Ruby/Gems/2.3.0/gems/activerecord-5.2.3/lib/active_record/reflection.rb:790:in `source_reflection'
/Library/Ruby/Gems/2.3.0/gems/activerecord-5.2.3/lib/active_record/reflection.rb:991:in `derive_class_name'
/Library/Ruby/Gems/2.3.0/gems/activerecord-5.2.3/lib/active_record/reflection.rb:162:in `class_name'
/Library/Ruby/Gems/2.3.0/gems/activerecord-5.2.3/lib/active_record/reflection.rb:769:in `klass'
/Library/Ruby/Gems/2.3.0/gems/activerecord-5.2.3/lib/active_record/reflection.rb:790:in `source_reflection'
/Library/Ruby/Gems/2.3.0/gems/activerecord-5.2.3/lib/active_record/reflection.rb:991:in `derive_class_name'
/Library/Ruby/Gems/2.3.0/gems/activerecord-5.2.3/lib/active_record/reflection.rb:162:in `class_name'
/Library/Ruby/Gems/2.3.0/gems/activerecord-5.2.3/lib/active_record/reflection.rb:769:in `klass'
/Library/Ruby/Gems/2.3.0/gems/activerecord-5.2.3/lib/active_record/reflection.rb:790:in `source_reflection'
/Library/Ruby/Gems/2.3.0/gems/activerecord-5.2.3/lib/active_record/reflection.rb:991:in `derive_class_name'
/Library/Ruby/Gems/2.3.0/gems/activerecord-5.2.3/lib/active_record/reflection.rb:162:in `class_name'
/Library/Ruby/Gems/2.3.0/gems/activerecord-5.2.3/lib/active_record/reflection.rb:769:in `klass'
/Library/Ruby/Gems/2.3.0/gems/activerecord-5.2.3/lib/active_record/reflection.rb:790:in `source_reflection'
/Library/Ruby/Gems/2.3.0/gems/activerecord-5.2.3/lib/active_record/reflection.rb:991:in `derive_class_name'
/Library/Ruby/Gems/2.3.0/gems/activerecord-5.2.3/lib/active_record/reflection.rb:162:in `class_name'
/Library/Ruby/Gems/2.3.0/gems/activerecord-5.2.3/lib/active_record/reflection.rb:769:in `klass'
/Library/Ruby/Gems/2.3.0/gems/activerecord-5.2.3/lib/active_record/reflection.rb:790:in `source_reflection'
/Library/Ruby/Gems/2.3.0/gems/activerecord-5.2.3/lib/active_record/reflection.rb:991:in `derive_class_name'
/Library/Ruby/Gems/2.3.0/gems/activerecord-5.2.3/lib/active_record/reflection.rb:162:in `class_name'
/Library/Ruby/Gems/2.3.0/gems/activerecord-5.2.3/lib/active_record/reflection.rb:769:in `klass'
/Library/Ruby/Gems/2.3.0/gems/activerecord-5.2.3/lib/active_record/reflection.rb:790:in `source_reflection'
/Library/Ruby/Gems/2.3.0/gems/activerecord-5.2.3/lib/active_record/reflection.rb:991:in `derive_class_name'
/Library/Ruby/Gems/2.3.0/gems/activerecord-5.2.3/lib/active_record/reflection.rb:162:in `class_name'
/Library/Ruby/Gems/2.3.0/gems/activerecord-5.2.3/lib/active_record/reflection.rb:769:in `klass'
/Library/Ruby/Gems/2.3.0/gems/activerecord-5.2.3/lib/active_record/reflection.rb:790:in `source_reflection'
/Library/Ruby/Gems/2.3.0/gems/activerecord-5.2.3/lib/active_record/reflection.rb:991:in `derive_class_name'
/Library/Ruby/Gems/2.3.0/gems/activerecord-5.2.3/lib/active_record/reflection.rb:162:in `class_name'
/Library/Ruby/Gems/2.3.0/gems/activerecord-5.2.3/lib/active_record/reflection.rb:769:in `klass'
/Library/Ruby/Gems/2.3.0/gems/activerecord-5.2.3/lib/active_record/reflection.rb:790:in `source_reflection'
/Library/Ruby/Gems/2.3.0/gems/activerecord-5.2.3/lib/active_record/reflection.rb:991:in `derive_class_name'
/Library/Ruby/Gems/2.3.0/gems/activerecord-5.2.3/lib/active_record/reflection.rb:162:in `class_name'
/Library/Ruby/Gems/2.3.0/gems/activerecord-5.2.3/lib/active_record/reflection.rb:769:in `klass'
/Library/Ruby/Gems/2.3.0/gems/activerecord-5.2.3/lib/active_record/reflection.rb:790:in `source_reflection'
/Library/Ruby/Gems/2.3.0/gems/activerecord-5.2.3/lib/active_record/reflection.rb:991:in `derive_class_name'
/Library/Ruby/Gems/2.3.0/gems/activerecord-5.2.3/lib/active_record/reflection.rb:162:in `class_name'
/Library/Ruby/Gems/2.3.0/gems/activerecord-5.2.3/lib/active_record/reflection.rb:769:in `klass'
/Library/Ruby/Gems/2.3.0/gems/activerecord-5.2.3/lib/active_record/reflection.rb:790:in `source_reflection'
/Library/Ruby/Gems/2.3.0/gems/activerecord-5.2.3/lib/active_record/reflection.rb:991:in `derive_class_name'
/Library/Ruby/Gems/2.3.0/gems/activerecord-5.2.3/lib/active_record/reflection.rb:162:in `class_name'
/Library/Ruby/Gems/2.3.0/gems/activerecord-5.2.3/lib/active_record/reflection.rb:769:in `klass'
/Library/Ruby/Gems/2.3.0/gems/activerecord-5.2.3/lib/active_record/reflection.rb:790:in `source_reflection'
/Library/Ruby/Gems/2.3.0/gems/activerecord-5.2.3/lib/active_record/reflection.rb:991:in `derive_class_name'
/Library/Ruby/Gems/2.3.0/gems/activerecord-5.2.3/lib/active_record/reflection.rb:162:in `class_name'
/Library/Ruby/Gems/2.3.0/gems/activerecord-5.2.3/lib/active_record/reflection.rb:769:in `klass'
/Library/Ruby/Gems/2.3.0/gems/activerecord-5.2.3/lib/active_record/reflection.rb:790:in `source_reflection'
/Library/Ruby/Gems/2.3.0/gems/activerecord-5.2.3/lib/active_record/reflection.rb:991:in `derive_class_name'
/Library/Ruby/Gems/2.3.0/gems/activerecord-5.2.3/lib/active_record/reflection.rb:162:in `class_name'
/Library/Ruby/Gems/2.3.0/gems/activerecord-5.2.3/lib/active_record/reflection.rb:769:in `klass'
/Library/Ruby/Gems/2.3.0/gems/activerecord-5.2.3/lib/active_record/reflection.rb:790:in `source_reflection'
/Library/Ruby/Gems/2.3.0/gems/activerecord-5.2.3/lib/active_record/reflection.rb:991:in `derive_class_name'
/Library/Ruby/Gems/2.3.0/gems/activerecord-5.2.3/lib/active_record/reflection.rb:162:in `class_name'
/Library/Ruby/Gems/2.3.0/gems/activerecord-5.2.3/lib/active_record/reflection.rb:769:in `klass'
/Library/Ruby/Gems/2.3.0/gems/activerecord-5.2.3/lib/active_record/reflection.rb:790:in `source_reflection'
/Library/Ruby/Gems/2.3.0/gems/activerecord-5.2.3/lib/active_record/reflection.rb:991:in `derive_class_name'
/Library/Ruby/Gems/2.3.0/gems/activerecord-5.2.3/lib/active_record/reflection.rb:162:in `class_name'
/Library/Ruby/Gems/2.3.0/gems/activerecord-5.2.3/lib/active_record/reflection.rb:769:in `klass'
/Library/Ruby/Gems/2.3.0/gems/activerecord-5.2.3/lib/active_record/reflection.rb:790:in `source_reflection'
/Library/Ruby/Gems/2.3.0/gems/activerecord-5.2.3/lib/active_record/reflection.rb:991:in `derive_class_name'
/Library/Ruby/Gems/2.3.0/gems/activerecord-5.2.3/lib/active_record/reflection.rb:162:in `class_name'
/Library/Ruby/Gems/2.3.0/gems/activerecord-5.2.3/lib/active_record/reflection.rb:769:in `klass'
/Library/Ruby/Gems/2.3.0/gems/activerecord-5.2.3/lib/active_record/reflection.rb:790:in `source_reflection'
/Library/Ruby/Gems/2.3.0/gems/activerecord-5.2.3/lib/active_record/reflection.rb:991:in `derive_class_name'
/Library/Ruby/Gems/2.3.0/gems/activerecord-5.2.3/lib/active_record/reflection.rb:162:in `class_name'
/Library/Ruby/Gems/2.3.0/gems/activerecord-5.2.3/lib/active_record/reflection.rb:769:in `klass'
/Library/Ruby/Gems/2.3.0/gems/activerecord-5.2.3/lib/active_record/reflection.rb:790:in `source_reflection'
/Library/Ruby/Gems/2.3.0/gems/activerecord-5.2.3/lib/active_record/reflection.rb:991:in `derive_class_name'
/Library/Ruby/Gems/2.3.0/gems/activerecord-5.2.3/lib/active_record/reflection.rb:162:in `class_name'
/Library/Ruby/Gems/2.3.0/gems/activerecord-5.2.3/lib/active_record/reflection.rb:769:in `klass'
/Library/Ruby/Gems/2.3.0/gems/activerecord-5.2.3/lib/active_record/reflection.rb:790:in `source_reflection'
/Library/Ruby/Gems/2.3.0/gems/activerecord-5.2.3/lib/active_record/reflection.rb:991:in `derive_class_name'
/Library/Ruby/Gems/2.3.0/gems/activerecord-5.2.3/lib/active_record/reflection.rb:162:in `class_name'
/Library/Ruby/Gems/2.3.0/gems/activerecord-5.2.3/lib/active_record/reflection.rb:769:in `klass'
/Library/Ruby/Gems/2.3.0/gems/activerecord-5.2.3/lib/active_record/reflection.rb:790:in `source_reflection'
/Library/Ruby/Gems/2.3.0/gems/activerecord-5.2.3/lib/active_record/reflection.rb:991:in `derive_class_name'
/Library/Ruby/Gems/2.3.0/gems/activerecord-5.2.3/lib/active_record/reflection.rb:162:in `class_name'
/Library/Ruby/Gems/2.3.0/gems/activerecord-5.2.3/lib/active_record/reflection.rb:769:in `klass'
/Library/Ruby/Gems/2.3.0/gems/activerecord-5.2.3/lib/active_record/reflection.rb:790:in `source_reflection'
/Library/Ruby/Gems/2.3.0/gems/activerecord-5.2.3/lib/active_record/reflection.rb:991:in `derive_class_name'
/Library/Ruby/Gems/2.3.0/gems/activerecord-5.2.3/lib/active_record/reflection.rb:162:in `class_name'
/Library/Ruby/Gems/2.3.0/gems/activerecord-5.2.3/lib/active_record/reflection.rb:769:in `klass'
/Library/Ruby/Gems/2.3.0/gems/activerecord-5.2.3/lib/active_record/reflection.rb:790:in `source_reflection'
/Library/Ruby/Gems/2.3.0/gems/activerecord-5.2.3/lib/active_record/reflection.rb:991:in `derive_class_name'
/Library/Ruby/Gems/2.3.0/gems/activerecord-5.2.3/lib/active_record/reflection.rb:162:in `class_name'
/Library/Ruby/Gems/2.3.0/gems/activerecord-5.2.3/lib/active_record/reflection.rb:769:in `klass'
/Library/Ruby/Gems/2.3.0/gems/activerecord-5.2.3/lib/active_record/reflection.rb:790:in `source_reflection'
/Library/Ruby/Gems/2.3.0/gems/activerecord-5.2.3/lib/active_record/reflection.rb:991:in `derive_class_name'
/Library/Ruby/Gems/2.3.0/gems/activerecord-5.2.3/lib/active_record/reflection.rb:162:in `class_name'
/Library/Ruby/Gems/2.3.0/gems/activerecord-5.2.3/lib/active_record/reflection.rb:769:in `klass'
/Library/Ruby/Gems/2.3.0/gems/activerecord-5.2.3/lib/active_record/reflection.rb:790:in `source_reflection'
/Library/Ruby/Gems/2.3.0/gems/activerecord-5.2.3/lib/active_record/reflection.rb:991:in `derive_class_name'
/Library/Ruby/Gems/2.3.0/gems/activerecord-5.2.3/lib/active_record/reflection.rb:162:in `class_name'
/Library/Ruby/Gems/2.3.0/gems/activerecord-5.2.3/lib/active_record/reflection.rb:769:in `klass'
/Library/Ruby/Gems/2.3.0/gems/activerecord-5.2.3/lib/active_record/reflection.rb:790:in `source_reflection'
/Library/Ruby/Gems/2.3.0/gems/activerecord-5.2.3/lib/active_record/reflection.rb:991:in `derive_class_name'
/Library/Ruby/Gems/2.3.0/gems/activerecord-5.2.3/lib/active_record/reflection.rb:162:in `class_name'
/Library/Ruby/Gems/2.3.0/gems/activerecord-5.2.3/lib/active_record/reflection.rb:769:in `klass'
/Library/Ruby/Gems/2.3.0/gems/activerecord-5.2.3/lib/active_record/reflection.rb:790:in `source_reflection'
/Library/Ruby/Gems/2.3.0/gems/activerecord-5.2.3/lib/active_record/reflection.rb:991:in `derive_class_name'
/Library/Ruby/Gems/2.3.0/gems/activerecord-5.2.3/lib/active_record/reflection.rb:162:in `class_name'
/Library/Ruby/Gems/2.3.0/gems/activerecord-5.2.3/lib/active_record/reflection.rb:769:in `klass'
/Library/Ruby/Gems/2.3.0/gems/activerecord-5.2.3/lib/active_record/reflection.rb:790:in `source_reflection'
/Library/Ruby/Gems/2.3.0/gems/activerecord-5.2.3/lib/active_record/reflection.rb:991:in `derive_class_name'
/Library/Ruby/Gems/2.3.0/gems/activerecord-5.2.3/lib/active_record/reflection.rb:162:in `class_name'
/Library/Ruby/Gems/2.3.0/gems/activerecord-5.2.3/lib/active_record/reflection.rb:769:in `klass'
/Library/Ruby/Gems/2.3.0/gems/activerecord-5.2.3/lib/active_record/reflection.rb:790:in `source_reflection'
/Library/Ruby/Gems/2.3.0/gems/activerecord-5.2.3/lib/active_record/reflection.rb:991:in `derive_class_name'
/Library/Ruby/Gems/2.3.0/gems/activerecord-5.2.3/lib/active_record/reflection.rb:162:in `class_name'
/Library/Ruby/Gems/2.3.0/gems/activerecord-5.2.3/lib/active_record/reflection.rb:769:in `klass'
/Library/Ruby/Gems/2.3.0/gems/activerecord-5.2.3/lib/active_record/reflection.rb:790:in `source_reflection'
/Library/Ruby/Gems/2.3.0/gems/activerecord-5.2.3/lib/active_record/reflection.rb:991:in `derive_class_name'
/Library/Ruby/Gems/2.3.0/gems/activerecord-5.2.3/lib/active_record/reflection.rb:162:in `class_name'
/Library/Ruby/Gems/2.3.0/gems/activerecord-5.2.3/lib/active_record/reflection.rb:769:in `klass'
/Library/Ruby/Gems/2.3.0/gems/activerecord-5.2.3/lib/active_record/reflection.rb:790:in `source_reflection'
/Library/Ruby/Gems/2.3.0/gems/activerecord-5.2.3/lib/active_record/reflection.rb:991:in `derive_class_name'
/Library/Ruby/Gems/2.3.0/gems/activerecord-5.2.3/lib/active_record/reflection.rb:162:in `class_name'
/Library/Ruby/Gems/2.3.0/gems/activerecord-5.2.3/lib/active_record/reflection.rb:769:in `klass'
/Library/Ruby/Gems/2.3.0/gems/activerecord-5.2.3/lib/active_record/reflection.rb:790:in `source_reflection'
/Library/Ruby/Gems/2.3.0/gems/activerecord-5.2.3/lib/active_record/reflection.rb:991:in `derive_class_name'
/Library/Ruby/Gems/2.3.0/gems/activerecord-5.2.3/lib/active_record/reflection.rb:162:in `class_name'
/Library/Ruby/Gems/2.3.0/gems/activerecord-5.2.3/lib/active_record/reflection.rb:769:in `klass'
/Library/Ruby/Gems/2.3.0/gems/activerecord-5.2.3/lib/active_record/reflection.rb:790:in `source_reflection'
/Library/Ruby/Gems/2.3.0/gems/activerecord-5.2.3/lib/active_record/reflection.rb:991:in `derive_class_name'
/Library/Ruby/Gems/2.3.0/gems/activerecord-5.2.3/lib/active_record/reflection.rb:162:in `class_name'
/Library/Ruby/Gems/2.3.0/gems/activerecord-5.2.3/lib/active_record/reflection.rb:769:in `klass'
/Library/Ruby/Gems/2.3.0/gems/activerecord-5.2.3/lib/active_record/reflection.rb:790:in `source_reflection'
/Library/Ruby/Gems/2.3.0/gems/activerecord-5.2.3/lib/active_record/reflection.rb:991:in `derive_class_name'
/Library/Ruby/Gems/2.3.0/gems/activerecord-5.2.3/lib/active_record/reflection.rb:162:in `class_name'
/Library/Ruby/Gems/2.3.0/gems/activerecord-5.2.3/lib/active_record/reflection.rb:769:in `klass'
/Library/Ruby/Gems/2.3.0/gems/activerecord-5.2.3/lib/active_record/reflection.rb:790:in `source_reflection'
/Library/Ruby/Gems/2.3.0/gems/activerecord-5.2.3/lib/active_record/reflection.rb:991:in `derive_class_name'
/Library/Ruby/Gems/2.3.0/gems/activerecord-5.2.3/lib/active_record/reflection.rb:162:in `class_name'
/Library/Ruby/Gems/2.3.0/gems/activerecord-5.2.3/lib/active_record/reflection.rb:769:in `klass'
/Library/Ruby/Gems/2.3.0/gems/activerecord-5.2.3/lib/active_record/reflection.rb:790:in `source_reflection'
/Library/Ruby/Gems/2.3.0/gems/activerecord-5.2.3/lib/active_record/reflection.rb:991:in `derive_class_name'
/Library/Ruby/Gems/2.3.0/gems/activerecord-5.2.3/lib/active_record/reflection.rb:162:in `class_name'
/Library/Ruby/Gems/2.3.0/gems/activerecord-5.2.3/lib/active_record/reflection.rb:769:in `klass'
/Library/Ruby/Gems/2.3.0/gems/activerecord-5.2.3/lib/active_record/reflection.rb:790:in `source_reflection'
/Library/Ruby/Gems/2.3.0/gems/activerecord-5.2.3/lib/active_record/reflection.rb:991:in `derive_class_name'
/Library/Ruby/Gems/2.3.0/gems/activerecord-5.2.3/lib/active_record/reflection.rb:162:in `class_name'
/Library/Ruby/Gems/2.3.0/gems/activerecord-5.2.3/lib/active_record/reflection.rb:769:in `klass'
/Library/Ruby/Gems/2.3.0/gems/activerecord-5.2.3/lib/active_record/reflection.rb:790:in `source_reflection'
/Library/Ruby/Gems/2.3.0/gems/activerecord-5.2.3/lib/active_record/reflection.rb:991:in `derive_class_name'
/Library/Ruby/Gems/2.3.0/gems/activerecord-5.2.3/lib/active_record/reflection.rb:162:in `class_name'
/Library/Ruby/Gems/2.3.0/gems/activerecord-5.2.3/lib/active_record/reflection.rb:769:in `klass'
/Library/Ruby/Gems/2.3.0/gems/activerecord-5.2.3/lib/active_record/reflection.rb:790:in `source_reflection'
/Library/Ruby/Gems/2.3.0/gems/activerecord-5.2.3/lib/active_record/reflection.rb:991:in `derive_class_name'
/Library/Ruby/Gems/2.3.0/gems/activerecord-5.2.3/lib/active_record/reflection.rb:162:in `class_name'
/Library/Ruby/Gems/2.3.0/gems/activerecord-5.2.3/lib/active_record/reflection.rb:769:in `klass'
/Library/Ruby/Gems/2.3.0/gems/activerecord-5.2.3/lib/active_record/reflection.rb:790:in `source_reflection'
/Library/Ruby/Gems/2.3.0/gems/activerecord-5.2.3/lib/active_record/reflection.rb:991:in `derive_class_name'
/Library/Ruby/Gems/2.3.0/gems/activerecord-5.2.3/lib/active_record/reflection.rb:162:in `class_name'
/Library/Ruby/Gems/2.3.0/gems/activerecord-5.2.3/lib/active_record/reflection.rb:769:in `klass'
/Library/Ruby/Gems/2.3.0/gems/activerecord-5.2.3/lib/active_record/reflection.rb:790:in `source_reflection'
/Library/Ruby/Gems/2.3.0/gems/activerecord-5.2.3/lib/active_record/reflection.rb:991:in `derive_class_name'
/Library/Ruby/Gems/2.3.0/gems/activerecord-5.2.3/lib/active_record/reflection.rb:162:in `class_name'
/Library/Ruby/Gems/2.3.0/gems/activerecord-5.2.3/lib/active_record/reflection.rb:769:in `klass'
/Library/Ruby/Gems/2.3.0/gems/activerecord-5.2.3/lib/active_record/reflection.rb:790:in `source_reflection'
/Library/Ruby/Gems/2.3.0/gems/activerecord-5.2.3/lib/active_record/reflection.rb:991:in `derive_class_name'
/Library/Ruby/Gems/2.3.0/gems/activerecord-5.2.3/lib/active_record/reflection.rb:162:in `class_name'
/Library/Ruby/Gems/2.3.0/gems/activerecord-5.2.3/lib/active_record/reflection.rb:769:in `klass'
/Library/Ruby/Gems/2.3.0/gems/activerecord-5.2.3/lib/active_record/reflection.rb:790:in `source_reflection'
/Library/Ruby/Gems/2.3.0/gems/activerecord-5.2.3/lib/active_record/reflection.rb:991:in `derive_class_name'
/Library/Ruby/Gems/2.3.0/gems/activerecord-5.2.3/lib/active_record/reflection.rb:162:in `class_name'
/Library/Ruby/Gems/2.3.0/gems/activerecord-5.2.3/lib/active_record/reflection.rb:769:in `klass'
/Library/Ruby/Gems/2.3.0/gems/activerecord-5.2.3/lib/active_record/reflection.rb:790:in `source_reflection'
/Library/Ruby/Gems/2.3.0/gems/activerecord-5.2.3/lib/active_record/reflection.rb:991:in `derive_class_name'
/Library/Ruby/Gems/2.3.0/gems/activerecord-5.2.3/lib/active_record/reflection.rb:162:in `class_name'
/Library/Ruby/Gems/2.3.0/gems/activerecord-5.2.3/lib/active_record/reflection.rb:769:in `klass'
/Library/Ruby/Gems/2.3.0/gems/activerecord-5.2.3/lib/active_record/reflection.rb:790:in `source_reflection'
/Library/Ruby/Gems/2.3.0/gems/activerecord-5.2.3/lib/active_record/reflection.rb:991:in `derive_class_name'
/Library/Ruby/Gems/2.3.0/gems/activerecord-5.2.3/lib/active_record/reflection.rb:162:in `class_name'
/Library/Ruby/Gems/2.3.0/gems/activerecord-5.2.3/lib/active_record/reflection.rb:769:in `klass'
/Library/Ruby/Gems/2.3.0/gems/activerecord-5.2.3/lib/active_record/reflection.rb:790:in `source_reflection'
/Library/Ruby/Gems/2.3.0/gems/activerecord-5.2.3/lib/active_record/reflection.rb:991:in `derive_class_name'
/Library/Ruby/Gems/2.3.0/gems/activerecord-5.2.3/lib/active_record/reflection.rb:162:in `class_name'
/Library/Ruby/Gems/2.3.0/gems/activerecord-5.2.3/lib/active_record/reflection.rb:769:in `klass'
/Library/Ruby/Gems/2.3.0/gems/activerecord-5.2.3/lib/active_record/reflection.rb:790:in `source_reflection'
/Library/Ruby/Gems/2.3.0/gems/activerecord-5.2.3/lib/active_record/reflection.rb:991:in `derive_class_name'
/Library/Ruby/Gems/2.3.0/gems/activerecord-5.2.3/lib/active_record/reflection.rb:162:in `class_name'
/Library/Ruby/Gems/2.3.0/gems/activerecord-5.2.3/lib/active_record/reflection.rb:769:in `klass'
/Library/Ruby/Gems/2.3.0/gems/activerecord-5.2.3/lib/active_record/reflection.rb:790:in `source_reflection'
/Library/Ruby/Gems/2.3.0/gems/activerecord-5.2.3/lib/active_record/reflection.rb:991:in `derive_class_name'
/Library/Ruby/Gems/2.3.0/gems/activerecord-5.2.3/lib/active_record/reflection.rb:162:in `class_name'
/Library/Ruby/Gems/2.3.0/gems/activerecord-5.2.3/lib/active_record/reflection.rb:769:in `klass'
/Library/Ruby/Gems/2.3.0/gems/activerecord-5.2.3/lib/active_record/reflection.rb:790:in `source_reflection'
/Library/Ruby/Gems/2.3.0/gems/activerecord-5.2.3/lib/active_record/reflection.rb:991:in `derive_class_name'
/Library/Ruby/Gems/2.3.0/gems/activerecord-5.2.3/lib/active_record/reflection.rb:162:in `class_name'
/Library/Ruby/Gems/2.3.0/gems/activerecord-5.2.3/lib/active_record/reflection.rb:769:in `klass'
/Library/Ruby/Gems/2.3.0/gems/activerecord-5.2.3/lib/active_record/reflection.rb:790:in `source_reflection'
/Library/Ruby/Gems/2.3.0/gems/activerecord-5.2.3/lib/active_record/reflection.rb:991:in `derive_class_name'
/Library/Ruby/Gems/2.3.0/gems/activerecord-5.2.3/lib/active_record/reflection.rb:162:in `class_name'
/Library/Ruby/Gems/2.3.0/gems/activerecord-5.2.3/lib/active_record/reflection.rb:769:in `klass'
/Library/Ruby/Gems/2.3.0/gems/activerecord-5.2.3/lib/active_record/reflection.rb:790:in `source_reflection'
/Library/Ruby/Gems/2.3.0/gems/activerecord-5.2.3/lib/active_record/reflection.rb:991:in `derive_class_name'
/Library/Ruby/Gems/2.3.0/gems/activerecord-5.2.3/lib/active_record/reflection.rb:162:in `class_name'
/Library/Ruby/Gems/2.3.0/gems/activerecord-5.2.3/lib/active_record/reflection.rb:769:in `klass'
/Library/Ruby/Gems/2.3.0/gems/activerecord-5.2.3/lib/active_record/reflection.rb:790:in `source_reflection'
/Library/Ruby/Gems/2.3.0/gems/activerecord-5.2.3/lib/active_record/reflection.rb:991:in `derive_class_name'
/Library/Ruby/Gems/2.3.0/gems/activerecord-5.2.3/lib/active_record/reflection.rb:162:in `class_name'
/Library/Ruby/Gems/2.3.0/gems/activerecord-5.2.3/lib/active_record/reflection.rb:769:in `klass'
/Library/Ruby/Gems/2.3.0/gems/activerecord-5.2.3/lib/active_record/reflection.rb:790:in `source_reflection'
/Library/Ruby/Gems/2.3.0/gems/activerecord-5.2.3/lib/active_record/reflection.rb:991:in `derive_class_name'
/Library/Ruby/Gems/2.3.0/gems/activerecord-5.2.3/lib/active_record/reflection.rb:162:in `class_name'
/Library/Ruby/Gems/2.3.0/gems/activerecord-5.2.3/lib/active_record/reflection.rb:769:in `klass'
/Library/Ruby/Gems/2.3.0/gems/activerecord-5.2.3/lib/active_record/reflection.rb:790:in `source_reflection'
/Library/Ruby/Gems/2.3.0/gems/activerecord-5.2.3/lib/active_record/reflection.rb:991:in `derive_class_name'
/Library/Ruby/Gems/2.3.0/gems/activerecord-5.2.3/lib/active_record/reflection.rb:162:in `class_name'
/Library/Ruby/Gems/2.3.0/gems/activerecord-5.2.3/lib/active_record/reflection.rb:769:in `klass'
/Library/Ruby/Gems/2.3.0/gems/activerecord-5.2.3/lib/active_record/reflection.rb:790:in `source_reflection'
/Library/Ruby/Gems/2.3.0/gems/activerecord-5.2.3/lib/active_record/reflection.rb:991:in `derive_class_name'
/Library/Ruby/Gems/2.3.0/gems/activerecord-5.2.3/lib/active_record/reflection.rb:162:in `class_name'
/Library/Ruby/Gems/2.3.0/gems/activerecord-5.2.3/lib/active_record/reflection.rb:769:in `klass'
/Library/Ruby/Gems/2.3.0/gems/activerecord-5.2.3/lib/active_record/reflection.rb:790:in `source_reflection'
/Library/Ruby/Gems/2.3.0/gems/activerecord-5.2.3/lib/active_record/reflection.rb:991:in `derive_class_name'
/Library/Ruby/Gems/2.3.0/gems/activerecord-5.2.3/lib/active_record/reflection.rb:162:in `class_name'
/Library/Ruby/Gems/2.3.0/gems/activerecord-5.2.3/lib/active_record/reflection.rb:769:in `klass'
/Library/Ruby/Gems/2.3.0/gems/activerecord-5.2.3/lib/active_record/reflection.rb:790:in `source_reflection'
/Library/Ruby/Gems/2.3.0/gems/activerecord-5.2.3/lib/active_record/reflection.rb:991:in `derive_class_name'
/Library/Ruby/Gems/2.3.0/gems/activerecord-5.2.3/lib/active_record/reflection.rb:162:in `class_name'
/Library/Ruby/Gems/2.3.0/gems/activerecord-5.2.3/lib/active_record/reflection.rb:769:in `klass'
/Library/Ruby/Gems/2.3.0/gems/activerecord-5.2.3/lib/active_record/reflection.rb:790:in `source_reflection'
/Library/Ruby/Gems/2.3.0/gems/activerecord-5.2.3/lib/active_record/reflection.rb:991:in `derive_class_name'
/Library/Ruby/Gems/2.3.0/gems/activerecord-5.2.3/lib/active_record/reflection.rb:162:in `class_name'
/Library/Ruby/Gems/2.3.0/gems/activerecord-5.2.3/lib/active_record/reflection.rb:769:in `klass'
/Library/Ruby/Gems/2.3.0/gems/activerecord-5.2.3/lib/active_record/reflection.rb:790:in `source_reflection'
/Library/Ruby/Gems/2.3.0/gems/activerecord-5.2.3/lib/active_record/reflection.rb:991:in `derive_class_name'
/Library/Ruby/Gems/2.3.0/gems/activerecord-5.2.3/lib/active_record/reflection.rb:162:in `class_name'
/Library/Ruby/Gems/2.3.0/gems/activerecord-5.2.3/lib/active_record/reflection.rb:769:in `klass'
/Library/Ruby/Gems/2.3.0/gems/activerecord-5.2.3/lib/active_record/reflection.rb:790:in `source_reflection'
/Library/Ruby/Gems/2.3.0/gems/activerecord-5.2.3/lib/active_record/reflection.rb:991:in `derive_class_name'
/Library/Ruby/Gems/2.3.0/gems/activerecord-5.2.3/lib/active_record/reflection.rb:162:in `class_name'
/Library/Ruby/Gems/2.3.0/gems/activerecord-5.2.3/lib/active_record/reflection.rb:769:in `klass'
/Library/Ruby/Gems/2.3.0/gems/activerecord-5.2.3/lib/active_record/reflection.rb:790:in `source_reflection'
/Library/Ruby/Gems/2.3.0/gems/activerecord-5.2.3/lib/active_record/reflection.rb:991:in `derive_class_name'
/Library/Ruby/Gems/2.3.0/gems/activerecord-5.2.3/lib/active_record/reflection.rb:162:in `class_name'
/Library/Ruby/Gems/2.3.0/gems/activerecord-5.2.3/lib/active_record/reflection.rb:769:in `klass'
/Library/Ruby/Gems/2.3.0/gems/activerecord-5.2.3/lib/active_record/reflection.rb:790:in `source_reflection'
/Library/Ruby/Gems/2.3.0/gems/activerecord-5.2.3/lib/active_record/reflection.rb:991:in `derive_class_name'
/Library/Ruby/Gems/2.3.0/gems/activerecord-5.2.3/lib/active_record/reflection.rb:162:in `class_name'
/Library/Ruby/Gems/2.3.0/gems/activerecord-5.2.3/lib/active_record/reflection.rb:769:in `klass'
/Library/Ruby/Gems/2.3.0/gems/activerecord-5.2.3/lib/active_record/reflection.rb:790:in `source_reflection'
/Library/Ruby/Gems/2.3.0/gems/activerecord-5.2.3/lib/active_record/reflection.rb:991:in `derive_class_name'
/Library/Ruby/Gems/2.3.0/gems/activerecord-5.2.3/lib/active_record/reflection.rb:162:in `class_name'
/Library/Ruby/Gems/2.3.0/gems/activerecord-5.2.3/lib/active_record/reflection.rb:769:in `klass'
/Library/Ruby/Gems/2.3.0/gems/activerecord-5.2.3/lib/active_record/reflection.rb:790:in `source_reflection'
/Library/Ruby/Gems/2.3.0/gems/activerecord-5.2.3/lib/active_record/reflection.rb:991:in `derive_class_name'
/Library/Ruby/Gems/2.3.0/gems/activerecord-5.2.3/lib/active_record/reflection.rb:162:in `class_name'
/Library/Ruby/Gems/2.3.0/gems/activerecord-5.2.3/lib/active_record/reflection.rb:769:in `klass'
/Library/Ruby/Gems/2.3.0/gems/activerecord-5.2.3/lib/active_record/reflection.rb:790:in `source_reflection'
/Library/Ruby/Gems/2.3.0/gems/activerecord-5.2.3/lib/active_record/reflection.rb:991:in `derive_class_name'
/Library/Ruby/Gems/2.3.0/gems/activerecord-5.2.3/lib/active_record/reflection.rb:162:in `class_name'
/Library/Ruby/Gems/2.3.0/gems/activerecord-5.2.3/lib/active_record/reflection.rb:769:in `klass'
/Library/Ruby/Gems/2.3.0/gems/activerecord-5.2.3/lib/active_record/reflection.rb:790:in `source_reflection'
/Library/Ruby/Gems/2.3.0/gems/activerecord-5.2.3/lib/active_record/reflection.rb:991:in `derive_class_name'
/Library/Ruby/Gems/2.3.0/gems/activerecord-5.2.3/lib/active_record/reflection.rb:162:in `class_name'
/Library/Ruby/Gems/2.3.0/gems/activerecord-5.2.3/lib/active_record/reflection.rb:769:in `klass'
/Library/Ruby/Gems/2.3.0/gems/activerecord-5.2.3/lib/active_record/reflection.rb:790:in `source_reflection'
/Library/Ruby/Gems/2.3.0/gems/activerecord-5.2.3/lib/active_record/reflection.rb:991:in `derive_class_name'
/Library/Ruby/Gems/2.3.0/gems/activerecord-5.2.3/lib/active_record/reflection.rb:162:in `class_name'
/Library/Ruby/Gems/2.3.0/gems/activerecord-5.2.3/lib/active_record/reflection.rb:769:in `klass'
/Library/Ruby/Gems/2.3.0/gems/activerecord-5.2.3/lib/active_record/reflection.rb:790:in `source_reflection'
/Library/Ruby/Gems/2.3.0/gems/activerecord-5.2.3/lib/active_record/reflection.rb:991:in `derive_class_name'
/Library/Ruby/Gems/2.3.0/gems/activerecord-5.2.3/lib/active_record/reflection.rb:162:in `class_name'
/Library/Ruby/Gems/2.3.0/gems/activerecord-5.2.3/lib/active_record/reflection.rb:769:in `klass'
/Library/Ruby/Gems/2.3.0/gems/activerecord-5.2.3/lib/active_record/reflection.rb:790:in `source_reflection'
/Library/Ruby/Gems/2.3.0/gems/activerecord-5.2.3/lib/active_record/reflection.rb:991:in `derive_class_name'
/Library/Ruby/Gems/2.3.0/gems/activerecord-5.2.3/lib/active_record/reflection.rb:162:in `class_name'
/Library/Ruby/Gems/2.3.0/gems/activerecord-5.2.3/lib/active_record/reflection.rb:769:in `klass'
/Library/Ruby/Gems/2.3.0/gems/activerecord-5.2.3/lib/active_record/reflection.rb:790:in `source_reflection'
/Library/Ruby/Gems/2.3.0/gems/activerecord-5.2.3/lib/active_record/reflection.rb:991:in `derive_class_name'
/Library/Ruby/Gems/2.3.0/gems/activerecord-5.2.3/lib/active_record/reflection.rb:162:in `class_name'
/Library/Ruby/Gems/2.3.0/gems/activerecord-5.2.3/lib/active_record/reflection.rb:769:in `klass'
/Library/Ruby/Gems/2.3.0/gems/activerecord-5.2.3/lib/active_record/reflection.rb:790:in `source_reflection'
/Library/Ruby/Gems/2.3.0/gems/activerecord-5.2.3/lib/active_record/reflection.rb:991:in `derive_class_name'
/Library/Ruby/Gems/2.3.0/gems/activerecord-5.2.3/lib/active_record/reflection.rb:162:in `class_name'
/Library/Ruby/Gems/2.3.0/gems/activerecord-5.2.3/lib/active_record/reflection.rb:769:in `klass'
/Library/Ruby/Gems/2.3.0/gems/activerecord-5.2.3/lib/active_record/reflection.rb:790:in `source_reflection'
/Library/Ruby/Gems/2.3.0/gems/activerecord-5.2.3/lib/active_record/reflection.rb:991:in `derive_class_name'
/Library/Ruby/Gems/2.3.0/gems/activerecord-5.2.3/lib/active_record/reflection.rb:162:in `class_name'
/Library/Ruby/Gems/2.3.0/gems/activerecord-5.2.3/lib/active_record/reflection.rb:769:in `klass'
/Library/Ruby/Gems/2.3.0/gems/activerecord-5.2.3/lib/active_record/reflection.rb:790:in `source_reflection'
/Library/Ruby/Gems/2.3.0/gems/activerecord-5.2.3/lib/active_record/reflection.rb:991:in `derive_class_name'
/Library/Ruby/Gems/2.3.0/gems/activerecord-5.2.3/lib/active_record/reflection.rb:162:in `class_name'
/Library/Ruby/Gems/2.3.0/gems/activerecord-5.2.3/lib/active_record/reflection.rb:769:in `klass'
/Library/Ruby/Gems/2.3.0/gems/activerecord-5.2.3/lib/active_record/reflection.rb:790:in `source_reflection'
/Library/Ruby/Gems/2.3.0/gems/activerecord-5.2.3/lib/active_record/reflection.rb:991:in `derive_class_name'
/Library/Ruby/Gems/2.3.0/gems/activerecord-5.2.3/lib/active_record/reflection.rb:162:in `class_name'
/Library/Ruby/Gems/2.3.0/gems/activerecord-5.2.3/lib/active_record/reflection.rb:769:in `klass'
/Library/Ruby/Gems/2.3.0/gems/activerecord-5.2.3/lib/active_record/reflection.rb:790:in `source_reflection'
/Library/Ruby/Gems/2.3.0/gems/activerecord-5.2.3/lib/active_record/reflection.rb:991:in `derive_class_name'
/Library/Ruby/Gems/2.3.0/gems/activerecord-5.2.3/lib/active_record/reflection.rb:162:in `class_name'
/Library/Ruby/Gems/2.3.0/gems/activerecord-5.2.3/lib/active_record/reflection.rb:769:in `klass'
/Library/Ruby/Gems/2.3.0/gems/activerecord-5.2.3/lib/active_record/reflection.rb:790:in `source_reflection'
/Library/Ruby/Gems/2.3.0/gems/activerecord-5.2.3/lib/active_record/reflection.rb:991:in `derive_class_name'
/Library/Ruby/Gems/2.3.0/gems/activerecord-5.2.3/lib/active_record/reflection.rb:162:in `class_name'
/Library/Ruby/Gems/2.3.0/gems/activerecord-5.2.3/lib/active_record/reflection.rb:769:in `klass'
/Library/Ruby/Gems/2.3.0/gems/activerecord-5.2.3/lib/active_record/reflection.rb:790:in `source_reflection'
/Library/Ruby/Gems/2.3.0/gems/activerecord-5.2.3/lib/active_record/reflection.rb:991:in `derive_class_name'
/Library/Ruby/Gems/2.3.0/gems/activerecord-5.2.3/lib/active_record/reflection.rb:162:in `class_name'
/Library/Ruby/Gems/2.3.0/gems/activerecord-5.2.3/lib/active_record/reflection.rb:769:in `klass'
/Library/Ruby/Gems/2.3.0/gems/activerecord-5.2.3/lib/active_record/reflection.rb:790:in `source_reflection'
/Library/Ruby/Gems/2.3.0/gems/activerecord-5.2.3/lib/active_record/reflection.rb:991:in `derive_class_name'
/Library/Ruby/Gems/2.3.0/gems/activerecord-5.2.3/lib/active_record/reflection.rb:162:in `class_name'
/Library/Ruby/Gems/2.3.0/gems/activerecord-5.2.3/lib/active_record/reflection.rb:769:in `klass'
/Library/Ruby/Gems/2.3.0/gems/activerecord-5.2.3/lib/active_record/reflection.rb:790:in `source_reflection'
/Library/Ruby/Gems/2.3.0/gems/activerecord-5.2.3/lib/active_record/reflection.rb:991:in `derive_class_name'
/Library/Ruby/Gems/2.3.0/gems/activerecord-5.2.3/lib/active_record/reflection.rb:162:in `class_name'
/Library/Ruby/Gems/2.3.0/gems/activerecord-5.2.3/lib/active_record/reflection.rb:769:in `klass'
/Library/Ruby/Gems/2.3.0/gems/activerecord-5.2.3/lib/active_record/reflection.rb:790:in `source_reflection'
/Library/Ruby/Gems/2.3.0/gems/activerecord-5.2.3/lib/active_record/reflection.rb:991:in `derive_class_name'
/Library/Ruby/Gems/2.3.0/gems/activerecord-5.2.3/lib/active_record/reflection.rb:162:in `class_name'
/Library/Ruby/Gems/2.3.0/gems/activerecord-5.2.3/lib/active_record/reflection.rb:769:in `klass'
/Library/Ruby/Gems/2.3.0/gems/activerecord-5.2.3/lib/active_record/reflection.rb:790:in `source_reflection'
/Library/Ruby/Gems/2.3.0/gems/activerecord-5.2.3/lib/active_record/reflection.rb:991:in `derive_class_name'
/Library/Ruby/Gems/2.3.0/gems/activerecord-5.2.3/lib/active_record/reflection.rb:162:in `class_name'
/Library/Ruby/Gems/2.3.0/gems/activerecord-5.2.3/lib/active_record/reflection.rb:769:in `klass'
/Library/Ruby/Gems/2.3.0/gems/activerecord-5.2.3/lib/active_record/reflection.rb:790:in `source_reflection'
/Library/Ruby/Gems/2.3.0/gems/activerecord-5.2.3/lib/active_record/reflection.rb:991:in `derive_class_name'
/Library/Ruby/Gems/2.3.0/gems/activerecord-5.2.3/lib/active_record/reflection.rb:162:in `class_name'
/Library/Ruby/Gems/2.3.0/gems/activerecord-5.2.3/lib/active_record/reflection.rb:769:in `klass'
/Library/Ruby/Gems/2.3.0/gems/activerecord-5.2.3/lib/active_record/reflection.rb:790:in `source_reflection'
/Library/Ruby/Gems/2.3.0/gems/activerecord-5.2.3/lib/active_record/reflection.rb:991:in `derive_class_name'
/Library/Ruby/Gems/2.3.0/gems/activerecord-5.2.3/lib/active_record/reflection.rb:162:in `class_name'
/Library/Ruby/Gems/2.3.0/gems/activerecord-5.2.3/lib/active_record/reflection.rb:769:in `klass'
/Library/Ruby/Gems/2.3.0/gems/activerecord-5.2.3/lib/active_record/reflection.rb:790:in `source_reflection'
/Library/Ruby/Gems/2.3.0/gems/activerecord-5.2.3/lib/active_record/reflection.rb:991:in `derive_class_name'
/Library/Ruby/Gems/2.3.0/gems/activerecord-5.2.3/lib/active_record/reflection.rb:162:in `class_name'
/Library/Ruby/Gems/2.3.0/gems/activerecord-5.2.3/lib/active_record/reflection.rb:769:in `klass'
/Library/Ruby/Gems/2.3.0/gems/activerecord-5.2.3/lib/active_record/reflection.rb:790:in `source_reflection'
/Library/Ruby/Gems/2.3.0/gems/activerecord-5.2.3/lib/active_record/reflection.rb:991:in `derive_class_name'
/Library/Ruby/Gems/2.3.0/gems/activerecord-5.2.3/lib/active_record/reflection.rb:162:in `class_name'
/Library/Ruby/Gems/2.3.0/gems/activerecord-5.2.3/lib/active_record/reflection.rb:769:in `klass'
/Library/Ruby/Gems/2.3.0/gems/activerecord-5.2.3/lib/active_record/reflection.rb:790:in `source_reflection'
/Library/Ruby/Gems/2.3.0/gems/activerecord-5.2.3/lib/active_record/reflection.rb:991:in `derive_class_name'
/Library/Ruby/Gems/2.3.0/gems/activerecord-5.2.3/lib/active_record/reflection.rb:162:in `class_name'
/Library/Ruby/Gems/2.3.0/gems/activerecord-5.2.3/lib/active_record/reflection.rb:769:in `klass'
/Library/Ruby/Gems/2.3.0/gems/activerecord-5.2.3/lib/active_record/reflection.rb:790:in `source_reflection'
/Library/Ruby/Gems/2.3.0/gems/activerecord-5.2.3/lib/active_record/reflection.rb:991:in `derive_class_name'
/Library/Ruby/Gems/2.3.0/gems/activerecord-5.2.3/lib/active_record/reflection.rb:162:in `class_name'
/Library/Ruby/Gems/2.3.0/gems/activerecord-5.2.3/lib/active_record/reflection.rb:769:in `klass'
/Library/Ruby/Gems/2.3.0/gems/activerecord-5.2.3/lib/active_record/reflection.rb:790:in `source_reflection'
/Library/Ruby/Gems/2.3.0/gems/activerecord-5.2.3/lib/active_record/reflection.rb:991:in `derive_class_name'
/Library/Ruby/Gems/2.3.0/gems/activerecord-5.2.3/lib/active_record/reflection.rb:162:in `class_name'
/Library/Ruby/Gems/2.3.0/gems/activerecord-5.2.3/lib/active_record/reflection.rb:769:in `klass'
/Library/Ruby/Gems/2.3.0/gems/activerecord-5.2.3/lib/active_record/reflection.rb:790:in `source_reflection'
/Library/Ruby/Gems/2.3.0/gems/activerecord-5.2.3/lib/active_record/reflection.rb:991:in `derive_class_name'
/Library/Ruby/Gems/2.3.0/gems/activerecord-5.2.3/lib/active_record/reflection.rb:162:in `class_name'
/Library/Ruby/Gems/2.3.0/gems/activerecord-5.2.3/lib/active_record/reflection.rb:769:in `klass'
/Library/Ruby/Gems/2.3.0/gems/activerecord-5.2.3/lib/active_record/reflection.rb:790:in `source_reflection'
/Library/Ruby/Gems/2.3.0/gems/activerecord-5.2.3/lib/active_record/reflection.rb:991:in `derive_class_name'
/Library/Ruby/Gems/2.3.0/gems/activerecord-5.2.3/lib/active_record/reflection.rb:162:in `class_name'
/Library/Ruby/Gems/2.3.0/gems/activerecord-5.2.3/lib/active_record/reflection.rb:769:in `klass'
/Library/Ruby/Gems/2.3.0/gems/activerecord-5.2.3/lib/active_record/reflection.rb:790:in `source_reflection'
/Library/Ruby/Gems/2.3.0/gems/activerecord-5.2.3/lib/active_record/reflection.rb:991:in `derive_class_name'
/Library/Ruby/Gems/2.3.0/gems/activerecord-5.2.3/lib/active_record/reflection.rb:162:in `class_name'
/Library/Ruby/Gems/2.3.0/gems/activerecord-5.2.3/lib/active_record/reflection.rb:769:in `klass'
/Library/Ruby/Gems/2.3.0/gems/activerecord-5.2.3/lib/active_record/reflection.rb:790:in `source_reflection'
/Library/Ruby/Gems/2.3.0/gems/activerecord-5.2.3/lib/active_record/reflection.rb:991:in `derive_class_name'
/Library/Ruby/Gems/2.3.0/gems/activerecord-5.2.3/lib/active_record/reflection.rb:162:in `class_name'
/Library/Ruby/Gems/2.3.0/gems/activerecord-5.2.3/lib/active_record/reflection.rb:769:in `klass'
/Library/Ruby/Gems/2.3.0/gems/activerecord-5.2.3/lib/active_record/reflection.rb:790:in `source_reflection'
/Library/Ruby/Gems/2.3.0/gems/activerecord-5.2.3/lib/active_record/reflection.rb:991:in `derive_class_name'
/Library/Ruby/Gems/2.3.0/gems/activerecord-5.2.3/lib/active_record/reflection.rb:162:in `class_name'
/Library/Ruby/Gems/2.3.0/gems/activerecord-5.2.3/lib/active_record/reflection.rb:769:in `klass'
/Library/Ruby/Gems/2.3.0/gems/activerecord-5.2.3/lib/active_record/reflection.rb:790:in `source_reflection'
/Library/Ruby/Gems/2.3.0/gems/activerecord-5.2.3/lib/active_record/reflection.rb:991:in `derive_class_name'
/Library/Ruby/Gems/2.3.0/gems/activerecord-5.2.3/lib/active_record/reflection.rb:162:in `class_name'
/Library/Ruby/Gems/2.3.0/gems/activerecord-5.2.3/lib/active_record/reflection.rb:769:in `klass'
/Library/Ruby/Gems/2.3.0/gems/activerecord-5.2.3/lib/active_record/reflection.rb:790:in `source_reflection'
/Library/Ruby/Gems/2.3.0/gems/activerecord-5.2.3/lib/active_record/reflection.rb:991:in `derive_class_name'
/Library/Ruby/Gems/2.3.0/gems/activerecord-5.2.3/lib/active_record/reflection.rb:162:in `class_name'
/Library/Ruby/Gems/2.3.0/gems/activerecord-5.2.3/lib/active_record/reflection.rb:769:in `klass'
/Library/Ruby/Gems/2.3.0/gems/activerecord-5.2.3/lib/active_record/reflection.rb:790:in `source_reflection'
/Library/Ruby/Gems/2.3.0/gems/activerecord-5.2.3/lib/active_record/reflection.rb:991:in `derive_class_name'
/Library/Ruby/Gems/2.3.0/gems/activerecord-5.2.3/lib/active_record/reflection.rb:162:in `class_name'
/Library/Ruby/Gems/2.3.0/gems/activerecord-5.2.3/lib/active_record/reflection.rb:769:in `klass'
/Library/Ruby/Gems/2.3.0/gems/activerecord-5.2.3/lib/active_record/reflection.rb:790:in `source_reflection'
/Library/Ruby/Gems/2.3.0/gems/activerecord-5.2.3/lib/active_record/reflection.rb:991:in `derive_class_name'
/Library/Ruby/Gems/2.3.0/gems/activerecord-5.2.3/lib/active_record/reflection.rb:162:in `class_name'
/Library/Ruby/Gems/2.3.0/gems/activerecord-5.2.3/lib/active_record/reflection.rb:769:in `klass'
/Library/Ruby/Gems/2.3.0/gems/activerecord-5.2.3/lib/active_record/reflection.rb:790:in `source_reflection'
/Library/Ruby/Gems/2.3.0/gems/activerecord-5.2.3/lib/active_record/reflection.rb:991:in `derive_class_name'
/Library/Ruby/Gems/2.3.0/gems/activerecord-5.2.3/lib/active_record/reflection.rb:162:in `class_name'
/Library/Ruby/Gems/2.3.0/gems/activerecord-5.2.3/lib/active_record/reflection.rb:769:in `klass'
/Library/Ruby/Gems/2.3.0/gems/activerecord-5.2.3/lib/active_record/reflection.rb:790:in `source_reflection'
/Library/Ruby/Gems/2.3.0/gems/activerecord-5.2.3/lib/active_record/reflection.rb:991:in `derive_class_name'
/Library/Ruby/Gems/2.3.0/gems/activerecord-5.2.3/lib/active_record/reflection.rb:162:in `class_name'
/Library/Ruby/Gems/2.3.0/gems/activerecord-5.2.3/lib/active_record/reflection.rb:769:in `klass'
/Library/Ruby/Gems/2.3.0/gems/activerecord-5.2.3/lib/active_record/reflection.rb:790:in `source_reflection'
/Library/Ruby/Gems/2.3.0/gems/activerecord-5.2.3/lib/active_record/reflection.rb:991:in `derive_class_name'
/Library/Ruby/Gems/2.3.0/gems/activerecord-5.2.3/lib/active_record/reflection.rb:162:in `class_name'
/Library/Ruby/Gems/2.3.0/gems/activerecord-5.2.3/lib/active_record/reflection.rb:769:in `klass'
/Library/Ruby/Gems/2.3.0/gems/activerecord-5.2.3/lib/active_record/reflection.rb:790:in `source_reflection'
/Library/Ruby/Gems/2.3.0/gems/activerecord-5.2.3/lib/active_record/reflection.rb:991:in `derive_class_name'
/Library/Ruby/Gems/2.3.0/gems/activerecord-5.2.3/lib/active_record/reflection.rb:162:in `class_name'
/Library/Ruby/Gems/2.3.0/gems/activerecord-5.2.3/lib/active_record/reflection.rb:769:in `klass'
/Library/Ruby/Gems/2.3.0/gems/activerecord-5.2.3/lib/active_record/reflection.rb:790:in `source_reflection'
/Library/Ruby/Gems/2.3.0/gems/activerecord-5.2.3/lib/active_record/reflection.rb:991:in `derive_class_name'
/Library/Ruby/Gems/2.3.0/gems/activerecord-5.2.3/lib/active_record/reflection.rb:162:in `class_name'
/Library/Ruby/Gems/2.3.0/gems/activerecord-5.2.3/lib/active_record/reflection.rb:769:in `klass'
/Library/Ruby/Gems/2.3.0/gems/activerecord-5.2.3/lib/active_record/reflection.rb:790:in `source_reflection'
/Library/Ruby/Gems/2.3.0/gems/activerecord-5.2.3/lib/active_record/reflection.rb:991:in `derive_class_name'
/Library/Ruby/Gems/2.3.0/gems/activerecord-5.2.3/lib/active_record/reflection.rb:162:in `class_name'
/Library/Ruby/Gems/2.3.0/gems/activerecord-5.2.3/lib/active_record/reflection.rb:769:in `klass'
/Library/Ruby/Gems/2.3.0/gems/activerecord-5.2.3/lib/active_record/reflection.rb:790:in `source_reflection'
/Library/Ruby/Gems/2.3.0/gems/activerecord-5.2.3/lib/active_record/reflection.rb:991:in `derive_class_name'
/Library/Ruby/Gems/2.3.0/gems/activerecord-5.2.3/lib/active_record/reflection.rb:162:in `class_name'
/Library/Ruby/Gems/2.3.0/gems/activerecord-5.2.3/lib/active_record/reflection.rb:769:in `klass'
/Library/Ruby/Gems/2.3.0/gems/activerecord-5.2.3/lib/active_record/reflection.rb:790:in `source_reflection'
/Library/Ruby/Gems/2.3.0/gems/activerecord-5.2.3/lib/active_record/reflection.rb:991:in `derive_class_name'
/Library/Ruby/Gems/2.3.0/gems/activerecord-5.2.3/lib/active_record/reflection.rb:162:in `class_name'
/Library/Ruby/Gems/2.3.0/gems/activerecord-5.2.3/lib/active_record/reflection.rb:769:in `klass'
/Library/Ruby/Gems/2.3.0/gems/activerecord-5.2.3/lib/active_record/reflection.rb:790:in `source_reflection'
/Library/Ruby/Gems/2.3.0/gems/activerecord-5.2.3/lib/active_record/reflection.rb:991:in `derive_class_name'
/Library/Ruby/Gems/2.3.0/gems/activerecord-5.2.3/lib/active_record/reflection.rb:162:in `class_name'
/Library/Ruby/Gems/2.3.0/gems/activerecord-5.2.3/lib/active_record/reflection.rb:769:in `klass'
/Library/Ruby/Gems/2.3.0/gems/activerecord-5.2.3/lib/active_record/reflection.rb:790:in `source_reflection'
/Library/Ruby/Gems/2.3.0/gems/activerecord-5.2.3/lib/active_record/reflection.rb:991:in `derive_class_name'
/Library/Ruby/Gems/2.3.0/gems/activerecord-5.2.3/lib/active_record/reflection.rb:162:in `class_name'
/Library/Ruby/Gems/2.3.0/gems/activerecord-5.2.3/lib/active_record/reflection.rb:769:in `klass'
/Library/Ruby/Gems/2.3.0/gems/activerecord-5.2.3/lib/active_record/reflection.rb:790:in `source_reflection'
/Library/Ruby/Gems/2.3.0/gems/activerecord-5.2.3/lib/active_record/reflection.rb:991:in `derive_class_name'
/Library/Ruby/Gems/2.3.0/gems/activerecord-5.2.3/lib/active_record/reflection.rb:162:in `class_name'
/Library/Ruby/Gems/2.3.0/gems/activerecord-5.2.3/lib/active_record/reflection.rb:769:in `klass'
/Library/Ruby/Gems/2.3.0/gems/activerecord-5.2.3/lib/active_record/reflection.rb:790:in `source_reflection'
/Library/Ruby/Gems/2.3.0/gems/activerecord-5.2.3/lib/active_record/reflection.rb:991:in `derive_class_name'
/Library/Ruby/Gems/2.3.0/gems/activerecord-5.2.3/lib/active_record/reflection.rb:162:in `class_name'
/Library/Ruby/Gems/2.3.0/gems/activerecord-5.2.3/lib/active_record/reflection.rb:769:in `klass'
/Library/Ruby/Gems/2.3.0/gems/activerecord-5.2.3/lib/active_record/reflection.rb:790:in `source_reflection'
/Library/Ruby/Gems/2.3.0/gems/activerecord-5.2.3/lib/active_record/reflection.rb:991:in `derive_class_name'
/Library/Ruby/Gems/2.3.0/gems/activerecord-5.2.3/lib/active_record/reflection.rb:162:in `class_name'
/Library/Ruby/Gems/2.3.0/gems/activerecord-5.2.3/lib/active_record/reflection.rb:769:in `klass'
/Library/Ruby/Gems/2.3.0/gems/activerecord-5.2.3/lib/active_record/reflection.rb:790:in `source_reflection'
/Library/Ruby/Gems/2.3.0/gems/activerecord-5.2.3/lib/active_record/reflection.rb:991:in `derive_class_name'
/Library/Ruby/Gems/2.3.0/gems/activerecord-5.2.3/lib/active_record/reflection.rb:162:in `class_name'
/Library/Ruby/Gems/2.3.0/gems/activerecord-5.2.3/lib/active_record/reflection.rb:769:in `klass'
/Library/Ruby/Gems/2.3.0/gems/activerecord-5.2.3/lib/active_record/reflection.rb:790:in `source_reflection'
/Library/Ruby/Gems/2.3.0/gems/activerecord-5.2.3/lib/active_record/reflection.rb:991:in `derive_class_name'
/Library/Ruby/Gems/2.3.0/gems/activerecord-5.2.3/lib/active_record/reflection.rb:162:in `class_name'
/Library/Ruby/Gems/2.3.0/gems/activerecord-5.2.3/lib/active_record/reflection.rb:769:in `klass'
/Library/Ruby/Gems/2.3.0/gems/activerecord-5.2.3/lib/active_record/reflection.rb:790:in `source_reflection'
/Library/Ruby/Gems/2.3.0/gems/activerecord-5.2.3/lib/active_record/reflection.rb:991:in `derive_class_name'
/Library/Ruby/Gems/2.3.0/gems/activerecord-5.2.3/lib/active_record/reflection.rb:162:in `class_name'
/Library/Ruby/Gems/2.3.0/gems/activerecord-5.2.3/lib/active_record/reflection.rb:769:in `klass'
/Library/Ruby/Gems/2.3.0/gems/activerecord-5.2.3/lib/active_record/reflection.rb:790:in `source_reflection'
/Library/Ruby/Gems/2.3.0/gems/activerecord-5.2.3/lib/active_record/reflection.rb:991:in `derive_class_name'
/Library/Ruby/Gems/2.3.0/gems/activerecord-5.2.3/lib/active_record/reflection.rb:162:in `class_name'
/Library/Ruby/Gems/2.3.0/gems/activerecord-5.2.3/lib/active_record/reflection.rb:769:in `klass'
/Library/Ruby/Gems/2.3.0/gems/activerecord-5.2.3/lib/active_record/reflection.rb:790:in `source_reflection'
/Library/Ruby/Gems/2.3.0/gems/activerecord-5.2.3/lib/active_record/reflection.rb:991:in `derive_class_name'
/Library/Ruby/Gems/2.3.0/gems/activerecord-5.2.3/lib/active_record/reflection.rb:162:in `class_name'
/Library/Ruby/Gems/2.3.0/gems/activerecord-5.2.3/lib/active_record/reflection.rb:769:in `klass'
/Library/Ruby/Gems/2.3.0/gems/activerecord-5.2.3/lib/active_record/reflection.rb:790:in `source_reflection'
/Library/Ruby/Gems/2.3.0/gems/activerecord-5.2.3/lib/active_record/reflection.rb:991:in `derive_class_name'
/Library/Ruby/Gems/2.3.0/gems/activerecord-5.2.3/lib/active_record/reflection.rb:162:in `class_name'
/Library/Ruby/Gems/2.3.0/gems/activerecord-5.2.3/lib/active_record/reflection.rb:769:in `klass'
/Library/Ruby/Gems/2.3.0/gems/activerecord-5.2.3/lib/active_record/reflection.rb:790:in `source_reflection'
/Library/Ruby/Gems/2.3.0/gems/activerecord-5.2.3/lib/active_record/reflection.rb:991:in `derive_class_name'
/Library/Ruby/Gems/2.3.0/gems/activerecord-5.2.3/lib/active_record/reflection.rb:162:in `class_name'
/Library/Ruby/Gems/2.3.0/gems/activerecord-5.2.3/lib/active_record/reflection.rb:769:in `klass'
/Library/Ruby/Gems/2.3.0/gems/activerecord-5.2.3/lib/active_record/reflection.rb:790:in `source_reflection'
/Library/Ruby/Gems/2.3.0/gems/activerecord-5.2.3/lib/active_record/reflection.rb:991:in `derive_class_name'
/Library/Ruby/Gems/2.3.0/gems/activerecord-5.2.3/lib/active_record/reflection.rb:162:in `class_name'
/Library/Ruby/Gems/2.3.0/gems/activerecord-5.2.3/lib/active_record/reflection.rb:769:in `klass'
/Library/Ruby/Gems/2.3.0/gems/activerecord-5.2.3/lib/active_record/reflection.rb:790:in `source_reflection'
/Library/Ruby/Gems/2.3.0/gems/activerecord-5.2.3/lib/active_record/reflection.rb:991:in `derive_class_name'
/Library/Ruby/Gems/2.3.0/gems/activerecord-5.2.3/lib/active_record/reflection.rb:162:in `class_name'
/Library/Ruby/Gems/2.3.0/gems/activerecord-5.2.3/lib/active_record/reflection.rb:769:in `klass'
/Library/Ruby/Gems/2.3.0/gems/activerecord-5.2.3/lib/active_record/reflection.rb:790:in `source_reflection'
/Library/Ruby/Gems/2.3.0/gems/activerecord-5.2.3/lib/active_record/reflection.rb:991:in `derive_class_name'
/Library/Ruby/Gems/2.3.0/gems/activerecord-5.2.3/lib/active_record/reflection.rb:162:in `class_name'
/Library/Ruby/Gems/2.3.0/gems/activerecord-5.2.3/lib/active_record/reflection.rb:769:in `klass'
/Library/Ruby/Gems/2.3.0/gems/activerecord-5.2.3/lib/active_record/reflection.rb:790:in `source_reflection'
/Library/Ruby/Gems/2.3.0/gems/activerecord-5.2.3/lib/active_record/reflection.rb:991:in `derive_class_name'
/Library/Ruby/Gems/2.3.0/gems/activerecord-5.2.3/lib/active_record/reflection.rb:162:in `class_name'
/Library/Ruby/Gems/2.3.0/gems/activerecord-5.2.3/lib/active_record/reflection.rb:769:in `klass'
/Library/Ruby/Gems/2.3.0/gems/activerecord-5.2.3/lib/active_record/reflection.rb:790:in `source_reflection'
/Library/Ruby/Gems/2.3.0/gems/activerecord-5.2.3/lib/active_record/reflection.rb:991:in `derive_class_name'
/Library/Ruby/Gems/2.3.0/gems/activerecord-5.2.3/lib/active_record/reflection.rb:162:in `class_name'
/Library/Ruby/Gems/2.3.0/gems/activerecord-5.2.3/lib/active_record/reflection.rb:769:in `klass'
/Library/Ruby/Gems/2.3.0/gems/activerecord-5.2.3/lib/active_record/reflection.rb:790:in `source_reflection'
/Library/Ruby/Gems/2.3.0/gems/activerecord-5.2.3/lib/active_record/reflection.rb:991:in `derive_class_name'
/Library/Ruby/Gems/2.3.0/gems/activerecord-5.2.3/lib/active_record/reflection.rb:162:in `class_name'
/Library/Ruby/Gems/2.3.0/gems/activerecord-5.2.3/lib/active_record/reflection.rb:769:in `klass'
/Library/Ruby/Gems/2.3.0/gems/activerecord-5.2.3/lib/active_record/reflection.rb:790:in `source_reflection'
/Library/Ruby/Gems/2.3.0/gems/activerecord-5.2.3/lib/active_record/reflection.rb:991:in `derive_class_name'
/Library/Ruby/Gems/2.3.0/gems/activerecord-5.2.3/lib/active_record/reflection.rb:162:in `class_name'
/Library/Ruby/Gems/2.3.0/gems/activerecord-5.2.3/lib/active_record/reflection.rb:769:in `klass'
/Library/Ruby/Gems/2.3.0/gems/activerecord-5.2.3/lib/active_record/reflection.rb:790:in `source_reflection'
/Library/Ruby/Gems/2.3.0/gems/activerecord-5.2.3/lib/active_record/reflection.rb:991:in `derive_class_name'
/Library/Ruby/Gems/2.3.0/gems/activerecord-5.2.3/lib/active_record/reflection.rb:162:in `class_name'
/Library/Ruby/Gems/2.3.0/gems/activerecord-5.2.3/lib/active_record/reflection.rb:769:in `klass'
/Library/Ruby/Gems/2.3.0/gems/activerecord-5.2.3/lib/active_record/reflection.rb:790:in `source_reflection'
/Library/Ruby/Gems/2.3.0/gems/activerecord-5.2.3/lib/active_record/reflection.rb:991:in `derive_class_name'
/Library/Ruby/Gems/2.3.0/gems/activerecord-5.2.3/lib/active_record/reflection.rb:162:in `class_name'
/Library/Ruby/Gems/2.3.0/gems/activerecord-5.2.3/lib/active_record/reflection.rb:769:in `klass'
/Library/Ruby/Gems/2.3.0/gems/activerecord-5.2.3/lib/active_record/reflection.rb:790:in `source_reflection'
/Library/Ruby/Gems/2.3.0/gems/activerecord-5.2.3/lib/active_record/reflection.rb:991:in `derive_class_name'
/Library/Ruby/Gems/2.3.0/gems/activerecord-5.2.3/lib/active_record/reflection.rb:162:in `class_name'
/Library/Ruby/Gems/2.3.0/gems/activerecord-5.2.3/lib/active_record/reflection.rb:769:in `klass'
/Library/Ruby/Gems/2.3.0/gems/activerecord-5.2.3/lib/active_record/reflection.rb:790:in `source_reflection'
/Library/Ruby/Gems/2.3.0/gems/activerecord-5.2.3/lib/active_record/reflection.rb:991:in `derive_class_name'
/Library/Ruby/Gems/2.3.0/gems/activerecord-5.2.3/lib/active_record/reflection.rb:162:in `class_name'
/Library/Ruby/Gems/2.3.0/gems/activerecord-5.2.3/lib/active_record/reflection.rb:769:in `klass'
/Library/Ruby/Gems/2.3.0/gems/activerecord-5.2.3/lib/active_record/reflection.rb:790:in `source_reflection'
/Library/Ruby/Gems/2.3.0/gems/activerecord-5.2.3/lib/active_record/reflection.rb:991:in `derive_class_name'
/Library/Ruby/Gems/2.3.0/gems/activerecord-5.2.3/lib/active_record/reflection.rb:162:in `class_name'
/Library/Ruby/Gems/2.3.0/gems/activerecord-5.2.3/lib/active_record/reflection.rb:769:in `klass'
/Library/Ruby/Gems/2.3.0/gems/activerecord-5.2.3/lib/active_record/reflection.rb:790:in `source_reflection'
/Library/Ruby/Gems/2.3.0/gems/activerecord-5.2.3/lib/active_record/reflection.rb:991:in `derive_class_name'
/Library/Ruby/Gems/2.3.0/gems/activerecord-5.2.3/lib/active_record/reflection.rb:162:in `class_name'
/Library/Ruby/Gems/2.3.0/gems/activerecord-5.2.3/lib/active_record/reflection.rb:769:in `klass'
/Library/Ruby/Gems/2.3.0/gems/activerecord-5.2.3/lib/active_record/reflection.rb:790:in `source_reflection'
/Library/Ruby/Gems/2.3.0/gems/activerecord-5.2.3/lib/active_record/reflection.rb:991:in `derive_class_name'
/Library/Ruby/Gems/2.3.0/gems/activerecord-5.2.3/lib/active_record/reflection.rb:162:in `class_name'
/Library/Ruby/Gems/2.3.0/gems/activerecord-5.2.3/lib/active_record/reflection.rb:769:in `klass'
/Library/Ruby/Gems/2.3.0/gems/activerecord-5.2.3/lib/active_record/reflection.rb:790:in `source_reflection'
/Library/Ruby/Gems/2.3.0/gems/activerecord-5.2.3/lib/active_record/reflection.rb:991:in `derive_class_name'
/Library/Ruby/Gems/2.3.0/gems/activerecord-5.2.3/lib/active_record/reflection.rb:162:in `class_name'
/Library/Ruby/Gems/2.3.0/gems/activerecord-5.2.3/lib/active_record/reflection.rb:769:in `klass'
/Library/Ruby/Gems/2.3.0/gems/activerecord-5.2.3/lib/active_record/reflection.rb:790:in `source_reflection'
/Library/Ruby/Gems/2.3.0/gems/activerecord-5.2.3/lib/active_record/reflection.rb:991:in `derive_class_name'
/Library/Ruby/Gems/2.3.0/gems/activerecord-5.2.3/lib/active_record/reflection.rb:162:in `class_name'
/Library/Ruby/Gems/2.3.0/gems/activerecord-5.2.3/lib/active_record/reflection.rb:769:in `klass'
/Library/Ruby/Gems/2.3.0/gems/activerecord-5.2.3/lib/active_record/reflection.rb:790:in `source_reflection'
/Library/Ruby/Gems/2.3.0/gems/activerecord-5.2.3/lib/active_record/reflection.rb:991:in `derive_class_name'
/Library/Ruby/Gems/2.3.0/gems/activerecord-5.2.3/lib/active_record/reflection.rb:162:in `class_name'
/Library/Ruby/Gems/2.3.0/gems/activerecord-5.2.3/lib/active_record/reflection.rb:769:in `klass'
/Library/Ruby/Gems/2.3.0/gems/activerecord-5.2.3/lib/active_record/reflection.rb:790:in `source_reflection'
/Library/Ruby/Gems/2.3.0/gems/activerecord-5.2.3/lib/active_record/reflection.rb:991:in `derive_class_name'
/Library/Ruby/Gems/2.3.0/gems/activerecord-5.2.3/lib/active_record/reflection.rb:162:in `class_name'
/Library/Ruby/Gems/2.3.0/gems/activerecord-5.2.3/lib/active_record/reflection.rb:769:in `klass'
/Library/Ruby/Gems/2.3.0/gems/activerecord-5.2.3/lib/active_record/reflection.rb:790:in `source_reflection'
/Library/Ruby/Gems/2.3.0/gems/activerecord-5.2.3/lib/active_record/reflection.rb:991:in `derive_class_name'
/Library/Ruby/Gems/2.3.0/gems/activerecord-5.2.3/lib/active_record/reflection.rb:162:in `class_name'
/Library/Ruby/Gems/2.3.0/gems/activerecord-5.2.3/lib/active_record/reflection.rb:769:in `klass'
/Library/Ruby/Gems/2.3.0/gems/activerecord-5.2.3/lib/active_record/reflection.rb:790:in `source_reflection'
/Library/Ruby/Gems/2.3.0/gems/activerecord-5.2.3/lib/active_record/reflection.rb:991:in `derive_class_name'
/Library/Ruby/Gems/2.3.0/gems/activerecord-5.2.3/lib/active_record/reflection.rb:162:in `class_name'
/Library/Ruby/Gems/2.3.0/gems/activerecord-5.2.3/lib/active_record/reflection.rb:769:in `klass'
/Library/Ruby/Gems/2.3.0/gems/activerecord-5.2.3/lib/active_record/reflection.rb:790:in `source_reflection'
/Library/Ruby/Gems/2.3.0/gems/activerecord-5.2.3/lib/active_record/reflection.rb:991:in `derive_class_name'
/Library/Ruby/Gems/2.3.0/gems/activerecord-5.2.3/lib/active_record/reflection.rb:162:in `class_name'
/Library/Ruby/Gems/2.3.0/gems/activerecord-5.2.3/lib/active_record/reflection.rb:769:in `klass'
/Library/Ruby/Gems/2.3.0/gems/activerecord-5.2.3/lib/active_record/reflection.rb:790:in `source_reflection'
/Library/Ruby/Gems/2.3.0/gems/activerecord-5.2.3/lib/active_record/reflection.rb:991:in `derive_class_name'
/Library/Ruby/Gems/2.3.0/gems/activerecord-5.2.3/lib/active_record/reflection.rb:162:in `class_name'
/Library/Ruby/Gems/2.3.0/gems/activerecord-5.2.3/lib/active_record/reflection.rb:769:in `klass'
/Library/Ruby/Gems/2.3.0/gems/activerecord-5.2.3/lib/active_record/reflection.rb:790:in `source_reflection'
/Library/Ruby/Gems/2.3.0/gems/activerecord-5.2.3/lib/active_record/reflection.rb:991:in `derive_class_name'
/Library/Ruby/Gems/2.3.0/gems/activerecord-5.2.3/lib/active_record/reflection.rb:162:in `class_name'
/Library/Ruby/Gems/2.3.0/gems/activerecord-5.2.3/lib/active_record/reflection.rb:769:in `klass'
/Library/Ruby/Gems/2.3.0/gems/activerecord-5.2.3/lib/active_record/reflection.rb:790:in `source_reflection'
/Library/Ruby/Gems/2.3.0/gems/activerecord-5.2.3/lib/active_record/reflection.rb:991:in `derive_class_name'
/Library/Ruby/Gems/2.3.0/gems/activerecord-5.2.3/lib/active_record/reflection.rb:162:in `class_name'
/Library/Ruby/Gems/2.3.0/gems/activerecord-5.2.3/lib/active_record/reflection.rb:769:in `klass'
/Library/Ruby/Gems/2.3.0/gems/activerecord-5.2.3/lib/active_record/reflection.rb:790:in `source_reflection'
/Library/Ruby/Gems/2.3.0/gems/activerecord-5.2.3/lib/active_record/reflection.rb:991:in `derive_class_name'
/Library/Ruby/Gems/2.3.0/gems/activerecord-5.2.3/lib/active_record/reflection.rb:162:in `class_name'
/Library/Ruby/Gems/2.3.0/gems/activerecord-5.2.3/lib/active_record/reflection.rb:769:in `klass'
/Library/Ruby/Gems/2.3.0/gems/activerecord-5.2.3/lib/active_record/reflection.rb:790:in `source_reflection'
/Library/Ruby/Gems/2.3.0/gems/activerecord-5.2.3/lib/active_record/reflection.rb:991:in `derive_class_name'
/Library/Ruby/Gems/2.3.0/gems/activerecord-5.2.3/lib/active_record/reflection.rb:162:in `class_name'
/Library/Ruby/Gems/2.3.0/gems/activerecord-5.2.3/lib/active_record/reflection.rb:769:in `klass'
/Library/Ruby/Gems/2.3.0/gems/activerecord-5.2.3/lib/active_record/reflection.rb:790:in `source_reflection'
/Library/Ruby/Gems/2.3.0/gems/activerecord-5.2.3/lib/active_record/reflection.rb:991:in `derive_class_name'
/Library/Ruby/Gems/2.3.0/gems/activerecord-5.2.3/lib/active_record/reflection.rb:162:in `class_name'
/Library/Ruby/Gems/2.3.0/gems/activerecord-5.2.3/lib/active_record/reflection.rb:769:in `klass'
/Library/Ruby/Gems/2.3.0/gems/activerecord-5.2.3/lib/active_record/reflection.rb:790:in `source_reflection'
/Library/Ruby/Gems/2.3.0/gems/activerecord-5.2.3/lib/active_record/reflection.rb:991:in `derive_class_name'
/Library/Ruby/Gems/2.3.0/gems/activerecord-5.2.3/lib/active_record/reflection.rb:162:in `class_name'
/Library/Ruby/Gems/2.3.0/gems/activerecord-5.2.3/lib/active_record/reflection.rb:769:in `klass'
/Library/Ruby/Gems/2.3.0/gems/activerecord-5.2.3/lib/active_record/reflection.rb:790:in `source_reflection'
/Library/Ruby/Gems/2.3.0/gems/activerecord-5.2.3/lib/active_record/reflection.rb:991:in `derive_class_name'
/Library/Ruby/Gems/2.3.0/gems/activerecord-5.2.3/lib/active_record/reflection.rb:162:in `class_name'
/Library/Ruby/Gems/2.3.0/gems/activerecord-5.2.3/lib/active_record/reflection.rb:769:in `klass'
/Library/Ruby/Gems/2.3.0/gems/activerecord-5.2.3/lib/active_record/reflection.rb:790:in `source_reflection'
/Library/Ruby/Gems/2.3.0/gems/activerecord-5.2.3/lib/active_record/reflection.rb:991:in `derive_class_name'
/Library/Ruby/Gems/2.3.0/gems/activerecord-5.2.3/lib/active_record/reflection.rb:162:in `class_name'
/Library/Ruby/Gems/2.3.0/gems/activerecord-5.2.3/lib/active_record/reflection.rb:769:in `klass'
/Library/Ruby/Gems/2.3.0/gems/activerecord-5.2.3/lib/active_record/reflection.rb:790:in `source_reflection'
/Library/Ruby/Gems/2.3.0/gems/activerecord-5.2.3/lib/active_record/reflection.rb:991:in `derive_class_name'
/Library/Ruby/Gems/2.3.0/gems/activerecord-5.2.3/lib/active_record/reflection.rb:162:in `class_name'
/Library/Ruby/Gems/2.3.0/gems/activerecord-5.2.3/lib/active_record/reflection.rb:769:in `klass'
/Library/Ruby/Gems/2.3.0/gems/activerecord-5.2.3/lib/active_record/reflection.rb:790:in `source_reflection'
/Library/Ruby/Gems/2.3.0/gems/activerecord-5.2.3/lib/active_record/reflection.rb:991:in `derive_class_name'
/Library/Ruby/Gems/2.3.0/gems/activerecord-5.2.3/lib/active_record/reflection.rb:162:in `class_name'
/Library/Ruby/Gems/2.3.0/gems/activerecord-5.2.3/lib/active_record/reflection.rb:769:in `klass'
/Library/Ruby/Gems/2.3.0/gems/activerecord-5.2.3/lib/active_record/reflection.rb:790:in `source_reflection'
/Library/Ruby/Gems/2.3.0/gems/activerecord-5.2.3/lib/active_record/reflection.rb:991:in `derive_class_name'
/Library/Ruby/Gems/2.3.0/gems/activerecord-5.2.3/lib/active_record/reflection.rb:162:in `class_name'
/Library/Ruby/Gems/2.3.0/gems/activerecord-5.2.3/lib/active_record/reflection.rb:769:in `klass'
/Library/Ruby/Gems/2.3.0/gems/activerecord-5.2.3/lib/active_record/reflection.rb:790:in `source_reflection'
/Library/Ruby/Gems/2.3.0/gems/activerecord-5.2.3/lib/active_record/reflection.rb:991:in `derive_class_name'
/Library/Ruby/Gems/2.3.0/gems/activerecord-5.2.3/lib/active_record/reflection.rb:162:in `class_name'
/Library/Ruby/Gems/2.3.0/gems/activerecord-5.2.3/lib/active_record/reflection.rb:769:in `klass'
/Library/Ruby/Gems/2.3.0/gems/activerecord-5.2.3/lib/active_record/reflection.rb:790:in `source_reflection'
/Library/Ruby/Gems/2.3.0/gems/activerecord-5.2.3/lib/active_record/reflection.rb:991:in `derive_class_name'
/Library/Ruby/Gems/2.3.0/gems/activerecord-5.2.3/lib/active_record/reflection.rb:162:in `class_name'
/Library/Ruby/Gems/2.3.0/gems/activerecord-5.2.3/lib/active_record/reflection.rb:769:in `klass'
/Library/Ruby/Gems/2.3.0/gems/activerecord-5.2.3/lib/active_record/reflection.rb:790:in `source_reflection'
/Library/Ruby/Gems/2.3.0/gems/activerecord-5.2.3/lib/active_record/reflection.rb:991:in `derive_class_name'
/Library/Ruby/Gems/2.3.0/gems/activerecord-5.2.3/lib/active_record/reflection.rb:162:in `class_name'
/Library/Ruby/Gems/2.3.0/gems/activerecord-5.2.3/lib/active_record/reflection.rb:769:in `klass'
/Library/Ruby/Gems/2.3.0/gems/activerecord-5.2.3/lib/active_record/reflection.rb:790:in `source_reflection'
/Library/Ruby/Gems/2.3.0/gems/activerecord-5.2.3/lib/active_record/reflection.rb:991:in `derive_class_name'
/Library/Ruby/Gems/2.3.0/gems/activerecord-5.2.3/lib/active_record/reflection.rb:162:in `class_name'
/Library/Ruby/Gems/2.3.0/gems/activerecord-5.2.3/lib/active_record/reflection.rb:769:in `klass'
/Library/Ruby/Gems/2.3.0/gems/activerecord-5.2.3/lib/active_record/reflection.rb:790:in `source_reflection'
/Library/Ruby/Gems/2.3.0/gems/activerecord-5.2.3/lib/active_record/reflection.rb:991:in `derive_class_name'
/Library/Ruby/Gems/2.3.0/gems/activerecord-5.2.3/lib/active_record/reflection.rb:162:in `class_name'
/Library/Ruby/Gems/2.3.0/gems/activerecord-5.2.3/lib/active_record/reflection.rb:769:in `klass'
/Library/Ruby/Gems/2.3.0/gems/activerecord-5.2.3/lib/active_record/reflection.rb:790:in `source_reflection'
/Library/Ruby/Gems/2.3.0/gems/activerecord-5.2.3/lib/active_record/reflection.rb:991:in `derive_class_name'
/Library/Ruby/Gems/2.3.0/gems/activerecord-5.2.3/lib/active_record/reflection.rb:162:in `class_name'
/Library/Ruby/Gems/2.3.0/gems/activerecord-5.2.3/lib/active_record/reflection.rb:769:in `klass'
/Library/Ruby/Gems/2.3.0/gems/activerecord-5.2.3/lib/active_record/reflection.rb:790:in `source_reflection'
/Library/Ruby/Gems/2.3.0/gems/activerecord-5.2.3/lib/active_record/reflection.rb:991:in `derive_class_name'
/Library/Ruby/Gems/2.3.0/gems/activerecord-5.2.3/lib/active_record/reflection.rb:162:in `class_name'
/Library/Ruby/Gems/2.3.0/gems/activerecord-5.2.3/lib/active_record/reflection.rb:769:in `klass'
/Library/Ruby/Gems/2.3.0/gems/activerecord-5.2.3/lib/active_record/reflection.rb:790:in `source_reflection'
/Library/Ruby/Gems/2.3.0/gems/activerecord-5.2.3/lib/active_record/reflection.rb:991:in `derive_class_name'
/Library/Ruby/Gems/2.3.0/gems/activerecord-5.2.3/lib/active_record/reflection.rb:162:in `class_name'
/Library/Ruby/Gems/2.3.0/gems/activerecord-5.2.3/lib/active_record/reflection.rb:769:in `klass'
/Library/Ruby/Gems/2.3.0/gems/activerecord-5.2.3/lib/active_record/reflection.rb:790:in `source_reflection'
/Library/Ruby/Gems/2.3.0/gems/activerecord-5.2.3/lib/active_record/reflection.rb:991:in `derive_class_name'
/Library/Ruby/Gems/2.3.0/gems/activerecord-5.2.3/lib/active_record/reflection.rb:162:in `class_name'
/Library/Ruby/Gems/2.3.0/gems/activerecord-5.2.3/lib/active_record/reflection.rb:769:in `klass'
/Library/Ruby/Gems/2.3.0/gems/activerecord-5.2.3/lib/active_record/reflection.rb:790:in `source_reflection'
/Library/Ruby/Gems/2.3.0/gems/activerecord-5.2.3/lib/active_record/reflection.rb:991:in `derive_class_name'
/Library/Ruby/Gems/2.3.0/gems/activerecord-5.2.3/lib/active_record/reflection.rb:162:in `class_name'
/Library/Ruby/Gems/2.3.0/gems/activerecord-5.2.3/lib/active_record/reflection.rb:769:in `klass'
/Library/Ruby/Gems/2.3.0/gems/activerecord-5.2.3/lib/active_record/reflection.rb:790:in `source_reflection'
/Library/Ruby/Gems/2.3.0/gems/activerecord-5.2.3/lib/active_record/reflection.rb:991:in `derive_class_name'
/Library/Ruby/Gems/2.3.0/gems/activerecord-5.2.3/lib/active_record/reflection.rb:162:in `class_name'
/Library/Ruby/Gems/2.3.0/gems/activerecord-5.2.3/lib/active_record/reflection.rb:769:in `klass'
/Library/Ruby/Gems/2.3.0/gems/activerecord-5.2.3/lib/active_record/reflection.rb:790:in `source_reflection'
/Library/Ruby/Gems/2.3.0/gems/activerecord-5.2.3/lib/active_record/reflection.rb:991:in `derive_class_name'
/Library/Ruby/Gems/2.3.0/gems/activerecord-5.2.3/lib/active_record/reflection.rb:162:in `class_name'
/Library/Ruby/Gems/2.3.0/gems/activerecord-5.2.3/lib/active_record/reflection.rb:769:in `klass'
/Library/Ruby/Gems/2.3.0/gems/activerecord-5.2.3/lib/active_record/reflection.rb:790:in `source_reflection'
/Library/Ruby/Gems/2.3.0/gems/activerecord-5.2.3/lib/active_record/reflection.rb:991:in `derive_class_name'
/Library/Ruby/Gems/2.3.0/gems/activerecord-5.2.3/lib/active_record/reflection.rb:162:in `class_name'
/Library/Ruby/Gems/2.3.0/gems/activerecord-5.2.3/lib/active_record/reflection.rb:769:in `klass'
/Library/Ruby/Gems/2.3.0/gems/activerecord-5.2.3/lib/active_record/reflection.rb:790:in `source_reflection'
/Library/Ruby/Gems/2.3.0/gems/activerecord-5.2.3/lib/active_record/reflection.rb:991:in `derive_class_name'
/Library/Ruby/Gems/2.3.0/gems/activerecord-5.2.3/lib/active_record/reflection.rb:162:in `class_name'
/Library/Ruby/Gems/2.3.0/gems/activerecord-5.2.3/lib/active_record/reflection.rb:769:in `klass'
/Library/Ruby/Gems/2.3.0/gems/activerecord-5.2.3/lib/active_record/reflection.rb:790:in `source_reflection'
/Library/Ruby/Gems/2.3.0/gems/activerecord-5.2.3/lib/active_record/reflection.rb:991:in `derive_class_name'
/Library/Ruby/Gems/2.3.0/gems/activerecord-5.2.3/lib/active_record/reflection.rb:162:in `class_name'
/Library/Ruby/Gems/2.3.0/gems/activerecord-5.2.3/lib/active_record/reflection.rb:769:in `klass'
/Library/Ruby/Gems/2.3.0/gems/activerecord-5.2.3/lib/active_record/reflection.rb:790:in `source_reflection'
/Library/Ruby/Gems/2.3.0/gems/activerecord-5.2.3/lib/active_record/reflection.rb:991:in `derive_class_name'
/Library/Ruby/Gems/2.3.0/gems/activerecord-5.2.3/lib/active_record/reflection.rb:162:in `class_name'
/Library/Ruby/Gems/2.3.0/gems/activerecord-5.2.3/lib/active_record/reflection.rb:769:in `klass'
/Library/Ruby/Gems/2.3.0/gems/activerecord-5.2.3/lib/active_record/reflection.rb:790:in `source_reflection'
/Library/Ruby/Gems/2.3.0/gems/activerecord-5.2.3/lib/active_record/reflection.rb:991:in `derive_class_name'
/Library/Ruby/Gems/2.3.0/gems/activerecord-5.2.3/lib/active_record/reflection.rb:162:in `class_name'
/Library/Ruby/Gems/2.3.0/gems/activerecord-5.2.3/lib/active_record/reflection.rb:769:in `klass'
/Library/Ruby/Gems/2.3.0/gems/activerecord-5.2.3/lib/active_record/reflection.rb:790:in `source_reflection'
/Library/Ruby/Gems/2.3.0/gems/activerecord-5.2.3/lib/active_record/reflection.rb:991:in `derive_class_name'
/Library/Ruby/Gems/2.3.0/gems/activerecord-5.2.3/lib/active_record/reflection.rb:162:in `class_name'
/Library/Ruby/Gems/2.3.0/gems/activerecord-5.2.3/lib/active_record/reflection.rb:769:in `klass'
/Library/Ruby/Gems/2.3.0/gems/activerecord-5.2.3/lib/active_record/reflection.rb:790:in `source_reflection'
/Library/Ruby/Gems/2.3.0/gems/activerecord-5.2.3/lib/active_record/reflection.rb:991:in `derive_class_name'
/Library/Ruby/Gems/2.3.0/gems/activerecord-5.2.3/lib/active_record/reflection.rb:162:in `class_name'
/Library/Ruby/Gems/2.3.0/gems/activerecord-5.2.3/lib/active_record/reflection.rb:769:in `klass'
/Library/Ruby/Gems/2.3.0/gems/activerecord-5.2.3/lib/active_record/reflection.rb:790:in `source_reflection'
/Library/Ruby/Gems/2.3.0/gems/activerecord-5.2.3/lib/active_record/reflection.rb:991:in `derive_class_name'
/Library/Ruby/Gems/2.3.0/gems/activerecord-5.2.3/lib/active_record/reflection.rb:162:in `class_name'
/Library/Ruby/Gems/2.3.0/gems/activerecord-5.2.3/lib/active_record/reflection.rb:769:in `klass'
/Library/Ruby/Gems/2.3.0/gems/activerecord-5.2.3/lib/active_record/reflection.rb:790:in `source_reflection'
/Library/Ruby/Gems/2.3.0/gems/activerecord-5.2.3/lib/active_record/reflection.rb:991:in `derive_class_name'
/Library/Ruby/Gems/2.3.0/gems/activerecord-5.2.3/lib/active_record/reflection.rb:162:in `class_name'
/Library/Ruby/Gems/2.3.0/gems/activerecord-5.2.3/lib/active_record/reflection.rb:769:in `klass'
/Library/Ruby/Gems/2.3.0/gems/activerecord-5.2.3/lib/active_record/reflection.rb:790:in `source_reflection'
/Library/Ruby/Gems/2.3.0/gems/activerecord-5.2.3/lib/active_record/reflection.rb:991:in `derive_class_name'
/Library/Ruby/Gems/2.3.0/gems/activerecord-5.2.3/lib/active_record/reflection.rb:162:in `class_name'
/Library/Ruby/Gems/2.3.0/gems/activerecord-5.2.3/lib/active_record/reflection.rb:769:in `klass'
/Library/Ruby/Gems/2.3.0/gems/activerecord-5.2.3/lib/active_record/reflection.rb:790:in `source_reflection'
/Library/Ruby/Gems/2.3.0/gems/activerecord-5.2.3/lib/active_record/reflection.rb:991:in `derive_class_name'
/Library/Ruby/Gems/2.3.0/gems/activerecord-5.2.3/lib/active_record/reflection.rb:162:in `class_name'
/Library/Ruby/Gems/2.3.0/gems/activerecord-5.2.3/lib/active_record/reflection.rb:769:in `klass'
/Library/Ruby/Gems/2.3.0/gems/activerecord-5.2.3/lib/active_record/reflection.rb:790:in `source_reflection'
/Library/Ruby/Gems/2.3.0/gems/activerecord-5.2.3/lib/active_record/reflection.rb:991:in `derive_class_name'
/Library/Ruby/Gems/2.3.0/gems/activerecord-5.2.3/lib/active_record/reflection.rb:162:in `class_name'
/Library/Ruby/Gems/2.3.0/gems/activerecord-5.2.3/lib/active_record/reflection.rb:769:in `klass'
/Library/Ruby/Gems/2.3.0/gems/activerecord-5.2.3/lib/active_record/reflection.rb:790:in `source_reflection'
/Library/Ruby/Gems/2.3.0/gems/activerecord-5.2.3/lib/active_record/reflection.rb:991:in `derive_class_name'
/Library/Ruby/Gems/2.3.0/gems/activerecord-5.2.3/lib/active_record/reflection.rb:162:in `class_name'
/Library/Ruby/Gems/2.3.0/gems/activerecord-5.2.3/lib/active_record/reflection.rb:769:in `klass'
/Library/Ruby/Gems/2.3.0/gems/activerecord-5.2.3/lib/active_record/reflection.rb:790:in `source_reflection'
/Library/Ruby/Gems/2.3.0/gems/activerecord-5.2.3/lib/active_record/reflection.rb:991:in `derive_class_name'
/Library/Ruby/Gems/2.3.0/gems/activerecord-5.2.3/lib/active_record/reflection.rb:162:in `class_name'
/Library/Ruby/Gems/2.3.0/gems/activerecord-5.2.3/lib/active_record/reflection.rb:769:in `klass'
/Library/Ruby/Gems/2.3.0/gems/activerecord-5.2.3/lib/active_record/reflection.rb:790:in `source_reflection'
/Library/Ruby/Gems/2.3.0/gems/activerecord-5.2.3/lib/active_record/reflection.rb:991:in `derive_class_name'
/Library/Ruby/Gems/2.3.0/gems/activerecord-5.2.3/lib/active_record/reflection.rb:162:in `class_name'
/Library/Ruby/Gems/2.3.0/gems/activerecord-5.2.3/lib/active_record/reflection.rb:769:in `klass'
/Library/Ruby/Gems/2.3.0/gems/activerecord-5.2.3/lib/active_record/reflection.rb:790:in `source_reflection'
/Library/Ruby/Gems/2.3.0/gems/activerecord-5.2.3/lib/active_record/reflection.rb:991:in `derive_class_name'
/Library/Ruby/Gems/2.3.0/gems/activerecord-5.2.3/lib/active_record/reflection.rb:162:in `class_name'
/Library/Ruby/Gems/2.3.0/gems/activerecord-5.2.3/lib/active_record/reflection.rb:769:in `klass'
/Library/Ruby/Gems/2.3.0/gems/activerecord-5.2.3/lib/active_record/reflection.rb:790:in `source_reflection'
/Library/Ruby/Gems/2.3.0/gems/activerecord-5.2.3/lib/active_record/reflection.rb:991:in `derive_class_name'
/Library/Ruby/Gems/2.3.0/gems/activerecord-5.2.3/lib/active_record/reflection.rb:162:in `class_name'
/Library/Ruby/Gems/2.3.0/gems/activerecord-5.2.3/lib/active_record/reflection.rb:769:in `klass'
/Library/Ruby/Gems/2.3.0/gems/activerecord-5.2.3/lib/active_record/reflection.rb:790:in `source_reflection'
/Library/Ruby/Gems/2.3.0/gems/activerecord-5.2.3/lib/active_record/reflection.rb:991:in `derive_class_name'
/Library/Ruby/Gems/2.3.0/gems/activerecord-5.2.3/lib/active_record/reflection.rb:162:in `class_name'
/Library/Ruby/Gems/2.3.0/gems/activerecord-5.2.3/lib/active_record/reflection.rb:769:in `klass'
/Library/Ruby/Gems/2.3.0/gems/activerecord-5.2.3/lib/active_record/reflection.rb:790:in `source_reflection'
/Library/Ruby/Gems/2.3.0/gems/activerecord-5.2.3/lib/active_record/reflection.rb:991:in `derive_class_name'
/Library/Ruby/Gems/2.3.0/gems/activerecord-5.2.3/lib/active_record/reflection.rb:162:in `class_name'
/Library/Ruby/Gems/2.3.0/gems/activerecord-5.2.3/lib/active_record/reflection.rb:769:in `klass'
/Library/Ruby/Gems/2.3.0/gems/activerecord-5.2.3/lib/active_record/reflection.rb:790:in `source_reflection'
/Library/Ruby/Gems/2.3.0/gems/activerecord-5.2.3/lib/active_record/reflection.rb:991:in `derive_class_name'
/Library/Ruby/Gems/2.3.0/gems/activerecord-5.2.3/lib/active_record/reflection.rb:162:in `class_name'
/Library/Ruby/Gems/2.3.0/gems/activerecord-5.2.3/lib/active_record/reflection.rb:769:in `klass'
/Library/Ruby/Gems/2.3.0/gems/activerecord-5.2.3/lib/active_record/reflection.rb:790:in `source_reflection'
/Library/Ruby/Gems/2.3.0/gems/activerecord-5.2.3/lib/active_record/reflection.rb:991:in `derive_class_name'
/Library/Ruby/Gems/2.3.0/gems/activerecord-5.2.3/lib/active_record/reflection.rb:162:in `class_name'
/Library/Ruby/Gems/2.3.0/gems/activerecord-5.2.3/lib/active_record/reflection.rb:769:in `klass'
/Library/Ruby/Gems/2.3.0/gems/activerecord-5.2.3/lib/active_record/reflection.rb:790:in `source_reflection'
/Library/Ruby/Gems/2.3.0/gems/activerecord-5.2.3/lib/active_record/reflection.rb:991:in `derive_class_name'
/Library/Ruby/Gems/2.3.0/gems/activerecord-5.2.3/lib/active_record/reflection.rb:162:in `class_name'
/Library/Ruby/Gems/2.3.0/gems/activerecord-5.2.3/lib/active_record/reflection.rb:769:in `klass'
/Library/Ruby/Gems/2.3.0/gems/activerecord-5.2.3/lib/active_record/reflection.rb:790:in `source_reflection'
/Library/Ruby/Gems/2.3.0/gems/activerecord-5.2.3/lib/active_record/reflection.rb:991:in `derive_class_name'
/Library/Ruby/Gems/2.3.0/gems/activerecord-5.2.3/lib/active_record/reflection.rb:162:in `class_name'
/Library/Ruby/Gems/2.3.0/gems/activerecord-5.2.3/lib/active_record/reflection.rb:769:in `klass'
/Library/Ruby/Gems/2.3.0/gems/activerecord-5.2.3/lib/active_record/reflection.rb:790:in `source_reflection'
/Library/Ruby/Gems/2.3.0/gems/activerecord-5.2.3/lib/active_record/reflection.rb:991:in `derive_class_name'
/Library/Ruby/Gems/2.3.0/gems/activerecord-5.2.3/lib/active_record/reflection.rb:162:in `class_name'
/Library/Ruby/Gems/2.3.0/gems/activerecord-5.2.3/lib/active_record/reflection.rb:769:in `klass'
/Library/Ruby/Gems/2.3.0/gems/activerecord-5.2.3/lib/active_record/reflection.rb:790:in `source_reflection'
/Library/Ruby/Gems/2.3.0/gems/activerecord-5.2.3/lib/active_record/reflection.rb:991:in `derive_class_name'
/Library/Ruby/Gems/2.3.0/gems/activerecord-5.2.3/lib/active_record/reflection.rb:162:in `class_name'
/Library/Ruby/Gems/2.3.0/gems/activerecord-5.2.3/lib/active_record/reflection.rb:769:in `klass'
/Library/Ruby/Gems/2.3.0/gems/activerecord-5.2.3/lib/active_record/reflection.rb:790:in `source_reflection'
/Library/Ruby/Gems/2.3.0/gems/activerecord-5.2.3/lib/active_record/reflection.rb:991:in `derive_class_name'
/Library/Ruby/Gems/2.3.0/gems/activerecord-5.2.3/lib/active_record/reflection.rb:162:in `class_name'
/Library/Ruby/Gems/2.3.0/gems/activerecord-5.2.3/lib/active_record/reflection.rb:769:in `klass'
/Library/Ruby/Gems/2.3.0/gems/activerecord-5.2.3/lib/active_record/reflection.rb:790:in `source_reflection'
/Library/Ruby/Gems/2.3.0/gems/activerecord-5.2.3/lib/active_record/reflection.rb:991:in `derive_class_name'
/Library/Ruby/Gems/2.3.0/gems/activerecord-5.2.3/lib/active_record/reflection.rb:162:in `class_name'
/Library/Ruby/Gems/2.3.0/gems/activerecord-5.2.3/lib/active_record/reflection.rb:769:in `klass'
/Library/Ruby/Gems/2.3.0/gems/activerecord-5.2.3/lib/active_record/reflection.rb:790:in `source_reflection'
/Library/Ruby/Gems/2.3.0/gems/activerecord-5.2.3/lib/active_record/reflection.rb:991:in `derive_class_name'
/Library/Ruby/Gems/2.3.0/gems/activerecord-5.2.3/lib/active_record/reflection.rb:162:in `class_name'
/Library/Ruby/Gems/2.3.0/gems/activerecord-5.2.3/lib/active_record/reflection.rb:769:in `klass'
/Library/Ruby/Gems/2.3.0/gems/activerecord-5.2.3/lib/active_record/reflection.rb:790:in `source_reflection'
/Library/Ruby/Gems/2.3.0/gems/activerecord-5.2.3/lib/active_record/reflection.rb:991:in `derive_class_name'
/Library/Ruby/Gems/2.3.0/gems/activerecord-5.2.3/lib/active_record/reflection.rb:162:in `class_name'
/Library/Ruby/Gems/2.3.0/gems/activerecord-5.2.3/lib/active_record/reflection.rb:769:in `klass'
/Library/Ruby/Gems/2.3.0/gems/activerecord-5.2.3/lib/active_record/reflection.rb:790:in `source_reflection'
/Library/Ruby/Gems/2.3.0/gems/activerecord-5.2.3/lib/active_record/reflection.rb:991:in `derive_class_name'
/Library/Ruby/Gems/2.3.0/gems/activerecord-5.2.3/lib/active_record/reflection.rb:162:in `class_name'
/Library/Ruby/Gems/2.3.0/gems/activerecord-5.2.3/lib/active_record/reflection.rb:769:in `klass'
/Library/Ruby/Gems/2.3.0/gems/activerecord-5.2.3/lib/active_record/reflection.rb:790:in `source_reflection'
/Library/Ruby/Gems/2.3.0/gems/activerecord-5.2.3/lib/active_record/reflection.rb:991:in `derive_class_name'
/Library/Ruby/Gems/2.3.0/gems/activerecord-5.2.3/lib/active_record/reflection.rb:162:in `class_name'
/Library/Ruby/Gems/2.3.0/gems/activerecord-5.2.3/lib/active_record/reflection.rb:769:in `klass'
/Library/Ruby/Gems/2.3.0/gems/activerecord-5.2.3/lib/active_record/reflection.rb:790:in `source_reflection'
/Library/Ruby/Gems/2.3.0/gems/activerecord-5.2.3/lib/active_record/reflection.rb:991:in `derive_class_name'
/Library/Ruby/Gems/2.3.0/gems/activerecord-5.2.3/lib/active_record/reflection.rb:162:in `class_name'
/Library/Ruby/Gems/2.3.0/gems/activerecord-5.2.3/lib/active_record/reflection.rb:769:in `klass'
/Library/Ruby/Gems/2.3.0/gems/activerecord-5.2.3/lib/active_record/reflection.rb:790:in `source_reflection'
/Library/Ruby/Gems/2.3.0/gems/activerecord-5.2.3/lib/active_record/reflection.rb:991:in `derive_class_name'
/Library/Ruby/Gems/2.3.0/gems/activerecord-5.2.3/lib/active_record/reflection.rb:162:in `class_name'
/Library/Ruby/Gems/2.3.0/gems/activerecord-5.2.3/lib/active_record/reflection.rb:769:in `klass'
/Library/Ruby/Gems/2.3.0/gems/activerecord-5.2.3/lib/active_record/reflection.rb:790:in `source_reflection'
/Library/Ruby/Gems/2.3.0/gems/activerecord-5.2.3/lib/active_record/reflection.rb:991:in `derive_class_name'
/Library/Ruby/Gems/2.3.0/gems/activerecord-5.2.3/lib/active_record/reflection.rb:162:in `class_name'
/Library/Ruby/Gems/2.3.0/gems/activerecord-5.2.3/lib/active_record/reflection.rb:769:in `klass'
/Library/Ruby/Gems/2.3.0/gems/activerecord-5.2.3/lib/active_record/reflection.rb:790:in `source_reflection'
/Library/Ruby/Gems/2.3.0/gems/activerecord-5.2.3/lib/active_record/reflection.rb:991:in `derive_class_name'
/Library/Ruby/Gems/2.3.0/gems/activerecord-5.2.3/lib/active_record/reflection.rb:162:in `class_name'
/Library/Ruby/Gems/2.3.0/gems/activerecord-5.2.3/lib/active_record/reflection.rb:769:in `klass'
/Library/Ruby/Gems/2.3.0/gems/activerecord-5.2.3/lib/active_record/reflection.rb:790:in `source_reflection'
/Library/Ruby/Gems/2.3.0/gems/activerecord-5.2.3/lib/active_record/reflection.rb:991:in `derive_class_name'
/Library/Ruby/Gems/2.3.0/gems/activerecord-5.2.3/lib/active_record/reflection.rb:162:in `class_name'
/Library/Ruby/Gems/2.3.0/gems/activerecord-5.2.3/lib/active_record/reflection.rb:769:in `klass'
/Library/Ruby/Gems/2.3.0/gems/activerecord-5.2.3/lib/active_record/reflection.rb:790:in `source_reflection'
/Library/Ruby/Gems/2.3.0/gems/activerecord-5.2.3/lib/active_record/reflection.rb:991:in `derive_class_name'
/Library/Ruby/Gems/2.3.0/gems/activerecord-5.2.3/lib/active_record/reflection.rb:162:in `class_name'
/Library/Ruby/Gems/2.3.0/gems/activerecord-5.2.3/lib/active_record/reflection.rb:769:in `klass'
/Library/Ruby/Gems/2.3.0/gems/activerecord-5.2.3/lib/active_record/reflection.rb:790:in `source_reflection'
/Library/Ruby/Gems/2.3.0/gems/activerecord-5.2.3/lib/active_record/reflection.rb:991:in `derive_class_name'
/Library/Ruby/Gems/2.3.0/gems/activerecord-5.2.3/lib/active_record/reflection.rb:162:in `class_name'
/Library/Ruby/Gems/2.3.0/gems/activerecord-5.2.3/lib/active_record/reflection.rb:769:in `klass'
/Library/Ruby/Gems/2.3.0/gems/activerecord-5.2.3/lib/active_record/reflection.rb:790:in `source_reflection'
/Library/Ruby/Gems/2.3.0/gems/activerecord-5.2.3/lib/active_record/reflection.rb:991:in `derive_class_name'
/Library/Ruby/Gems/2.3.0/gems/activerecord-5.2.3/lib/active_record/reflection.rb:162:in `class_name'
/Library/Ruby/Gems/2.3.0/gems/activerecord-5.2.3/lib/active_record/reflection.rb:769:in `klass'
/Library/Ruby/Gems/2.3.0/gems/activerecord-5.2.3/lib/active_record/reflection.rb:790:in `source_reflection'
/Library/Ruby/Gems/2.3.0/gems/activerecord-5.2.3/lib/active_record/reflection.rb:991:in `derive_class_name'
/Library/Ruby/Gems/2.3.0/gems/activerecord-5.2.3/lib/active_record/reflection.rb:162:in `class_name'
/Library/Ruby/Gems/2.3.0/gems/activerecord-5.2.3/lib/active_record/reflection.rb:769:in `klass'
/Library/Ruby/Gems/2.3.0/gems/activerecord-5.2.3/lib/active_record/reflection.rb:790:in `source_reflection'
/Library/Ruby/Gems/2.3.0/gems/activerecord-5.2.3/lib/active_record/reflection.rb:991:in `derive_class_name'
/Library/Ruby/Gems/2.3.0/gems/activerecord-5.2.3/lib/active_record/reflection.rb:162:in `class_name'
/Library/Ruby/Gems/2.3.0/gems/activerecord-5.2.3/lib/active_record/reflection.rb:769:in `klass'
/Library/Ruby/Gems/2.3.0/gems/activerecord-5.2.3/lib/active_record/reflection.rb:790:in `source_reflection'
/Library/Ruby/Gems/2.3.0/gems/activerecord-5.2.3/lib/active_record/reflection.rb:991:in `derive_class_name'
/Library/Ruby/Gems/2.3.0/gems/activerecord-5.2.3/lib/active_record/reflection.rb:162:in `class_name'
/Library/Ruby/Gems/2.3.0/gems/activerecord-5.2.3/lib/active_record/reflection.rb:769:in `klass'
/Library/Ruby/Gems/2.3.0/gems/activerecord-5.2.3/lib/active_record/reflection.rb:790:in `source_reflection'
/Library/Ruby/Gems/2.3.0/gems/activerecord-5.2.3/lib/active_record/reflection.rb:991:in `derive_class_name'
/Library/Ruby/Gems/2.3.0/gems/activerecord-5.2.3/lib/active_record/reflection.rb:162:in `class_name'
/Library/Ruby/Gems/2.3.0/gems/activerecord-5.2.3/lib/active_record/reflection.rb:769:in `klass'
/Library/Ruby/Gems/2.3.0/gems/activerecord-5.2.3/lib/active_record/reflection.rb:790:in `source_reflection'
/Library/Ruby/Gems/2.3.0/gems/activerecord-5.2.3/lib/active_record/reflection.rb:991:in `derive_class_name'
/Library/Ruby/Gems/2.3.0/gems/activerecord-5.2.3/lib/active_record/reflection.rb:162:in `class_name'
/Library/Ruby/Gems/2.3.0/gems/activerecord-5.2.3/lib/active_record/reflection.rb:769:in `klass'
/Library/Ruby/Gems/2.3.0/gems/activerecord-5.2.3/lib/active_record/reflection.rb:790:in `source_reflection'
/Library/Ruby/Gems/2.3.0/gems/activerecord-5.2.3/lib/active_record/reflection.rb:991:in `derive_class_name'
/Library/Ruby/Gems/2.3.0/gems/activerecord-5.2.3/lib/active_record/reflection.rb:162:in `class_name'
/Library/Ruby/Gems/2.3.0/gems/activerecord-5.2.3/lib/active_record/reflection.rb:769:in `klass'
/Library/Ruby/Gems/2.3.0/gems/activerecord-5.2.3/lib/active_record/reflection.rb:790:in `source_reflection'
/Library/Ruby/Gems/2.3.0/gems/activerecord-5.2.3/lib/active_record/reflection.rb:991:in `derive_class_name'
/Library/Ruby/Gems/2.3.0/gems/activerecord-5.2.3/lib/active_record/reflection.rb:162:in `class_name'
/Library/Ruby/Gems/2.3.0/gems/activerecord-5.2.3/lib/active_record/reflection.rb:769:in `klass'
/Library/Ruby/Gems/2.3.0/gems/activerecord-5.2.3/lib/active_record/reflection.rb:790:in `source_reflection'
/Library/Ruby/Gems/2.3.0/gems/activerecord-5.2.3/lib/active_record/reflection.rb:991:in `derive_class_name'
/Library/Ruby/Gems/2.3.0/gems/activerecord-5.2.3/lib/active_record/reflection.rb:162:in `class_name'
/Library/Ruby/Gems/2.3.0/gems/activerecord-5.2.3/lib/active_record/reflection.rb:769:in `klass'
/Library/Ruby/Gems/2.3.0/gems/activerecord-5.2.3/lib/active_record/reflection.rb:790:in `source_reflection'
/Library/Ruby/Gems/2.3.0/gems/activerecord-5.2.3/lib/active_record/reflection.rb:991:in `derive_class_name'
/Library/Ruby/Gems/2.3.0/gems/activerecord-5.2.3/lib/active_record/reflection.rb:162:in `class_name'
/Library/Ruby/Gems/2.3.0/gems/activerecord-5.2.3/lib/active_record/reflection.rb:769:in `klass'
/Library/Ruby/Gems/2.3.0/gems/activerecord-5.2.3/lib/active_record/reflection.rb:790:in `source_reflection'
/Library/Ruby/Gems/2.3.0/gems/activerecord-5.2.3/lib/active_record/reflection.rb:991:in `derive_class_name'
/Library/Ruby/Gems/2.3.0/gems/activerecord-5.2.3/lib/active_record/reflection.rb:162:in `class_name'
/Library/Ruby/Gems/2.3.0/gems/activerecord-5.2.3/lib/active_record/reflection.rb:769:in `klass'
/Library/Ruby/Gems/2.3.0/gems/activerecord-5.2.3/lib/active_record/reflection.rb:790:in `source_reflection'
/Library/Ruby/Gems/2.3.0/gems/activerecord-5.2.3/lib/active_record/reflection.rb:991:in `derive_class_name'
/Library/Ruby/Gems/2.3.0/gems/activerecord-5.2.3/lib/active_record/reflection.rb:162:in `class_name'
/Library/Ruby/Gems/2.3.0/gems/activerecord-5.2.3/lib/active_record/reflection.rb:769:in `klass'
/Library/Ruby/Gems/2.3.0/gems/activerecord-5.2.3/lib/active_record/reflection.rb:790:in `source_reflection'
/Library/Ruby/Gems/2.3.0/gems/activerecord-5.2.3/lib/active_record/reflection.rb:991:in `derive_class_name'
/Library/Ruby/Gems/2.3.0/gems/activerecord-5.2.3/lib/active_record/reflection.rb:162:in `class_name'
/Library/Ruby/Gems/2.3.0/gems/activerecord-5.2.3/lib/active_record/reflection.rb:769:in `klass'
/Library/Ruby/Gems/2.3.0/gems/activerecord-5.2.3/lib/active_record/reflection.rb:790:in `source_reflection'
/Library/Ruby/Gems/2.3.0/gems/activerecord-5.2.3/lib/active_record/reflection.rb:991:in `derive_class_name'
/Library/Ruby/Gems/2.3.0/gems/activerecord-5.2.3/lib/active_record/reflection.rb:162:in `class_name'
/Library/Ruby/Gems/2.3.0/gems/activerecord-5.2.3/lib/active_record/reflection.rb:769:in `klass'
/Library/Ruby/Gems/2.3.0/gems/activerecord-5.2.3/lib/active_record/reflection.rb:790:in `source_reflection'
/Library/Ruby/Gems/2.3.0/gems/activerecord-5.2.3/lib/active_record/reflection.rb:991:in `derive_class_name'
/Library/Ruby/Gems/2.3.0/gems/activerecord-5.2.3/lib/active_record/reflection.rb:162:in `class_name'
/Library/Ruby/Gems/2.3.0/gems/activerecord-5.2.3/lib/active_record/reflection.rb:769:in `klass'
/Library/Ruby/Gems/2.3.0/gems/activerecord-5.2.3/lib/active_record/reflection.rb:790:in `source_reflection'
/Library/Ruby/Gems/2.3.0/gems/activerecord-5.2.3/lib/active_record/reflection.rb:991:in `derive_class_name'
/Library/Ruby/Gems/2.3.0/gems/activerecord-5.2.3/lib/active_record/reflection.rb:162:in `class_name'
/Library/Ruby/Gems/2.3.0/gems/activerecord-5.2.3/lib/active_record/reflection.rb:769:in `klass'
/Library/Ruby/Gems/2.3.0/gems/activerecord-5.2.3/lib/active_record/reflection.rb:790:in `source_reflection'
/Library/Ruby/Gems/2.3.0/gems/activerecord-5.2.3/lib/active_record/reflection.rb:991:in `derive_class_name'
/Library/Ruby/Gems/2.3.0/gems/activerecord-5.2.3/lib/active_record/reflection.rb:162:in `class_name'
/Library/Ruby/Gems/2.3.0/gems/activerecord-5.2.3/lib/active_record/reflection.rb:769:in `klass'
/Library/Ruby/Gems/2.3.0/gems/activerecord-5.2.3/lib/active_record/reflection.rb:790:in `source_reflection'
/Library/Ruby/Gems/2.3.0/gems/activerecord-5.2.3/lib/active_record/reflection.rb:991:in `derive_class_name'
/Library/Ruby/Gems/2.3.0/gems/activerecord-5.2.3/lib/active_record/reflection.rb:162:in `class_name'
/Library/Ruby/Gems/2.3.0/gems/activerecord-5.2.3/lib/active_record/reflection.rb:769:in `klass'
/Library/Ruby/Gems/2.3.0/gems/activerecord-5.2.3/lib/active_record/reflection.rb:790:in `source_reflection'
/Library/Ruby/Gems/2.3.0/gems/activerecord-5.2.3/lib/active_record/reflection.rb:991:in `derive_class_name'
/Library/Ruby/Gems/2.3.0/gems/activerecord-5.2.3/lib/active_record/reflection.rb:162:in `class_name'
/Library/Ruby/Gems/2.3.0/gems/activerecord-5.2.3/lib/active_record/reflection.rb:769:in `klass'
/Library/Ruby/Gems/2.3.0/gems/activerecord-5.2.3/lib/active_record/reflection.rb:790:in `source_reflection'
/Library/Ruby/Gems/2.3.0/gems/activerecord-5.2.3/lib/active_record/reflection.rb:991:in `derive_class_name'
/Library/Ruby/Gems/2.3.0/gems/activerecord-5.2.3/lib/active_record/reflection.rb:162:in `class_name'
/Library/Ruby/Gems/2.3.0/gems/activerecord-5.2.3/lib/active_record/reflection.rb:769:in `klass'
/Library/Ruby/Gems/2.3.0/gems/activerecord-5.2.3/lib/active_record/reflection.rb:790:in `source_reflection'
/Library/Ruby/Gems/2.3.0/gems/activerecord-5.2.3/lib/active_record/reflection.rb:991:in `derive_class_name'
/Library/Ruby/Gems/2.3.0/gems/activerecord-5.2.3/lib/active_record/reflection.rb:162:in `class_name'
/Library/Ruby/Gems/2.3.0/gems/activerecord-5.2.3/lib/active_record/reflection.rb:769:in `klass'
/Library/Ruby/Gems/2.3.0/gems/activerecord-5.2.3/lib/active_record/reflection.rb:790:in `source_reflection'
/Library/Ruby/Gems/2.3.0/gems/activerecord-5.2.3/lib/active_record/reflection.rb:991:in `derive_class_name'
/Library/Ruby/Gems/2.3.0/gems/activerecord-5.2.3/lib/active_record/reflection.rb:162:in `class_name'
/Library/Ruby/Gems/2.3.0/gems/activerecord-5.2.3/lib/active_record/reflection.rb:769:in `klass'
/Library/Ruby/Gems/2.3.0/gems/activerecord-5.2.3/lib/active_record/reflection.rb:790:in `source_reflection'
/Library/Ruby/Gems/2.3.0/gems/activerecord-5.2.3/lib/active_record/reflection.rb:991:in `derive_class_name'
/Library/Ruby/Gems/2.3.0/gems/activerecord-5.2.3/lib/active_record/reflection.rb:162:in `class_name'
/Library/Ruby/Gems/2.3.0/gems/activerecord-5.2.3/lib/active_record/reflection.rb:769:in `klass'
/Library/Ruby/Gems/2.3.0/gems/activerecord-5.2.3/lib/active_record/reflection.rb:790:in `source_reflection'
/Library/Ruby/Gems/2.3.0/gems/activerecord-5.2.3/lib/active_record/reflection.rb:991:in `derive_class_name'
/Library/Ruby/Gems/2.3.0/gems/activerecord-5.2.3/lib/active_record/reflection.rb:162:in `class_name'
/Library/Ruby/Gems/2.3.0/gems/activerecord-5.2.3/lib/active_record/reflection.rb:769:in `klass'
/Library/Ruby/Gems/2.3.0/gems/activerecord-5.2.3/lib/active_record/reflection.rb:790:in `source_reflection'
/Library/Ruby/Gems/2.3.0/gems/activerecord-5.2.3/lib/active_record/reflection.rb:991:in `derive_class_name'
/Library/Ruby/Gems/2.3.0/gems/activerecord-5.2.3/lib/active_record/reflection.rb:162:in `class_name'
/Library/Ruby/Gems/2.3.0/gems/activerecord-5.2.3/lib/active_record/reflection.rb:769:in `klass'
/Library/Ruby/Gems/2.3.0/gems/activerecord-5.2.3/lib/active_record/reflection.rb:790:in `source_reflection'
/Library/Ruby/Gems/2.3.0/gems/activerecord-5.2.3/lib/active_record/reflection.rb:991:in `derive_class_name'
/Library/Ruby/Gems/2.3.0/gems/activerecord-5.2.3/lib/active_record/reflection.rb:162:in `class_name'
/Library/Ruby/Gems/2.3.0/gems/activerecord-5.2.3/lib/active_record/reflection.rb:769:in `klass'
/Library/Ruby/Gems/2.3.0/gems/activerecord-5.2.3/lib/active_record/reflection.rb:790:in `source_reflection'
/Library/Ruby/Gems/2.3.0/gems/activerecord-5.2.3/lib/active_record/reflection.rb:991:in `derive_class_name'
/Library/Ruby/Gems/2.3.0/gems/activerecord-5.2.3/lib/active_record/reflection.rb:162:in `class_name'
/Library/Ruby/Gems/2.3.0/gems/activerecord-5.2.3/lib/active_record/reflection.rb:769:in `klass'
/Library/Ruby/Gems/2.3.0/gems/activerecord-5.2.3/lib/active_record/reflection.rb:790:in `source_reflection'
/Library/Ruby/Gems/2.3.0/gems/activerecord-5.2.3/lib/active_record/reflection.rb:991:in `derive_class_name'
/Library/Ruby/Gems/2.3.0/gems/activerecord-5.2.3/lib/active_record/reflection.rb:162:in `class_name'
/Library/Ruby/Gems/2.3.0/gems/activerecord-5.2.3/lib/active_record/reflection.rb:769:in `klass'
/Library/Ruby/Gems/2.3.0/gems/activerecord-5.2.3/lib/active_record/reflection.rb:790:in `source_reflection'
/Library/Ruby/Gems/2.3.0/gems/activerecord-5.2.3/lib/active_record/reflection.rb:991:in `derive_class_name'
/Library/Ruby/Gems/2.3.0/gems/activerecord-5.2.3/lib/active_record/reflection.rb:162:in `class_name'
/Library/Ruby/Gems/2.3.0/gems/activerecord-5.2.3/lib/active_record/reflection.rb:769:in `klass'
/Library/Ruby/Gems/2.3.0/gems/activerecord-5.2.3/lib/active_record/reflection.rb:790:in `source_reflection'
/Library/Ruby/Gems/2.3.0/gems/activerecord-5.2.3/lib/active_record/reflection.rb:991:in `derive_class_name'
/Library/Ruby/Gems/2.3.0/gems/activerecord-5.2.3/lib/active_record/reflection.rb:162:in `class_name'
/Library/Ruby/Gems/2.3.0/gems/activerecord-5.2.3/lib/active_record/reflection.rb:769:in `klass'
/Library/Ruby/Gems/2.3.0/gems/activerecord-5.2.3/lib/active_record/reflection.rb:790:in `source_reflection'
/Library/Ruby/Gems/2.3.0/gems/activerecord-5.2.3/lib/active_record/reflection.rb:991:in `derive_class_name'
/Library/Ruby/Gems/2.3.0/gems/activerecord-5.2.3/lib/active_record/reflection.rb:162:in `class_name'
/Library/Ruby/Gems/2.3.0/gems/activerecord-5.2.3/lib/active_record/reflection.rb:769:in `klass'
/Library/Ruby/Gems/2.3.0/gems/activerecord-5.2.3/lib/active_record/reflection.rb:790:in `source_reflection'
/Library/Ruby/Gems/2.3.0/gems/activerecord-5.2.3/lib/active_record/reflection.rb:991:in `derive_class_name'
/Library/Ruby/Gems/2.3.0/gems/activerecord-5.2.3/lib/active_record/reflection.rb:162:in `class_name'
/Library/Ruby/Gems/2.3.0/gems/activerecord-5.2.3/lib/active_record/reflection.rb:769:in `klass'
/Library/Ruby/Gems/2.3.0/gems/activerecord-5.2.3/lib/active_record/reflection.rb:790:in `source_reflection'
/Library/Ruby/Gems/2.3.0/gems/activerecord-5.2.3/lib/active_record/reflection.rb:991:in `derive_class_name'
/Library/Ruby/Gems/2.3.0/gems/activerecord-5.2.3/lib/active_record/reflection.rb:162:in `class_name'
/Library/Ruby/Gems/2.3.0/gems/activerecord-5.2.3/lib/active_record/reflection.rb:769:in `klass'
/Library/Ruby/Gems/2.3.0/gems/activerecord-5.2.3/lib/active_record/reflection.rb:790:in `source_reflection'
/Library/Ruby/Gems/2.3.0/gems/activerecord-5.2.3/lib/active_record/reflection.rb:991:in `derive_class_name'
/Library/Ruby/Gems/2.3.0/gems/activerecord-5.2.3/lib/active_record/reflection.rb:162:in `class_name'
/Library/Ruby/Gems/2.3.0/gems/activerecord-5.2.3/lib/active_record/reflection.rb:769:in `klass'
/Library/Ruby/Gems/2.3.0/gems/activerecord-5.2.3/lib/active_record/reflection.rb:790:in `source_reflection'
/Library/Ruby/Gems/2.3.0/gems/activerecord-5.2.3/lib/active_record/reflection.rb:991:in `derive_class_name'
/Library/Ruby/Gems/2.3.0/gems/activerecord-5.2.3/lib/active_record/reflection.rb:162:in `class_name'
/Library/Ruby/Gems/2.3.0/gems/activerecord-5.2.3/lib/active_record/reflection.rb:769:in `klass'
/Library/Ruby/Gems/2.3.0/gems/activerecord-5.2.3/lib/active_record/reflection.rb:790:in `source_reflection'
/Library/Ruby/Gems/2.3.0/gems/activerecord-5.2.3/lib/active_record/reflection.rb:991:in `derive_class_name'
/Library/Ruby/Gems/2.3.0/gems/activerecord-5.2.3/lib/active_record/reflection.rb:162:in `class_name'
/Library/Ruby/Gems/2.3.0/gems/activerecord-5.2.3/lib/active_record/reflection.rb:769:in `klass'
/Library/Ruby/Gems/2.3.0/gems/activerecord-5.2.3/lib/active_record/reflection.rb:790:in `source_reflection'
/Library/Ruby/Gems/2.3.0/gems/activerecord-5.2.3/lib/active_record/reflection.rb:991:in `derive_class_name'
/Library/Ruby/Gems/2.3.0/gems/activerecord-5.2.3/lib/active_record/reflection.rb:162:in `class_name'
/Library/Ruby/Gems/2.3.0/gems/activerecord-5.2.3/lib/active_record/reflection.rb:769:in `klass'
/Library/Ruby/Gems/2.3.0/gems/activerecord-5.2.3/lib/active_record/reflection.rb:790:in `source_reflection'
/Library/Ruby/Gems/2.3.0/gems/activerecord-5.2.3/lib/active_record/reflection.rb:991:in `derive_class_name'
/Library/Ruby/Gems/2.3.0/gems/activerecord-5.2.3/lib/active_record/reflection.rb:162:in `class_name'
/Library/Ruby/Gems/2.3.0/gems/activerecord-5.2.3/lib/active_record/reflection.rb:769:in `klass'
/Library/Ruby/Gems/2.3.0/gems/activerecord-5.2.3/lib/active_record/reflection.rb:790:in `source_reflection'
/Library/Ruby/Gems/2.3.0/gems/activerecord-5.2.3/lib/active_record/reflection.rb:991:in `derive_class_name'
/Library/Ruby/Gems/2.3.0/gems/activerecord-5.2.3/lib/active_record/reflection.rb:162:in `class_name'
/Library/Ruby/Gems/2.3.0/gems/activerecord-5.2.3/lib/active_record/reflection.rb:769:in `klass'
/Library/Ruby/Gems/2.3.0/gems/activerecord-5.2.3/lib/active_record/reflection.rb:790:in `source_reflection'
/Library/Ruby/Gems/2.3.0/gems/activerecord-5.2.3/lib/active_record/reflection.rb:991:in `derive_class_name'
/Library/Ruby/Gems/2.3.0/gems/activerecord-5.2.3/lib/active_record/reflection.rb:162:in `class_name'
/Library/Ruby/Gems/2.3.0/gems/activerecord-5.2.3/lib/active_record/reflection.rb:769:in `klass'
/Library/Ruby/Gems/2.3.0/gems/activerecord-5.2.3/lib/active_record/reflection.rb:790:in `source_reflection'
/Library/Ruby/Gems/2.3.0/gems/activerecord-5.2.3/lib/active_record/reflection.rb:991:in `derive_class_name'
/Library/Ruby/Gems/2.3.0/gems/activerecord-5.2.3/lib/active_record/reflection.rb:162:in `class_name'
/Library/Ruby/Gems/2.3.0/gems/activerecord-5.2.3/lib/active_record/reflection.rb:769:in `klass'
/Library/Ruby/Gems/2.3.0/gems/activerecord-5.2.3/lib/active_record/reflection.rb:790:in `source_reflection'
/Library/Ruby/Gems/2.3.0/gems/activerecord-5.2.3/lib/active_record/reflection.rb:991:in `derive_class_name'
/Library/Ruby/Gems/2.3.0/gems/activerecord-5.2.3/lib/active_record/reflection.rb:162:in `class_name'
/Library/Ruby/Gems/2.3.0/gems/activerecord-5.2.3/lib/active_record/reflection.rb:769:in `klass'
/Library/Ruby/Gems/2.3.0/gems/activerecord-5.2.3/lib/active_record/reflection.rb:790:in `source_reflection'
/Library/Ruby/Gems/2.3.0/gems/activerecord-5.2.3/lib/active_record/reflection.rb:991:in `derive_class_name'
/Library/Ruby/Gems/2.3.0/gems/activerecord-5.2.3/lib/active_record/reflection.rb:162:in `class_name'
/Library/Ruby/Gems/2.3.0/gems/activerecord-5.2.3/lib/active_record/reflection.rb:769:in `klass'
/Library/Ruby/Gems/2.3.0/gems/activerecord-5.2.3/lib/active_record/reflection.rb:790:in `source_reflection'
/Library/Ruby/Gems/2.3.0/gems/activerecord-5.2.3/lib/active_record/reflection.rb:991:in `derive_class_name'
/Library/Ruby/Gems/2.3.0/gems/activerecord-5.2.3/lib/active_record/reflection.rb:162:in `class_name'
/Library/Ruby/Gems/2.3.0/gems/activerecord-5.2.3/lib/active_record/reflection.rb:769:in `klass'
/Library/Ruby/Gems/2.3.0/gems/activerecord-5.2.3/lib/active_record/reflection.rb:790:in `source_reflection'
/Library/Ruby/Gems/2.3.0/gems/activerecord-5.2.3/lib/active_record/reflection.rb:991:in `derive_class_name'
/Library/Ruby/Gems/2.3.0/gems/activerecord-5.2.3/lib/active_record/reflection.rb:162:in `class_name'
/Library/Ruby/Gems/2.3.0/gems/activerecord-5.2.3/lib/active_record/reflection.rb:769:in `klass'
/Library/Ruby/Gems/2.3.0/gems/activerecord-5.2.3/lib/active_record/reflection.rb:790:in `source_reflection'
/Library/Ruby/Gems/2.3.0/gems/activerecord-5.2.3/lib/active_record/reflection.rb:991:in `derive_class_name'
/Library/Ruby/Gems/2.3.0/gems/activerecord-5.2.3/lib/active_record/reflection.rb:162:in `class_name'
/Library/Ruby/Gems/2.3.0/gems/activerecord-5.2.3/lib/active_record/reflection.rb:769:in `klass'
/Library/Ruby/Gems/2.3.0/gems/activerecord-5.2.3/lib/active_record/reflection.rb:790:in `source_reflection'
/Library/Ruby/Gems/2.3.0/gems/activerecord-5.2.3/lib/active_record/reflection.rb:991:in `derive_class_name'
/Library/Ruby/Gems/2.3.0/gems/activerecord-5.2.3/lib/active_record/reflection.rb:162:in `class_name'
/Library/Ruby/Gems/2.3.0/gems/activerecord-5.2.3/lib/active_record/reflection.rb:769:in `klass'
/Library/Ruby/Gems/2.3.0/gems/activerecord-5.2.3/lib/active_record/reflection.rb:790:in `source_reflection'
/Library/Ruby/Gems/2.3.0/gems/activerecord-5.2.3/lib/active_record/reflection.rb:991:in `derive_class_name'
/Library/Ruby/Gems/2.3.0/gems/activerecord-5.2.3/lib/active_record/reflection.rb:162:in `class_name'
/Library/Ruby/Gems/2.3.0/gems/activerecord-5.2.3/lib/active_record/reflection.rb:769:in `klass'
/Library/Ruby/Gems/2.3.0/gems/activerecord-5.2.3/lib/active_record/reflection.rb:790:in `source_reflection'
/Library/Ruby/Gems/2.3.0/gems/activerecord-5.2.3/lib/active_record/reflection.rb:991:in `derive_class_name'
/Library/Ruby/Gems/2.3.0/gems/activerecord-5.2.3/lib/active_record/reflection.rb:162:in `class_name'
/Library/Ruby/Gems/2.3.0/gems/activerecord-5.2.3/lib/active_record/reflection.rb:769:in `klass'
/Library/Ruby/Gems/2.3.0/gems/activerecord-5.2.3/lib/active_record/reflection.rb:790:in `source_reflection'
/Library/Ruby/Gems/2.3.0/gems/activerecord-5.2.3/lib/active_record/reflection.rb:991:in `derive_class_name'
/Library/Ruby/Gems/2.3.0/gems/activerecord-5.2.3/lib/active_record/reflection.rb:162:in `class_name'
/Library/Ruby/Gems/2.3.0/gems/activerecord-5.2.3/lib/active_record/reflection.rb:769:in `klass'
/Library/Ruby/Gems/2.3.0/gems/activerecord-5.2.3/lib/active_record/reflection.rb:790:in `source_reflection'
/Library/Ruby/Gems/2.3.0/gems/activerecord-5.2.3/lib/active_record/reflection.rb:991:in `derive_class_name'
/Library/Ruby/Gems/2.3.0/gems/activerecord-5.2.3/lib/active_record/reflection.rb:162:in `class_name'
/Library/Ruby/Gems/2.3.0/gems/activerecord-5.2.3/lib/active_record/reflection.rb:769:in `klass'
/Library/Ruby/Gems/2.3.0/gems/activerecord-5.2.3/lib/active_record/reflection.rb:790:in `source_reflection'
/Library/Ruby/Gems/2.3.0/gems/activerecord-5.2.3/lib/active_record/reflection.rb:991:in `derive_class_name'
/Library/Ruby/Gems/2.3.0/gems/activerecord-5.2.3/lib/active_record/reflection.rb:162:in `class_name'
/Library/Ruby/Gems/2.3.0/gems/activerecord-5.2.3/lib/active_record/reflection.rb:769:in `klass'
/Library/Ruby/Gems/2.3.0/gems/activerecord-5.2.3/lib/active_record/reflection.rb:790:in `source_reflection'
/Library/Ruby/Gems/2.3.0/gems/activerecord-5.2.3/lib/active_record/reflection.rb:991:in `derive_class_name'
/Library/Ruby/Gems/2.3.0/gems/activerecord-5.2.3/lib/active_record/reflection.rb:162:in `class_name'
/Library/Ruby/Gems/2.3.0/gems/activerecord-5.2.3/lib/active_record/reflection.rb:769:in `klass'
/Library/Ruby/Gems/2.3.0/gems/activerecord-5.2.3/lib/active_record/reflection.rb:790:in `source_reflection'
/Library/Ruby/Gems/2.3.0/gems/activerecord-5.2.3/lib/active_record/reflection.rb:991:in `derive_class_name'
/Library/Ruby/Gems/2.3.0/gems/activerecord-5.2.3/lib/active_record/reflection.rb:162:in `class_name'
/Library/Ruby/Gems/2.3.0/gems/activerecord-5.2.3/lib/active_record/reflection.rb:769:in `klass'
/Library/Ruby/Gems/2.3.0/gems/activerecord-5.2.3/lib/active_record/reflection.rb:790:in `source_reflection'
/Library/Ruby/Gems/2.3.0/gems/activerecord-5.2.3/lib/active_record/reflection.rb:991:in `derive_class_name'
/Library/Ruby/Gems/2.3.0/gems/activerecord-5.2.3/lib/active_record/reflection.rb:162:in `class_name'
/Library/Ruby/Gems/2.3.0/gems/activerecord-5.2.3/lib/active_record/reflection.rb:769:in `klass'
/Library/Ruby/Gems/2.3.0/gems/activerecord-5.2.3/lib/active_record/reflection.rb:790:in `source_reflection'
/Library/Ruby/Gems/2.3.0/gems/activerecord-5.2.3/lib/active_record/reflection.rb:991:in `derive_class_name'
/Library/Ruby/Gems/2.3.0/gems/activerecord-5.2.3/lib/active_record/reflection.rb:162:in `class_name'
/Library/Ruby/Gems/2.3.0/gems/activerecord-5.2.3/lib/active_record/reflection.rb:769:in `klass'
/Library/Ruby/Gems/2.3.0/gems/activerecord-5.2.3/lib/active_record/reflection.rb:790:in `source_reflection'
/Library/Ruby/Gems/2.3.0/gems/activerecord-5.2.3/lib/active_record/reflection.rb:991:in `derive_class_name'
/Library/Ruby/Gems/2.3.0/gems/activerecord-5.2.3/lib/active_record/reflection.rb:162:in `class_name'
/Library/Ruby/Gems/2.3.0/gems/activerecord-5.2.3/lib/active_record/reflection.rb:769:in `klass'
/Library/Ruby/Gems/2.3.0/gems/activerecord-5.2.3/lib/active_record/reflection.rb:790:in `source_reflection'
/Library/Ruby/Gems/2.3.0/gems/activerecord-5.2.3/lib/active_record/reflection.rb:991:in `derive_class_name'
/Library/Ruby/Gems/2.3.0/gems/activerecord-5.2.3/lib/active_record/reflection.rb:162:in `class_name'
/Library/Ruby/Gems/2.3.0/gems/activerecord-5.2.3/lib/active_record/reflection.rb:769:in `klass'
/Library/Ruby/Gems/2.3.0/gems/activerecord-5.2.3/lib/active_record/reflection.rb:790:in `source_reflection'
/Library/Ruby/Gems/2.3.0/gems/activerecord-5.2.3/lib/active_record/reflection.rb:991:in `derive_class_name'
/Library/Ruby/Gems/2.3.0/gems/activerecord-5.2.3/lib/active_record/reflection.rb:162:in `class_name'
/Library/Ruby/Gems/2.3.0/gems/activerecord-5.2.3/lib/active_record/reflection.rb:769:in `klass'
/Library/Ruby/Gems/2.3.0/gems/activerecord-5.2.3/lib/active_record/reflection.rb:790:in `source_reflection'
/Library/Ruby/Gems/2.3.0/gems/activerecord-5.2.3/lib/active_record/reflection.rb:991:in `derive_class_name'
/Library/Ruby/Gems/2.3.0/gems/activerecord-5.2.3/lib/active_record/reflection.rb:162:in `class_name'
/Library/Ruby/Gems/2.3.0/gems/activerecord-5.2.3/lib/active_record/reflection.rb:769:in `klass'
/Library/Ruby/Gems/2.3.0/gems/activerecord-5.2.3/lib/active_record/reflection.rb:790:in `source_reflection'
/Library/Ruby/Gems/2.3.0/gems/activerecord-5.2.3/lib/active_record/reflection.rb:991:in `derive_class_name'
/Library/Ruby/Gems/2.3.0/gems/activerecord-5.2.3/lib/active_record/reflection.rb:162:in `class_name'
/Library/Ruby/Gems/2.3.0/gems/activerecord-5.2.3/lib/active_record/reflection.rb:769:in `klass'
/Library/Ruby/Gems/2.3.0/gems/activerecord-5.2.3/lib/active_record/reflection.rb:790:in `source_reflection'
/Library/Ruby/Gems/2.3.0/gems/activerecord-5.2.3/lib/active_record/reflection.rb:991:in `derive_class_name'
/Library/Ruby/Gems/2.3.0/gems/activerecord-5.2.3/lib/active_record/reflection.rb:162:in `class_name'
/Library/Ruby/Gems/2.3.0/gems/activerecord-5.2.3/lib/active_record/reflection.rb:769:in `klass'
/Library/Ruby/Gems/2.3.0/gems/activerecord-5.2.3/lib/active_record/reflection.rb:790:in `source_reflection'
/Library/Ruby/Gems/2.3.0/gems/activerecord-5.2.3/lib/active_record/reflection.rb:991:in `derive_class_name'
/Library/Ruby/Gems/2.3.0/gems/activerecord-5.2.3/lib/active_record/reflection.rb:162:in `class_name'
/Library/Ruby/Gems/2.3.0/gems/activerecord-5.2.3/lib/active_record/reflection.rb:769:in `klass'
/Library/Ruby/Gems/2.3.0/gems/activerecord-5.2.3/lib/active_record/reflection.rb:790:in `source_reflection'
/Library/Ruby/Gems/2.3.0/gems/activerecord-5.2.3/lib/active_record/reflection.rb:991:in `derive_class_name'
/Library/Ruby/Gems/2.3.0/gems/activerecord-5.2.3/lib/active_record/reflection.rb:162:in `class_name'
/Library/Ruby/Gems/2.3.0/gems/activerecord-5.2.3/lib/active_record/reflection.rb:769:in `klass'
/Library/Ruby/Gems/2.3.0/gems/activerecord-5.2.3/lib/active_record/reflection.rb:790:in `source_reflection'
/Library/Ruby/Gems/2.3.0/gems/activerecord-5.2.3/lib/active_record/reflection.rb:991:in `derive_class_name'
/Library/Ruby/Gems/2.3.0/gems/activerecord-5.2.3/lib/active_record/reflection.rb:162:in `class_name'
/Library/Ruby/Gems/2.3.0/gems/activerecord-5.2.3/lib/active_record/reflection.rb:769:in `klass'
/Library/Ruby/Gems/2.3.0/gems/activerecord-5.2.3/lib/active_record/reflection.rb:790:in `source_reflection'
/Library/Ruby/Gems/2.3.0/gems/activerecord-5.2.3/lib/active_record/reflection.rb:991:in `derive_class_name'
/Library/Ruby/Gems/2.3.0/gems/activerecord-5.2.3/lib/active_record/reflection.rb:162:in `class_name'
/Library/Ruby/Gems/2.3.0/gems/activerecord-5.2.3/lib/active_record/reflection.rb:769:in `klass'
/Library/Ruby/Gems/2.3.0/gems/activerecord-5.2.3/lib/active_record/reflection.rb:790:in `source_reflection'
/Library/Ruby/Gems/2.3.0/gems/activerecord-5.2.3/lib/active_record/reflection.rb:991:in `derive_class_name'
/Library/Ruby/Gems/2.3.0/gems/activerecord-5.2.3/lib/active_record/reflection.rb:162:in `class_name'
/Library/Ruby/Gems/2.3.0/gems/activerecord-5.2.3/lib/active_record/reflection.rb:769:in `klass'
/Library/Ruby/Gems/2.3.0/gems/activerecord-5.2.3/lib/active_record/reflection.rb:790:in `source_reflection'
/Library/Ruby/Gems/2.3.0/gems/activerecord-5.2.3/lib/active_record/reflection.rb:991:in `derive_class_name'
/Library/Ruby/Gems/2.3.0/gems/activerecord-5.2.3/lib/active_record/reflection.rb:162:in `class_name'
/Library/Ruby/Gems/2.3.0/gems/activerecord-5.2.3/lib/active_record/reflection.rb:769:in `klass'
/Library/Ruby/Gems/2.3.0/gems/activerecord-5.2.3/lib/active_record/reflection.rb:790:in `source_reflection'
/Library/Ruby/Gems/2.3.0/gems/activerecord-5.2.3/lib/active_record/reflection.rb:991:in `derive_class_name'
/Library/Ruby/Gems/2.3.0/gems/activerecord-5.2.3/lib/active_record/reflection.rb:162:in `class_name'
/Library/Ruby/Gems/2.3.0/gems/activerecord-5.2.3/lib/active_record/reflection.rb:769:in `klass'
/Library/Ruby/Gems/2.3.0/gems/activerecord-5.2.3/lib/active_record/reflection.rb:790:in `source_reflection'
/Library/Ruby/Gems/2.3.0/gems/activerecord-5.2.3/lib/active_record/reflection.rb:991:in `derive_class_name'
/Library/Ruby/Gems/2.3.0/gems/activerecord-5.2.3/lib/active_record/reflection.rb:162:in `class_name'
/Library/Ruby/Gems/2.3.0/gems/activerecord-5.2.3/lib/active_record/reflection.rb:769:in `klass'
/Library/Ruby/Gems/2.3.0/gems/activerecord-5.2.3/lib/active_record/reflection.rb:790:in `source_reflection'
/Library/Ruby/Gems/2.3.0/gems/activerecord-5.2.3/lib/active_record/reflection.rb:991:in `derive_class_name'
/Library/Ruby/Gems/2.3.0/gems/activerecord-5.2.3/lib/active_record/reflection.rb:162:in `class_name'
/Library/Ruby/Gems/2.3.0/gems/activerecord-5.2.3/lib/active_record/reflection.rb:769:in `klass'
/Library/Ruby/Gems/2.3.0/gems/activerecord-5.2.3/lib/active_record/reflection.rb:790:in `source_reflection'
/Library/Ruby/Gems/2.3.0/gems/activerecord-5.2.3/lib/active_record/reflection.rb:991:in `derive_class_name'
/Library/Ruby/Gems/2.3.0/gems/activerecord-5.2.3/lib/active_record/reflection.rb:162:in `class_name'
/Library/Ruby/Gems/2.3.0/gems/activerecord-5.2.3/lib/active_record/reflection.rb:769:in `klass'
/Library/Ruby/Gems/2.3.0/gems/activerecord-5.2.3/lib/active_record/reflection.rb:790:in `source_reflection'
/Library/Ruby/Gems/2.3.0/gems/activerecord-5.2.3/lib/active_record/reflection.rb:991:in `derive_class_name'
/Library/Ruby/Gems/2.3.0/gems/activerecord-5.2.3/lib/active_record/reflection.rb:162:in `class_name'
/Library/Ruby/Gems/2.3.0/gems/activerecord-5.2.3/lib/active_record/reflection.rb:769:in `klass'
/Library/Ruby/Gems/2.3.0/gems/activerecord-5.2.3/lib/active_record/reflection.rb:790:in `source_reflection'
/Library/Ruby/Gems/2.3.0/gems/activerecord-5.2.3/lib/active_record/reflection.rb:991:in `derive_class_name'
/Library/Ruby/Gems/2.3.0/gems/activerecord-5.2.3/lib/active_record/reflection.rb:162:in `class_name'
/Library/Ruby/Gems/2.3.0/gems/activerecord-5.2.3/lib/active_record/reflection.rb:769:in `klass'
/Library/Ruby/Gems/2.3.0/gems/activerecord-5.2.3/lib/active_record/reflection.rb:790:in `source_reflection'
/Library/Ruby/Gems/2.3.0/gems/activerecord-5.2.3/lib/active_record/reflection.rb:991:in `derive_class_name'
/Library/Ruby/Gems/2.3.0/gems/activerecord-5.2.3/lib/active_record/reflection.rb:162:in `class_name'
/Library/Ruby/Gems/2.3.0/gems/activerecord-5.2.3/lib/active_record/reflection.rb:769:in `klass'
/Library/Ruby/Gems/2.3.0/gems/activerecord-5.2.3/lib/active_record/reflection.rb:790:in `source_reflection'
/Library/Ruby/Gems/2.3.0/gems/activerecord-5.2.3/lib/active_record/reflection.rb:991:in `derive_class_name'
/Library/Ruby/Gems/2.3.0/gems/activerecord-5.2.3/lib/active_record/reflection.rb:162:in `class_name'
/Library/Ruby/Gems/2.3.0/gems/activerecord-5.2.3/lib/active_record/reflection.rb:769:in `klass'
/Library/Ruby/Gems/2.3.0/gems/activerecord-5.2.3/lib/active_record/reflection.rb:790:in `source_reflection'
/Library/Ruby/Gems/2.3.0/gems/activerecord-5.2.3/lib/active_record/reflection.rb:991:in `derive_class_name'
/Library/Ruby/Gems/2.3.0/gems/activerecord-5.2.3/lib/active_record/reflection.rb:162:in `class_name'
/Library/Ruby/Gems/2.3.0/gems/activerecord-5.2.3/lib/active_record/reflection.rb:769:in `klass'
/Library/Ruby/Gems/2.3.0/gems/activerecord-5.2.3/lib/active_record/reflection.rb:790:in `source_reflection'
/Library/Ruby/Gems/2.3.0/gems/activerecord-5.2.3/lib/active_record/reflection.rb:991:in `derive_class_name'
/Library/Ruby/Gems/2.3.0/gems/activerecord-5.2.3/lib/active_record/reflection.rb:162:in `class_name'
/Library/Ruby/Gems/2.3.0/gems/activerecord-5.2.3/lib/active_record/reflection.rb:769:in `klass'
/Library/Ruby/Gems/2.3.0/gems/activerecord-5.2.3/lib/active_record/reflection.rb:790:in `source_reflection'
/Library/Ruby/Gems/2.3.0/gems/activerecord-5.2.3/lib/active_record/reflection.rb:991:in `derive_class_name'
/Library/Ruby/Gems/2.3.0/gems/activerecord-5.2.3/lib/active_record/reflection.rb:162:in `class_name'
/Library/Ruby/Gems/2.3.0/gems/activerecord-5.2.3/lib/active_record/reflection.rb:769:in `klass'
/Library/Ruby/Gems/2.3.0/gems/activerecord-5.2.3/lib/active_record/reflection.rb:790:in `source_reflection'
/Library/Ruby/Gems/2.3.0/gems/activerecord-5.2.3/lib/active_record/reflection.rb:991:in `derive_class_name'
/Library/Ruby/Gems/2.3.0/gems/activerecord-5.2.3/lib/active_record/reflection.rb:162:in `class_name'
/Library/Ruby/Gems/2.3.0/gems/activerecord-5.2.3/lib/active_record/reflection.rb:769:in `klass'
/Library/Ruby/Gems/2.3.0/gems/activerecord-5.2.3/lib/active_record/reflection.rb:790:in `source_reflection'
/Library/Ruby/Gems/2.3.0/gems/activerecord-5.2.3/lib/active_record/reflection.rb:991:in `derive_class_name'
/Library/Ruby/Gems/2.3.0/gems/activerecord-5.2.3/lib/active_record/reflection.rb:162:in `class_name'
/Library/Ruby/Gems/2.3.0/gems/activerecord-5.2.3/lib/active_record/reflection.rb:769:in `klass'
/Library/Ruby/Gems/2.3.0/gems/activerecord-5.2.3/lib/active_record/reflection.rb:790:in `source_reflection'
/Library/Ruby/Gems/2.3.0/gems/activerecord-5.2.3/lib/active_record/reflection.rb:991:in `derive_class_name'
/Library/Ruby/Gems/2.3.0/gems/activerecord-5.2.3/lib/active_record/reflection.rb:162:in `class_name'
/Library/Ruby/Gems/2.3.0/gems/activerecord-5.2.3/lib/active_record/reflection.rb:769:in `klass'
/Library/Ruby/Gems/2.3.0/gems/activerecord-5.2.3/lib/active_record/reflection.rb:790:in `source_reflection'
/Library/Ruby/Gems/2.3.0/gems/activerecord-5.2.3/lib/active_record/reflection.rb:991:in `derive_class_name'
/Library/Ruby/Gems/2.3.0/gems/activerecord-5.2.3/lib/active_record/reflection.rb:162:in `class_name'
/Library/Ruby/Gems/2.3.0/gems/activerecord-5.2.3/lib/active_record/reflection.rb:769:in `klass'
/Library/Ruby/Gems/2.3.0/gems/activerecord-5.2.3/lib/active_record/reflection.rb:790:in `source_reflection'
/Library/Ruby/Gems/2.3.0/gems/activerecord-5.2.3/lib/active_record/reflection.rb:991:in `derive_class_name'
/Library/Ruby/Gems/2.3.0/gems/activerecord-5.2.3/lib/active_record/reflection.rb:162:in `class_name'
/Library/Ruby/Gems/2.3.0/gems/activerecord-5.2.3/lib/active_record/reflection.rb:769:in `klass'
/Library/Ruby/Gems/2.3.0/gems/activerecord-5.2.3/lib/active_record/reflection.rb:790:in `source_reflection'
/Library/Ruby/Gems/2.3.0/gems/activerecord-5.2.3/lib/active_record/reflection.rb:991:in `derive_class_name'
/Library/Ruby/Gems/2.3.0/gems/activerecord-5.2.3/lib/active_record/reflection.rb:162:in `class_name'
/Library/Ruby/Gems/2.3.0/gems/activerecord-5.2.3/lib/active_record/reflection.rb:769:in `klass'
/Library/Ruby/Gems/2.3.0/gems/activerecord-5.2.3/lib/active_record/reflection.rb:790:in `source_reflection'
/Library/Ruby/Gems/2.3.0/gems/activerecord-5.2.3/lib/active_record/reflection.rb:991:in `derive_class_name'
/Library/Ruby/Gems/2.3.0/gems/activerecord-5.2.3/lib/active_record/reflection.rb:162:in `class_name'
/Library/Ruby/Gems/2.3.0/gems/activerecord-5.2.3/lib/active_record/reflection.rb:769:in `klass'
/Library/Ruby/Gems/2.3.0/gems/activerecord-5.2.3/lib/active_record/reflection.rb:790:in `source_reflection'
/Library/Ruby/Gems/2.3.0/gems/activerecord-5.2.3/lib/active_record/reflection.rb:991:in `derive_class_name'
/Library/Ruby/Gems/2.3.0/gems/activerecord-5.2.3/lib/active_record/reflection.rb:162:in `class_name'
/Library/Ruby/Gems/2.3.0/gems/activerecord-5.2.3/lib/active_record/reflection.rb:769:in `klass'
/Library/Ruby/Gems/2.3.0/gems/activerecord-5.2.3/lib/active_record/reflection.rb:790:in `source_reflection'
/Library/Ruby/Gems/2.3.0/gems/activerecord-5.2.3/lib/active_record/reflection.rb:991:in `derive_class_name'
/Library/Ruby/Gems/2.3.0/gems/activerecord-5.2.3/lib/active_record/reflection.rb:162:in `class_name'
/Library/Ruby/Gems/2.3.0/gems/activerecord-5.2.3/lib/active_record/reflection.rb:769:in `klass'
/Library/Ruby/Gems/2.3.0/gems/activerecord-5.2.3/lib/active_record/reflection.rb:790:in `source_reflection'
/Library/Ruby/Gems/2.3.0/gems/activerecord-5.2.3/lib/active_record/reflection.rb:991:in `derive_class_name'
/Library/Ruby/Gems/2.3.0/gems/activerecord-5.2.3/lib/active_record/reflection.rb:162:in `class_name'
/Library/Ruby/Gems/2.3.0/gems/activerecord-5.2.3/lib/active_record/reflection.rb:769:in `klass'
/Library/Ruby/Gems/2.3.0/gems/activerecord-5.2.3/lib/active_record/reflection.rb:790:in `source_reflection'
/Library/Ruby/Gems/2.3.0/gems/activerecord-5.2.3/lib/active_record/reflection.rb:991:in `derive_class_name'
/Library/Ruby/Gems/2.3.0/gems/activerecord-5.2.3/lib/active_record/reflection.rb:162:in `class_name'
/Library/Ruby/Gems/2.3.0/gems/activerecord-5.2.3/lib/active_record/reflection.rb:769:in `klass'
/Library/Ruby/Gems/2.3.0/gems/activerecord-5.2.3/lib/active_record/reflection.rb:790:in `source_reflection'
/Library/Ruby/Gems/2.3.0/gems/activerecord-5.2.3/lib/active_record/reflection.rb:991:in `derive_class_name'
/Library/Ruby/Gems/2.3.0/gems/activerecord-5.2.3/lib/active_record/reflection.rb:162:in `class_name'
/Library/Ruby/Gems/2.3.0/gems/activerecord-5.2.3/lib/active_record/reflection.rb:769:in `klass'
/Library/Ruby/Gems/2.3.0/gems/activerecord-5.2.3/lib/active_record/reflection.rb:790:in `source_reflection'
/Library/Ruby/Gems/2.3.0/gems/activerecord-5.2.3/lib/active_record/reflection.rb:991:in `derive_class_name'
/Library/Ruby/Gems/2.3.0/gems/activerecord-5.2.3/lib/active_record/reflection.rb:162:in `class_name'
/Library/Ruby/Gems/2.3.0/gems/activerecord-5.2.3/lib/active_record/reflection.rb:769:in `klass'
/Library/Ruby/Gems/2.3.0/gems/activerecord-5.2.3/lib/active_record/reflection.rb:790:in `source_reflection'
/Library/Ruby/Gems/2.3.0/gems/activerecord-5.2.3/lib/active_record/reflection.rb:991:in `derive_class_name'
/Library/Ruby/Gems/2.3.0/gems/activerecord-5.2.3/lib/active_record/reflection.rb:162:in `class_name'
/Library/Ruby/Gems/2.3.0/gems/activerecord-5.2.3/lib/active_record/reflection.rb:769:in `klass'
/Library/Ruby/Gems/2.3.0/gems/activerecord-5.2.3/lib/active_record/reflection.rb:790:in `source_reflection'
/Library/Ruby/Gems/2.3.0/gems/activerecord-5.2.3/lib/active_record/reflection.rb:991:in `derive_class_name'
/Library/Ruby/Gems/2.3.0/gems/activerecord-5.2.3/lib/active_record/reflection.rb:162:in `class_name'
/Library/Ruby/Gems/2.3.0/gems/activerecord-5.2.3/lib/active_record/reflection.rb:769:in `klass'
/Library/Ruby/Gems/2.3.0/gems/activerecord-5.2.3/lib/active_record/reflection.rb:790:in `source_reflection'
/Library/Ruby/Gems/2.3.0/gems/activerecord-5.2.3/lib/active_record/reflection.rb:991:in `derive_class_name'
/Library/Ruby/Gems/2.3.0/gems/activerecord-5.2.3/lib/active_record/reflection.rb:162:in `class_name'
/Library/Ruby/Gems/2.3.0/gems/activerecord-5.2.3/lib/active_record/reflection.rb:769:in `klass'
/Library/Ruby/Gems/2.3.0/gems/activerecord-5.2.3/lib/active_record/reflection.rb:790:in `source_reflection'
/Library/Ruby/Gems/2.3.0/gems/activerecord-5.2.3/lib/active_record/reflection.rb:991:in `derive_class_name'
/Library/Ruby/Gems/2.3.0/gems/activerecord-5.2.3/lib/active_record/reflection.rb:162:in `class_name'
/Library/Ruby/Gems/2.3.0/gems/activerecord-5.2.3/lib/active_record/reflection.rb:769:in `klass'
/Library/Ruby/Gems/2.3.0/gems/activerecord-5.2.3/lib/active_record/reflection.rb:790:in `source_reflection'
/Library/Ruby/Gems/2.3.0/gems/activerecord-5.2.3/lib/active_record/reflection.rb:991:in `derive_class_name'
/Library/Ruby/Gems/2.3.0/gems/activerecord-5.2.3/lib/active_record/reflection.rb:162:in `class_name'
/Library/Ruby/Gems/2.3.0/gems/activerecord-5.2.3/lib/active_record/reflection.rb:769:in `klass'
/Library/Ruby/Gems/2.3.0/gems/activerecord-5.2.3/lib/active_record/reflection.rb:790:in `source_reflection'
/Library/Ruby/Gems/2.3.0/gems/activerecord-5.2.3/lib/active_record/reflection.rb:991:in `derive_class_name'
/Library/Ruby/Gems/2.3.0/gems/activerecord-5.2.3/lib/active_record/reflection.rb:162:in `class_name'
/Library/Ruby/Gems/2.3.0/gems/activerecord-5.2.3/lib/active_record/reflection.rb:769:in `klass'
/Library/Ruby/Gems/2.3.0/gems/activerecord-5.2.3/lib/active_record/reflection.rb:790:in `source_reflection'
/Library/Ruby/Gems/2.3.0/gems/activerecord-5.2.3/lib/active_record/reflection.rb:991:in `derive_class_name'
/Library/Ruby/Gems/2.3.0/gems/activerecord-5.2.3/lib/active_record/reflection.rb:162:in `class_name'
/Library/Ruby/Gems/2.3.0/gems/activerecord-5.2.3/lib/active_record/reflection.rb:769:in `klass'
/Library/Ruby/Gems/2.3.0/gems/activerecord-5.2.3/lib/active_record/reflection.rb:790:in `source_reflection'
/Library/Ruby/Gems/2.3.0/gems/activerecord-5.2.3/lib/active_record/reflection.rb:991:in `derive_class_name'
/Library/Ruby/Gems/2.3.0/gems/activerecord-5.2.3/lib/active_record/reflection.rb:162:in `class_name'
/Library/Ruby/Gems/2.3.0/gems/activerecord-5.2.3/lib/active_record/reflection.rb:769:in `klass'
/Library/Ruby/Gems/2.3.0/gems/activerecord-5.2.3/lib/active_record/reflection.rb:790:in `source_reflection'
/Library/Ruby/Gems/2.3.0/gems/activerecord-5.2.3/lib/active_record/reflection.rb:991:in `derive_class_name'
/Library/Ruby/Gems/2.3.0/gems/activerecord-5.2.3/lib/active_record/reflection.rb:162:in `class_name'
/Library/Ruby/Gems/2.3.0/gems/activerecord-5.2.3/lib/active_record/reflection.rb:769:in `klass'
/Library/Ruby/Gems/2.3.0/gems/activerecord-5.2.3/lib/active_record/reflection.rb:790:in `source_reflection'
/Library/Ruby/Gems/2.3.0/gems/activerecord-5.2.3/lib/active_record/reflection.rb:991:in `derive_class_name'
/Library/Ruby/Gems/2.3.0/gems/activerecord-5.2.3/lib/active_record/reflection.rb:162:in `class_name'
/Library/Ruby/Gems/2.3.0/gems/activerecord-5.2.3/lib/active_record/reflection.rb:769:in `klass'
/Library/Ruby/Gems/2.3.0/gems/activerecord-5.2.3/lib/active_record/reflection.rb:790:in `source_reflection'
/Library/Ruby/Gems/2.3.0/gems/activerecord-5.2.3/lib/active_record/reflection.rb:991:in `derive_class_name'
/Library/Ruby/Gems/2.3.0/gems/activerecord-5.2.3/lib/active_record/reflection.rb:162:in `class_name'
/Library/Ruby/Gems/2.3.0/gems/activerecord-5.2.3/lib/active_record/reflection.rb:769:in `klass'
/Library/Ruby/Gems/2.3.0/gems/activerecord-5.2.3/lib/active_record/reflection.rb:790:in `source_reflection'
/Library/Ruby/Gems/2.3.0/gems/activerecord-5.2.3/lib/active_record/reflection.rb:991:in `derive_class_name'
/Library/Ruby/Gems/2.3.0/gems/activerecord-5.2.3/lib/active_record/reflection.rb:162:in `class_name'
/Library/Ruby/Gems/2.3.0/gems/activerecord-5.2.3/lib/active_record/reflection.rb:769:in `klass'
/Library/Ruby/Gems/2.3.0/gems/activerecord-5.2.3/lib/active_record/reflection.rb:790:in `source_reflection'
/Library/Ruby/Gems/2.3.0/gems/activerecord-5.2.3/lib/active_record/reflection.rb:991:in `derive_class_name'
/Library/Ruby/Gems/2.3.0/gems/activerecord-5.2.3/lib/active_record/reflection.rb:162:in `class_name'
/Library/Ruby/Gems/2.3.0/gems/activerecord-5.2.3/lib/active_record/reflection.rb:769:in `klass'
/Library/Ruby/Gems/2.3.0/gems/activerecord-5.2.3/lib/active_record/reflection.rb:790:in `source_reflection'
/Library/Ruby/Gems/2.3.0/gems/activerecord-5.2.3/lib/active_record/reflection.rb:991:in `derive_class_name'
/Library/Ruby/Gems/2.3.0/gems/activerecord-5.2.3/lib/active_record/reflection.rb:162:in `class_name'
/Library/Ruby/Gems/2.3.0/gems/activerecord-5.2.3/lib/active_record/reflection.rb:769:in `klass'
/Library/Ruby/Gems/2.3.0/gems/activerecord-5.2.3/lib/active_record/reflection.rb:790:in `source_reflection'
/Library/Ruby/Gems/2.3.0/gems/activerecord-5.2.3/lib/active_record/reflection.rb:991:in `derive_class_name'
/Library/Ruby/Gems/2.3.0/gems/activerecord-5.2.3/lib/active_record/reflection.rb:162:in `class_name'
/Library/Ruby/Gems/2.3.0/gems/activerecord-5.2.3/lib/active_record/reflection.rb:769:in `klass'
/Library/Ruby/Gems/2.3.0/gems/activerecord-5.2.3/lib/active_record/reflection.rb:790:in `source_reflection'
/Library/Ruby/Gems/2.3.0/gems/activerecord-5.2.3/lib/active_record/reflection.rb:991:in `derive_class_name'
/Library/Ruby/Gems/2.3.0/gems/activerecord-5.2.3/lib/active_record/reflection.rb:162:in `class_name'
/Library/Ruby/Gems/2.3.0/gems/activerecord-5.2.3/lib/active_record/reflection.rb:769:in `klass'
/Library/Ruby/Gems/2.3.0/gems/activerecord-5.2.3/lib/active_record/reflection.rb:790:in `source_reflection'
/Library/Ruby/Gems/2.3.0/gems/activerecord-5.2.3/lib/active_record/reflection.rb:991:in `derive_class_name'
/Library/Ruby/Gems/2.3.0/gems/activerecord-5.2.3/lib/active_record/reflection.rb:162:in `class_name'
/Library/Ruby/Gems/2.3.0/gems/activerecord-5.2.3/lib/active_record/reflection.rb:769:in `klass'
/Library/Ruby/Gems/2.3.0/gems/activerecord-5.2.3/lib/active_record/reflection.rb:790:in `source_reflection'
/Library/Ruby/Gems/2.3.0/gems/activerecord-5.2.3/lib/active_record/reflection.rb:991:in `derive_class_name'
/Library/Ruby/Gems/2.3.0/gems/activerecord-5.2.3/lib/active_record/reflection.rb:162:in `class_name'
/Library/Ruby/Gems/2.3.0/gems/activerecord-5.2.3/lib/active_record/reflection.rb:769:in `klass'
/Library/Ruby/Gems/2.3.0/gems/activerecord-5.2.3/lib/active_record/reflection.rb:790:in `source_reflection'
/Library/Ruby/Gems/2.3.0/gems/activerecord-5.2.3/lib/active_record/reflection.rb:991:in `derive_class_name'
/Library/Ruby/Gems/2.3.0/gems/activerecord-5.2.3/lib/active_record/reflection.rb:162:in `class_name'
/Library/Ruby/Gems/2.3.0/gems/activerecord-5.2.3/lib/active_record/reflection.rb:769:in `klass'
/Library/Ruby/Gems/2.3.0/gems/activerecord-5.2.3/lib/active_record/reflection.rb:790:in `source_reflection'
/Library/Ruby/Gems/2.3.0/gems/activerecord-5.2.3/lib/active_record/reflection.rb:991:in `derive_class_name'
/Library/Ruby/Gems/2.3.0/gems/activerecord-5.2.3/lib/active_record/reflection.rb:162:in `class_name'
/Library/Ruby/Gems/2.3.0/gems/activerecord-5.2.3/lib/active_record/reflection.rb:769:in `klass'
/Library/Ruby/Gems/2.3.0/gems/activerecord-5.2.3/lib/active_record/reflection.rb:790:in `source_reflection'
/Library/Ruby/Gems/2.3.0/gems/activerecord-5.2.3/lib/active_record/reflection.rb:991:in `derive_class_name'
/Library/Ruby/Gems/2.3.0/gems/activerecord-5.2.3/lib/active_record/reflection.rb:162:in `class_name'
/Library/Ruby/Gems/2.3.0/gems/activerecord-5.2.3/lib/active_record/reflection.rb:769:in `klass'
/Library/Ruby/Gems/2.3.0/gems/activerecord-5.2.3/lib/active_record/reflection.rb:790:in `source_reflection'
/Library/Ruby/Gems/2.3.0/gems/activerecord-5.2.3/lib/active_record/reflection.rb:991:in `derive_class_name'
/Library/Ruby/Gems/2.3.0/gems/activerecord-5.2.3/lib/active_record/reflection.rb:162:in `class_name'
/Library/Ruby/Gems/2.3.0/gems/activerecord-5.2.3/lib/active_record/reflection.rb:769:in `klass'
/Library/Ruby/Gems/2.3.0/gems/activerecord-5.2.3/lib/active_record/reflection.rb:790:in `source_reflection'
/Library/Ruby/Gems/2.3.0/gems/activerecord-5.2.3/lib/active_record/reflection.rb:991:in `derive_class_name'
/Library/Ruby/Gems/2.3.0/gems/activerecord-5.2.3/lib/active_record/reflection.rb:162:in `class_name'
/Library/Ruby/Gems/2.3.0/gems/activerecord-5.2.3/lib/active_record/reflection.rb:769:in `klass'
/Library/Ruby/Gems/2.3.0/gems/activerecord-5.2.3/lib/active_record/reflection.rb:790:in `source_reflection'
/Library/Ruby/Gems/2.3.0/gems/activerecord-5.2.3/lib/active_record/reflection.rb:991:in `derive_class_name'
/Library/Ruby/Gems/2.3.0/gems/activerecord-5.2.3/lib/active_record/reflection.rb:162:in `class_name'
/Library/Ruby/Gems/2.3.0/gems/activerecord-5.2.3/lib/active_record/reflection.rb:769:in `klass'
/Library/Ruby/Gems/2.3.0/gems/activerecord-5.2.3/lib/active_record/reflection.rb:790:in `source_reflection'
/Library/Ruby/Gems/2.3.0/gems/activerecord-5.2.3/lib/active_record/reflection.rb:991:in `derive_class_name'
/Library/Ruby/Gems/2.3.0/gems/activerecord-5.2.3/lib/active_record/reflection.rb:162:in `class_name'
/Library/Ruby/Gems/2.3.0/gems/activerecord-5.2.3/lib/active_record/reflection.rb:769:in `klass'
/Library/Ruby/Gems/2.3.0/gems/activerecord-5.2.3/lib/active_record/reflection.rb:790:in `source_reflection'
/Library/Ruby/Gems/2.3.0/gems/activerecord-5.2.3/lib/active_record/reflection.rb:991:in `derive_class_name'
/Library/Ruby/Gems/2.3.0/gems/activerecord-5.2.3/lib/active_record/reflection.rb:162:in `class_name'
/Library/Ruby/Gems/2.3.0/gems/activerecord-5.2.3/lib/active_record/reflection.rb:769:in `klass'
/Library/Ruby/Gems/2.3.0/gems/activerecord-5.2.3/lib/active_record/reflection.rb:790:in `source_reflection'
/Library/Ruby/Gems/2.3.0/gems/activerecord-5.2.3/lib/active_record/reflection.rb:991:in `derive_class_name'
/Library/Ruby/Gems/2.3.0/gems/activerecord-5.2.3/lib/active_record/reflection.rb:162:in `class_name'
/Library/Ruby/Gems/2.3.0/gems/activerecord-5.2.3/lib/active_record/reflection.rb:769:in `klass'
/Library/Ruby/Gems/2.3.0/gems/activerecord-5.2.3/lib/active_record/reflection.rb:790:in `source_reflection'
/Library/Ruby/Gems/2.3.0/gems/activerecord-5.2.3/lib/active_record/reflection.rb:991:in `derive_class_name'
/Library/Ruby/Gems/2.3.0/gems/activerecord-5.2.3/lib/active_record/reflection.rb:162:in `class_name'
/Library/Ruby/Gems/2.3.0/gems/activerecord-5.2.3/lib/active_record/reflection.rb:769:in `klass'
/Library/Ruby/Gems/2.3.0/gems/activerecord-5.2.3/lib/active_record/reflection.rb:790:in `source_reflection'
/Library/Ruby/Gems/2.3.0/gems/activerecord-5.2.3/lib/active_record/reflection.rb:991:in `derive_class_name'
/Library/Ruby/Gems/2.3.0/gems/activerecord-5.2.3/lib/active_record/reflection.rb:162:in `class_name'
/Library/Ruby/Gems/2.3.0/gems/activerecord-5.2.3/lib/active_record/reflection.rb:769:in `klass'
/Library/Ruby/Gems/2.3.0/gems/activerecord-5.2.3/lib/active_record/reflection.rb:790:in `source_reflection'
/Library/Ruby/Gems/2.3.0/gems/activerecord-5.2.3/lib/active_record/reflection.rb:991:in `derive_class_name'
/Library/Ruby/Gems/2.3.0/gems/activerecord-5.2.3/lib/active_record/reflection.rb:162:in `class_name'
/Library/Ruby/Gems/2.3.0/gems/activerecord-5.2.3/lib/active_record/reflection.rb:769:in `klass'
/Library/Ruby/Gems/2.3.0/gems/activerecord-5.2.3/lib/active_record/reflection.rb:790:in `source_reflection'
/Library/Ruby/Gems/2.3.0/gems/activerecord-5.2.3/lib/active_record/reflection.rb:991:in `derive_class_name'
/Library/Ruby/Gems/2.3.0/gems/activerecord-5.2.3/lib/active_record/reflection.rb:162:in `class_name'
/Library/Ruby/Gems/2.3.0/gems/activerecord-5.2.3/lib/active_record/reflection.rb:769:in `klass'
/Library/Ruby/Gems/2.3.0/gems/activerecord-5.2.3/lib/active_record/reflection.rb:790:in `source_reflection'
/Library/Ruby/Gems/2.3.0/gems/activerecord-5.2.3/lib/active_record/reflection.rb:991:in `derive_class_name'
/Library/Ruby/Gems/2.3.0/gems/activerecord-5.2.3/lib/active_record/reflection.rb:162:in `class_name'
/Library/Ruby/Gems/2.3.0/gems/activerecord-5.2.3/lib/active_record/reflection.rb:769:in `klass'
/Library/Ruby/Gems/2.3.0/gems/activerecord-5.2.3/lib/active_record/reflection.rb:790:in `source_reflection'
/Library/Ruby/Gems/2.3.0/gems/activerecord-5.2.3/lib/active_record/reflection.rb:991:in `derive_class_name'
/Library/Ruby/Gems/2.3.0/gems/activerecord-5.2.3/lib/active_record/reflection.rb:162:in `class_name'
/Library/Ruby/Gems/2.3.0/gems/activerecord-5.2.3/lib/active_record/reflection.rb:769:in `klass'
/Library/Ruby/Gems/2.3.0/gems/activerecord-5.2.3/lib/active_record/reflection.rb:790:in `source_reflection'
/Library/Ruby/Gems/2.3.0/gems/activerecord-5.2.3/lib/active_record/reflection.rb:991:in `derive_class_name'
/Library/Ruby/Gems/2.3.0/gems/activerecord-5.2.3/lib/active_record/reflection.rb:162:in `class_name'
/Library/Ruby/Gems/2.3.0/gems/activerecord-5.2.3/lib/active_record/reflection.rb:769:in `klass'
/Library/Ruby/Gems/2.3.0/gems/activerecord-5.2.3/lib/active_record/reflection.rb:790:in `source_reflection'
/Library/Ruby/Gems/2.3.0/gems/activerecord-5.2.3/lib/active_record/reflection.rb:991:in `derive_class_name'
/Library/Ruby/Gems/2.3.0/gems/activerecord-5.2.3/lib/active_record/reflection.rb:162:in `class_name'
/Library/Ruby/Gems/2.3.0/gems/activerecord-5.2.3/lib/active_record/reflection.rb:769:in `klass'
/Library/Ruby/Gems/2.3.0/gems/activerecord-5.2.3/lib/active_record/reflection.rb:790:in `source_reflection'
/Library/Ruby/Gems/2.3.0/gems/activerecord-5.2.3/lib/active_record/reflection.rb:991:in `derive_class_name'
/Library/Ruby/Gems/2.3.0/gems/activerecord-5.2.3/lib/active_record/reflection.rb:162:in `class_name'
/Library/Ruby/Gems/2.3.0/gems/activerecord-5.2.3/lib/active_record/reflection.rb:769:in `klass'
/Library/Ruby/Gems/2.3.0/gems/activerecord-5.2.3/lib/active_record/reflection.rb:790:in `source_reflection'
/Library/Ruby/Gems/2.3.0/gems/activerecord-5.2.3/lib/active_record/reflection.rb:991:in `derive_class_name'
/Library/Ruby/Gems/2.3.0/gems/activerecord-5.2.3/lib/active_record/reflection.rb:162:in `class_name'
/Library/Ruby/Gems/2.3.0/gems/activerecord-5.2.3/lib/active_record/reflection.rb:769:in `klass'
/Library/Ruby/Gems/2.3.0/gems/activerecord-5.2.3/lib/active_record/reflection.rb:790:in `source_reflection'
/Library/Ruby/Gems/2.3.0/gems/activerecord-5.2.3/lib/active_record/reflection.rb:991:in `derive_class_name'
/Library/Ruby/Gems/2.3.0/gems/activerecord-5.2.3/lib/active_record/reflection.rb:162:in `class_name'
/Library/Ruby/Gems/2.3.0/gems/activerecord-5.2.3/lib/active_record/reflection.rb:769:in `klass'
/Library/Ruby/Gems/2.3.0/gems/activerecord-5.2.3/lib/active_record/reflection.rb:790:in `source_reflection'
/Library/Ruby/Gems/2.3.0/gems/activerecord-5.2.3/lib/active_record/reflection.rb:991:in `derive_class_name'
/Library/Ruby/Gems/2.3.0/gems/activerecord-5.2.3/lib/active_record/reflection.rb:162:in `class_name'
/Library/Ruby/Gems/2.3.0/gems/activerecord-5.2.3/lib/active_record/reflection.rb:769:in `klass'
/Library/Ruby/Gems/2.3.0/gems/activerecord-5.2.3/lib/active_record/reflection.rb:790:in `source_reflection'
/Library/Ruby/Gems/2.3.0/gems/activerecord-5.2.3/lib/active_record/reflection.rb:991:in `derive_class_name'
/Library/Ruby/Gems/2.3.0/gems/activerecord-5.2.3/lib/active_record/reflection.rb:162:in `class_name'
/Library/Ruby/Gems/2.3.0/gems/activerecord-5.2.3/lib/active_record/reflection.rb:769:in `klass'
/Library/Ruby/Gems/2.3.0/gems/activerecord-5.2.3/lib/active_record/reflection.rb:790:in `source_reflection'
/Library/Ruby/Gems/2.3.0/gems/activerecord-5.2.3/lib/active_record/reflection.rb:991:in `derive_class_name'
/Library/Ruby/Gems/2.3.0/gems/activerecord-5.2.3/lib/active_record/reflection.rb:162:in `class_name'
/Library/Ruby/Gems/2.3.0/gems/activerecord-5.2.3/lib/active_record/reflection.rb:769:in `klass'
/Library/Ruby/Gems/2.3.0/gems/activerecord-5.2.3/lib/active_record/reflection.rb:790:in `source_reflection'
/Library/Ruby/Gems/2.3.0/gems/activerecord-5.2.3/lib/active_record/reflection.rb:991:in `derive_class_name'
/Library/Ruby/Gems/2.3.0/gems/activerecord-5.2.3/lib/active_record/reflection.rb:162:in `class_name'
/Library/Ruby/Gems/2.3.0/gems/activerecord-5.2.3/lib/active_record/reflection.rb:769:in `klass'
/Library/Ruby/Gems/2.3.0/gems/activerecord-5.2.3/lib/active_record/reflection.rb:790:in `source_reflection'
/Library/Ruby/Gems/2.3.0/gems/activerecord-5.2.3/lib/active_record/reflection.rb:991:in `derive_class_name'
/Library/Ruby/Gems/2.3.0/gems/activerecord-5.2.3/lib/active_record/reflection.rb:162:in `class_name'
/Library/Ruby/Gems/2.3.0/gems/activerecord-5.2.3/lib/active_record/reflection.rb:769:in `klass'
/Library/Ruby/Gems/2.3.0/gems/activerecord-5.2.3/lib/active_record/reflection.rb:790:in `source_reflection'
/Library/Ruby/Gems/2.3.0/gems/activerecord-5.2.3/lib/active_record/reflection.rb:991:in `derive_class_name'
/Library/Ruby/Gems/2.3.0/gems/activerecord-5.2.3/lib/active_record/reflection.rb:162:in `class_name'
/Library/Ruby/Gems/2.3.0/gems/activerecord-5.2.3/lib/active_record/reflection.rb:769:in `klass'
/Library/Ruby/Gems/2.3.0/gems/activerecord-5.2.3/lib/active_record/reflection.rb:790:in `source_reflection'
/Library/Ruby/Gems/2.3.0/gems/activerecord-5.2.3/lib/active_record/reflection.rb:991:in `derive_class_name'
/Library/Ruby/Gems/2.3.0/gems/activerecord-5.2.3/lib/active_record/reflection.rb:162:in `class_name'
/Library/Ruby/Gems/2.3.0/gems/activerecord-5.2.3/lib/active_record/reflection.rb:769:in `klass'
/Library/Ruby/Gems/2.3.0/gems/activerecord-5.2.3/lib/active_record/reflection.rb:790:in `source_reflection'
/Library/Ruby/Gems/2.3.0/gems/activerecord-5.2.3/lib/active_record/reflection.rb:991:in `derive_class_name'
/Library/Ruby/Gems/2.3.0/gems/activerecord-5.2.3/lib/active_record/reflection.rb:162:in `class_name'
/Library/Ruby/Gems/2.3.0/gems/activerecord-5.2.3/lib/active_record/reflection.rb:769:in `klass'
/Library/Ruby/Gems/2.3.0/gems/activerecord-5.2.3/lib/active_record/reflection.rb:790:in `source_reflection'
/Library/Ruby/Gems/2.3.0/gems/activerecord-5.2.3/lib/active_record/reflection.rb:991:in `derive_class_name'
/Library/Ruby/Gems/2.3.0/gems/activerecord-5.2.3/lib/active_record/reflection.rb:162:in `class_name'
/Library/Ruby/Gems/2.3.0/gems/activerecord-5.2.3/lib/active_record/reflection.rb:769:in `klass'
/Library/Ruby/Gems/2.3.0/gems/activerecord-5.2.3/lib/active_record/reflection.rb:790:in `source_reflection'
/Library/Ruby/Gems/2.3.0/gems/activerecord-5.2.3/lib/active_record/reflection.rb:991:in `derive_class_name'
/Library/Ruby/Gems/2.3.0/gems/activerecord-5.2.3/lib/active_record/reflection.rb:162:in `class_name'
/Library/Ruby/Gems/2.3.0/gems/activerecord-5.2.3/lib/active_record/reflection.rb:769:in `klass'
/Library/Ruby/Gems/2.3.0/gems/activerecord-5.2.3/lib/active_record/reflection.rb:790:in `source_reflection'
/Library/Ruby/Gems/2.3.0/gems/activerecord-5.2.3/lib/active_record/reflection.rb:991:in `derive_class_name'
/Library/Ruby/Gems/2.3.0/gems/activerecord-5.2.3/lib/active_record/reflection.rb:162:in `class_name'
/Library/Ruby/Gems/2.3.0/gems/activerecord-5.2.3/lib/active_record/reflection.rb:769:in `klass'
/Library/Ruby/Gems/2.3.0/gems/activerecord-5.2.3/lib/active_record/reflection.rb:790:in `source_reflection'
/Library/Ruby/Gems/2.3.0/gems/activerecord-5.2.3/lib/active_record/reflection.rb:991:in `derive_class_name'
/Library/Ruby/Gems/2.3.0/gems/activerecord-5.2.3/lib/active_record/reflection.rb:162:in `class_name'
/Library/Ruby/Gems/2.3.0/gems/activerecord-5.2.3/lib/active_record/reflection.rb:769:in `klass'
/Library/Ruby/Gems/2.3.0/gems/activerecord-5.2.3/lib/active_record/reflection.rb:790:in `source_reflection'
/Library/Ruby/Gems/2.3.0/gems/activerecord-5.2.3/lib/active_record/reflection.rb:991:in `derive_class_name'
/Library/Ruby/Gems/2.3.0/gems/activerecord-5.2.3/lib/active_record/reflection.rb:162:in `class_name'
/Library/Ruby/Gems/2.3.0/gems/activerecord-5.2.3/lib/active_record/reflection.rb:769:in `klass'
/Library/Ruby/Gems/2.3.0/gems/activerecord-5.2.3/lib/active_record/reflection.rb:790:in `source_reflection'
/Library/Ruby/Gems/2.3.0/gems/activerecord-5.2.3/lib/active_record/reflection.rb:991:in `derive_class_name'
/Library/Ruby/Gems/2.3.0/gems/activerecord-5.2.3/lib/active_record/reflection.rb:162:in `class_name'
/Library/Ruby/Gems/2.3.0/gems/activerecord-5.2.3/lib/active_record/reflection.rb:769:in `klass'
/Library/Ruby/Gems/2.3.0/gems/activerecord-5.2.3/lib/active_record/reflection.rb:790:in `source_reflection'
/Library/Ruby/Gems/2.3.0/gems/activerecord-5.2.3/lib/active_record/reflection.rb:991:in `derive_class_name'
/Library/Ruby/Gems/2.3.0/gems/activerecord-5.2.3/lib/active_record/reflection.rb:162:in `class_name'
/Library/Ruby/Gems/2.3.0/gems/activerecord-5.2.3/lib/active_record/reflection.rb:769:in `klass'
/Library/Ruby/Gems/2.3.0/gems/activerecord-5.2.3/lib/active_record/reflection.rb:790:in `source_reflection'
/Library/Ruby/Gems/2.3.0/gems/activerecord-5.2.3/lib/active_record/reflection.rb:991:in `derive_class_name'
/Library/Ruby/Gems/2.3.0/gems/activerecord-5.2.3/lib/active_record/reflection.rb:162:in `class_name'
/Library/Ruby/Gems/2.3.0/gems/activerecord-5.2.3/lib/active_record/reflection.rb:769:in `klass'
/Library/Ruby/Gems/2.3.0/gems/activerecord-5.2.3/lib/active_record/reflection.rb:790:in `source_reflection'
/Library/Ruby/Gems/2.3.0/gems/activerecord-5.2.3/lib/active_record/reflection.rb:991:in `derive_class_name'
/Library/Ruby/Gems/2.3.0/gems/activerecord-5.2.3/lib/active_record/reflection.rb:162:in `class_name'
/Library/Ruby/Gems/2.3.0/gems/activerecord-5.2.3/lib/active_record/reflection.rb:769:in `klass'
/Library/Ruby/Gems/2.3.0/gems/activerecord-5.2.3/lib/active_record/reflection.rb:790:in `source_reflection'
/Library/Ruby/Gems/2.3.0/gems/activerecord-5.2.3/lib/active_record/reflection.rb:991:in `derive_class_name'
/Library/Ruby/Gems/2.3.0/gems/activerecord-5.2.3/lib/active_record/reflection.rb:162:in `class_name'
/Library/Ruby/Gems/2.3.0/gems/activerecord-5.2.3/lib/active_record/reflection.rb:769:in `klass'
/Library/Ruby/Gems/2.3.0/gems/activerecord-5.2.3/lib/active_record/reflection.rb:790:in `source_reflection'
/Library/Ruby/Gems/2.3.0/gems/activerecord-5.2.3/lib/active_record/reflection.rb:991:in `derive_class_name'
/Library/Ruby/Gems/2.3.0/gems/activerecord-5.2.3/lib/active_record/reflection.rb:162:in `class_name'
/Library/Ruby/Gems/2.3.0/gems/activerecord-5.2.3/lib/active_record/reflection.rb:769:in `klass'
/Library/Ruby/Gems/2.3.0/gems/activerecord-5.2.3/lib/active_record/reflection.rb:790:in `source_reflection'
/Library/Ruby/Gems/2.3.0/gems/activerecord-5.2.3/lib/active_record/reflection.rb:991:in `derive_class_name'
/Library/Ruby/Gems/2.3.0/gems/activerecord-5.2.3/lib/active_record/reflection.rb:162:in `class_name'
/Library/Ruby/Gems/2.3.0/gems/activerecord-5.2.3/lib/active_record/reflection.rb:769:in `klass'
/Library/Ruby/Gems/2.3.0/gems/activerecord-5.2.3/lib/active_record/reflection.rb:790:in `source_reflection'
/Library/Ruby/Gems/2.3.0/gems/activerecord-5.2.3/lib/active_record/reflection.rb:991:in `derive_class_name'
/Library/Ruby/Gems/2.3.0/gems/activerecord-5.2.3/lib/active_record/reflection.rb:162:in `class_name'
/Library/Ruby/Gems/2.3.0/gems/activerecord-5.2.3/lib/active_record/reflection.rb:769:in `klass'
/Library/Ruby/Gems/2.3.0/gems/activerecord-5.2.3/lib/active_record/reflection.rb:790:in `source_reflection'
/Library/Ruby/Gems/2.3.0/gems/activerecord-5.2.3/lib/active_record/reflection.rb:991:in `derive_class_name'
/Library/Ruby/Gems/2.3.0/gems/activerecord-5.2.3/lib/active_record/reflection.rb:162:in `class_name'
/Library/Ruby/Gems/2.3.0/gems/activerecord-5.2.3/lib/active_record/reflection.rb:769:in `klass'
/Library/Ruby/Gems/2.3.0/gems/activerecord-5.2.3/lib/active_record/reflection.rb:790:in `source_reflection'
/Library/Ruby/Gems/2.3.0/gems/activerecord-5.2.3/lib/active_record/reflection.rb:991:in `derive_class_name'
/Library/Ruby/Gems/2.3.0/gems/activerecord-5.2.3/lib/active_record/reflection.rb:162:in `class_name'
/Library/Ruby/Gems/2.3.0/gems/activerecord-5.2.3/lib/active_record/reflection.rb:769:in `klass'
/Library/Ruby/Gems/2.3.0/gems/activerecord-5.2.3/lib/active_record/reflection.rb:790:in `source_reflection'
/Library/Ruby/Gems/2.3.0/gems/activerecord-5.2.3/lib/active_record/reflection.rb:991:in `derive_class_name'
/Library/Ruby/Gems/2.3.0/gems/activerecord-5.2.3/lib/active_record/reflection.rb:162:in `class_name'
/Library/Ruby/Gems/2.3.0/gems/activerecord-5.2.3/lib/active_record/reflection.rb:769:in `klass'
/Library/Ruby/Gems/2.3.0/gems/activerecord-5.2.3/lib/active_record/reflection.rb:790:in `source_reflection'
/Library/Ruby/Gems/2.3.0/gems/activerecord-5.2.3/lib/active_record/reflection.rb:991:in `derive_class_name'
/Library/Ruby/Gems/2.3.0/gems/activerecord-5.2.3/lib/active_record/reflection.rb:162:in `class_name'
/Library/Ruby/Gems/2.3.0/gems/activerecord-5.2.3/lib/active_record/reflection.rb:769:in `klass'
/Library/Ruby/Gems/2.3.0/gems/activerecord-5.2.3/lib/active_record/reflection.rb:790:in `source_reflection'
/Library/Ruby/Gems/2.3.0/gems/activerecord-5.2.3/lib/active_record/reflection.rb:991:in `derive_class_name'
/Library/Ruby/Gems/2.3.0/gems/activerecord-5.2.3/lib/active_record/reflection.rb:162:in `class_name'
/Library/Ruby/Gems/2.3.0/gems/activerecord-5.2.3/lib/active_record/reflection.rb:769:in `klass'
/Library/Ruby/Gems/2.3.0/gems/activerecord-5.2.3/lib/active_record/reflection.rb:790:in `source_reflection'
/Library/Ruby/Gems/2.3.0/gems/activerecord-5.2.3/lib/active_record/reflection.rb:991:in `derive_class_name'
/Library/Ruby/Gems/2.3.0/gems/activerecord-5.2.3/lib/active_record/reflection.rb:162:in `class_name'
/Library/Ruby/Gems/2.3.0/gems/activerecord-5.2.3/lib/active_record/reflection.rb:769:in `klass'
/Library/Ruby/Gems/2.3.0/gems/activerecord-5.2.3/lib/active_record/reflection.rb:790:in `source_reflection'
/Library/Ruby/Gems/2.3.0/gems/activerecord-5.2.3/lib/active_record/reflection.rb:991:in `derive_class_name'
/Library/Ruby/Gems/2.3.0/gems/activerecord-5.2.3/lib/active_record/reflection.rb:162:in `class_name'
/Library/Ruby/Gems/2.3.0/gems/activerecord-5.2.3/lib/active_record/reflection.rb:769:in `klass'
/Library/Ruby/Gems/2.3.0/gems/activerecord-5.2.3/lib/active_record/reflection.rb:790:in `source_reflection'
/Library/Ruby/Gems/2.3.0/gems/activerecord-5.2.3/lib/active_record/reflection.rb:991:in `derive_class_name'
/Library/Ruby/Gems/2.3.0/gems/activerecord-5.2.3/lib/active_record/reflection.rb:162:in `class_name'
/Library/Ruby/Gems/2.3.0/gems/activerecord-5.2.3/lib/active_record/reflection.rb:769:in `klass'
/Library/Ruby/Gems/2.3.0/gems/activerecord-5.2.3/lib/active_record/reflection.rb:790:in `source_reflection'
/Library/Ruby/Gems/2.3.0/gems/activerecord-5.2.3/lib/active_record/reflection.rb:991:in `derive_class_name'
/Library/Ruby/Gems/2.3.0/gems/activerecord-5.2.3/lib/active_record/reflection.rb:162:in `class_name'
/Library/Ruby/Gems/2.3.0/gems/activerecord-5.2.3/lib/active_record/reflection.rb:769:in `klass'
/Library/Ruby/Gems/2.3.0/gems/activerecord-5.2.3/lib/active_record/reflection.rb:790:in `source_reflection'
/Library/Ruby/Gems/2.3.0/gems/activerecord-5.2.3/lib/active_record/reflection.rb:991:in `derive_class_name'
/Library/Ruby/Gems/2.3.0/gems/activerecord-5.2.3/lib/active_record/reflection.rb:162:in `class_name'
/Library/Ruby/Gems/2.3.0/gems/activerecord-5.2.3/lib/active_record/reflection.rb:769:in `klass'
/Library/Ruby/Gems/2.3.0/gems/activerecord-5.2.3/lib/active_record/reflection.rb:790:in `source_reflection'
/Library/Ruby/Gems/2.3.0/gems/activerecord-5.2.3/lib/active_record/reflection.rb:991:in `derive_class_name'
/Library/Ruby/Gems/2.3.0/gems/activerecord-5.2.3/lib/active_record/reflection.rb:162:in `class_name'
/Library/Ruby/Gems/2.3.0/gems/activerecord-5.2.3/lib/active_record/reflection.rb:769:in `klass'
/Library/Ruby/Gems/2.3.0/gems/activerecord-5.2.3/lib/active_record/reflection.rb:790:in `source_reflection'
/Library/Ruby/Gems/2.3.0/gems/activerecord-5.2.3/lib/active_record/reflection.rb:991:in `derive_class_name'
/Library/Ruby/Gems/2.3.0/gems/activerecord-5.2.3/lib/active_record/reflection.rb:162:in `class_name'
/Library/Ruby/Gems/2.3.0/gems/activerecord-5.2.3/lib/active_record/reflection.rb:769:in `klass'
/Library/Ruby/Gems/2.3.0/gems/activerecord-5.2.3/lib/active_record/reflection.rb:790:in `source_reflection'
/Library/Ruby/Gems/2.3.0/gems/activerecord-5.2.3/lib/active_record/reflection.rb:991:in `derive_class_name'
/Library/Ruby/Gems/2.3.0/gems/activerecord-5.2.3/lib/active_record/reflection.rb:162:in `class_name'
/Library/Ruby/Gems/2.3.0/gems/activerecord-5.2.3/lib/active_record/reflection.rb:769:in `klass'
/Library/Ruby/Gems/2.3.0/gems/activerecord-5.2.3/lib/active_record/reflection.rb:790:in `source_reflection'
/Library/Ruby/Gems/2.3.0/gems/activerecord-5.2.3/lib/active_record/reflection.rb:991:in `derive_class_name'
/Library/Ruby/Gems/2.3.0/gems/activerecord-5.2.3/lib/active_record/reflection.rb:162:in `class_name'
/Library/Ruby/Gems/2.3.0/gems/activerecord-5.2.3/lib/active_record/reflection.rb:769:in `klass'
/Library/Ruby/Gems/2.3.0/gems/activerecord-5.2.3/lib/active_record/reflection.rb:790:in `source_reflection'
/Library/Ruby/Gems/2.3.0/gems/activerecord-5.2.3/lib/active_record/reflection.rb:991:in `derive_class_name'
/Library/Ruby/Gems/2.3.0/gems/activerecord-5.2.3/lib/active_record/reflection.rb:162:in `class_name'
/Library/Ruby/Gems/2.3.0/gems/activerecord-5.2.3/lib/active_record/reflection.rb:769:in `klass'
/Library/Ruby/Gems/2.3.0/gems/activerecord-5.2.3/lib/active_record/reflection.rb:790:in `source_reflection'
/Library/Ruby/Gems/2.3.0/gems/activerecord-5.2.3/lib/active_record/reflection.rb:991:in `derive_class_name'
/Library/Ruby/Gems/2.3.0/gems/activerecord-5.2.3/lib/active_record/reflection.rb:162:in `class_name'
/Library/Ruby/Gems/2.3.0/gems/activerecord-5.2.3/lib/active_record/reflection.rb:769:in `klass'
/Library/Ruby/Gems/2.3.0/gems/activerecord-5.2.3/lib/active_record/reflection.rb:790:in `source_reflection'
/Library/Ruby/Gems/2.3.0/gems/activerecord-5.2.3/lib/active_record/reflection.rb:991:in `derive_class_name'
/Library/Ruby/Gems/2.3.0/gems/activerecord-5.2.3/lib/active_record/reflection.rb:162:in `class_name'
/Library/Ruby/Gems/2.3.0/gems/activerecord-5.2.3/lib/active_record/reflection.rb:769:in `klass'
/Library/Ruby/Gems/2.3.0/gems/activerecord-5.2.3/lib/active_record/reflection.rb:790:in `source_reflection'
/Library/Ruby/Gems/2.3.0/gems/activerecord-5.2.3/lib/active_record/reflection.rb:991:in `derive_class_name'
/Library/Ruby/Gems/2.3.0/gems/activerecord-5.2.3/lib/active_record/reflection.rb:162:in `class_name'
/Library/Ruby/Gems/2.3.0/gems/activerecord-5.2.3/lib/active_record/reflection.rb:769:in `klass'
/Library/Ruby/Gems/2.3.0/gems/activerecord-5.2.3/lib/active_record/reflection.rb:790:in `source_reflection'
/Library/Ruby/Gems/2.3.0/gems/activerecord-5.2.3/lib/active_record/reflection.rb:991:in `derive_class_name'
/Library/Ruby/Gems/2.3.0/gems/activerecord-5.2.3/lib/active_record/reflection.rb:162:in `class_name'
/Library/Ruby/Gems/2.3.0/gems/activerecord-5.2.3/lib/active_record/reflection.rb:769:in `klass'
/Library/Ruby/Gems/2.3.0/gems/activerecord-5.2.3/lib/active_record/reflection.rb:790:in `source_reflection'
/Library/Ruby/Gems/2.3.0/gems/activerecord-5.2.3/lib/active_record/reflection.rb:991:in `derive_class_name'
/Library/Ruby/Gems/2.3.0/gems/activerecord-5.2.3/lib/active_record/reflection.rb:162:in `class_name'
/Library/Ruby/Gems/2.3.0/gems/activerecord-5.2.3/lib/active_record/reflection.rb:769:in `klass'
/Library/Ruby/Gems/2.3.0/gems/activerecord-5.2.3/lib/active_record/reflection.rb:790:in `source_reflection'
/Library/Ruby/Gems/2.3.0/gems/activerecord-5.2.3/lib/active_record/reflection.rb:991:in `derive_class_name'
/Library/Ruby/Gems/2.3.0/gems/activerecord-5.2.3/lib/active_record/reflection.rb:162:in `class_name'
/Library/Ruby/Gems/2.3.0/gems/activerecord-5.2.3/lib/active_record/reflection.rb:769:in `klass'
/Library/Ruby/Gems/2.3.0/gems/activerecord-5.2.3/lib/active_record/reflection.rb:790:in `source_reflection'
/Library/Ruby/Gems/2.3.0/gems/activerecord-5.2.3/lib/active_record/reflection.rb:991:in `derive_class_name'
/Library/Ruby/Gems/2.3.0/gems/activerecord-5.2.3/lib/active_record/reflection.rb:162:in `class_name'
/Library/Ruby/Gems/2.3.0/gems/activerecord-5.2.3/lib/active_record/reflection.rb:769:in `klass'
/Library/Ruby/Gems/2.3.0/gems/activerecord-5.2.3/lib/active_record/reflection.rb:790:in `source_reflection'
/Library/Ruby/Gems/2.3.0/gems/activerecord-5.2.3/lib/active_record/reflection.rb:991:in `derive_class_name'
/Library/Ruby/Gems/2.3.0/gems/activerecord-5.2.3/lib/active_record/reflection.rb:162:in `class_name'
/Library/Ruby/Gems/2.3.0/gems/activerecord-5.2.3/lib/active_record/reflection.rb:769:in `klass'
/Library/Ruby/Gems/2.3.0/gems/activerecord-5.2.3/lib/active_record/reflection.rb:790:in `source_reflection'
/Library/Ruby/Gems/2.3.0/gems/activerecord-5.2.3/lib/active_record/reflection.rb:991:in `derive_class_name'
/Library/Ruby/Gems/2.3.0/gems/activerecord-5.2.3/lib/active_record/reflection.rb:162:in `class_name'
/Library/Ruby/Gems/2.3.0/gems/activerecord-5.2.3/lib/active_record/reflection.rb:769:in `klass'
/Library/Ruby/Gems/2.3.0/gems/activerecord-5.2.3/lib/active_record/reflection.rb:790:in `source_reflection'
/Library/Ruby/Gems/2.3.0/gems/activerecord-5.2.3/lib/active_record/reflection.rb:991:in `derive_class_name'
/Library/Ruby/Gems/2.3.0/gems/activerecord-5.2.3/lib/active_record/reflection.rb:162:in `class_name'
/Library/Ruby/Gems/2.3.0/gems/activerecord-5.2.3/lib/active_record/reflection.rb:769:in `klass'
/Library/Ruby/Gems/2.3.0/gems/activerecord-5.2.3/lib/active_record/reflection.rb:790:in `source_reflection'
/Library/Ruby/Gems/2.3.0/gems/activerecord-5.2.3/lib/active_record/reflection.rb:991:in `derive_class_name'
/Library/Ruby/Gems/2.3.0/gems/activerecord-5.2.3/lib/active_record/reflection.rb:162:in `class_name'
/Library/Ruby/Gems/2.3.0/gems/activerecord-5.2.3/lib/active_record/reflection.rb:769:in `klass'
/Library/Ruby/Gems/2.3.0/gems/activerecord-5.2.3/lib/active_record/reflection.rb:790:in `source_reflection'
/Library/Ruby/Gems/2.3.0/gems/activerecord-5.2.3/lib/active_record/reflection.rb:991:in `derive_class_name'
/Library/Ruby/Gems/2.3.0/gems/activerecord-5.2.3/lib/active_record/reflection.rb:162:in `class_name'
/Library/Ruby/Gems/2.3.0/gems/activerecord-5.2.3/lib/active_record/reflection.rb:769:in `klass'
/Library/Ruby/Gems/2.3.0/gems/activerecord-5.2.3/lib/active_record/reflection.rb:790:in `source_reflection'
/Library/Ruby/Gems/2.3.0/gems/activerecord-5.2.3/lib/active_record/reflection.rb:991:in `derive_class_name'
/Library/Ruby/Gems/2.3.0/gems/activerecord-5.2.3/lib/active_record/reflection.rb:162:in `class_name'
/Library/Ruby/Gems/2.3.0/gems/activerecord-5.2.3/lib/active_record/reflection.rb:769:in `klass'
/Library/Ruby/Gems/2.3.0/gems/activerecord-5.2.3/lib/active_record/reflection.rb:790:in `source_reflection'
/Library/Ruby/Gems/2.3.0/gems/activerecord-5.2.3/lib/active_record/reflection.rb:991:in `derive_class_name'
/Library/Ruby/Gems/2.3.0/gems/activerecord-5.2.3/lib/active_record/reflection.rb:162:in `class_name'
/Library/Ruby/Gems/2.3.0/gems/activerecord-5.2.3/lib/active_record/reflection.rb:769:in `klass'
/Library/Ruby/Gems/2.3.0/gems/activerecord-5.2.3/lib/active_record/reflection.rb:790:in `source_reflection'
/Library/Ruby/Gems/2.3.0/gems/activerecord-5.2.3/lib/active_record/reflection.rb:991:in `derive_class_name'
/Library/Ruby/Gems/2.3.0/gems/activerecord-5.2.3/lib/active_record/reflection.rb:162:in `class_name'
/Library/Ruby/Gems/2.3.0/gems/activerecord-5.2.3/lib/active_record/reflection.rb:769:in `klass'
/Library/Ruby/Gems/2.3.0/gems/activerecord-5.2.3/lib/active_record/reflection.rb:790:in `source_reflection'
/Library/Ruby/Gems/2.3.0/gems/activerecord-5.2.3/lib/active_record/reflection.rb:991:in `derive_class_name'
/Library/Ruby/Gems/2.3.0/gems/activerecord-5.2.3/lib/active_record/reflection.rb:162:in `class_name'
/Library/Ruby/Gems/2.3.0/gems/activerecord-5.2.3/lib/active_record/reflection.rb:769:in `klass'
/Library/Ruby/Gems/2.3.0/gems/activerecord-5.2.3/lib/active_record/reflection.rb:790:in `source_reflection'
/Library/Ruby/Gems/2.3.0/gems/activerecord-5.2.3/lib/active_record/reflection.rb:991:in `derive_class_name'
/Library/Ruby/Gems/2.3.0/gems/activerecord-5.2.3/lib/active_record/reflection.rb:162:in `class_name'
/Library/Ruby/Gems/2.3.0/gems/activerecord-5.2.3/lib/active_record/reflection.rb:769:in `klass'
/Library/Ruby/Gems/2.3.0/gems/activerecord-5.2.3/lib/active_record/reflection.rb:790:in `source_reflection'
/Library/Ruby/Gems/2.3.0/gems/activerecord-5.2.3/lib/active_record/reflection.rb:991:in `derive_class_name'
/Library/Ruby/Gems/2.3.0/gems/activerecord-5.2.3/lib/active_record/reflection.rb:162:in `class_name'
/Library/Ruby/Gems/2.3.0/gems/activerecord-5.2.3/lib/active_record/reflection.rb:769:in `klass'
/Library/Ruby/Gems/2.3.0/gems/activerecord-5.2.3/lib/active_record/reflection.rb:790:in `source_reflection'
/Library/Ruby/Gems/2.3.0/gems/activerecord-5.2.3/lib/active_record/reflection.rb:991:in `derive_class_name'
/Library/Ruby/Gems/2.3.0/gems/activerecord-5.2.3/lib/active_record/reflection.rb:162:in `class_name'
/Library/Ruby/Gems/2.3.0/gems/activerecord-5.2.3/lib/active_record/reflection.rb:769:in `klass'
/Library/Ruby/Gems/2.3.0/gems/activerecord-5.2.3/lib/active_record/reflection.rb:790:in `source_reflection'
/Library/Ruby/Gems/2.3.0/gems/activerecord-5.2.3/lib/active_record/reflection.rb:991:in `derive_class_name'
/Library/Ruby/Gems/2.3.0/gems/activerecord-5.2.3/lib/active_record/reflection.rb:162:in `class_name'
/Library/Ruby/Gems/2.3.0/gems/activerecord-5.2.3/lib/active_record/reflection.rb:769:in `klass'
/Library/Ruby/Gems/2.3.0/gems/activerecord-5.2.3/lib/active_record/reflection.rb:790:in `source_reflection'
/Library/Ruby/Gems/2.3.0/gems/activerecord-5.2.3/lib/active_record/reflection.rb:991:in `derive_class_name'
/Library/Ruby/Gems/2.3.0/gems/activerecord-5.2.3/lib/active_record/reflection.rb:162:in `class_name'
/Library/Ruby/Gems/2.3.0/gems/activerecord-5.2.3/lib/active_record/reflection.rb:769:in `klass'
/Library/Ruby/Gems/2.3.0/gems/activerecord-5.2.3/lib/active_record/reflection.rb:790:in `source_reflection'
/Library/Ruby/Gems/2.3.0/gems/activerecord-5.2.3/lib/active_record/reflection.rb:991:in `derive_class_name'
/Library/Ruby/Gems/2.3.0/gems/activerecord-5.2.3/lib/active_record/reflection.rb:162:in `class_name'
/Library/Ruby/Gems/2.3.0/gems/activerecord-5.2.3/lib/active_record/reflection.rb:769:in `klass'
/Library/Ruby/Gems/2.3.0/gems/activerecord-5.2.3/lib/active_record/reflection.rb:790:in `source_reflection'
/Library/Ruby/Gems/2.3.0/gems/activerecord-5.2.3/lib/active_record/reflection.rb:991:in `derive_class_name'
/Library/Ruby/Gems/2.3.0/gems/activerecord-5.2.3/lib/active_record/reflection.rb:162:in `class_name'
/Library/Ruby/Gems/2.3.0/gems/activerecord-5.2.3/lib/active_record/reflection.rb:769:in `klass'
/Library/Ruby/Gems/2.3.0/gems/activerecord-5.2.3/lib/active_record/reflection.rb:790:in `source_reflection'
/Library/Ruby/Gems/2.3.0/gems/activerecord-5.2.3/lib/active_record/reflection.rb:991:in `derive_class_name'
/Library/Ruby/Gems/2.3.0/gems/activerecord-5.2.3/lib/active_record/reflection.rb:162:in `class_name'
/Library/Ruby/Gems/2.3.0/gems/activerecord-5.2.3/lib/active_record/reflection.rb:769:in `klass'
/Library/Ruby/Gems/2.3.0/gems/activerecord-5.2.3/lib/active_record/reflection.rb:790:in `source_reflection'
/Library/Ruby/Gems/2.3.0/gems/activerecord-5.2.3/lib/active_record/reflection.rb:991:in `derive_class_name'
/Library/Ruby/Gems/2.3.0/gems/activerecord-5.2.3/lib/active_record/reflection.rb:162:in `class_name'
/Library/Ruby/Gems/2.3.0/gems/activerecord-5.2.3/lib/active_record/reflection.rb:769:in `klass'
/Library/Ruby/Gems/2.3.0/gems/activerecord-5.2.3/lib/active_record/reflection.rb:790:in `source_reflection'
/Library/Ruby/Gems/2.3.0/gems/activerecord-5.2.3/lib/active_record/reflection.rb:991:in `derive_class_name'
/Library/Ruby/Gems/2.3.0/gems/activerecord-5.2.3/lib/active_record/reflection.rb:162:in `class_name'
/Library/Ruby/Gems/2.3.0/gems/activerecord-5.2.3/lib/active_record/reflection.rb:769:in `klass'
/Library/Ruby/Gems/2.3.0/gems/activerecord-5.2.3/lib/active_record/reflection.rb:790:in `source_reflection'
/Library/Ruby/Gems/2.3.0/gems/activerecord-5.2.3/lib/active_record/reflection.rb:991:in `derive_class_name'
/Library/Ruby/Gems/2.3.0/gems/activerecord-5.2.3/lib/active_record/reflection.rb:162:in `class_name'
/Library/Ruby/Gems/2.3.0/gems/activerecord-5.2.3/lib/active_record/reflection.rb:769:in `klass'
/Library/Ruby/Gems/2.3.0/gems/activerecord-5.2.3/lib/active_record/reflection.rb:790:in `source_reflection'
/Library/Ruby/Gems/2.3.0/gems/activerecord-5.2.3/lib/active_record/reflection.rb:991:in `derive_class_name'
/Library/Ruby/Gems/2.3.0/gems/activerecord-5.2.3/lib/active_record/reflection.rb:162:in `class_name'
/Library/Ruby/Gems/2.3.0/gems/activerecord-5.2.3/lib/active_record/reflection.rb:769:in `klass'
/Library/Ruby/Gems/2.3.0/gems/activerecord-5.2.3/lib/active_record/reflection.rb:790:in `source_reflection'
/Library/Ruby/Gems/2.3.0/gems/activerecord-5.2.3/lib/active_record/reflection.rb:991:in `derive_class_name'
/Library/Ruby/Gems/2.3.0/gems/activerecord-5.2.3/lib/active_record/reflection.rb:162:in `class_name'
/Library/Ruby/Gems/2.3.0/gems/activerecord-5.2.3/lib/active_record/reflection.rb:769:in `klass'
/Library/Ruby/Gems/2.3.0/gems/activerecord-5.2.3/lib/active_record/reflection.rb:790:in `source_reflection'
/Library/Ruby/Gems/2.3.0/gems/activerecord-5.2.3/lib/active_record/reflection.rb:991:in `derive_class_name'
/Library/Ruby/Gems/2.3.0/gems/activerecord-5.2.3/lib/active_record/reflection.rb:162:in `class_name'
/Library/Ruby/Gems/2.3.0/gems/activerecord-5.2.3/lib/active_record/reflection.rb:769:in `klass'
/Library/Ruby/Gems/2.3.0/gems/activerecord-5.2.3/lib/active_record/reflection.rb:790:in `source_reflection'
/Library/Ruby/Gems/2.3.0/gems/activerecord-5.2.3/lib/active_record/reflection.rb:991:in `derive_class_name'
/Library/Ruby/Gems/2.3.0/gems/activerecord-5.2.3/lib/active_record/reflection.rb:162:in `class_name'
/Library/Ruby/Gems/2.3.0/gems/activerecord-5.2.3/lib/active_record/reflection.rb:769:in `klass'
/Library/Ruby/Gems/2.3.0/gems/activerecord-5.2.3/lib/active_record/reflection.rb:790:in `source_reflection'
/Library/Ruby/Gems/2.3.0/gems/activerecord-5.2.3/lib/active_record/reflection.rb:991:in `derive_class_name'
/Library/Ruby/Gems/2.3.0/gems/activerecord-5.2.3/lib/active_record/reflection.rb:162:in `class_name'
/Library/Ruby/Gems/2.3.0/gems/activerecord-5.2.3/lib/active_record/reflection.rb:769:in `klass'
/Library/Ruby/Gems/2.3.0/gems/activerecord-5.2.3/lib/active_record/reflection.rb:790:in `source_reflection'
/Library/Ruby/Gems/2.3.0/gems/activerecord-5.2.3/lib/active_record/reflection.rb:991:in `derive_class_name'
/Library/Ruby/Gems/2.3.0/gems/activerecord-5.2.3/lib/active_record/reflection.rb:162:in `class_name'
/Library/Ruby/Gems/2.3.0/gems/activerecord-5.2.3/lib/active_record/reflection.rb:769:in `klass'
/Library/Ruby/Gems/2.3.0/gems/activerecord-5.2.3/lib/active_record/reflection.rb:790:in `source_reflection'
/Library/Ruby/Gems/2.3.0/gems/activerecord-5.2.3/lib/active_record/reflection.rb:991:in `derive_class_name'
/Library/Ruby/Gems/2.3.0/gems/activerecord-5.2.3/lib/active_record/reflection.rb:162:in `class_name'
/Library/Ruby/Gems/2.3.0/gems/activerecord-5.2.3/lib/active_record/reflection.rb:769:in `klass'
/Library/Ruby/Gems/2.3.0/gems/activerecord-5.2.3/lib/active_record/reflection.rb:790:in `source_reflection'
/Library/Ruby/Gems/2.3.0/gems/activerecord-5.2.3/lib/active_record/reflection.rb:991:in `derive_class_name'
/Library/Ruby/Gems/2.3.0/gems/activerecord-5.2.3/lib/active_record/reflection.rb:162:in `class_name'
/Library/Ruby/Gems/2.3.0/gems/activerecord-5.2.3/lib/active_record/reflection.rb:769:in `klass'
/Library/Ruby/Gems/2.3.0/gems/activerecord-5.2.3/lib/active_record/reflection.rb:790:in `source_reflection'
/Library/Ruby/Gems/2.3.0/gems/activerecord-5.2.3/lib/active_record/reflection.rb:991:in `derive_class_name'
/Library/Ruby/Gems/2.3.0/gems/activerecord-5.2.3/lib/active_record/reflection.rb:162:in `class_name'
/Library/Ruby/Gems/2.3.0/gems/activerecord-5.2.3/lib/active_record/reflection.rb:769:in `klass'
/Library/Ruby/Gems/2.3.0/gems/activerecord-5.2.3/lib/active_record/reflection.rb:790:in `source_reflection'
/Library/Ruby/Gems/2.3.0/gems/activerecord-5.2.3/lib/active_record/reflection.rb:991:in `derive_class_name'
/Library/Ruby/Gems/2.3.0/gems/activerecord-5.2.3/lib/active_record/reflection.rb:162:in `class_name'
/Library/Ruby/Gems/2.3.0/gems/activerecord-5.2.3/lib/active_record/reflection.rb:769:in `klass'
/Library/Ruby/Gems/2.3.0/gems/activerecord-5.2.3/lib/active_record/reflection.rb:790:in `source_reflection'
/Library/Ruby/Gems/2.3.0/gems/activerecord-5.2.3/lib/active_record/reflection.rb:991:in `derive_class_name'
/Library/Ruby/Gems/2.3.0/gems/activerecord-5.2.3/lib/active_record/reflection.rb:162:in `class_name'
/Library/Ruby/Gems/2.3.0/gems/activerecord-5.2.3/lib/active_record/reflection.rb:769:in `klass'
/Library/Ruby/Gems/2.3.0/gems/activerecord-5.2.3/lib/active_record/reflection.rb:790:in `source_reflection'
/Library/Ruby/Gems/2.3.0/gems/activerecord-5.2.3/lib/active_record/reflection.rb:991:in `derive_class_name'
/Library/Ruby/Gems/2.3.0/gems/activerecord-5.2.3/lib/active_record/reflection.rb:162:in `class_name'
/Library/Ruby/Gems/2.3.0/gems/activerecord-5.2.3/lib/active_record/reflection.rb:769:in `klass'
/Library/Ruby/Gems/2.3.0/gems/activerecord-5.2.3/lib/active_record/reflection.rb:790:in `source_reflection'
/Library/Ruby/Gems/2.3.0/gems/activerecord-5.2.3/lib/active_record/reflection.rb:991:in `derive_class_name'
/Library/Ruby/Gems/2.3.0/gems/activerecord-5.2.3/lib/active_record/reflection.rb:162:in `class_name'
/Library/Ruby/Gems/2.3.0/gems/activerecord-5.2.3/lib/active_record/reflection.rb:769:in `klass'
/Library/Ruby/Gems/2.3.0/gems/activerecord-5.2.3/lib/active_record/reflection.rb:790:in `source_reflection'
/Library/Ruby/Gems/2.3.0/gems/activerecord-5.2.3/lib/active_record/reflection.rb:991:in `derive_class_name'
/Library/Ruby/Gems/2.3.0/gems/activerecord-5.2.3/lib/active_record/reflection.rb:162:in `class_name'
/Library/Ruby/Gems/2.3.0/gems/activerecord-5.2.3/lib/active_record/reflection.rb:769:in `klass'
/Library/Ruby/Gems/2.3.0/gems/activerecord-5.2.3/lib/active_record/reflection.rb:790:in `source_reflection'
/Library/Ruby/Gems/2.3.0/gems/activerecord-5.2.3/lib/active_record/reflection.rb:991:in `derive_class_name'
/Library/Ruby/Gems/2.3.0/gems/activerecord-5.2.3/lib/active_record/reflection.rb:162:in `class_name'
/Library/Ruby/Gems/2.3.0/gems/activerecord-5.2.3/lib/active_record/reflection.rb:769:in `klass'
/Library/Ruby/Gems/2.3.0/gems/activerecord-5.2.3/lib/active_record/reflection.rb:790:in `source_reflection'
/Library/Ruby/Gems/2.3.0/gems/activerecord-5.2.3/lib/active_record/reflection.rb:991:in `derive_class_name'
/Library/Ruby/Gems/2.3.0/gems/activerecord-5.2.3/lib/active_record/reflection.rb:162:in `class_name'
/Library/Ruby/Gems/2.3.0/gems/activerecord-5.2.3/lib/active_record/reflection.rb:769:in `klass'
/Library/Ruby/Gems/2.3.0/gems/activerecord-5.2.3/lib/active_record/reflection.rb:790:in `source_reflection'
/Library/Ruby/Gems/2.3.0/gems/activerecord-5.2.3/lib/active_record/reflection.rb:991:in `derive_class_name'
/Library/Ruby/Gems/2.3.0/gems/activerecord-5.2.3/lib/active_record/reflection.rb:162:in `class_name'
/Library/Ruby/Gems/2.3.0/gems/activerecord-5.2.3/lib/active_record/reflection.rb:769:in `klass'
/Library/Ruby/Gems/2.3.0/gems/activerecord-5.2.3/lib/active_record/reflection.rb:790:in `source_reflection'
/Library/Ruby/Gems/2.3.0/gems/activerecord-5.2.3/lib/active_record/reflection.rb:991:in `derive_class_name'
/Library/Ruby/Gems/2.3.0/gems/activerecord-5.2.3/lib/active_record/reflection.rb:162:in `class_name'
/Library/Ruby/Gems/2.3.0/gems/activerecord-5.2.3/lib/active_record/reflection.rb:769:in `klass'
/Library/Ruby/Gems/2.3.0/gems/activerecord-5.2.3/lib/active_record/reflection.rb:790:in `source_reflection'
/Library/Ruby/Gems/2.3.0/gems/activerecord-5.2.3/lib/active_record/reflection.rb:991:in `derive_class_name'
/Library/Ruby/Gems/2.3.0/gems/activerecord-5.2.3/lib/active_record/reflection.rb:162:in `class_name'
/Library/Ruby/Gems/2.3.0/gems/activerecord-5.2.3/lib/active_record/reflection.rb:769:in `klass'
/Library/Ruby/Gems/2.3.0/gems/activerecord-5.2.3/lib/active_record/reflection.rb:790:in `source_reflection'
/Library/Ruby/Gems/2.3.0/gems/activerecord-5.2.3/lib/active_record/reflection.rb:991:in `derive_class_name'
/Library/Ruby/Gems/2.3.0/gems/activerecord-5.2.3/lib/active_record/reflection.rb:162:in `class_name'
/Library/Ruby/Gems/2.3.0/gems/activerecord-5.2.3/lib/active_record/reflection.rb:769:in `klass'
/Library/Ruby/Gems/2.3.0/gems/activerecord-5.2.3/lib/active_record/reflection.rb:790:in `source_reflection'
/Library/Ruby/Gems/2.3.0/gems/activerecord-5.2.3/lib/active_record/reflection.rb:991:in `derive_class_name'
/Library/Ruby/Gems/2.3.0/gems/activerecord-5.2.3/lib/active_record/reflection.rb:162:in `class_name'
/Library/Ruby/Gems/2.3.0/gems/activerecord-5.2.3/lib/active_record/reflection.rb:769:in `klass'
/Library/Ruby/Gems/2.3.0/gems/activerecord-5.2.3/lib/active_record/reflection.rb:790:in `source_reflection'
/Library/Ruby/Gems/2.3.0/gems/activerecord-5.2.3/lib/active_record/reflection.rb:991:in `derive_class_name'
/Library/Ruby/Gems/2.3.0/gems/activerecord-5.2.3/lib/active_record/reflection.rb:162:in `class_name'
/Library/Ruby/Gems/2.3.0/gems/activerecord-5.2.3/lib/active_record/reflection.rb:769:in `klass'
/Library/Ruby/Gems/2.3.0/gems/activerecord-5.2.3/lib/active_record/reflection.rb:790:in `source_reflection'
/Library/Ruby/Gems/2.3.0/gems/activerecord-5.2.3/lib/active_record/reflection.rb:991:in `derive_class_name'
/Library/Ruby/Gems/2.3.0/gems/activerecord-5.2.3/lib/active_record/reflection.rb:162:in `class_name'
/Library/Ruby/Gems/2.3.0/gems/activerecord-5.2.3/lib/active_record/reflection.rb:769:in `klass'
/Library/Ruby/Gems/2.3.0/gems/activerecord-5.2.3/lib/active_record/reflection.rb:790:in `source_reflection'
/Library/Ruby/Gems/2.3.0/gems/activerecord-5.2.3/lib/active_record/reflection.rb:991:in `derive_class_name'
/Library/Ruby/Gems/2.3.0/gems/activerecord-5.2.3/lib/active_record/reflection.rb:162:in `class_name'
/Library/Ruby/Gems/2.3.0/gems/activerecord-5.2.3/lib/active_record/reflection.rb:769:in `klass'
/Library/Ruby/Gems/2.3.0/gems/activerecord-5.2.3/lib/active_record/reflection.rb:790:in `source_reflection'
/Library/Ruby/Gems/2.3.0/gems/activerecord-5.2.3/lib/active_record/reflection.rb:991:in `derive_class_name'
/Library/Ruby/Gems/2.3.0/gems/activerecord-5.2.3/lib/active_record/reflection.rb:162:in `class_name'
/Library/Ruby/Gems/2.3.0/gems/activerecord-5.2.3/lib/active_record/reflection.rb:769:in `klass'
/Library/Ruby/Gems/2.3.0/gems/activerecord-5.2.3/lib/active_record/reflection.rb:790:in `source_reflection'
/Library/Ruby/Gems/2.3.0/gems/activerecord-5.2.3/lib/active_record/reflection.rb:991:in `derive_class_name'
/Library/Ruby/Gems/2.3.0/gems/activerecord-5.2.3/lib/active_record/reflection.rb:162:in `class_name'
/Library/Ruby/Gems/2.3.0/gems/activerecord-5.2.3/lib/active_record/reflection.rb:769:in `klass'
/Library/Ruby/Gems/2.3.0/gems/activerecord-5.2.3/lib/active_record/reflection.rb:790:in `source_reflection'
/Library/Ruby/Gems/2.3.0/gems/activerecord-5.2.3/lib/active_record/reflection.rb:991:in `derive_class_name'
/Library/Ruby/Gems/2.3.0/gems/activerecord-5.2.3/lib/active_record/reflection.rb:162:in `class_name'
/Library/Ruby/Gems/2.3.0/gems/activerecord-5.2.3/lib/active_record/reflection.rb:769:in `klass'
/Library/Ruby/Gems/2.3.0/gems/activerecord-5.2.3/lib/active_record/reflection.rb:790:in `source_reflection'
/Library/Ruby/Gems/2.3.0/gems/activerecord-5.2.3/lib/active_record/reflection.rb:991:in `derive_class_name'
/Library/Ruby/Gems/2.3.0/gems/activerecord-5.2.3/lib/active_record/reflection.rb:162:in `class_name'
/Library/Ruby/Gems/2.3.0/gems/activerecord-5.2.3/lib/active_record/reflection.rb:769:in `klass'
/Library/Ruby/Gems/2.3.0/gems/activerecord-5.2.3/lib/active_record/reflection.rb:790:in `source_reflection'
/Library/Ruby/Gems/2.3.0/gems/activerecord-5.2.3/lib/active_record/reflection.rb:991:in `derive_class_name'
/Library/Ruby/Gems/2.3.0/gems/activerecord-5.2.3/lib/active_record/reflection.rb:162:in `class_name'
/Library/Ruby/Gems/2.3.0/gems/activerecord-5.2.3/lib/active_record/reflection.rb:769:in `klass'
/Library/Ruby/Gems/2.3.0/gems/activerecord-5.2.3/lib/active_record/reflection.rb:790:in `source_reflection'
/Library/Ruby/Gems/2.3.0/gems/activerecord-5.2.3/lib/active_record/reflection.rb:991:in `derive_class_name'
/Library/Ruby/Gems/2.3.0/gems/activerecord-5.2.3/lib/active_record/reflection.rb:162:in `class_name'
/Library/Ruby/Gems/2.3.0/gems/activerecord-5.2.3/lib/active_record/reflection.rb:769:in `klass'
/Library/Ruby/Gems/2.3.0/gems/activerecord-5.2.3/lib/active_record/reflection.rb:790:in `source_reflection'
/Library/Ruby/Gems/2.3.0/gems/activerecord-5.2.3/lib/active_record/reflection.rb:991:in `derive_class_name'
/Library/Ruby/Gems/2.3.0/gems/activerecord-5.2.3/lib/active_record/reflection.rb:162:in `class_name'
/Library/Ruby/Gems/2.3.0/gems/activerecord-5.2.3/lib/active_record/reflection.rb:769:in `klass'
/Library/Ruby/Gems/2.3.0/gems/activerecord-5.2.3/lib/active_record/reflection.rb:790:in `source_reflection'
/Library/Ruby/Gems/2.3.0/gems/activerecord-5.2.3/lib/active_record/reflection.rb:991:in `derive_class_name'
/Library/Ruby/Gems/2.3.0/gems/activerecord-5.2.3/lib/active_record/reflection.rb:162:in `class_name'
/Library/Ruby/Gems/2.3.0/gems/activerecord-5.2.3/lib/active_record/reflection.rb:769:in `klass'
/Library/Ruby/Gems/2.3.0/gems/activerecord-5.2.3/lib/active_record/reflection.rb:790:in `source_reflection'
/Library/Ruby/Gems/2.3.0/gems/activerecord-5.2.3/lib/active_record/reflection.rb:991:in `derive_class_name'
/Library/Ruby/Gems/2.3.0/gems/activerecord-5.2.3/lib/active_record/reflection.rb:162:in `class_name'
/Library/Ruby/Gems/2.3.0/gems/activerecord-5.2.3/lib/active_record/reflection.rb:769:in `klass'
/Library/Ruby/Gems/2.3.0/gems/activerecord-5.2.3/lib/active_record/reflection.rb:790:in `source_reflection'
/Library/Ruby/Gems/2.3.0/gems/activerecord-5.2.3/lib/active_record/reflection.rb:991:in `derive_class_name'
/Library/Ruby/Gems/2.3.0/gems/activerecord-5.2.3/lib/active_record/reflection.rb:162:in `class_name'
/Library/Ruby/Gems/2.3.0/gems/activerecord-5.2.3/lib/active_record/reflection.rb:769:in `klass'
/Library/Ruby/Gems/2.3.0/gems/activerecord-5.2.3/lib/active_record/reflection.rb:790:in `source_reflection'
/Library/Ruby/Gems/2.3.0/gems/activerecord-5.2.3/lib/active_record/reflection.rb:991:in `derive_class_name'
/Library/Ruby/Gems/2.3.0/gems/activerecord-5.2.3/lib/active_record/reflection.rb:162:in `class_name'
/Library/Ruby/Gems/2.3.0/gems/activerecord-5.2.3/lib/active_record/reflection.rb:769:in `klass'
/Library/Ruby/Gems/2.3.0/gems/activerecord-5.2.3/lib/active_record/reflection.rb:790:in `source_reflection'
/Library/Ruby/Gems/2.3.0/gems/activerecord-5.2.3/lib/active_record/reflection.rb:991:in `derive_class_name'
/Library/Ruby/Gems/2.3.0/gems/activerecord-5.2.3/lib/active_record/reflection.rb:162:in `class_name'
/Library/Ruby/Gems/2.3.0/gems/activerecord-5.2.3/lib/active_record/reflection.rb:769:in `klass'
/Library/Ruby/Gems/2.3.0/gems/activerecord-5.2.3/lib/active_record/reflection.rb:790:in `source_reflection'
/Library/Ruby/Gems/2.3.0/gems/activerecord-5.2.3/lib/active_record/reflection.rb:991:in `derive_class_name'
/Library/Ruby/Gems/2.3.0/gems/activerecord-5.2.3/lib/active_record/reflection.rb:162:in `class_name'
/Library/Ruby/Gems/2.3.0/gems/activerecord-5.2.3/lib/active_record/reflection.rb:769:in `klass'
/Library/Ruby/Gems/2.3.0/gems/activerecord-5.2.3/lib/active_record/reflection.rb:790:in `source_reflection'
/Library/Ruby/Gems/2.3.0/gems/activerecord-5.2.3/lib/active_record/reflection.rb:991:in `derive_class_name'
/Library/Ruby/Gems/2.3.0/gems/activerecord-5.2.3/lib/active_record/reflection.rb:162:in `class_name'
/Library/Ruby/Gems/2.3.0/gems/activerecord-5.2.3/lib/active_record/reflection.rb:769:in `klass'
/Library/Ruby/Gems/2.3.0/gems/activerecord-5.2.3/lib/active_record/reflection.rb:790:in `source_reflection'
/Library/Ruby/Gems/2.3.0/gems/activerecord-5.2.3/lib/active_record/reflection.rb:991:in `derive_class_name'
/Library/Ruby/Gems/2.3.0/gems/activerecord-5.2.3/lib/active_record/reflection.rb:162:in `class_name'
/Library/Ruby/Gems/2.3.0/gems/activerecord-5.2.3/lib/active_record/reflection.rb:769:in `klass'
/Library/Ruby/Gems/2.3.0/gems/activerecord-5.2.3/lib/active_record/reflection.rb:790:in `source_reflection'
/Library/Ruby/Gems/2.3.0/gems/activerecord-5.2.3/lib/active_record/reflection.rb:991:in `derive_class_name'
/Library/Ruby/Gems/2.3.0/gems/activerecord-5.2.3/lib/active_record/reflection.rb:162:in `class_name'
/Library/Ruby/Gems/2.3.0/gems/activerecord-5.2.3/lib/active_record/reflection.rb:769:in `klass'
/Library/Ruby/Gems/2.3.0/gems/activerecord-5.2.3/lib/active_record/reflection.rb:790:in `source_reflection'
/Library/Ruby/Gems/2.3.0/gems/activerecord-5.2.3/lib/active_record/reflection.rb:991:in `derive_class_name'
/Library/Ruby/Gems/2.3.0/gems/activerecord-5.2.3/lib/active_record/reflection.rb:162:in `class_name'
/Library/Ruby/Gems/2.3.0/gems/activerecord-5.2.3/lib/active_record/reflection.rb:769:in `klass'
/Library/Ruby/Gems/2.3.0/gems/activerecord-5.2.3/lib/active_record/reflection.rb:790:in `source_reflection'
/Library/Ruby/Gems/2.3.0/gems/activerecord-5.2.3/lib/active_record/reflection.rb:991:in `derive_class_name'
/Library/Ruby/Gems/2.3.0/gems/activerecord-5.2.3/lib/active_record/reflection.rb:162:in `class_name'
/Library/Ruby/Gems/2.3.0/gems/activerecord-5.2.3/lib/active_record/reflection.rb:769:in `klass'
/Library/Ruby/Gems/2.3.0/gems/activerecord-5.2.3/lib/active_record/reflection.rb:790:in `source_reflection'
/Library/Ruby/Gems/2.3.0/gems/activerecord-5.2.3/lib/active_record/reflection.rb:991:in `derive_class_name'
/Library/Ruby/Gems/2.3.0/gems/activerecord-5.2.3/lib/active_record/reflection.rb:162:in `class_name'
/Library/Ruby/Gems/2.3.0/gems/activerecord-5.2.3/lib/active_record/reflection.rb:769:in `klass'
/Library/Ruby/Gems/2.3.0/gems/activerecord-5.2.3/lib/active_record/reflection.rb:790:in `source_reflection'
/Library/Ruby/Gems/2.3.0/gems/activerecord-5.2.3/lib/active_record/reflection.rb:991:in `derive_class_name'
/Library/Ruby/Gems/2.3.0/gems/activerecord-5.2.3/lib/active_record/reflection.rb:162:in `class_name'
/Library/Ruby/Gems/2.3.0/gems/activerecord-5.2.3/lib/active_record/reflection.rb:769:in `klass'
/Library/Ruby/Gems/2.3.0/gems/activerecord-5.2.3/lib/active_record/reflection.rb:790:in `source_reflection'
/Library/Ruby/Gems/2.3.0/gems/activerecord-5.2.3/lib/active_record/reflection.rb:991:in `derive_class_name'
/Library/Ruby/Gems/2.3.0/gems/activerecord-5.2.3/lib/active_record/reflection.rb:162:in `class_name'
/Library/Ruby/Gems/2.3.0/gems/activerecord-5.2.3/lib/active_record/reflection.rb:769:in `klass'
/Library/Ruby/Gems/2.3.0/gems/activerecord-5.2.3/lib/active_record/reflection.rb:790:in `source_reflection'
/Library/Ruby/Gems/2.3.0/gems/activerecord-5.2.3/lib/active_record/reflection.rb:991:in `derive_class_name'
/Library/Ruby/Gems/2.3.0/gems/activerecord-5.2.3/lib/active_record/reflection.rb:162:in `class_name'
/Library/Ruby/Gems/2.3.0/gems/activerecord-5.2.3/lib/active_record/reflection.rb:769:in `klass'
/Library/Ruby/Gems/2.3.0/gems/activerecord-5.2.3/lib/active_record/reflection.rb:790:in `source_reflection'
/Library/Ruby/Gems/2.3.0/gems/activerecord-5.2.3/lib/active_record/reflection.rb:991:in `derive_class_name'
/Library/Ruby/Gems/2.3.0/gems/activerecord-5.2.3/lib/active_record/reflection.rb:162:in `class_name'
/Library/Ruby/Gems/2.3.0/gems/activerecord-5.2.3/lib/active_record/reflection.rb:769:in `klass'
/Library/Ruby/Gems/2.3.0/gems/activerecord-5.2.3/lib/active_record/reflection.rb:790:in `source_reflection'
/Library/Ruby/Gems/2.3.0/gems/activerecord-5.2.3/lib/active_record/reflection.rb:991:in `derive_class_name'
/Library/Ruby/Gems/2.3.0/gems/activerecord-5.2.3/lib/active_record/reflection.rb:162:in `class_name'
/Library/Ruby/Gems/2.3.0/gems/activerecord-5.2.3/lib/active_record/reflection.rb:769:in `klass'
/Library/Ruby/Gems/2.3.0/gems/activerecord-5.2.3/lib/active_record/reflection.rb:790:in `source_reflection'
/Library/Ruby/Gems/2.3.0/gems/activerecord-5.2.3/lib/active_record/reflection.rb:991:in `derive_class_name'
/Library/Ruby/Gems/2.3.0/gems/activerecord-5.2.3/lib/active_record/reflection.rb:162:in `class_name'
/Library/Ruby/Gems/2.3.0/gems/activerecord-5.2.3/lib/active_record/reflection.rb:769:in `klass'
/Library/Ruby/Gems/2.3.0/gems/activerecord-5.2.3/lib/active_record/reflection.rb:790:in `source_reflection'
/Library/Ruby/Gems/2.3.0/gems/activerecord-5.2.3/lib/active_record/reflection.rb:991:in `derive_class_name'
/Library/Ruby/Gems/2.3.0/gems/activerecord-5.2.3/lib/active_record/reflection.rb:162:in `class_name'
/Library/Ruby/Gems/2.3.0/gems/activerecord-5.2.3/lib/active_record/reflection.rb:769:in `klass'
/Library/Ruby/Gems/2.3.0/gems/activerecord-5.2.3/lib/active_record/reflection.rb:790:in `source_reflection'
/Library/Ruby/Gems/2.3.0/gems/activerecord-5.2.3/lib/active_record/reflection.rb:991:in `derive_class_name'
/Library/Ruby/Gems/2.3.0/gems/activerecord-5.2.3/lib/active_record/reflection.rb:162:in `class_name'
/Library/Ruby/Gems/2.3.0/gems/activerecord-5.2.3/lib/active_record/reflection.rb:769:in `klass'
/Library/Ruby/Gems/2.3.0/gems/activerecord-5.2.3/lib/active_record/reflection.rb:790:in `source_reflection'
/Library/Ruby/Gems/2.3.0/gems/activerecord-5.2.3/lib/active_record/reflection.rb:991:in `derive_class_name'
/Library/Ruby/Gems/2.3.0/gems/activerecord-5.2.3/lib/active_record/reflection.rb:162:in `class_name'
/Library/Ruby/Gems/2.3.0/gems/activerecord-5.2.3/lib/active_record/reflection.rb:769:in `klass'
/Library/Ruby/Gems/2.3.0/gems/activerecord-5.2.3/lib/active_record/reflection.rb:790:in `source_reflection'
/Library/Ruby/Gems/2.3.0/gems/activerecord-5.2.3/lib/active_record/reflection.rb:991:in `derive_class_name'
/Library/Ruby/Gems/2.3.0/gems/activerecord-5.2.3/lib/active_record/reflection.rb:162:in `class_name'
/Library/Ruby/Gems/2.3.0/gems/activerecord-5.2.3/lib/active_record/reflection.rb:769:in `klass'
/Library/Ruby/Gems/2.3.0/gems/activerecord-5.2.3/lib/active_record/reflection.rb:790:in `source_reflection'
/Library/Ruby/Gems/2.3.0/gems/activerecord-5.2.3/lib/active_record/reflection.rb:991:in `derive_class_name'
/Library/Ruby/Gems/2.3.0/gems/activerecord-5.2.3/lib/active_record/reflection.rb:162:in `class_name'
/Library/Ruby/Gems/2.3.0/gems/activerecord-5.2.3/lib/active_record/reflection.rb:769:in `klass'
/Library/Ruby/Gems/2.3.0/gems/activerecord-5.2.3/lib/active_record/reflection.rb:790:in `source_reflection'
/Library/Ruby/Gems/2.3.0/gems/activerecord-5.2.3/lib/active_record/reflection.rb:991:in `derive_class_name'
/Library/Ruby/Gems/2.3.0/gems/activerecord-5.2.3/lib/active_record/reflection.rb:162:in `class_name'
/Library/Ruby/Gems/2.3.0/gems/activerecord-5.2.3/lib/active_record/reflection.rb:769:in `klass'
/Library/Ruby/Gems/2.3.0/gems/activerecord-5.2.3/lib/active_record/reflection.rb:790:in `source_reflection'
/Library/Ruby/Gems/2.3.0/gems/activerecord-5.2.3/lib/active_record/reflection.rb:991:in `derive_class_name'
/Library/Ruby/Gems/2.3.0/gems/activerecord-5.2.3/lib/active_record/reflection.rb:162:in `class_name'
/Library/Ruby/Gems/2.3.0/gems/activerecord-5.2.3/lib/active_record/reflection.rb:769:in `klass'
/Library/Ruby/Gems/2.3.0/gems/activerecord-5.2.3/lib/active_record/reflection.rb:790:in `source_reflection'
/Library/Ruby/Gems/2.3.0/gems/activerecord-5.2.3/lib/active_record/reflection.rb:991:in `derive_class_name'
/Library/Ruby/Gems/2.3.0/gems/activerecord-5.2.3/lib/active_record/reflection.rb:162:in `class_name'
/Library/Ruby/Gems/2.3.0/gems/activerecord-5.2.3/lib/active_record/reflection.rb:769:in `klass'
/Library/Ruby/Gems/2.3.0/gems/activerecord-5.2.3/lib/active_record/reflection.rb:790:in `source_reflection'
/Library/Ruby/Gems/2.3.0/gems/activerecord-5.2.3/lib/active_record/reflection.rb:991:in `derive_class_name'
/Library/Ruby/Gems/2.3.0/gems/activerecord-5.2.3/lib/active_record/reflection.rb:162:in `class_name'
/Library/Ruby/Gems/2.3.0/gems/activerecord-5.2.3/lib/active_record/reflection.rb:769:in `klass'
/Library/Ruby/Gems/2.3.0/gems/activerecord-5.2.3/lib/active_record/reflection.rb:790:in `source_reflection'
/Library/Ruby/Gems/2.3.0/gems/activerecord-5.2.3/lib/active_record/reflection.rb:991:in `derive_class_name'
/Library/Ruby/Gems/2.3.0/gems/activerecord-5.2.3/lib/active_record/reflection.rb:162:in `class_name'
/Library/Ruby/Gems/2.3.0/gems/activerecord-5.2.3/lib/active_record/reflection.rb:769:in `klass'
/Library/Ruby/Gems/2.3.0/gems/activerecord-5.2.3/lib/active_record/reflection.rb:790:in `source_reflection'
/Library/Ruby/Gems/2.3.0/gems/activerecord-5.2.3/lib/active_record/reflection.rb:991:in `derive_class_name'
/Library/Ruby/Gems/2.3.0/gems/activerecord-5.2.3/lib/active_record/reflection.rb:162:in `class_name'
/Library/Ruby/Gems/2.3.0/gems/activerecord-5.2.3/lib/active_record/reflection.rb:769:in `klass'
/Library/Ruby/Gems/2.3.0/gems/activerecord-5.2.3/lib/active_record/reflection.rb:790:in `source_reflection'
/Library/Ruby/Gems/2.3.0/gems/activerecord-5.2.3/lib/active_record/reflection.rb:991:in `derive_class_name'
/Library/Ruby/Gems/2.3.0/gems/activerecord-5.2.3/lib/active_record/reflection.rb:162:in `class_name'
/Library/Ruby/Gems/2.3.0/gems/activerecord-5.2.3/lib/active_record/reflection.rb:769:in `klass'
/Library/Ruby/Gems/2.3.0/gems/activerecord-5.2.3/lib/active_record/reflection.rb:790:in `source_reflection'
/Library/Ruby/Gems/2.3.0/gems/activerecord-5.2.3/lib/active_record/reflection.rb:991:in `derive_class_name'
/Library/Ruby/Gems/2.3.0/gems/activerecord-5.2.3/lib/active_record/reflection.rb:162:in `class_name'
/Library/Ruby/Gems/2.3.0/gems/activerecord-5.2.3/lib/active_record/reflection.rb:769:in `klass'
/Library/Ruby/Gems/2.3.0/gems/activerecord-5.2.3/lib/active_record/reflection.rb:790:in `source_reflection'
/Library/Ruby/Gems/2.3.0/gems/activerecord-5.2.3/lib/active_record/reflection.rb:991:in `derive_class_name'
/Library/Ruby/Gems/2.3.0/gems/activerecord-5.2.3/lib/active_record/reflection.rb:162:in `class_name'
/Library/Ruby/Gems/2.3.0/gems/activerecord-5.2.3/lib/active_record/reflection.rb:769:in `klass'
/Library/Ruby/Gems/2.3.0/gems/activerecord-5.2.3/lib/active_record/reflection.rb:790:in `source_reflection'
/Library/Ruby/Gems/2.3.0/gems/activerecord-5.2.3/lib/active_record/reflection.rb:991:in `derive_class_name'
/Library/Ruby/Gems/2.3.0/gems/activerecord-5.2.3/lib/active_record/reflection.rb:162:in `class_name'
/Library/Ruby/Gems/2.3.0/gems/activerecord-5.2.3/lib/active_record/reflection.rb:769:in `klass'
/Library/Ruby/Gems/2.3.0/gems/activerecord-5.2.3/lib/active_record/reflection.rb:790:in `source_reflection'
/Library/Ruby/Gems/2.3.0/gems/activerecord-5.2.3/lib/active_record/reflection.rb:991:in `derive_class_name'
/Library/Ruby/Gems/2.3.0/gems/activerecord-5.2.3/lib/active_record/reflection.rb:162:in `class_name'
/Library/Ruby/Gems/2.3.0/gems/activerecord-5.2.3/lib/active_record/reflection.rb:769:in `klass'
/Library/Ruby/Gems/2.3.0/gems/activerecord-5.2.3/lib/active_record/reflection.rb:790:in `source_reflection'
/Library/Ruby/Gems/2.3.0/gems/activerecord-5.2.3/lib/active_record/reflection.rb:991:in `derive_class_name'
/Library/Ruby/Gems/2.3.0/gems/activerecord-5.2.3/lib/active_record/reflection.rb:162:in `class_name'
/Library/Ruby/Gems/2.3.0/gems/activerecord-5.2.3/lib/active_record/reflection.rb:769:in `klass'
/Library/Ruby/Gems/2.3.0/gems/activerecord-5.2.3/lib/active_record/reflection.rb:790:in `source_reflection'
/Library/Ruby/Gems/2.3.0/gems/activerecord-5.2.3/lib/active_record/reflection.rb:991:in `derive_class_name'
/Library/Ruby/Gems/2.3.0/gems/activerecord-5.2.3/lib/active_record/reflection.rb:162:in `class_name'
/Library/Ruby/Gems/2.3.0/gems/activerecord-5.2.3/lib/active_record/reflection.rb:769:in `klass'
/Library/Ruby/Gems/2.3.0/gems/activerecord-5.2.3/lib/active_record/reflection.rb:790:in `source_reflection'
/Library/Ruby/Gems/2.3.0/gems/activerecord-5.2.3/lib/active_record/reflection.rb:991:in `derive_class_name'
/Library/Ruby/Gems/2.3.0/gems/activerecord-5.2.3/lib/active_record/reflection.rb:162:in `class_name'
/Library/Ruby/Gems/2.3.0/gems/activerecord-5.2.3/lib/active_record/reflection.rb:769:in `klass'
/Library/Ruby/Gems/2.3.0/gems/activerecord-5.2.3/lib/active_record/reflection.rb:790:in `source_reflection'
/Library/Ruby/Gems/2.3.0/gems/activerecord-5.2.3/lib/active_record/reflection.rb:991:in `derive_class_name'
/Library/Ruby/Gems/2.3.0/gems/activerecord-5.2.3/lib/active_record/reflection.rb:162:in `class_name'
/Library/Ruby/Gems/2.3.0/gems/activerecord-5.2.3/lib/active_record/reflection.rb:769:in `klass'
/Library/Ruby/Gems/2.3.0/gems/activerecord-5.2.3/lib/active_record/reflection.rb:790:in `source_reflection'
/Library/Ruby/Gems/2.3.0/gems/activerecord-5.2.3/lib/active_record/reflection.rb:991:in `derive_class_name'
/Library/Ruby/Gems/2.3.0/gems/activerecord-5.2.3/lib/active_record/reflection.rb:162:in `class_name'
/Library/Ruby/Gems/2.3.0/gems/activerecord-5.2.3/lib/active_record/reflection.rb:769:in `klass'
/Library/Ruby/Gems/2.3.0/gems/activerecord-5.2.3/lib/active_record/reflection.rb:790:in `source_reflection'
/Library/Ruby/Gems/2.3.0/gems/activerecord-5.2.3/lib/active_record/reflection.rb:991:in `derive_class_name'
/Library/Ruby/Gems/2.3.0/gems/activerecord-5.2.3/lib/active_record/reflection.rb:162:in `class_name'
/Library/Ruby/Gems/2.3.0/gems/activerecord-5.2.3/lib/active_record/reflection.rb:769:in `klass'
/Library/Ruby/Gems/2.3.0/gems/activerecord-5.2.3/lib/active_record/reflection.rb:790:in `source_reflection'
/Library/Ruby/Gems/2.3.0/gems/activerecord-5.2.3/lib/active_record/reflection.rb:991:in `derive_class_name'
/Library/Ruby/Gems/2.3.0/gems/activerecord-5.2.3/lib/active_record/reflection.rb:162:in `class_name'
/Library/Ruby/Gems/2.3.0/gems/activerecord-5.2.3/lib/active_record/reflection.rb:769:in `klass'
/Library/Ruby/Gems/2.3.0/gems/activerecord-5.2.3/lib/active_record/reflection.rb:790:in `source_reflection'
/Library/Ruby/Gems/2.3.0/gems/activerecord-5.2.3/lib/active_record/reflection.rb:991:in `derive_class_name'
/Library/Ruby/Gems/2.3.0/gems/activerecord-5.2.3/lib/active_record/reflection.rb:162:in `class_name'
/Library/Ruby/Gems/2.3.0/gems/activerecord-5.2.3/lib/active_record/reflection.rb:769:in `klass'
/Library/Ruby/Gems/2.3.0/gems/activerecord-5.2.3/lib/active_record/reflection.rb:790:in `source_reflection'
/Library/Ruby/Gems/2.3.0/gems/activerecord-5.2.3/lib/active_record/reflection.rb:991:in `derive_class_name'
/Library/Ruby/Gems/2.3.0/gems/activerecord-5.2.3/lib/active_record/reflection.rb:162:in `class_name'
/Library/Ruby/Gems/2.3.0/gems/activerecord-5.2.3/lib/active_record/reflection.rb:769:in `klass'
/Library/Ruby/Gems/2.3.0/gems/activerecord-5.2.3/lib/active_record/reflection.rb:790:in `source_reflection'
/Library/Ruby/Gems/2.3.0/gems/activerecord-5.2.3/lib/active_record/reflection.rb:991:in `derive_class_name'
/Library/Ruby/Gems/2.3.0/gems/activerecord-5.2.3/lib/active_record/reflection.rb:162:in `class_name'
/Library/Ruby/Gems/2.3.0/gems/activerecord-5.2.3/lib/active_record/reflection.rb:769:in `klass'
/Library/Ruby/Gems/2.3.0/gems/activerecord-5.2.3/lib/active_record/reflection.rb:790:in `source_reflection'
/Library/Ruby/Gems/2.3.0/gems/activerecord-5.2.3/lib/active_record/reflection.rb:991:in `derive_class_name'
/Library/Ruby/Gems/2.3.0/gems/activerecord-5.2.3/lib/active_record/reflection.rb:162:in `class_name'
/Library/Ruby/Gems/2.3.0/gems/activerecord-5.2.3/lib/active_record/reflection.rb:769:in `klass'
/Library/Ruby/Gems/2.3.0/gems/activerecord-5.2.3/lib/active_record/reflection.rb:790:in `source_reflection'
/Library/Ruby/Gems/2.3.0/gems/activerecord-5.2.3/lib/active_record/reflection.rb:991:in `derive_class_name'
/Library/Ruby/Gems/2.3.0/gems/activerecord-5.2.3/lib/active_record/reflection.rb:162:in `class_name'
/Library/Ruby/Gems/2.3.0/gems/activerecord-5.2.3/lib/active_record/reflection.rb:769:in `klass'
/Library/Ruby/Gems/2.3.0/gems/activerecord-5.2.3/lib/active_record/reflection.rb:790:in `source_reflection'
/Library/Ruby/Gems/2.3.0/gems/activerecord-5.2.3/lib/active_record/reflection.rb:991:in `derive_class_name'
/Library/Ruby/Gems/2.3.0/gems/activerecord-5.2.3/lib/active_record/reflection.rb:162:in `class_name'
/Library/Ruby/Gems/2.3.0/gems/activerecord-5.2.3/lib/active_record/reflection.rb:769:in `klass'
/Library/Ruby/Gems/2.3.0/gems/activerecord-5.2.3/lib/active_record/reflection.rb:790:in `source_reflection'
/Library/Ruby/Gems/2.3.0/gems/activerecord-5.2.3/lib/active_record/reflection.rb:991:in `derive_class_name'
/Library/Ruby/Gems/2.3.0/gems/activerecord-5.2.3/lib/active_record/reflection.rb:162:in `class_name'
/Library/Ruby/Gems/2.3.0/gems/activerecord-5.2.3/lib/active_record/reflection.rb:769:in `klass'
/Library/Ruby/Gems/2.3.0/gems/activerecord-5.2.3/lib/active_record/reflection.rb:790:in `source_reflection'
/Library/Ruby/Gems/2.3.0/gems/activerecord-5.2.3/lib/active_record/reflection.rb:991:in `derive_class_name'
/Library/Ruby/Gems/2.3.0/gems/activerecord-5.2.3/lib/active_record/reflection.rb:162:in `class_name'
/Library/Ruby/Gems/2.3.0/gems/activerecord-5.2.3/lib/active_record/reflection.rb:769:in `klass'
/Library/Ruby/Gems/2.3.0/gems/activerecord-5.2.3/lib/active_record/reflection.rb:790:in `source_reflection'
/Library/Ruby/Gems/2.3.0/gems/activerecord-5.2.3/lib/active_record/reflection.rb:991:in `derive_class_name'
/Library/Ruby/Gems/2.3.0/gems/activerecord-5.2.3/lib/active_record/reflection.rb:162:in `class_name'
/Library/Ruby/Gems/2.3.0/gems/activerecord-5.2.3/lib/active_record/reflection.rb:769:in `klass'
/Library/Ruby/Gems/2.3.0/gems/activerecord-5.2.3/lib/active_record/reflection.rb:790:in `source_reflection'
/Library/Ruby/Gems/2.3.0/gems/activerecord-5.2.3/lib/active_record/reflection.rb:991:in `derive_class_name'
/Library/Ruby/Gems/2.3.0/gems/activerecord-5.2.3/lib/active_record/reflection.rb:162:in `class_name'
/Library/Ruby/Gems/2.3.0/gems/activerecord-5.2.3/lib/active_record/reflection.rb:769:in `klass'
/Library/Ruby/Gems/2.3.0/gems/activerecord-5.2.3/lib/active_record/reflection.rb:790:in `source_reflection'
/Library/Ruby/Gems/2.3.0/gems/activerecord-5.2.3/lib/active_record/reflection.rb:991:in `derive_class_name'
/Library/Ruby/Gems/2.3.0/gems/activerecord-5.2.3/lib/active_record/reflection.rb:162:in `class_name'
/Library/Ruby/Gems/2.3.0/gems/activerecord-5.2.3/lib/active_record/reflection.rb:769:in `klass'
/Library/Ruby/Gems/2.3.0/gems/activerecord-5.2.3/lib/active_record/reflection.rb:790:in `source_reflection'
/Library/Ruby/Gems/2.3.0/gems/activerecord-5.2.3/lib/active_record/reflection.rb:991:in `derive_class_name'
/Library/Ruby/Gems/2.3.0/gems/activerecord-5.2.3/lib/active_record/reflection.rb:162:in `class_name'
/Library/Ruby/Gems/2.3.0/gems/activerecord-5.2.3/lib/active_record/reflection.rb:769:in `klass'
/Library/Ruby/Gems/2.3.0/gems/activerecord-5.2.3/lib/active_record/reflection.rb:790:in `source_reflection'
/Library/Ruby/Gems/2.3.0/gems/activerecord-5.2.3/lib/active_record/reflection.rb:991:in `derive_class_name'
/Library/Ruby/Gems/2.3.0/gems/activerecord-5.2.3/lib/active_record/reflection.rb:162:in `class_name'
/Library/Ruby/Gems/2.3.0/gems/activerecord-5.2.3/lib/active_record/reflection.rb:769:in `klass'
/Library/Ruby/Gems/2.3.0/gems/activerecord-5.2.3/lib/active_record/reflection.rb:790:in `source_reflection'
/Library/Ruby/Gems/2.3.0/gems/activerecord-5.2.3/lib/active_record/reflection.rb:991:in `derive_class_name'
/Library/Ruby/Gems/2.3.0/gems/activerecord-5.2.3/lib/active_record/reflection.rb:162:in `class_name'
/Library/Ruby/Gems/2.3.0/gems/activerecord-5.2.3/lib/active_record/reflection.rb:769:in `klass'
/Library/Ruby/Gems/2.3.0/gems/activerecord-5.2.3/lib/active_record/reflection.rb:790:in `source_reflection'
/Library/Ruby/Gems/2.3.0/gems/activerecord-5.2.3/lib/active_record/reflection.rb:991:in `derive_class_name'
/Library/Ruby/Gems/2.3.0/gems/activerecord-5.2.3/lib/active_record/reflection.rb:162:in `class_name'
/Library/Ruby/Gems/2.3.0/gems/activerecord-5.2.3/lib/active_record/reflection.rb:769:in `klass'
/Library/Ruby/Gems/2.3.0/gems/activerecord-5.2.3/lib/active_record/reflection.rb:790:in `source_reflection'
/Library/Ruby/Gems/2.3.0/gems/activerecord-5.2.3/lib/active_record/reflection.rb:991:in `derive_class_name'
/Library/Ruby/Gems/2.3.0/gems/activerecord-5.2.3/lib/active_record/reflection.rb:162:in `class_name'
/Library/Ruby/Gems/2.3.0/gems/activerecord-5.2.3/lib/active_record/reflection.rb:769:in `klass'
/Library/Ruby/Gems/2.3.0/gems/activerecord-5.2.3/lib/active_record/reflection.rb:790:in `source_reflection'
/Library/Ruby/Gems/2.3.0/gems/activerecord-5.2.3/lib/active_record/reflection.rb:991:in `derive_class_name'
/Library/Ruby/Gems/2.3.0/gems/activerecord-5.2.3/lib/active_record/reflection.rb:162:in `class_name'
/Library/Ruby/Gems/2.3.0/gems/activerecord-5.2.3/lib/active_record/reflection.rb:769:in `klass'
/Library/Ruby/Gems/2.3.0/gems/activerecord-5.2.3/lib/active_record/reflection.rb:790:in `source_reflection'
/Library/Ruby/Gems/2.3.0/gems/activerecord-5.2.3/lib/active_record/reflection.rb:991:in `derive_class_name'
/Library/Ruby/Gems/2.3.0/gems/activerecord-5.2.3/lib/active_record/reflection.rb:162:in `class_name'
/Library/Ruby/Gems/2.3.0/gems/activerecord-5.2.3/lib/active_record/reflection.rb:769:in `klass'
/Library/Ruby/Gems/2.3.0/gems/activerecord-5.2.3/lib/active_record/reflection.rb:790:in `source_reflection'
/Library/Ruby/Gems/2.3.0/gems/activerecord-5.2.3/lib/active_record/reflection.rb:991:in `derive_class_name'
/Library/Ruby/Gems/2.3.0/gems/activerecord-5.2.3/lib/active_record/reflection.rb:162:in `class_name'
/Library/Ruby/Gems/2.3.0/gems/activerecord-5.2.3/lib/active_record/reflection.rb:769:in `klass'
/Library/Ruby/Gems/2.3.0/gems/activerecord-5.2.3/lib/active_record/reflection.rb:790:in `source_reflection'
/Library/Ruby/Gems/2.3.0/gems/activerecord-5.2.3/lib/active_record/reflection.rb:991:in `derive_class_name'
/Library/Ruby/Gems/2.3.0/gems/activerecord-5.2.3/lib/active_record/reflection.rb:162:in `class_name'
/Library/Ruby/Gems/2.3.0/gems/activerecord-5.2.3/lib/active_record/reflection.rb:769:in `klass'
/Library/Ruby/Gems/2.3.0/gems/activerecord-5.2.3/lib/active_record/reflection.rb:790:in `source_reflection'
/Library/Ruby/Gems/2.3.0/gems/activerecord-5.2.3/lib/active_record/reflection.rb:991:in `derive_class_name'
/Library/Ruby/Gems/2.3.0/gems/activerecord-5.2.3/lib/active_record/reflection.rb:162:in `class_name'
/Library/Ruby/Gems/2.3.0/gems/activerecord-5.2.3/lib/active_record/reflection.rb:769:in `klass'
/Library/Ruby/Gems/2.3.0/gems/activerecord-5.2.3/lib/active_record/reflection.rb:790:in `source_reflection'
/Library/Ruby/Gems/2.3.0/gems/activerecord-5.2.3/lib/active_record/reflection.rb:991:in `derive_class_name'
/Library/Ruby/Gems/2.3.0/gems/activerecord-5.2.3/lib/active_record/reflection.rb:162:in `class_name'
/Library/Ruby/Gems/2.3.0/gems/activerecord-5.2.3/lib/active_record/reflection.rb:769:in `klass'
/Library/Ruby/Gems/2.3.0/gems/activerecord-5.2.3/lib/active_record/reflection.rb:790:in `source_reflection'
/Library/Ruby/Gems/2.3.0/gems/activerecord-5.2.3/lib/active_record/reflection.rb:991:in `derive_class_name'
/Library/Ruby/Gems/2.3.0/gems/activerecord-5.2.3/lib/active_record/reflection.rb:162:in `class_name'
/Library/Ruby/Gems/2.3.0/gems/activerecord-5.2.3/lib/active_record/reflection.rb:769:in `klass'
/Library/Ruby/Gems/2.3.0/gems/activerecord-5.2.3/lib/active_record/reflection.rb:790:in `source_reflection'
/Library/Ruby/Gems/2.3.0/gems/activerecord-5.2.3/lib/active_record/reflection.rb:991:in `derive_class_name'
/Library/Ruby/Gems/2.3.0/gems/activerecord-5.2.3/lib/active_record/reflection.rb:162:in `class_name'
/Library/Ruby/Gems/2.3.0/gems/activerecord-5.2.3/lib/active_record/reflection.rb:769:in `klass'
/Library/Ruby/Gems/2.3.0/gems/activerecord-5.2.3/lib/active_record/reflection.rb:790:in `source_reflection'
/Library/Ruby/Gems/2.3.0/gems/activerecord-5.2.3/lib/active_record/reflection.rb:991:in `derive_class_name'
/Library/Ruby/Gems/2.3.0/gems/activerecord-5.2.3/lib/active_record/reflection.rb:162:in `class_name'
/Library/Ruby/Gems/2.3.0/gems/activerecord-5.2.3/lib/active_record/reflection.rb:769:in `klass'
/Library/Ruby/Gems/2.3.0/gems/activerecord-5.2.3/lib/active_record/reflection.rb:790:in `source_reflection'
/Library/Ruby/Gems/2.3.0/gems/activerecord-5.2.3/lib/active_record/reflection.rb:991:in `derive_class_name'
/Library/Ruby/Gems/2.3.0/gems/activerecord-5.2.3/lib/active_record/reflection.rb:162:in `class_name'
/Library/Ruby/Gems/2.3.0/gems/activerecord-5.2.3/lib/active_record/reflection.rb:769:in `klass'
/Library/Ruby/Gems/2.3.0/gems/activerecord-5.2.3/lib/active_record/reflection.rb:790:in `source_reflection'
/Library/Ruby/Gems/2.3.0/gems/activerecord-5.2.3/lib/active_record/reflection.rb:991:in `derive_class_name'
/Library/Ruby/Gems/2.3.0/gems/activerecord-5.2.3/lib/active_record/reflection.rb:162:in `class_name'
/Library/Ruby/Gems/2.3.0/gems/activerecord-5.2.3/lib/active_record/reflection.rb:769:in `klass'
/Library/Ruby/Gems/2.3.0/gems/activerecord-5.2.3/lib/active_record/reflection.rb:790:in `source_reflection'
/Library/Ruby/Gems/2.3.0/gems/activerecord-5.2.3/lib/active_record/reflection.rb:991:in `derive_class_name'
/Library/Ruby/Gems/2.3.0/gems/activerecord-5.2.3/lib/active_record/reflection.rb:162:in `class_name'
/Library/Ruby/Gems/2.3.0/gems/activerecord-5.2.3/lib/active_record/reflection.rb:769:in `klass'
/Library/Ruby/Gems/2.3.0/gems/activerecord-5.2.3/lib/active_record/reflection.rb:790:in `source_reflection'
/Library/Ruby/Gems/2.3.0/gems/activerecord-5.2.3/lib/active_record/reflection.rb:991:in `derive_class_name'
/Library/Ruby/Gems/2.3.0/gems/activerecord-5.2.3/lib/active_record/reflection.rb:162:in `class_name'
/Library/Ruby/Gems/2.3.0/gems/activerecord-5.2.3/lib/active_record/reflection.rb:769:in `klass'
/Library/Ruby/Gems/2.3.0/gems/activerecord-5.2.3/lib/active_record/reflection.rb:790:in `source_reflection'
/Library/Ruby/Gems/2.3.0/gems/activerecord-5.2.3/lib/active_record/reflection.rb:991:in `derive_class_name'
/Library/Ruby/Gems/2.3.0/gems/activerecord-5.2.3/lib/active_record/reflection.rb:162:in `class_name'
/Library/Ruby/Gems/2.3.0/gems/activerecord-5.2.3/lib/active_record/reflection.rb:769:in `klass'
/Library/Ruby/Gems/2.3.0/gems/activerecord-5.2.3/lib/active_record/reflection.rb:790:in `source_reflection'
/Library/Ruby/Gems/2.3.0/gems/activerecord-5.2.3/lib/active_record/reflection.rb:991:in `derive_class_name'
/Library/Ruby/Gems/2.3.0/gems/activerecord-5.2.3/lib/active_record/reflection.rb:162:in `class_name'
/Library/Ruby/Gems/2.3.0/gems/activerecord-5.2.3/lib/active_record/reflection.rb:769:in `klass'
/Library/Ruby/Gems/2.3.0/gems/activerecord-5.2.3/lib/active_record/reflection.rb:790:in `source_reflection'
/Library/Ruby/Gems/2.3.0/gems/activerecord-5.2.3/lib/active_record/reflection.rb:991:in `derive_class_name'
/Library/Ruby/Gems/2.3.0/gems/activerecord-5.2.3/lib/active_record/reflection.rb:162:in `class_name'
/Library/Ruby/Gems/2.3.0/gems/activerecord-5.2.3/lib/active_record/reflection.rb:769:in `klass'
/Library/Ruby/Gems/2.3.0/gems/activerecord-5.2.3/lib/active_record/reflection.rb:790:in `source_reflection'
/Library/Ruby/Gems/2.3.0/gems/activerecord-5.2.3/lib/active_record/reflection.rb:991:in `derive_class_name'
/Library/Ruby/Gems/2.3.0/gems/activerecord-5.2.3/lib/active_record/reflection.rb:162:in `class_name'
/Library/Ruby/Gems/2.3.0/gems/activerecord-5.2.3/lib/active_record/reflection.rb:769:in `klass'
/Library/Ruby/Gems/2.3.0/gems/activerecord-5.2.3/lib/active_record/reflection.rb:790:in `source_reflection'
/Library/Ruby/Gems/2.3.0/gems/activerecord-5.2.3/lib/active_record/reflection.rb:991:in `derive_class_name'
/Library/Ruby/Gems/2.3.0/gems/activerecord-5.2.3/lib/active_record/reflection.rb:162:in `class_name'
/Library/Ruby/Gems/2.3.0/gems/activerecord-5.2.3/lib/active_record/reflection.rb:769:in `klass'
/Library/Ruby/Gems/2.3.0/gems/activerecord-5.2.3/lib/active_record/reflection.rb:790:in `source_reflection'
/Library/Ruby/Gems/2.3.0/gems/activerecord-5.2.3/lib/active_record/reflection.rb:991:in `derive_class_name'
/Library/Ruby/Gems/2.3.0/gems/activerecord-5.2.3/lib/active_record/reflection.rb:162:in `class_name'
/Library/Ruby/Gems/2.3.0/gems/activerecord-5.2.3/lib/active_record/reflection.rb:769:in `klass'
/Library/Ruby/Gems/2.3.0/gems/activerecord-5.2.3/lib/active_record/reflection.rb:790:in `source_reflection'
/Library/Ruby/Gems/2.3.0/gems/activerecord-5.2.3/lib/active_record/reflection.rb:991:in `derive_class_name'
/Library/Ruby/Gems/2.3.0/gems/activerecord-5.2.3/lib/active_record/reflection.rb:162:in `class_name'
/Library/Ruby/Gems/2.3.0/gems/activerecord-5.2.3/lib/active_record/reflection.rb:769:in `klass'
/Library/Ruby/Gems/2.3.0/gems/activerecord-5.2.3/lib/active_record/reflection.rb:790:in `source_reflection'
/Library/Ruby/Gems/2.3.0/gems/activerecord-5.2.3/lib/active_record/reflection.rb:991:in `derive_class_name'
/Library/Ruby/Gems/2.3.0/gems/activerecord-5.2.3/lib/active_record/reflection.rb:162:in `class_name'
/Library/Ruby/Gems/2.3.0/gems/activerecord-5.2.3/lib/active_record/reflection.rb:769:in `klass'
/Library/Ruby/Gems/2.3.0/gems/activerecord-5.2.3/lib/active_record/reflection.rb:790:in `source_reflection'
/Library/Ruby/Gems/2.3.0/gems/activerecord-5.2.3/lib/active_record/reflection.rb:991:in `derive_class_name'
/Library/Ruby/Gems/2.3.0/gems/activerecord-5.2.3/lib/active_record/reflection.rb:162:in `class_name'
/Library/Ruby/Gems/2.3.0/gems/activerecord-5.2.3/lib/active_record/reflection.rb:769:in `klass'
/Library/Ruby/Gems/2.3.0/gems/activerecord-5.2.3/lib/active_record/reflection.rb:790:in `source_reflection'
/Library/Ruby/Gems/2.3.0/gems/activerecord-5.2.3/lib/active_record/reflection.rb:991:in `derive_class_name'
/Library/Ruby/Gems/2.3.0/gems/activerecord-5.2.3/lib/active_record/reflection.rb:162:in `class_name'
/Library/Ruby/Gems/2.3.0/gems/activerecord-5.2.3/lib/active_record/reflection.rb:769:in `klass'
/Library/Ruby/Gems/2.3.0/gems/activerecord-5.2.3/lib/active_record/reflection.rb:790:in `source_reflection'
/Library/Ruby/Gems/2.3.0/gems/activerecord-5.2.3/lib/active_record/reflection.rb:991:in `derive_class_name'
/Library/Ruby/Gems/2.3.0/gems/activerecord-5.2.3/lib/active_record/reflection.rb:162:in `class_name'
/Library/Ruby/Gems/2.3.0/gems/activerecord-5.2.3/lib/active_record/reflection.rb:769:in `klass'
/Library/Ruby/Gems/2.3.0/gems/activerecord-5.2.3/lib/active_record/reflection.rb:790:in `source_reflection'
/Library/Ruby/Gems/2.3.0/gems/activerecord-5.2.3/lib/active_record/reflection.rb:991:in `derive_class_name'
/Library/Ruby/Gems/2.3.0/gems/activerecord-5.2.3/lib/active_record/reflection.rb:162:in `class_name'
/Library/Ruby/Gems/2.3.0/gems/activerecord-5.2.3/lib/active_record/reflection.rb:769:in `klass'
/Library/Ruby/Gems/2.3.0/gems/activerecord-5.2.3/lib/active_record/reflection.rb:790:in `source_reflection'
/Library/Ruby/Gems/2.3.0/gems/activerecord-5.2.3/lib/active_record/reflection.rb:991:in `derive_class_name'
/Library/Ruby/Gems/2.3.0/gems/activerecord-5.2.3/lib/active_record/reflection.rb:162:in `class_name'
/Library/Ruby/Gems/2.3.0/gems/activerecord-5.2.3/lib/active_record/reflection.rb:769:in `klass'
/Library/Ruby/Gems/2.3.0/gems/activerecord-5.2.3/lib/active_record/reflection.rb:790:in `source_reflection'
/Library/Ruby/Gems/2.3.0/gems/activerecord-5.2.3/lib/active_record/reflection.rb:991:in `derive_class_name'
/Library/Ruby/Gems/2.3.0/gems/activerecord-5.2.3/lib/active_record/reflection.rb:162:in `class_name'
/Library/Ruby/Gems/2.3.0/gems/activerecord-5.2.3/lib/active_record/reflection.rb:769:in `klass'
/Library/Ruby/Gems/2.3.0/gems/activerecord-5.2.3/lib/active_record/reflection.rb:790:in `source_reflection'
/Library/Ruby/Gems/2.3.0/gems/activerecord-5.2.3/lib/active_record/reflection.rb:991:in `derive_class_name'
/Library/Ruby/Gems/2.3.0/gems/activerecord-5.2.3/lib/active_record/reflection.rb:162:in `class_name'
/Library/Ruby/Gems/2.3.0/gems/activerecord-5.2.3/lib/active_record/reflection.rb:769:in `klass'
/Library/Ruby/Gems/2.3.0/gems/activerecord-5.2.3/lib/active_record/reflection.rb:790:in `source_reflection'
/Library/Ruby/Gems/2.3.0/gems/activerecord-5.2.3/lib/active_record/reflection.rb:991:in `derive_class_name'
/Library/Ruby/Gems/2.3.0/gems/activerecord-5.2.3/lib/active_record/reflection.rb:162:in `class_name'
/Library/Ruby/Gems/2.3.0/gems/activerecord-5.2.3/lib/active_record/reflection.rb:769:in `klass'
/Library/Ruby/Gems/2.3.0/gems/activerecord-5.2.3/lib/active_record/reflection.rb:790:in `source_reflection'
/Library/Ruby/Gems/2.3.0/gems/activerecord-5.2.3/lib/active_record/reflection.rb:991:in `derive_class_name'
/Library/Ruby/Gems/2.3.0/gems/activerecord-5.2.3/lib/active_record/reflection.rb:162:in `class_name'
/Library/Ruby/Gems/2.3.0/gems/activerecord-5.2.3/lib/active_record/reflection.rb:769:in `klass'
/Library/Ruby/Gems/2.3.0/gems/activerecord-5.2.3/lib/active_record/reflection.rb:790:in `source_reflection'
/Library/Ruby/Gems/2.3.0/gems/activerecord-5.2.3/lib/active_record/reflection.rb:991:in `derive_class_name'
/Library/Ruby/Gems/2.3.0/gems/activerecord-5.2.3/lib/active_record/reflection.rb:162:in `class_name'
/Library/Ruby/Gems/2.3.0/gems/activerecord-5.2.3/lib/active_record/reflection.rb:769:in `klass'
/Library/Ruby/Gems/2.3.0/gems/activerecord-5.2.3/lib/active_record/reflection.rb:790:in `source_reflection'
/Library/Ruby/Gems/2.3.0/gems/activerecord-5.2.3/lib/active_record/reflection.rb:991:in `derive_class_name'
/Library/Ruby/Gems/2.3.0/gems/activerecord-5.2.3/lib/active_record/reflection.rb:162:in `class_name'
/Library/Ruby/Gems/2.3.0/gems/activerecord-5.2.3/lib/active_record/reflection.rb:769:in `klass'
/Library/Ruby/Gems/2.3.0/gems/activerecord-5.2.3/lib/active_record/reflection.rb:790:in `source_reflection'
/Library/Ruby/Gems/2.3.0/gems/activerecord-5.2.3/lib/active_record/reflection.rb:991:in `derive_class_name'
/Library/Ruby/Gems/2.3.0/gems/activerecord-5.2.3/lib/active_record/reflection.rb:162:in `class_name'
/Library/Ruby/Gems/2.3.0/gems/activerecord-5.2.3/lib/active_record/reflection.rb:769:in `klass'
/Library/Ruby/Gems/2.3.0/gems/activerecord-5.2.3/lib/active_record/reflection.rb:790:in `source_reflection'
/Library/Ruby/Gems/2.3.0/gems/activerecord-5.2.3/lib/active_record/reflection.rb:991:in `derive_class_name'
/Library/Ruby/Gems/2.3.0/gems/activerecord-5.2.3/lib/active_record/reflection.rb:162:in `class_name'
/Library/Ruby/Gems/2.3.0/gems/activerecord-5.2.3/lib/active_record/reflection.rb:769:in `klass'
/Library/Ruby/Gems/2.3.0/gems/activerecord-5.2.3/lib/active_record/reflection.rb:790:in `source_reflection'
/Library/Ruby/Gems/2.3.0/gems/activerecord-5.2.3/lib/active_record/reflection.rb:991:in `derive_class_name'
/Library/Ruby/Gems/2.3.0/gems/activerecord-5.2.3/lib/active_record/reflection.rb:162:in `class_name'
/Library/Ruby/Gems/2.3.0/gems/activerecord-5.2.3/lib/active_record/reflection.rb:769:in `klass'
/Library/Ruby/Gems/2.3.0/gems/activerecord-5.2.3/lib/active_record/reflection.rb:790:in `source_reflection'
/Library/Ruby/Gems/2.3.0/gems/activerecord-5.2.3/lib/active_record/reflection.rb:991:in `derive_class_name'
/Library/Ruby/Gems/2.3.0/gems/activerecord-5.2.3/lib/active_record/reflection.rb:162:in `class_name'
/Library/Ruby/Gems/2.3.0/gems/activerecord-5.2.3/lib/active_record/reflection.rb:769:in `klass'
/Library/Ruby/Gems/2.3.0/gems/activerecord-5.2.3/lib/active_record/reflection.rb:790:in `source_reflection'
/Library/Ruby/Gems/2.3.0/gems/activerecord-5.2.3/lib/active_record/reflection.rb:991:in `derive_class_name'
/Library/Ruby/Gems/2.3.0/gems/activerecord-5.2.3/lib/active_record/reflection.rb:162:in `class_name'
/Library/Ruby/Gems/2.3.0/gems/activerecord-5.2.3/lib/active_record/reflection.rb:769:in `klass'
/Library/Ruby/Gems/2.3.0/gems/activerecord-5.2.3/lib/active_record/reflection.rb:790:in `source_reflection'
/Library/Ruby/Gems/2.3.0/gems/activerecord-5.2.3/lib/active_record/reflection.rb:991:in `derive_class_name'
/Library/Ruby/Gems/2.3.0/gems/activerecord-5.2.3/lib/active_record/reflection.rb:162:in `class_name'
/Library/Ruby/Gems/2.3.0/gems/activerecord-5.2.3/lib/active_record/reflection.rb:769:in `klass'
/Library/Ruby/Gems/2.3.0/gems/activerecord-5.2.3/lib/active_record/reflection.rb:790:in `source_reflection'
/Library/Ruby/Gems/2.3.0/gems/activerecord-5.2.3/lib/active_record/reflection.rb:991:in `derive_class_name'
/Library/Ruby/Gems/2.3.0/gems/activerecord-5.2.3/lib/active_record/reflection.rb:162:in `class_name'
/Library/Ruby/Gems/2.3.0/gems/activerecord-5.2.3/lib/active_record/reflection.rb:769:in `klass'
/Library/Ruby/Gems/2.3.0/gems/activerecord-5.2.3/lib/active_record/reflection.rb:790:in `source_reflection'
/Library/Ruby/Gems/2.3.0/gems/activerecord-5.2.3/lib/active_record/reflection.rb:991:in `derive_class_name'
/Library/Ruby/Gems/2.3.0/gems/activerecord-5.2.3/lib/active_record/reflection.rb:162:in `class_name'
/Library/Ruby/Gems/2.3.0/gems/activerecord-5.2.3/lib/active_record/reflection.rb:769:in `klass'
/Library/Ruby/Gems/2.3.0/gems/activerecord-5.2.3/lib/active_record/reflection.rb:790:in `source_reflection'
/Library/Ruby/Gems/2.3.0/gems/activerecord-5.2.3/lib/active_record/reflection.rb:991:in `derive_class_name'
/Library/Ruby/Gems/2.3.0/gems/activerecord-5.2.3/lib/active_record/reflection.rb:162:in `class_name'
/Library/Ruby/Gems/2.3.0/gems/activerecord-5.2.3/lib/active_record/reflection.rb:769:in `klass'
/Library/Ruby/Gems/2.3.0/gems/activerecord-5.2.3/lib/active_record/reflection.rb:790:in `source_reflection'
/Library/Ruby/Gems/2.3.0/gems/activerecord-5.2.3/lib/active_record/reflection.rb:991:in `derive_class_name'
/Library/Ruby/Gems/2.3.0/gems/activerecord-5.2.3/lib/active_record/reflection.rb:162:in `class_name'
/Library/Ruby/Gems/2.3.0/gems/activerecord-5.2.3/lib/active_record/reflection.rb:769:in `klass'
/Library/Ruby/Gems/2.3.0/gems/activerecord-5.2.3/lib/active_record/reflection.rb:790:in `source_reflection'
/Library/Ruby/Gems/2.3.0/gems/activerecord-5.2.3/lib/active_record/reflection.rb:991:in `derive_class_name'
/Library/Ruby/Gems/2.3.0/gems/activerecord-5.2.3/lib/active_record/reflection.rb:162:in `class_name'
/Library/Ruby/Gems/2.3.0/gems/activerecord-5.2.3/lib/active_record/reflection.rb:769:in `klass'
/Library/Ruby/Gems/2.3.0/gems/activerecord-5.2.3/lib/active_record/reflection.rb:790:in `source_reflection'
/Library/Ruby/Gems/2.3.0/gems/activerecord-5.2.3/lib/active_record/reflection.rb:991:in `derive_class_name'
/Library/Ruby/Gems/2.3.0/gems/activerecord-5.2.3/lib/active_record/reflection.rb:162:in `class_name'
/Library/Ruby/Gems/2.3.0/gems/activerecord-5.2.3/lib/active_record/reflection.rb:769:in `klass'
/Library/Ruby/Gems/2.3.0/gems/activerecord-5.2.3/lib/active_record/reflection.rb:790:in `source_reflection'
/Library/Ruby/Gems/2.3.0/gems/activerecord-5.2.3/lib/active_record/reflection.rb:991:in `derive_class_name'
/Library/Ruby/Gems/2.3.0/gems/activerecord-5.2.3/lib/active_record/reflection.rb:162:in `class_name'
/Library/Ruby/Gems/2.3.0/gems/activerecord-5.2.3/lib/active_record/reflection.rb:769:in `klass'
/Library/Ruby/Gems/2.3.0/gems/activerecord-5.2.3/lib/active_record/reflection.rb:790:in `source_reflection'
/Library/Ruby/Gems/2.3.0/gems/activerecord-5.2.3/lib/active_record/reflection.rb:991:in `derive_class_name'
/Library/Ruby/Gems/2.3.0/gems/activerecord-5.2.3/lib/active_record/reflection.rb:162:in `class_name'
/Library/Ruby/Gems/2.3.0/gems/activerecord-5.2.3/lib/active_record/reflection.rb:769:in `klass'
/Library/Ruby/Gems/2.3.0/gems/activerecord-5.2.3/lib/active_record/reflection.rb:790:in `source_reflection'
/Library/Ruby/Gems/2.3.0/gems/activerecord-5.2.3/lib/active_record/reflection.rb:991:in `derive_class_name'
/Library/Ruby/Gems/2.3.0/gems/activerecord-5.2.3/lib/active_record/reflection.rb:162:in `class_name'
/Library/Ruby/Gems/2.3.0/gems/activerecord-5.2.3/lib/active_record/reflection.rb:769:in `klass'
/Library/Ruby/Gems/2.3.0/gems/activerecord-5.2.3/lib/active_record/reflection.rb:790:in `source_reflection'
/Library/Ruby/Gems/2.3.0/gems/activerecord-5.2.3/lib/active_record/reflection.rb:991:in `derive_class_name'
/Library/Ruby/Gems/2.3.0/gems/activerecord-5.2.3/lib/active_record/reflection.rb:162:in `class_name'
/Library/Ruby/Gems/2.3.0/gems/activerecord-5.2.3/lib/active_record/reflection.rb:769:in `klass'
/Library/Ruby/Gems/2.3.0/gems/activerecord-5.2.3/lib/active_record/reflection.rb:790:in `source_reflection'
/Library/Ruby/Gems/2.3.0/gems/activerecord-5.2.3/lib/active_record/reflection.rb:991:in `derive_class_name'
/Library/Ruby/Gems/2.3.0/gems/activerecord-5.2.3/lib/active_record/reflection.rb:162:in `class_name'
/Library/Ruby/Gems/2.3.0/gems/activerecord-5.2.3/lib/active_record/reflection.rb:769:in `klass'
/Library/Ruby/Gems/2.3.0/gems/activerecord-5.2.3/lib/active_record/reflection.rb:790:in `source_reflection'
/Library/Ruby/Gems/2.3.0/gems/activerecord-5.2.3/lib/active_record/reflection.rb:991:in `derive_class_name'
/Library/Ruby/Gems/2.3.0/gems/activerecord-5.2.3/lib/active_record/reflection.rb:162:in `class_name'
/Library/Ruby/Gems/2.3.0/gems/activerecord-5.2.3/lib/active_record/reflection.rb:769:in `klass'
/Library/Ruby/Gems/2.3.0/gems/activerecord-5.2.3/lib/active_record/reflection.rb:790:in `source_reflection'
/Library/Ruby/Gems/2.3.0/gems/activerecord-5.2.3/lib/active_record/reflection.rb:991:in `derive_class_name'
/Library/Ruby/Gems/2.3.0/gems/activerecord-5.2.3/lib/active_record/reflection.rb:162:in `class_name'
/Library/Ruby/Gems/2.3.0/gems/activerecord-5.2.3/lib/active_record/reflection.rb:769:in `klass'
/Library/Ruby/Gems/2.3.0/gems/activerecord-5.2.3/lib/active_record/reflection.rb:790:in `source_reflection'
/Library/Ruby/Gems/2.3.0/gems/activerecord-5.2.3/lib/active_record/reflection.rb:991:in `derive_class_name'
/Library/Ruby/Gems/2.3.0/gems/activerecord-5.2.3/lib/active_record/reflection.rb:162:in `class_name'
/Library/Ruby/Gems/2.3.0/gems/activerecord-5.2.3/lib/active_record/reflection.rb:769:in `klass'
/Library/Ruby/Gems/2.3.0/gems/activerecord-5.2.3/lib/active_record/reflection.rb:790:in `source_reflection'
/Library/Ruby/Gems/2.3.0/gems/activerecord-5.2.3/lib/active_record/reflection.rb:991:in `derive_class_name'
/Library/Ruby/Gems/2.3.0/gems/activerecord-5.2.3/lib/active_record/reflection.rb:162:in `class_name'
/Library/Ruby/Gems/2.3.0/gems/activerecord-5.2.3/lib/active_record/reflection.rb:769:in `klass'
/Library/Ruby/Gems/2.3.0/gems/activerecord-5.2.3/lib/active_record/reflection.rb:790:in `source_reflection'
/Library/Ruby/Gems/2.3.0/gems/activerecord-5.2.3/lib/active_record/reflection.rb:991:in `derive_class_name'
/Library/Ruby/Gems/2.3.0/gems/activerecord-5.2.3/lib/active_record/reflection.rb:162:in `class_name'
/Library/Ruby/Gems/2.3.0/gems/activerecord-5.2.3/lib/active_record/reflection.rb:769:in `klass'
/Library/Ruby/Gems/2.3.0/gems/activerecord-5.2.3/lib/active_record/reflection.rb:790:in `source_reflection'
/Library/Ruby/Gems/2.3.0/gems/activerecord-5.2.3/lib/active_record/reflection.rb:991:in `derive_class_name'
/Library/Ruby/Gems/2.3.0/gems/activerecord-5.2.3/lib/active_record/reflection.rb:162:in `class_name'
/Library/Ruby/Gems/2.3.0/gems/activerecord-5.2.3/lib/active_record/reflection.rb:769:in `klass'
/Library/Ruby/Gems/2.3.0/gems/activerecord-5.2.3/lib/active_record/reflection.rb:790:in `source_reflection'
/Library/Ruby/Gems/2.3.0/gems/activerecord-5.2.3/lib/active_record/reflection.rb:991:in `derive_class_name'
/Library/Ruby/Gems/2.3.0/gems/activerecord-5.2.3/lib/active_record/reflection.rb:162:in `class_name'
/Library/Ruby/Gems/2.3.0/gems/activerecord-5.2.3/lib/active_record/reflection.rb:769:in `klass'
/Library/Ruby/Gems/2.3.0/gems/activerecord-5.2.3/lib/active_record/reflection.rb:790:in `source_reflection'
/Library/Ruby/Gems/2.3.0/gems/activerecord-5.2.3/lib/active_record/reflection.rb:991:in `derive_class_name'
/Library/Ruby/Gems/2.3.0/gems/activerecord-5.2.3/lib/active_record/reflection.rb:162:in `class_name'
/Library/Ruby/Gems/2.3.0/gems/activerecord-5.2.3/lib/active_record/reflection.rb:769:in `klass'
/Library/Ruby/Gems/2.3.0/gems/activerecord-5.2.3/lib/active_record/reflection.rb:790:in `source_reflection'
/Library/Ruby/Gems/2.3.0/gems/activerecord-5.2.3/lib/active_record/reflection.rb:991:in `derive_class_name'
/Library/Ruby/Gems/2.3.0/gems/activerecord-5.2.3/lib/active_record/reflection.rb:162:in `class_name'
/Library/Ruby/Gems/2.3.0/gems/activerecord-5.2.3/lib/active_record/reflection.rb:769:in `klass'
/Library/Ruby/Gems/2.3.0/gems/activerecord-5.2.3/lib/active_record/reflection.rb:790:in `source_reflection'
/Library/Ruby/Gems/2.3.0/gems/activerecord-5.2.3/lib/active_record/reflection.rb:991:in `derive_class_name'
/Library/Ruby/Gems/2.3.0/gems/activerecord-5.2.3/lib/active_record/reflection.rb:162:in `class_name'
/Library/Ruby/Gems/2.3.0/gems/activerecord-5.2.3/lib/active_record/reflection.rb:769:in `klass'
/Library/Ruby/Gems/2.3.0/gems/activerecord-5.2.3/lib/active_record/reflection.rb:790:in `source_reflection'
/Library/Ruby/Gems/2.3.0/gems/activerecord-5.2.3/lib/active_record/reflection.rb:991:in `derive_class_name'
/Library/Ruby/Gems/2.3.0/gems/activerecord-5.2.3/lib/active_record/reflection.rb:162:in `class_name'
/Library/Ruby/Gems/2.3.0/gems/activerecord-5.2.3/lib/active_record/reflection.rb:769:in `klass'
/Library/Ruby/Gems/2.3.0/gems/activerecord-5.2.3/lib/active_record/reflection.rb:790:in `source_reflection'
/Library/Ruby/Gems/2.3.0/gems/activerecord-5.2.3/lib/active_record/reflection.rb:991:in `derive_class_name'
/Library/Ruby/Gems/2.3.0/gems/activerecord-5.2.3/lib/active_record/reflection.rb:162:in `class_name'
/Library/Ruby/Gems/2.3.0/gems/activerecord-5.2.3/lib/active_record/reflection.rb:769:in `klass'
/Library/Ruby/Gems/2.3.0/gems/activerecord-5.2.3/lib/active_record/reflection.rb:790:in `source_reflection'
/Library/Ruby/Gems/2.3.0/gems/activerecord-5.2.3/lib/active_record/reflection.rb:991:in `derive_class_name'
/Library/Ruby/Gems/2.3.0/gems/activerecord-5.2.3/lib/active_record/reflection.rb:162:in `class_name'
/Library/Ruby/Gems/2.3.0/gems/activerecord-5.2.3/lib/active_record/reflection.rb:769:in `klass'
/Library/Ruby/Gems/2.3.0/gems/activerecord-5.2.3/lib/active_record/reflection.rb:790:in `source_reflection'
/Library/Ruby/Gems/2.3.0/gems/activerecord-5.2.3/lib/active_record/reflection.rb:991:in `derive_class_name'
/Library/Ruby/Gems/2.3.0/gems/activerecord-5.2.3/lib/active_record/reflection.rb:162:in `class_name'
/Library/Ruby/Gems/2.3.0/gems/activerecord-5.2.3/lib/active_record/reflection.rb:769:in `klass'
/Library/Ruby/Gems/2.3.0/gems/activerecord-5.2.3/lib/active_record/reflection.rb:790:in `source_reflection'
/Library/Ruby/Gems/2.3.0/gems/activerecord-5.2.3/lib/active_record/reflection.rb:991:in `derive_class_name'
/Library/Ruby/Gems/2.3.0/gems/activerecord-5.2.3/lib/active_record/reflection.rb:162:in `class_name'
/Library/Ruby/Gems/2.3.0/gems/activerecord-5.2.3/lib/active_record/reflection.rb:769:in `klass'
/Library/Ruby/Gems/2.3.0/gems/activerecord-5.2.3/lib/active_record/reflection.rb:790:in `source_reflection'
/Library/Ruby/Gems/2.3.0/gems/activerecord-5.2.3/lib/active_record/reflection.rb:991:in `derive_class_name'
/Library/Ruby/Gems/2.3.0/gems/activerecord-5.2.3/lib/active_record/reflection.rb:162:in `class_name'
/Library/Ruby/Gems/2.3.0/gems/activerecord-5.2.3/lib/active_record/reflection.rb:769:in `klass'
/Library/Ruby/Gems/2.3.0/gems/activerecord-5.2.3/lib/active_record/reflection.rb:790:in `source_reflection'
/Library/Ruby/Gems/2.3.0/gems/activerecord-5.2.3/lib/active_record/reflection.rb:991:in `derive_class_name'
/Library/Ruby/Gems/2.3.0/gems/activerecord-5.2.3/lib/active_record/reflection.rb:162:in `class_name'
/Library/Ruby/Gems/2.3.0/gems/activerecord-5.2.3/lib/active_record/reflection.rb:769:in `klass'
/Library/Ruby/Gems/2.3.0/gems/activerecord-5.2.3/lib/active_record/reflection.rb:790:in `source_reflection'
/Library/Ruby/Gems/2.3.0/gems/activerecord-5.2.3/lib/active_record/reflection.rb:991:in `derive_class_name'
/Library/Ruby/Gems/2.3.0/gems/activerecord-5.2.3/lib/active_record/reflection.rb:162:in `class_name'
/Library/Ruby/Gems/2.3.0/gems/activerecord-5.2.3/lib/active_record/reflection.rb:769:in `klass'
/Library/Ruby/Gems/2.3.0/gems/activerecord-5.2.3/lib/active_record/reflection.rb:790:in `source_reflection'
/Library/Ruby/Gems/2.3.0/gems/activerecord-5.2.3/lib/active_record/reflection.rb:991:in `derive_class_name'
/Library/Ruby/Gems/2.3.0/gems/activerecord-5.2.3/lib/active_record/reflection.rb:162:in `class_name'
/Library/Ruby/Gems/2.3.0/gems/activerecord-5.2.3/lib/active_record/reflection.rb:769:in `klass'
/Library/Ruby/Gems/2.3.0/gems/activerecord-5.2.3/lib/active_record/reflection.rb:790:in `source_reflection'
/Library/Ruby/Gems/2.3.0/gems/activerecord-5.2.3/lib/active_record/reflection.rb:991:in `derive_class_name'
/Library/Ruby/Gems/2.3.0/gems/activerecord-5.2.3/lib/active_record/reflection.rb:162:in `class_name'
/Library/Ruby/Gems/2.3.0/gems/activerecord-5.2.3/lib/active_record/reflection.rb:769:in `klass'
/Library/Ruby/Gems/2.3.0/gems/activerecord-5.2.3/lib/active_record/reflection.rb:790:in `source_reflection'
/Library/Ruby/Gems/2.3.0/gems/activerecord-5.2.3/lib/active_record/reflection.rb:991:in `derive_class_name'
/Library/Ruby/Gems/2.3.0/gems/activerecord-5.2.3/lib/active_record/reflection.rb:162:in `class_name'
/Library/Ruby/Gems/2.3.0/gems/activerecord-5.2.3/lib/active_record/reflection.rb:769:in `klass'
/Library/Ruby/Gems/2.3.0/gems/activerecord-5.2.3/lib/active_record/reflection.rb:790:in `source_reflection'
/Library/Ruby/Gems/2.3.0/gems/activerecord-5.2.3/lib/active_record/reflection.rb:991:in `derive_class_name'
/Library/Ruby/Gems/2.3.0/gems/activerecord-5.2.3/lib/active_record/reflection.rb:162:in `class_name'
/Library/Ruby/Gems/2.3.0/gems/activerecord-5.2.3/lib/active_record/reflection.rb:769:in `klass'
/Library/Ruby/Gems/2.3.0/gems/activerecord-5.2.3/lib/active_record/reflection.rb:790:in `source_reflection'
/Library/Ruby/Gems/2.3.0/gems/activerecord-5.2.3/lib/active_record/reflection.rb:991:in `derive_class_name'
/Library/Ruby/Gems/2.3.0/gems/activerecord-5.2.3/lib/active_record/reflection.rb:162:in `class_name'
/Library/Ruby/Gems/2.3.0/gems/activerecord-5.2.3/lib/active_record/reflection.rb:769:in `klass'
/Library/Ruby/Gems/2.3.0/gems/activerecord-5.2.3/lib/active_record/reflection.rb:790:in `source_reflection'
/Library/Ruby/Gems/2.3.0/gems/activerecord-5.2.3/lib/active_record/reflection.rb:991:in `derive_class_name'
/Library/Ruby/Gems/2.3.0/gems/activerecord-5.2.3/lib/active_record/reflection.rb:162:in `class_name'
/Library/Ruby/Gems/2.3.0/gems/activerecord-5.2.3/lib/active_record/reflection.rb:769:in `klass'
/Library/Ruby/Gems/2.3.0/gems/activerecord-5.2.3/lib/active_record/reflection.rb:790:in `source_reflection'
/Library/Ruby/Gems/2.3.0/gems/activerecord-5.2.3/lib/active_record/reflection.rb:991:in `derive_class_name'
/Library/Ruby/Gems/2.3.0/gems/activerecord-5.2.3/lib/active_record/reflection.rb:162:in `class_name'
/Library/Ruby/Gems/2.3.0/gems/activerecord-5.2.3/lib/active_record/reflection.rb:769:in `klass'
/Library/Ruby/Gems/2.3.0/gems/activerecord-5.2.3/lib/active_record/reflection.rb:790:in `source_reflection'
/Library/Ruby/Gems/2.3.0/gems/activerecord-5.2.3/lib/active_record/reflection.rb:991:in `derive_class_name'
/Library/Ruby/Gems/2.3.0/gems/activerecord-5.2.3/lib/active_record/reflection.rb:162:in `class_name'
/Library/Ruby/Gems/2.3.0/gems/activerecord-5.2.3/lib/active_record/reflection.rb:769:in `klass'
/Library/Ruby/Gems/2.3.0/gems/activerecord-5.2.3/lib/active_record/reflection.rb:790:in `source_reflection'
/Library/Ruby/Gems/2.3.0/gems/activerecord-5.2.3/lib/active_record/reflection.rb:991:in `derive_class_name'
/Library/Ruby/Gems/2.3.0/gems/activerecord-5.2.3/lib/active_record/reflection.rb:162:in `class_name'
/Library/Ruby/Gems/2.3.0/gems/activerecord-5.2.3/lib/active_record/reflection.rb:769:in `klass'
/Library/Ruby/Gems/2.3.0/gems/activerecord-5.2.3/lib/active_record/reflection.rb:790:in `source_reflection'
/Library/Ruby/Gems/2.3.0/gems/activerecord-5.2.3/lib/active_record/reflection.rb:991:in `derive_class_name'
/Library/Ruby/Gems/2.3.0/gems/activerecord-5.2.3/lib/active_record/reflection.rb:162:in `class_name'
/Library/Ruby/Gems/2.3.0/gems/activerecord-5.2.3/lib/active_record/reflection.rb:769:in `klass'
/Library/Ruby/Gems/2.3.0/gems/activerecord-5.2.3/lib/active_record/reflection.rb:790:in `source_reflection'
/Library/Ruby/Gems/2.3.0/gems/activerecord-5.2.3/lib/active_record/reflection.rb:991:in `derive_class_name'
/Library/Ruby/Gems/2.3.0/gems/activerecord-5.2.3/lib/active_record/reflection.rb:162:in `class_name'
/Library/Ruby/Gems/2.3.0/gems/activerecord-5.2.3/lib/active_record/reflection.rb:769:in `klass'
/Library/Ruby/Gems/2.3.0/gems/activerecord-5.2.3/lib/active_record/reflection.rb:790:in `source_reflection'
/Library/Ruby/Gems/2.3.0/gems/activerecord-5.2.3/lib/active_record/reflection.rb:991:in `derive_class_name'
/Library/Ruby/Gems/2.3.0/gems/activerecord-5.2.3/lib/active_record/reflection.rb:162:in `class_name'
/Library/Ruby/Gems/2.3.0/gems/activerecord-5.2.3/lib/active_record/reflection.rb:769:in `klass'
/Library/Ruby/Gems/2.3.0/gems/activerecord-5.2.3/lib/active_record/reflection.rb:790:in `source_reflection'
/Library/Ruby/Gems/2.3.0/gems/activerecord-5.2.3/lib/active_record/reflection.rb:991:in `derive_class_name'
/Library/Ruby/Gems/2.3.0/gems/activerecord-5.2.3/lib/active_record/reflection.rb:162:in `class_name'
/Library/Ruby/Gems/2.3.0/gems/activerecord-5.2.3/lib/active_record/reflection.rb:769:in `klass'
/Library/Ruby/Gems/2.3.0/gems/activerecord-5.2.3/lib/active_record/reflection.rb:790:in `source_reflection'
/Library/Ruby/Gems/2.3.0/gems/activerecord-5.2.3/lib/active_record/reflection.rb:991:in `derive_class_name'
/Library/Ruby/Gems/2.3.0/gems/activerecord-5.2.3/lib/active_record/reflection.rb:162:in `class_name'
/Library/Ruby/Gems/2.3.0/gems/activerecord-5.2.3/lib/active_record/reflection.rb:769:in `klass'
/Library/Ruby/Gems/2.3.0/gems/activerecord-5.2.3/lib/active_record/reflection.rb:790:in `source_reflection'
/Library/Ruby/Gems/2.3.0/gems/activerecord-5.2.3/lib/active_record/reflection.rb:991:in `derive_class_name'
/Library/Ruby/Gems/2.3.0/gems/activerecord-5.2.3/lib/active_record/reflection.rb:162:in `class_name'
/Library/Ruby/Gems/2.3.0/gems/activerecord-5.2.3/lib/active_record/reflection.rb:769:in `klass'
/Library/Ruby/Gems/2.3.0/gems/activerecord-5.2.3/lib/active_record/reflection.rb:790:in `source_reflection'
/Library/Ruby/Gems/2.3.0/gems/activerecord-5.2.3/lib/active_record/reflection.rb:991:in `derive_class_name'
/Library/Ruby/Gems/2.3.0/gems/activerecord-5.2.3/lib/active_record/reflection.rb:162:in `class_name'
/Library/Ruby/Gems/2.3.0/gems/activerecord-5.2.3/lib/active_record/reflection.rb:769:in `klass'
/Library/Ruby/Gems/2.3.0/gems/activerecord-5.2.3/lib/active_record/reflection.rb:790:in `source_reflection'
/Library/Ruby/Gems/2.3.0/gems/activerecord-5.2.3/lib/active_record/reflection.rb:991:in `derive_class_name'
/Library/Ruby/Gems/2.3.0/gems/activerecord-5.2.3/lib/active_record/reflection.rb:162:in `class_name'
/Library/Ruby/Gems/2.3.0/gems/activerecord-5.2.3/lib/active_record/reflection.rb:769:in `klass'
/Library/Ruby/Gems/2.3.0/gems/activerecord-5.2.3/lib/active_record/reflection.rb:790:in `source_reflection'
/Library/Ruby/Gems/2.3.0/gems/activerecord-5.2.3/lib/active_record/reflection.rb:991:in `derive_class_name'
/Library/Ruby/Gems/2.3.0/gems/activerecord-5.2.3/lib/active_record/reflection.rb:162:in `class_name'
/Library/Ruby/Gems/2.3.0/gems/activerecord-5.2.3/lib/active_record/reflection.rb:769:in `klass'
/Library/Ruby/Gems/2.3.0/gems/activerecord-5.2.3/lib/active_record/reflection.rb:790:in `source_reflection'
/Library/Ruby/Gems/2.3.0/gems/activerecord-5.2.3/lib/active_record/reflection.rb:991:in `derive_class_name'
/Library/Ruby/Gems/2.3.0/gems/activerecord-5.2.3/lib/active_record/reflection.rb:162:in `class_name'
/Library/Ruby/Gems/2.3.0/gems/activerecord-5.2.3/lib/active_record/reflection.rb:769:in `klass'
/Library/Ruby/Gems/2.3.0/gems/activerecord-5.2.3/lib/active_record/reflection.rb:790:in `source_reflection'
/Library/Ruby/Gems/2.3.0/gems/activerecord-5.2.3/lib/active_record/reflection.rb:991:in `derive_class_name'
/Library/Ruby/Gems/2.3.0/gems/activerecord-5.2.3/lib/active_record/reflection.rb:162:in `class_name'
/Library/Ruby/Gems/2.3.0/gems/activerecord-5.2.3/lib/active_record/reflection.rb:769:in `klass'
/Library/Ruby/Gems/2.3.0/gems/activerecord-5.2.3/lib/active_record/reflection.rb:790:in `source_reflection'
/Library/Ruby/Gems/2.3.0/gems/activerecord-5.2.3/lib/active_record/reflection.rb:991:in `derive_class_name'
/Library/Ruby/Gems/2.3.0/gems/activerecord-5.2.3/lib/active_record/reflection.rb:162:in `class_name'
/Library/Ruby/Gems/2.3.0/gems/activerecord-5.2.3/lib/active_record/reflection.rb:769:in `klass'
/Library/Ruby/Gems/2.3.0/gems/activerecord-5.2.3/lib/active_record/reflection.rb:790:in `source_reflection'
/Library/Ruby/Gems/2.3.0/gems/activerecord-5.2.3/lib/active_record/reflection.rb:991:in `derive_class_name'
/Library/Ruby/Gems/2.3.0/gems/activerecord-5.2.3/lib/active_record/reflection.rb:162:in `class_name'
/Library/Ruby/Gems/2.3.0/gems/activerecord-5.2.3/lib/active_record/reflection.rb:769:in `klass'
/Library/Ruby/Gems/2.3.0/gems/activerecord-5.2.3/lib/active_record/reflection.rb:790:in `source_reflection'
/Library/Ruby/Gems/2.3.0/gems/activerecord-5.2.3/lib/active_record/reflection.rb:991:in `derive_class_name'
/Library/Ruby/Gems/2.3.0/gems/activerecord-5.2.3/lib/active_record/reflection.rb:162:in `class_name'
/Library/Ruby/Gems/2.3.0/gems/activerecord-5.2.3/lib/active_record/reflection.rb:769:in `klass'
/Library/Ruby/Gems/2.3.0/gems/activerecord-5.2.3/lib/active_record/reflection.rb:790:in `source_reflection'
/Library/Ruby/Gems/2.3.0/gems/activerecord-5.2.3/lib/active_record/reflection.rb:991:in `derive_class_name'
/Library/Ruby/Gems/2.3.0/gems/activerecord-5.2.3/lib/active_record/reflection.rb:162:in `class_name'
/Library/Ruby/Gems/2.3.0/gems/activerecord-5.2.3/lib/active_record/reflection.rb:769:in `klass'
/Library/Ruby/Gems/2.3.0/gems/activerecord-5.2.3/lib/active_record/reflection.rb:790:in `source_reflection'
/Library/Ruby/Gems/2.3.0/gems/activerecord-5.2.3/lib/active_record/reflection.rb:991:in `derive_class_name'
/Library/Ruby/Gems/2.3.0/gems/activerecord-5.2.3/lib/active_record/reflection.rb:162:in `class_name'
/Library/Ruby/Gems/2.3.0/gems/activerecord-5.2.3/lib/active_record/reflection.rb:769:in `klass'
/Library/Ruby/Gems/2.3.0/gems/activerecord-5.2.3/lib/active_record/reflection.rb:790:in `source_reflection'
/Library/Ruby/Gems/2.3.0/gems/activerecord-5.2.3/lib/active_record/reflection.rb:991:in `derive_class_name'
/Library/Ruby/Gems/2.3.0/gems/activerecord-5.2.3/lib/active_record/reflection.rb:162:in `class_name'
/Library/Ruby/Gems/2.3.0/gems/activerecord-5.2.3/lib/active_record/reflection.rb:769:in `klass'
/Library/Ruby/Gems/2.3.0/gems/activerecord-5.2.3/lib/active_record/reflection.rb:790:in `source_reflection'
/Library/Ruby/Gems/2.3.0/gems/activerecord-5.2.3/lib/active_record/reflection.rb:991:in `derive_class_name'
/Library/Ruby/Gems/2.3.0/gems/activerecord-5.2.3/lib/active_record/reflection.rb:162:in `class_name'
/Library/Ruby/Gems/2.3.0/gems/activerecord-5.2.3/lib/active_record/reflection.rb:769:in `klass'
/Library/Ruby/Gems/2.3.0/gems/activerecord-5.2.3/lib/active_record/reflection.rb:790:in `source_reflection'
/Library/Ruby/Gems/2.3.0/gems/activerecord-5.2.3/lib/active_record/reflection.rb:991:in `derive_class_name'
/Library/Ruby/Gems/2.3.0/gems/activerecord-5.2.3/lib/active_record/reflection.rb:162:in `class_name'
/Library/Ruby/Gems/2.3.0/gems/activerecord-5.2.3/lib/active_record/reflection.rb:769:in `klass'
/Library/Ruby/Gems/2.3.0/gems/activerecord-5.2.3/lib/active_record/reflection.rb:790:in `source_reflection'
/Library/Ruby/Gems/2.3.0/gems/activerecord-5.2.3/lib/active_record/reflection.rb:991:in `derive_class_name'
/Library/Ruby/Gems/2.3.0/gems/activerecord-5.2.3/lib/active_record/reflection.rb:162:in `class_name'
/Library/Ruby/Gems/2.3.0/gems/activerecord-5.2.3/lib/active_record/reflection.rb:769:in `klass'
/Library/Ruby/Gems/2.3.0/gems/activerecord-5.2.3/lib/active_record/reflection.rb:790:in `source_reflection'
/Library/Ruby/Gems/2.3.0/gems/activerecord-5.2.3/lib/active_record/reflection.rb:991:in `derive_class_name'
/Library/Ruby/Gems/2.3.0/gems/activerecord-5.2.3/lib/active_record/reflection.rb:162:in `class_name'
/Library/Ruby/Gems/2.3.0/gems/activerecord-5.2.3/lib/active_record/reflection.rb:769:in `klass'
/Library/Ruby/Gems/2.3.0/gems/activerecord-5.2.3/lib/active_record/reflection.rb:790:in `source_reflection'
/Library/Ruby/Gems/2.3.0/gems/activerecord-5.2.3/lib/active_record/reflection.rb:991:in `derive_class_name'
/Library/Ruby/Gems/2.3.0/gems/activerecord-5.2.3/lib/active_record/reflection.rb:162:in `class_name'
/Library/Ruby/Gems/2.3.0/gems/activerecord-5.2.3/lib/active_record/reflection.rb:769:in `klass'
/Library/Ruby/Gems/2.3.0/gems/activerecord-5.2.3/lib/active_record/reflection.rb:790:in `source_reflection'
/Library/Ruby/Gems/2.3.0/gems/activerecord-5.2.3/lib/active_record/reflection.rb:991:in `derive_class_name'
/Library/Ruby/Gems/2.3.0/gems/activerecord-5.2.3/lib/active_record/reflection.rb:162:in `class_name'
/Library/Ruby/Gems/2.3.0/gems/activerecord-5.2.3/lib/active_record/reflection.rb:769:in `klass'
/Library/Ruby/Gems/2.3.0/gems/activerecord-5.2.3/lib/active_record/reflection.rb:790:in `source_reflection'
/Library/Ruby/Gems/2.3.0/gems/activerecord-5.2.3/lib/active_record/reflection.rb:991:in `derive_class_name'
/Library/Ruby/Gems/2.3.0/gems/activerecord-5.2.3/lib/active_record/reflection.rb:162:in `class_name'
/Library/Ruby/Gems/2.3.0/gems/activerecord-5.2.3/lib/active_record/reflection.rb:769:in `klass'
/Library/Ruby/Gems/2.3.0/gems/activerecord-5.2.3/lib/active_record/reflection.rb:790:in `source_reflection'
/Library/Ruby/Gems/2.3.0/gems/activerecord-5.2.3/lib/active_record/reflection.rb:991:in `derive_class_name'
/Library/Ruby/Gems/2.3.0/gems/activerecord-5.2.3/lib/active_record/reflection.rb:162:in `class_name'
/Library/Ruby/Gems/2.3.0/gems/activerecord-5.2.3/lib/active_record/reflection.rb:769:in `klass'
/Library/Ruby/Gems/2.3.0/gems/activerecord-5.2.3/lib/active_record/reflection.rb:790:in `source_reflection'
/Library/Ruby/Gems/2.3.0/gems/activerecord-5.2.3/lib/active_record/reflection.rb:991:in `derive_class_name'
/Library/Ruby/Gems/2.3.0/gems/activerecord-5.2.3/lib/active_record/reflection.rb:162:in `class_name'
/Library/Ruby/Gems/2.3.0/gems/activerecord-5.2.3/lib/active_record/reflection.rb:769:in `klass'
/Library/Ruby/Gems/2.3.0/gems/activerecord-5.2.3/lib/active_record/reflection.rb:790:in `source_reflection'
/Library/Ruby/Gems/2.3.0/gems/activerecord-5.2.3/lib/active_record/reflection.rb:991:in `derive_class_name'
/Library/Ruby/Gems/2.3.0/gems/activerecord-5.2.3/lib/active_record/reflection.rb:162:in `class_name'
/Library/Ruby/Gems/2.3.0/gems/activerecord-5.2.3/lib/active_record/reflection.rb:769:in `klass'
/Library/Ruby/Gems/2.3.0/gems/activerecord-5.2.3/lib/active_record/reflection.rb:790:in `source_reflection'
/Library/Ruby/Gems/2.3.0/gems/activerecord-5.2.3/lib/active_record/reflection.rb:991:in `derive_class_name'
/Library/Ruby/Gems/2.3.0/gems/activerecord-5.2.3/lib/active_record/reflection.rb:162:in `class_name'
/Library/Ruby/Gems/2.3.0/gems/activerecord-5.2.3/lib/active_record/reflection.rb:769:in `klass'
/Library/Ruby/Gems/2.3.0/gems/activerecord-5.2.3/lib/active_record/reflection.rb:790:in `source_reflection'
/Library/Ruby/Gems/2.3.0/gems/activerecord-5.2.3/lib/active_record/reflection.rb:991:in `derive_class_name'
/Library/Ruby/Gems/2.3.0/gems/activerecord-5.2.3/lib/active_record/reflection.rb:162:in `class_name'
/Library/Ruby/Gems/2.3.0/gems/activerecord-5.2.3/lib/active_record/reflection.rb:769:in `klass'
/Library/Ruby/Gems/2.3.0/gems/activerecord-5.2.3/lib/active_record/reflection.rb:790:in `source_reflection'
/Library/Ruby/Gems/2.3.0/gems/activerecord-5.2.3/lib/active_record/reflection.rb:991:in `derive_class_name'
/Library/Ruby/Gems/2.3.0/gems/activerecord-5.2.3/lib/active_record/reflection.rb:162:in `class_name'
/Library/Ruby/Gems/2.3.0/gems/activerecord-5.2.3/lib/active_record/reflection.rb:769:in `klass'
/Library/Ruby/Gems/2.3.0/gems/activerecord-5.2.3/lib/active_record/reflection.rb:790:in `source_reflection'
/Library/Ruby/Gems/2.3.0/gems/activerecord-5.2.3/lib/active_record/reflection.rb:991:in `derive_class_name'
/Library/Ruby/Gems/2.3.0/gems/activerecord-5.2.3/lib/active_record/reflection.rb:162:in `class_name'
/Library/Ruby/Gems/2.3.0/gems/activerecord-5.2.3/lib/active_record/reflection.rb:769:in `klass'
/Library/Ruby/Gems/2.3.0/gems/activerecord-5.2.3/lib/active_record/reflection.rb:790:in `source_reflection'
/Library/Ruby/Gems/2.3.0/gems/activerecord-5.2.3/lib/active_record/reflection.rb:991:in `derive_class_name'
/Library/Ruby/Gems/2.3.0/gems/activerecord-5.2.3/lib/active_record/reflection.rb:162:in `class_name'
/Library/Ruby/Gems/2.3.0/gems/activerecord-5.2.3/lib/active_record/reflection.rb:769:in `klass'
/Library/Ruby/Gems/2.3.0/gems/activerecord-5.2.3/lib/active_record/reflection.rb:790:in `source_reflection'
/Library/Ruby/Gems/2.3.0/gems/activerecord-5.2.3/lib/active_record/reflection.rb:991:in `derive_class_name'
/Library/Ruby/Gems/2.3.0/gems/activerecord-5.2.3/lib/active_record/reflection.rb:162:in `class_name'
/Library/Ruby/Gems/2.3.0/gems/activerecord-5.2.3/lib/active_record/reflection.rb:769:in `klass'
/Library/Ruby/Gems/2.3.0/gems/activerecord-5.2.3/lib/active_record/reflection.rb:790:in `source_reflection'
/Library/Ruby/Gems/2.3.0/gems/activerecord-5.2.3/lib/active_record/reflection.rb:991:in `derive_class_name'
/Library/Ruby/Gems/2.3.0/gems/activerecord-5.2.3/lib/active_record/reflection.rb:162:in `class_name'
/Library/Ruby/Gems/2.3.0/gems/activerecord-5.2.3/lib/active_record/reflection.rb:769:in `klass'
/Library/Ruby/Gems/2.3.0/gems/activerecord-5.2.3/lib/active_record/reflection.rb:790:in `source_reflection'
/Library/Ruby/Gems/2.3.0/gems/activerecord-5.2.3/lib/active_record/reflection.rb:991:in `derive_class_name'
/Library/Ruby/Gems/2.3.0/gems/activerecord-5.2.3/lib/active_record/reflection.rb:162:in `class_name'
/Library/Ruby/Gems/2.3.0/gems/activerecord-5.2.3/lib/active_record/reflection.rb:769:in `klass'
/Library/Ruby/Gems/2.3.0/gems/activerecord-5.2.3/lib/active_record/reflection.rb:790:in `source_reflection'
/Library/Ruby/Gems/2.3.0/gems/activerecord-5.2.3/lib/active_record/reflection.rb:991:in `derive_class_name'
/Library/Ruby/Gems/2.3.0/gems/activerecord-5.2.3/lib/active_record/reflection.rb:162:in `class_name'
/Library/Ruby/Gems/2.3.0/gems/activerecord-5.2.3/lib/active_record/reflection.rb:769:in `klass'
/Library/Ruby/Gems/2.3.0/gems/activerecord-5.2.3/lib/active_record/reflection.rb:790:in `source_reflection'
/Library/Ruby/Gems/2.3.0/gems/activerecord-5.2.3/lib/active_record/reflection.rb:991:in `derive_class_name'
/Library/Ruby/Gems/2.3.0/gems/activerecord-5.2.3/lib/active_record/reflection.rb:162:in `class_name'
/Library/Ruby/Gems/2.3.0/gems/activerecord-5.2.3/lib/active_record/reflection.rb:769:in `klass'
/Library/Ruby/Gems/2.3.0/gems/activerecord-5.2.3/lib/active_record/reflection.rb:790:in `source_reflection'
/Library/Ruby/Gems/2.3.0/gems/activerecord-5.2.3/lib/active_record/reflection.rb:991:in `derive_class_name'
/Library/Ruby/Gems/2.3.0/gems/activerecord-5.2.3/lib/active_record/reflection.rb:162:in `class_name'
/Library/Ruby/Gems/2.3.0/gems/activerecord-5.2.3/lib/active_record/reflection.rb:769:in `klass'
/Library/Ruby/Gems/2.3.0/gems/activerecord-5.2.3/lib/active_record/reflection.rb:790:in `source_reflection'
/Library/Ruby/Gems/2.3.0/gems/activerecord-5.2.3/lib/active_record/reflection.rb:991:in `derive_class_name'
/Library/Ruby/Gems/2.3.0/gems/activerecord-5.2.3/lib/active_record/reflection.rb:162:in `class_name'
/Library/Ruby/Gems/2.3.0/gems/activerecord-5.2.3/lib/active_record/reflection.rb:769:in `klass'
/Library/Ruby/Gems/2.3.0/gems/activerecord-5.2.3/lib/active_record/reflection.rb:790:in `source_reflection'
/Library/Ruby/Gems/2.3.0/gems/activerecord-5.2.3/lib/active_record/reflection.rb:991:in `derive_class_name'
/Library/Ruby/Gems/2.3.0/gems/activerecord-5.2.3/lib/active_record/reflection.rb:162:in `class_name'
/Library/Ruby/Gems/2.3.0/gems/activerecord-5.2.3/lib/active_record/reflection.rb:769:in `klass'
/Library/Ruby/Gems/2.3.0/gems/activerecord-5.2.3/lib/active_record/reflection.rb:790:in `source_reflection'
/Library/Ruby/Gems/2.3.0/gems/activerecord-5.2.3/lib/active_record/reflection.rb:991:in `derive_class_name'
/Library/Ruby/Gems/2.3.0/gems/activerecord-5.2.3/lib/active_record/reflection.rb:162:in `class_name'
/Library/Ruby/Gems/2.3.0/gems/activerecord-5.2.3/lib/active_record/reflection.rb:769:in `klass'
/Library/Ruby/Gems/2.3.0/gems/activerecord-5.2.3/lib/active_record/reflection.rb:790:in `source_reflection'
/Library/Ruby/Gems/2.3.0/gems/activerecord-5.2.3/lib/active_record/reflection.rb:991:in `derive_class_name'
/Library/Ruby/Gems/2.3.0/gems/activerecord-5.2.3/lib/active_record/reflection.rb:162:in `class_name'
/Library/Ruby/Gems/2.3.0/gems/activerecord-5.2.3/lib/active_record/reflection.rb:769:in `klass'
/Library/Ruby/Gems/2.3.0/gems/activerecord-5.2.3/lib/active_record/reflection.rb:790:in `source_reflection'
/Library/Ruby/Gems/2.3.0/gems/activerecord-5.2.3/lib/active_record/reflection.rb:991:in `derive_class_name'
/Library/Ruby/Gems/2.3.0/gems/activerecord-5.2.3/lib/active_record/reflection.rb:162:in `class_name'
/Library/Ruby/Gems/2.3.0/gems/activerecord-5.2.3/lib/active_record/reflection.rb:769:in `klass'
/Library/Ruby/Gems/2.3.0/gems/activerecord-5.2.3/lib/active_record/reflection.rb:790:in `source_reflection'
/Library/Ruby/Gems/2.3.0/gems/activerecord-5.2.3/lib/active_record/reflection.rb:991:in `derive_class_name'
/Library/Ruby/Gems/2.3.0/gems/activerecord-5.2.3/lib/active_record/reflection.rb:162:in `class_name'
/Library/Ruby/Gems/2.3.0/gems/activerecord-5.2.3/lib/active_record/reflection.rb:769:in `klass'
/Library/Ruby/Gems/2.3.0/gems/activerecord-5.2.3/lib/active_record/reflection.rb:790:in `source_reflection'
/Library/Ruby/Gems/2.3.0/gems/activerecord-5.2.3/lib/active_record/reflection.rb:991:in `derive_class_name'
/Library/Ruby/Gems/2.3.0/gems/activerecord-5.2.3/lib/active_record/reflection.rb:162:in `class_name'
/Library/Ruby/Gems/2.3.0/gems/activerecord-5.2.3/lib/active_record/reflection.rb:769:in `klass'
/Library/Ruby/Gems/2.3.0/gems/activerecord-5.2.3/lib/active_record/reflection.rb:790:in `source_reflection'
/Library/Ruby/Gems/2.3.0/gems/activerecord-5.2.3/lib/active_record/reflection.rb:991:in `derive_class_name'
/Library/Ruby/Gems/2.3.0/gems/activerecord-5.2.3/lib/active_record/reflection.rb:162:in `class_name'
/Library/Ruby/Gems/2.3.0/gems/activerecord-5.2.3/lib/active_record/reflection.rb:769:in `klass'
/Library/Ruby/Gems/2.3.0/gems/activerecord-5.2.3/lib/active_record/reflection.rb:790:in `source_reflection'
/Library/Ruby/Gems/2.3.0/gems/activerecord-5.2.3/lib/active_record/reflection.rb:991:in `derive_class_name'
/Library/Ruby/Gems/2.3.0/gems/activerecord-5.2.3/lib/active_record/reflection.rb:162:in `class_name'
/Library/Ruby/Gems/2.3.0/gems/activerecord-5.2.3/lib/active_record/reflection.rb:769:in `klass'
/Library/Ruby/Gems/2.3.0/gems/activerecord-5.2.3/lib/active_record/reflection.rb:790:in `source_reflection'
/Library/Ruby/Gems/2.3.0/gems/activerecord-5.2.3/lib/active_record/reflection.rb:991:in `derive_class_name'
/Library/Ruby/Gems/2.3.0/gems/activerecord-5.2.3/lib/active_record/reflection.rb:162:in `class_name'
/Library/Ruby/Gems/2.3.0/gems/activerecord-5.2.3/lib/active_record/reflection.rb:769:in `klass'
/Library/Ruby/Gems/2.3.0/gems/activerecord-5.2.3/lib/active_record/reflection.rb:790:in `source_reflection'
/Library/Ruby/Gems/2.3.0/gems/activerecord-5.2.3/lib/active_record/reflection.rb:991:in `derive_class_name'
/Library/Ruby/Gems/2.3.0/gems/activerecord-5.2.3/lib/active_record/reflection.rb:162:in `class_name'
/Library/Ruby/Gems/2.3.0/gems/activerecord-5.2.3/lib/active_record/reflection.rb:769:in `klass'
/Library/Ruby/Gems/2.3.0/gems/activerecord-5.2.3/lib/active_record/reflection.rb:790:in `source_reflection'
/Library/Ruby/Gems/2.3.0/gems/activerecord-5.2.3/lib/active_record/reflection.rb:991:in `derive_class_name'
/Library/Ruby/Gems/2.3.0/gems/activerecord-5.2.3/lib/active_record/reflection.rb:162:in `class_name'
/Library/Ruby/Gems/2.3.0/gems/activerecord-5.2.3/lib/active_record/reflection.rb:769:in `klass'
/Library/Ruby/Gems/2.3.0/gems/activerecord-5.2.3/lib/active_record/reflection.rb:790:in `source_reflection'
/Library/Ruby/Gems/2.3.0/gems/activerecord-5.2.3/lib/active_record/reflection.rb:991:in `derive_class_name'
/Library/Ruby/Gems/2.3.0/gems/activerecord-5.2.3/lib/active_record/reflection.rb:162:in `class_name'
/Library/Ruby/Gems/2.3.0/gems/activerecord-5.2.3/lib/active_record/reflection.rb:769:in `klass'
/Library/Ruby/Gems/2.3.0/gems/activerecord-5.2.3/lib/active_record/reflection.rb:790:in `source_reflection'
/Library/Ruby/Gems/2.3.0/gems/activerecord-5.2.3/lib/active_record/reflection.rb:991:in `derive_class_name'
/Library/Ruby/Gems/2.3.0/gems/activerecord-5.2.3/lib/active_record/reflection.rb:162:in `class_name'
/Library/Ruby/Gems/2.3.0/gems/activerecord-5.2.3/lib/active_record/reflection.rb:769:in `klass'
/Library/Ruby/Gems/2.3.0/gems/activerecord-5.2.3/lib/active_record/reflection.rb:790:in `source_reflection'
/Library/Ruby/Gems/2.3.0/gems/activerecord-5.2.3/lib/active_record/reflection.rb:991:in `derive_class_name'
/Library/Ruby/Gems/2.3.0/gems/activerecord-5.2.3/lib/active_record/reflection.rb:162:in `class_name'
/Library/Ruby/Gems/2.3.0/gems/activerecord-5.2.3/lib/active_record/reflection.rb:769:in `klass'
/Library/Ruby/Gems/2.3.0/gems/activerecord-5.2.3/lib/active_record/reflection.rb:790:in `source_reflection'
/Library/Ruby/Gems/2.3.0/gems/activerecord-5.2.3/lib/active_record/reflection.rb:991:in `derive_class_name'
/Library/Ruby/Gems/2.3.0/gems/activerecord-5.2.3/lib/active_record/reflection.rb:162:in `class_name'
/Library/Ruby/Gems/2.3.0/gems/activerecord-5.2.3/lib/active_record/reflection.rb:769:in `klass'
/Library/Ruby/Gems/2.3.0/gems/activerecord-5.2.3/lib/active_record/reflection.rb:790:in `source_reflection'
/Library/Ruby/Gems/2.3.0/gems/activerecord-5.2.3/lib/active_record/reflection.rb:991:in `derive_class_name'
/Library/Ruby/Gems/2.3.0/gems/activerecord-5.2.3/lib/active_record/reflection.rb:162:in `class_name'
/Library/Ruby/Gems/2.3.0/gems/activerecord-5.2.3/lib/active_record/reflection.rb:769:in `klass'
/Library/Ruby/Gems/2.3.0/gems/activerecord-5.2.3/lib/active_record/reflection.rb:790:in `source_reflection'
/Library/Ruby/Gems/2.3.0/gems/activerecord-5.2.3/lib/active_record/reflection.rb:991:in `derive_class_name'
/Library/Ruby/Gems/2.3.0/gems/activerecord-5.2.3/lib/active_record/reflection.rb:162:in `class_name'
/Library/Ruby/Gems/2.3.0/gems/activerecord-5.2.3/lib/active_record/reflection.rb:769:in `klass'
/Library/Ruby/Gems/2.3.0/gems/activerecord-5.2.3/lib/active_record/reflection.rb:790:in `source_reflection'
/Library/Ruby/Gems/2.3.0/gems/activerecord-5.2.3/lib/active_record/reflection.rb:991:in `derive_class_name'
/Library/Ruby/Gems/2.3.0/gems/activerecord-5.2.3/lib/active_record/reflection.rb:162:in `class_name'
/Library/Ruby/Gems/2.3.0/gems/activerecord-5.2.3/lib/active_record/reflection.rb:769:in `klass'
/Library/Ruby/Gems/2.3.0/gems/activerecord-5.2.3/lib/active_record/reflection.rb:790:in `source_reflection'
/Library/Ruby/Gems/2.3.0/gems/activerecord-5.2.3/lib/active_record/reflection.rb:991:in `derive_class_name'
/Library/Ruby/Gems/2.3.0/gems/activerecord-5.2.3/lib/active_record/reflection.rb:162:in `class_name'
/Library/Ruby/Gems/2.3.0/gems/activerecord-5.2.3/lib/active_record/reflection.rb:769:in `klass'
/Library/Ruby/Gems/2.3.0/gems/activerecord-5.2.3/lib/active_record/reflection.rb:790:in `source_reflection'
/Library/Ruby/Gems/2.3.0/gems/activerecord-5.2.3/lib/active_record/reflection.rb:991:in `derive_class_name'
/Library/Ruby/Gems/2.3.0/gems/activerecord-5.2.3/lib/active_record/reflection.rb:162:in `class_name'
/Library/Ruby/Gems/2.3.0/gems/activerecord-5.2.3/lib/active_record/reflection.rb:769:in `klass'
/Library/Ruby/Gems/2.3.0/gems/activerecord-5.2.3/lib/active_record/reflection.rb:790:in `source_reflection'
/Library/Ruby/Gems/2.3.0/gems/activerecord-5.2.3/lib/active_record/reflection.rb:991:in `derive_class_name'
/Library/Ruby/Gems/2.3.0/gems/activerecord-5.2.3/lib/active_record/reflection.rb:162:in `class_name'
/Library/Ruby/Gems/2.3.0/gems/activerecord-5.2.3/lib/active_record/reflection.rb:769:in `klass'
/Library/Ruby/Gems/2.3.0/gems/activerecord-5.2.3/lib/active_record/reflection.rb:790:in `source_reflection'
/Library/Ruby/Gems/2.3.0/gems/activerecord-5.2.3/lib/active_record/reflection.rb:991:in `derive_class_name'
/Library/Ruby/Gems/2.3.0/gems/activerecord-5.2.3/lib/active_record/reflection.rb:162:in `class_name'
/Library/Ruby/Gems/2.3.0/gems/activerecord-5.2.3/lib/active_record/reflection.rb:769:in `klass'
/Library/Ruby/Gems/2.3.0/gems/activerecord-5.2.3/lib/active_record/reflection.rb:790:in `source_reflection'
/Library/Ruby/Gems/2.3.0/gems/activerecord-5.2.3/lib/active_record/reflection.rb:991:in `derive_class_name'
/Library/Ruby/Gems/2.3.0/gems/activerecord-5.2.3/lib/active_record/reflection.rb:162:in `class_name'
/Library/Ruby/Gems/2.3.0/gems/activerecord-5.2.3/lib/active_record/reflection.rb:769:in `klass'
/Library/Ruby/Gems/2.3.0/gems/activerecord-5.2.3/lib/active_record/reflection.rb:790:in `source_reflection'
/Library/Ruby/Gems/2.3.0/gems/activerecord-5.2.3/lib/active_record/reflection.rb:991:in `derive_class_name'
/Library/Ruby/Gems/2.3.0/gems/activerecord-5.2.3/lib/active_record/reflection.rb:162:in `class_name'
/Library/Ruby/Gems/2.3.0/gems/activerecord-5.2.3/lib/active_record/reflection.rb:769:in `klass'
/Library/Ruby/Gems/2.3.0/gems/activerecord-5.2.3/lib/active_record/reflection.rb:790:in `source_reflection'
/Library/Ruby/Gems/2.3.0/gems/activerecord-5.2.3/lib/active_record/reflection.rb:991:in `derive_class_name'
/Library/Ruby/Gems/2.3.0/gems/activerecord-5.2.3/lib/active_record/reflection.rb:162:in `class_name'
/Library/Ruby/Gems/2.3.0/gems/activerecord-5.2.3/lib/active_record/reflection.rb:769:in `klass'
/Library/Ruby/Gems/2.3.0/gems/activerecord-5.2.3/lib/active_record/reflection.rb:790:in `source_reflection'
/Library/Ruby/Gems/2.3.0/gems/activerecord-5.2.3/lib/active_record/reflection.rb:991:in `derive_class_name'
/Library/Ruby/Gems/2.3.0/gems/activerecord-5.2.3/lib/active_record/reflection.rb:162:in `class_name'
/Library/Ruby/Gems/2.3.0/gems/activerecord-5.2.3/lib/active_record/reflection.rb:769:in `klass'
/Library/Ruby/Gems/2.3.0/gems/activerecord-5.2.3/lib/active_record/reflection.rb:790:in `source_reflection'
/Library/Ruby/Gems/2.3.0/gems/activerecord-5.2.3/lib/active_record/reflection.rb:991:in `derive_class_name'
/Library/Ruby/Gems/2.3.0/gems/activerecord-5.2.3/lib/active_record/reflection.rb:162:in `class_name'
/Library/Ruby/Gems/2.3.0/gems/activerecord-5.2.3/lib/active_record/reflection.rb:769:in `klass'
/Library/Ruby/Gems/2.3.0/gems/activerecord-5.2.3/lib/active_record/reflection.rb:790:in `source_reflection'
/Library/Ruby/Gems/2.3.0/gems/activerecord-5.2.3/lib/active_record/reflection.rb:991:in `derive_class_name'
/Library/Ruby/Gems/2.3.0/gems/activerecord-5.2.3/lib/active_record/reflection.rb:162:in `class_name'
/Library/Ruby/Gems/2.3.0/gems/activerecord-5.2.3/lib/active_record/reflection.rb:769:in `klass'
/Library/Ruby/Gems/2.3.0/gems/activerecord-5.2.3/lib/active_record/reflection.rb:790:in `source_reflection'
/Library/Ruby/Gems/2.3.0/gems/activerecord-5.2.3/lib/active_record/reflection.rb:991:in `derive_class_name'
/Library/Ruby/Gems/2.3.0/gems/activerecord-5.2.3/lib/active_record/reflection.rb:162:in `class_name'
/Library/Ruby/Gems/2.3.0/gems/activerecord-5.2.3/lib/active_record/reflection.rb:769:in `klass'
/Library/Ruby/Gems/2.3.0/gems/activerecord-5.2.3/lib/active_record/reflection.rb:790:in `source_reflection'
/Library/Ruby/Gems/2.3.0/gems/activerecord-5.2.3/lib/active_record/reflection.rb:991:in `derive_class_name'
/Library/Ruby/Gems/2.3.0/gems/activerecord-5.2.3/lib/active_record/reflection.rb:162:in `class_name'
/Library/Ruby/Gems/2.3.0/gems/activerecord-5.2.3/lib/active_record/reflection.rb:769:in `klass'
/Library/Ruby/Gems/2.3.0/gems/activerecord-5.2.3/lib/active_record/reflection.rb:790:in `source_reflection'
/Library/Ruby/Gems/2.3.0/gems/activerecord-5.2.3/lib/active_record/reflection.rb:991:in `derive_class_name'
/Library/Ruby/Gems/2.3.0/gems/activerecord-5.2.3/lib/active_record/reflection.rb:162:in `class_name'
/Library/Ruby/Gems/2.3.0/gems/activerecord-5.2.3/lib/active_record/reflection.rb:769:in `klass'
/Library/Ruby/Gems/2.3.0/gems/activerecord-5.2.3/lib/active_record/reflection.rb:790:in `source_reflection'
/Library/Ruby/Gems/2.3.0/gems/activerecord-5.2.3/lib/active_record/reflection.rb:991:in `derive_class_name'
/Library/Ruby/Gems/2.3.0/gems/activerecord-5.2.3/lib/active_record/reflection.rb:162:in `class_name'
/Library/Ruby/Gems/2.3.0/gems/activerecord-5.2.3/lib/active_record/reflection.rb:769:in `klass'
/Library/Ruby/Gems/2.3.0/gems/activerecord-5.2.3/lib/active_record/reflection.rb:790:in `source_reflection'
/Library/Ruby/Gems/2.3.0/gems/activerecord-5.2.3/lib/active_record/reflection.rb:991:in `derive_class_name'
/Library/Ruby/Gems/2.3.0/gems/activerecord-5.2.3/lib/active_record/reflection.rb:162:in `class_name'
/Library/Ruby/Gems/2.3.0/gems/activerecord-5.2.3/lib/active_record/reflection.rb:769:in `klass'
/Library/Ruby/Gems/2.3.0/gems/activerecord-5.2.3/lib/active_record/reflection.rb:790:in `source_reflection'
/Library/Ruby/Gems/2.3.0/gems/activerecord-5.2.3/lib/active_record/reflection.rb:991:in `derive_class_name'
/Library/Ruby/Gems/2.3.0/gems/activerecord-5.2.3/lib/active_record/reflection.rb:162:in `class_name'
/Library/Ruby/Gems/2.3.0/gems/activerecord-5.2.3/lib/active_record/reflection.rb:769:in `klass'
/Library/Ruby/Gems/2.3.0/gems/activerecord-5.2.3/lib/active_record/reflection.rb:790:in `source_reflection'
/Library/Ruby/Gems/2.3.0/gems/activerecord-5.2.3/lib/active_record/reflection.rb:991:in `derive_class_name'
/Library/Ruby/Gems/2.3.0/gems/activerecord-5.2.3/lib/active_record/reflection.rb:162:in `class_name'
/Library/Ruby/Gems/2.3.0/gems/activerecord-5.2.3/lib/active_record/reflection.rb:769:in `klass'
/Library/Ruby/Gems/2.3.0/gems/activerecord-5.2.3/lib/active_record/reflection.rb:790:in `source_reflection'
/Library/Ruby/Gems/2.3.0/gems/activerecord-5.2.3/lib/active_record/reflection.rb:991:in `derive_class_name'
/Library/Ruby/Gems/2.3.0/gems/activerecord-5.2.3/lib/active_record/reflection.rb:162:in `class_name'
/Library/Ruby/Gems/2.3.0/gems/activerecord-5.2.3/lib/active_record/reflection.rb:769:in `klass'
/Library/Ruby/Gems/2.3.0/gems/activerecord-5.2.3/lib/active_record/reflection.rb:790:in `source_reflection'
/Library/Ruby/Gems/2.3.0/gems/activerecord-5.2.3/lib/active_record/reflection.rb:991:in `derive_class_name'
/Library/Ruby/Gems/2.3.0/gems/activerecord-5.2.3/lib/active_record/reflection.rb:162:in `class_name'
/Library/Ruby/Gems/2.3.0/gems/activerecord-5.2.3/lib/active_record/reflection.rb:769:in `klass'
/Library/Ruby/Gems/2.3.0/gems/activerecord-5.2.3/lib/active_record/reflection.rb:790:in `source_reflection'
/Library/Ruby/Gems/2.3.0/gems/activerecord-5.2.3/lib/active_record/reflection.rb:991:in `derive_class_name'
/Library/Ruby/Gems/2.3.0/gems/activerecord-5.2.3/lib/active_record/reflection.rb:162:in `class_name'
/Library/Ruby/Gems/2.3.0/gems/activerecord-5.2.3/lib/active_record/reflection.rb:769:in `klass'
/Library/Ruby/Gems/2.3.0/gems/activerecord-5.2.3/lib/active_record/reflection.rb:790:in `source_reflection'
/Library/Ruby/Gems/2.3.0/gems/activerecord-5.2.3/lib/active_record/reflection.rb:991:in `derive_class_name'
/Library/Ruby/Gems/2.3.0/gems/activerecord-5.2.3/lib/active_record/reflection.rb:162:in `class_name'
/Library/Ruby/Gems/2.3.0/gems/activerecord-5.2.3/lib/active_record/reflection.rb:769:in `klass'
/Library/Ruby/Gems/2.3.0/gems/activerecord-5.2.3/lib/active_record/reflection.rb:790:in `source_reflection'
/Library/Ruby/Gems/2.3.0/gems/activerecord-5.2.3/lib/active_record/reflection.rb:991:in `derive_class_name'
/Library/Ruby/Gems/2.3.0/gems/activerecord-5.2.3/lib/active_record/reflection.rb:162:in `class_name'
/Library/Ruby/Gems/2.3.0/gems/activerecord-5.2.3/lib/active_record/reflection.rb:769:in `klass'
/Library/Ruby/Gems/2.3.0/gems/activerecord-5.2.3/lib/active_record/reflection.rb:790:in `source_reflection'
/Library/Ruby/Gems/2.3.0/gems/activerecord-5.2.3/lib/active_record/reflection.rb:991:in `derive_class_name'
/Library/Ruby/Gems/2.3.0/gems/activerecord-5.2.3/lib/active_record/reflection.rb:162:in `class_name'
/Library/Ruby/Gems/2.3.0/gems/activerecord-5.2.3/lib/active_record/reflection.rb:769:in `klass'
/Library/Ruby/Gems/2.3.0/gems/activerecord-5.2.3/lib/active_record/reflection.rb:790:in `source_reflection'
/Library/Ruby/Gems/2.3.0/gems/activerecord-5.2.3/lib/active_record/reflection.rb:991:in `derive_class_name'
/Library/Ruby/Gems/2.3.0/gems/activerecord-5.2.3/lib/active_record/reflection.rb:162:in `class_name'
/Library/Ruby/Gems/2.3.0/gems/activerecord-5.2.3/lib/active_record/reflection.rb:769:in `klass'
/Library/Ruby/Gems/2.3.0/gems/activerecord-5.2.3/lib/active_record/reflection.rb:790:in `source_reflection'
/Library/Ruby/Gems/2.3.0/gems/activerecord-5.2.3/lib/active_record/reflection.rb:991:in `derive_class_name'
/Library/Ruby/Gems/2.3.0/gems/activerecord-5.2.3/lib/active_record/reflection.rb:162:in `class_name'
/Library/Ruby/Gems/2.3.0/gems/activerecord-5.2.3/lib/active_record/reflection.rb:769:in `klass'
/Library/Ruby/Gems/2.3.0/gems/activerecord-5.2.3/lib/active_record/reflection.rb:790:in `source_reflection'
/Library/Ruby/Gems/2.3.0/gems/activerecord-5.2.3/lib/active_record/reflection.rb:991:in `derive_class_name'
/Library/Ruby/Gems/2.3.0/gems/activerecord-5.2.3/lib/active_record/reflection.rb:162:in `class_name'
/Library/Ruby/Gems/2.3.0/gems/activerecord-5.2.3/lib/active_record/reflection.rb:769:in `klass'
/Library/Ruby/Gems/2.3.0/gems/activerecord-5.2.3/lib/active_record/reflection.rb:790:in `source_reflection'
/Library/Ruby/Gems/2.3.0/gems/activerecord-5.2.3/lib/active_record/reflection.rb:991:in `derive_class_name'
/Library/Ruby/Gems/2.3.0/gems/activerecord-5.2.3/lib/active_record/reflection.rb:162:in `class_name'
/Library/Ruby/Gems/2.3.0/gems/activerecord-5.2.3/lib/active_record/reflection.rb:769:in `klass'
/Library/Ruby/Gems/2.3.0/gems/activerecord-5.2.3/lib/active_record/reflection.rb:790:in `source_reflection'
/Library/Ruby/Gems/2.3.0/gems/activerecord-5.2.3/lib/active_record/reflection.rb:991:in `derive_class_name'
/Library/Ruby/Gems/2.3.0/gems/activerecord-5.2.3/lib/active_record/reflection.rb:162:in `class_name'
/Library/Ruby/Gems/2.3.0/gems/activerecord-5.2.3/lib/active_record/reflection.rb:769:in `klass'
/Library/Ruby/Gems/2.3.0/gems/activerecord-5.2.3/lib/active_record/reflection.rb:790:in `source_reflection'
/Library/Ruby/Gems/2.3.0/gems/activerecord-5.2.3/lib/active_record/reflection.rb:991:in `derive_class_name'
/Library/Ruby/Gems/2.3.0/gems/activerecord-5.2.3/lib/active_record/reflection.rb:162:in `class_name'
/Library/Ruby/Gems/2.3.0/gems/activerecord-5.2.3/lib/active_record/reflection.rb:769:in `klass'
/Library/Ruby/Gems/2.3.0/gems/activerecord-5.2.3/lib/active_record/reflection.rb:790:in `source_reflection'
/Library/Ruby/Gems/2.3.0/gems/activerecord-5.2.3/lib/active_record/reflection.rb:991:in `derive_class_name'
/Library/Ruby/Gems/2.3.0/gems/activerecord-5.2.3/lib/active_record/reflection.rb:162:in `class_name'
/Library/Ruby/Gems/2.3.0/gems/activerecord-5.2.3/lib/active_record/reflection.rb:769:in `klass'
/Library/Ruby/Gems/2.3.0/gems/activerecord-5.2.3/lib/active_record/reflection.rb:790:in `source_reflection'
/Library/Ruby/Gems/2.3.0/gems/activerecord-5.2.3/lib/active_record/reflection.rb:991:in `derive_class_name'
/Library/Ruby/Gems/2.3.0/gems/activerecord-5.2.3/lib/active_record/reflection.rb:162:in `class_name'
/Library/Ruby/Gems/2.3.0/gems/activerecord-5.2.3/lib/active_record/reflection.rb:769:in `klass'
/Library/Ruby/Gems/2.3.0/gems/activerecord-5.2.3/lib/active_record/reflection.rb:790:in `source_reflection'
/Library/Ruby/Gems/2.3.0/gems/activerecord-5.2.3/lib/active_record/reflection.rb:991:in `derive_class_name'
/Library/Ruby/Gems/2.3.0/gems/activerecord-5.2.3/lib/active_record/reflection.rb:162:in `class_name'
/Library/Ruby/Gems/2.3.0/gems/activerecord-5.2.3/lib/active_record/reflection.rb:769:in `klass'
/Library/Ruby/Gems/2.3.0/gems/activerecord-5.2.3/lib/active_record/reflection.rb:790:in `source_reflection'
/Library/Ruby/Gems/2.3.0/gems/activerecord-5.2.3/lib/active_record/reflection.rb:991:in `derive_class_name'
/Library/Ruby/Gems/2.3.0/gems/activerecord-5.2.3/lib/active_record/reflection.rb:162:in `class_name'
/Library/Ruby/Gems/2.3.0/gems/activerecord-5.2.3/lib/active_record/reflection.rb:769:in `klass'
/Library/Ruby/Gems/2.3.0/gems/activerecord-5.2.3/lib/active_record/reflection.rb:790:in `source_reflection'
/Library/Ruby/Gems/2.3.0/gems/activerecord-5.2.3/lib/active_record/reflection.rb:991:in `derive_class_name'
/Library/Ruby/Gems/2.3.0/gems/activerecord-5.2.3/lib/active_record/reflection.rb:162:in `class_name'
/Library/Ruby/Gems/2.3.0/gems/activerecord-5.2.3/lib/active_record/reflection.rb:769:in `klass'
/Library/Ruby/Gems/2.3.0/gems/activerecord-5.2.3/lib/active_record/reflection.rb:790:in `source_reflection'
/Library/Ruby/Gems/2.3.0/gems/activerecord-5.2.3/lib/active_record/reflection.rb:991:in `derive_class_name'
/Library/Ruby/Gems/2.3.0/gems/activerecord-5.2.3/lib/active_record/reflection.rb:162:in `class_name'
/Library/Ruby/Gems/2.3.0/gems/activerecord-5.2.3/lib/active_record/reflection.rb:769:in `klass'
/Library/Ruby/Gems/2.3.0/gems/activerecord-5.2.3/lib/active_record/reflection.rb:790:in `source_reflection'
/Library/Ruby/Gems/2.3.0/gems/activerecord-5.2.3/lib/active_record/reflection.rb:991:in `derive_class_name'
/Library/Ruby/Gems/2.3.0/gems/activerecord-5.2.3/lib/active_record/reflection.rb:162:in `class_name'
/Library/Ruby/Gems/2.3.0/gems/activerecord-5.2.3/lib/active_record/reflection.rb:769:in `klass'
/Library/Ruby/Gems/2.3.0/gems/activerecord-5.2.3/lib/active_record/reflection.rb:790:in `source_reflection'
/Library/Ruby/Gems/2.3.0/gems/activerecord-5.2.3/lib/active_record/reflection.rb:991:in `derive_class_name'
/Library/Ruby/Gems/2.3.0/gems/activerecord-5.2.3/lib/active_record/reflection.rb:162:in `class_name'
/Library/Ruby/Gems/2.3.0/gems/activerecord-5.2.3/lib/active_record/reflection.rb:769:in `klass'
/Library/Ruby/Gems/2.3.0/gems/activerecord-5.2.3/lib/active_record/reflection.rb:790:in `source_reflection'
/Library/Ruby/Gems/2.3.0/gems/activerecord-5.2.3/lib/active_record/reflection.rb:991:in `derive_class_name'
/Library/Ruby/Gems/2.3.0/gems/activerecord-5.2.3/lib/active_record/reflection.rb:162:in `class_name'
/Library/Ruby/Gems/2.3.0/gems/activerecord-5.2.3/lib/active_record/reflection.rb:769:in `klass'
/Library/Ruby/Gems/2.3.0/gems/activerecord-5.2.3/lib/active_record/reflection.rb:790:in `source_reflection'
/Library/Ruby/Gems/2.3.0/gems/activerecord-5.2.3/lib/active_record/reflection.rb:991:in `derive_class_name'
/Library/Ruby/Gems/2.3.0/gems/activerecord-5.2.3/lib/active_record/reflection.rb:162:in `class_name'
/Library/Ruby/Gems/2.3.0/gems/activerecord-5.2.3/lib/active_record/reflection.rb:769:in `klass'
/Library/Ruby/Gems/2.3.0/gems/activerecord-5.2.3/lib/active_record/reflection.rb:790:in `source_reflection'
/Library/Ruby/Gems/2.3.0/gems/activerecord-5.2.3/lib/active_record/reflection.rb:991:in `derive_class_name'
/Library/Ruby/Gems/2.3.0/gems/activerecord-5.2.3/lib/active_record/reflection.rb:162:in `class_name'
/Library/Ruby/Gems/2.3.0/gems/activerecord-5.2.3/lib/active_record/reflection.rb:769:in `klass'
/Library/Ruby/Gems/2.3.0/gems/activerecord-5.2.3/lib/active_record/reflection.rb:790:in `source_reflection'
/Library/Ruby/Gems/2.3.0/gems/activerecord-5.2.3/lib/active_record/reflection.rb:991:in `derive_class_name'
/Library/Ruby/Gems/2.3.0/gems/activerecord-5.2.3/lib/active_record/reflection.rb:162:in `class_name'
/Library/Ruby/Gems/2.3.0/gems/activerecord-5.2.3/lib/active_record/reflection.rb:769:in `klass'
/Library/Ruby/Gems/2.3.0/gems/activerecord-5.2.3/lib/active_record/reflection.rb:790:in `source_reflection'
/Library/Ruby/Gems/2.3.0/gems/activerecord-5.2.3/lib/active_record/reflection.rb:991:in `derive_class_name'
/Library/Ruby/Gems/2.3.0/gems/activerecord-5.2.3/lib/active_record/reflection.rb:162:in `class_name'
/Library/Ruby/Gems/2.3.0/gems/activerecord-5.2.3/lib/active_record/reflection.rb:769:in `klass'
/Library/Ruby/Gems/2.3.0/gems/activerecord-5.2.3/lib/active_record/reflection.rb:790:in `source_reflection'
/Library/Ruby/Gems/2.3.0/gems/activerecord-5.2.3/lib/active_record/reflection.rb:991:in `derive_class_name'
/Library/Ruby/Gems/2.3.0/gems/activerecord-5.2.3/lib/active_record/reflection.rb:162:in `class_name'
/Library/Ruby/Gems/2.3.0/gems/activerecord-5.2.3/lib/active_record/reflection.rb:769:in `klass'
/Library/Ruby/Gems/2.3.0/gems/activerecord-5.2.3/lib/active_record/reflection.rb:790:in `source_reflection'
/Library/Ruby/Gems/2.3.0/gems/activerecord-5.2.3/lib/active_record/reflection.rb:991:in `derive_class_name'
/Library/Ruby/Gems/2.3.0/gems/activerecord-5.2.3/lib/active_record/reflection.rb:162:in `class_name'
/Library/Ruby/Gems/2.3.0/gems/activerecord-5.2.3/lib/active_record/reflection.rb:769:in `klass'
/Library/Ruby/Gems/2.3.0/gems/activerecord-5.2.3/lib/active_record/reflection.rb:790:in `source_reflection'
/Library/Ruby/Gems/2.3.0/gems/activerecord-5.2.3/lib/active_record/reflection.rb:991:in `derive_class_name'
/Library/Ruby/Gems/2.3.0/gems/activerecord-5.2.3/lib/active_record/reflection.rb:162:in `class_name'
/Library/Ruby/Gems/2.3.0/gems/activerecord-5.2.3/lib/active_record/reflection.rb:769:in `klass'
/Library/Ruby/Gems/2.3.0/gems/activerecord-5.2.3/lib/active_record/reflection.rb:790:in `source_reflection'
/Library/Ruby/Gems/2.3.0/gems/activerecord-5.2.3/lib/active_record/reflection.rb:991:in `derive_class_name'
/Library/Ruby/Gems/2.3.0/gems/activerecord-5.2.3/lib/active_record/reflection.rb:162:in `class_name'
/Library/Ruby/Gems/2.3.0/gems/activerecord-5.2.3/lib/active_record/reflection.rb:769:in `klass'
/Library/Ruby/Gems/2.3.0/gems/activerecord-5.2.3/lib/active_record/reflection.rb:790:in `source_reflection'
/Library/Ruby/Gems/2.3.0/gems/activerecord-5.2.3/lib/active_record/reflection.rb:991:in `derive_class_name'
/Library/Ruby/Gems/2.3.0/gems/activerecord-5.2.3/lib/active_record/reflection.rb:162:in `class_name'
/Library/Ruby/Gems/2.3.0/gems/activerecord-5.2.3/lib/active_record/reflection.rb:769:in `klass'
/Library/Ruby/Gems/2.3.0/gems/activerecord-5.2.3/lib/active_record/reflection.rb:790:in `source_reflection'
/Library/Ruby/Gems/2.3.0/gems/activerecord-5.2.3/lib/active_record/reflection.rb:991:in `derive_class_name'
/Library/Ruby/Gems/2.3.0/gems/activerecord-5.2.3/lib/active_record/reflection.rb:162:in `class_name'
/Library/Ruby/Gems/2.3.0/gems/activerecord-5.2.3/lib/active_record/reflection.rb:769:in `klass'
/Library/Ruby/Gems/2.3.0/gems/activerecord-5.2.3/lib/active_record/reflection.rb:790:in `source_reflection'
/Library/Ruby/Gems/2.3.0/gems/activerecord-5.2.3/lib/active_record/reflection.rb:991:in `derive_class_name'
/Library/Ruby/Gems/2.3.0/gems/activerecord-5.2.3/lib/active_record/reflection.rb:162:in `class_name'
/Library/Ruby/Gems/2.3.0/gems/activerecord-5.2.3/lib/active_record/reflection.rb:769:in `klass'
/Library/Ruby/Gems/2.3.0/gems/activerecord-5.2.3/lib/active_record/reflection.rb:790:in `source_reflection'
/Library/Ruby/Gems/2.3.0/gems/activerecord-5.2.3/lib/active_record/reflection.rb:991:in `derive_class_name'
/Library/Ruby/Gems/2.3.0/gems/activerecord-5.2.3/lib/active_record/reflection.rb:162:in `class_name'
/Library/Ruby/Gems/2.3.0/gems/activerecord-5.2.3/lib/active_record/reflection.rb:769:in `klass'
/Library/Ruby/Gems/2.3.0/gems/activerecord-5.2.3/lib/active_record/reflection.rb:790:in `source_reflection'
/Library/Ruby/Gems/2.3.0/gems/activerecord-5.2.3/lib/active_record/reflection.rb:991:in `derive_class_name'
/Library/Ruby/Gems/2.3.0/gems/activerecord-5.2.3/lib/active_record/reflection.rb:162:in `class_name'
/Library/Ruby/Gems/2.3.0/gems/activerecord-5.2.3/lib/active_record/reflection.rb:769:in `klass'
/Library/Ruby/Gems/2.3.0/gems/activerecord-5.2.3/lib/active_record/reflection.rb:790:in `source_reflection'
/Library/Ruby/Gems/2.3.0/gems/activerecord-5.2.3/lib/active_record/reflection.rb:991:in `derive_class_name'
/Library/Ruby/Gems/2.3.0/gems/activerecord-5.2.3/lib/active_record/reflection.rb:162:in `class_name'
/Library/Ruby/Gems/2.3.0/gems/activerecord-5.2.3/lib/active_record/reflection.rb:769:in `klass'
/Library/Ruby/Gems/2.3.0/gems/activerecord-5.2.3/lib/active_record/reflection.rb:790:in `source_reflection'
/Library/Ruby/Gems/2.3.0/gems/activerecord-5.2.3/lib/active_record/reflection.rb:991:in `derive_class_name'
/Library/Ruby/Gems/2.3.0/gems/activerecord-5.2.3/lib/active_record/reflection.rb:162:in `class_name'
/Library/Ruby/Gems/2.3.0/gems/activerecord-5.2.3/lib/active_record/reflection.rb:769:in `klass'
/Library/Ruby/Gems/2.3.0/gems/activerecord-5.2.3/lib/active_record/reflection.rb:790:in `source_reflection'
/Library/Ruby/Gems/2.3.0/gems/activerecord-5.2.3/lib/active_record/reflection.rb:991:in `derive_class_name'
/Library/Ruby/Gems/2.3.0/gems/activerecord-5.2.3/lib/active_record/reflection.rb:162:in `class_name'
/Library/Ruby/Gems/2.3.0/gems/activerecord-5.2.3/lib/active_record/reflection.rb:769:in `klass'
/Library/Ruby/Gems/2.3.0/gems/activerecord-5.2.3/lib/active_record/reflection.rb:790:in `source_reflection'
/Library/Ruby/Gems/2.3.0/gems/activerecord-5.2.3/lib/active_record/reflection.rb:991:in `derive_class_name'
/Library/Ruby/Gems/2.3.0/gems/activerecord-5.2.3/lib/active_record/reflection.rb:162:in `class_name'
/Library/Ruby/Gems/2.3.0/gems/activerecord-5.2.3/lib/active_record/reflection.rb:769:in `klass'
/Library/Ruby/Gems/2.3.0/gems/activerecord-5.2.3/lib/active_record/reflection.rb:790:in `source_reflection'
/Library/Ruby/Gems/2.3.0/gems/activerecord-5.2.3/lib/active_record/reflection.rb:991:in `derive_class_name'
/Library/Ruby/Gems/2.3.0/gems/activerecord-5.2.3/lib/active_record/reflection.rb:162:in `class_name'
/Library/Ruby/Gems/2.3.0/gems/activerecord-5.2.3/lib/active_record/reflection.rb:769:in `klass'
/Library/Ruby/Gems/2.3.0/gems/activerecord-5.2.3/lib/active_record/reflection.rb:790:in `source_reflection'
/Library/Ruby/Gems/2.3.0/gems/activerecord-5.2.3/lib/active_record/reflection.rb:991:in `derive_class_name'
/Library/Ruby/Gems/2.3.0/gems/activerecord-5.2.3/lib/active_record/reflection.rb:162:in `class_name'
/Library/Ruby/Gems/2.3.0/gems/activerecord-5.2.3/lib/active_record/reflection.rb:769:in `klass'
/Library/Ruby/Gems/2.3.0/gems/activerecord-5.2.3/lib/active_record/reflection.rb:790:in `source_reflection'
/Library/Ruby/Gems/2.3.0/gems/activerecord-5.2.3/lib/active_record/reflection.rb:991:in `derive_class_name'
/Library/Ruby/Gems/2.3.0/gems/activerecord-5.2.3/lib/active_record/reflection.rb:162:in `class_name'
/Library/Ruby/Gems/2.3.0/gems/activerecord-5.2.3/lib/active_record/reflection.rb:769:in `klass'
/Library/Ruby/Gems/2.3.0/gems/activerecord-5.2.3/lib/active_record/reflection.rb:790:in `source_reflection'
/Library/Ruby/Gems/2.3.0/gems/activerecord-5.2.3/lib/active_record/reflection.rb:991:in `derive_class_name'
/Library/Ruby/Gems/2.3.0/gems/activerecord-5.2.3/lib/active_record/reflection.rb:162:in `class_name'
/Library/Ruby/Gems/2.3.0/gems/activerecord-5.2.3/lib/active_record/reflection.rb:769:in `klass'
/Library/Ruby/Gems/2.3.0/gems/activerecord-5.2.3/lib/active_record/reflection.rb:790:in `source_reflection'
/Library/Ruby/Gems/2.3.0/gems/activerecord-5.2.3/lib/active_record/reflection.rb:991:in `derive_class_name'
/Library/Ruby/Gems/2.3.0/gems/activerecord-5.2.3/lib/active_record/reflection.rb:162:in `class_name'
/Library/Ruby/Gems/2.3.0/gems/activerecord-5.2.3/lib/active_record/reflection.rb:769:in `klass'
/Library/Ruby/Gems/2.3.0/gems/activerecord-5.2.3/lib/active_record/reflection.rb:790:in `source_reflection'
/Library/Ruby/Gems/2.3.0/gems/activerecord-5.2.3/lib/active_record/reflection.rb:991:in `derive_class_name'
/Library/Ruby/Gems/2.3.0/gems/activerecord-5.2.3/lib/active_record/reflection.rb:162:in `class_name'
/Library/Ruby/Gems/2.3.0/gems/activerecord-5.2.3/lib/active_record/reflection.rb:769:in `klass'
/Library/Ruby/Gems/2.3.0/gems/activerecord-5.2.3/lib/active_record/reflection.rb:790:in `source_reflection'
/Library/Ruby/Gems/2.3.0/gems/activerecord-5.2.3/lib/active_record/reflection.rb:991:in `derive_class_name'
/Library/Ruby/Gems/2.3.0/gems/activerecord-5.2.3/lib/active_record/reflection.rb:162:in `class_name'
/Library/Ruby/Gems/2.3.0/gems/activerecord-5.2.3/lib/active_record/reflection.rb:769:in `klass'
/Library/Ruby/Gems/2.3.0/gems/activerecord-5.2.3/lib/active_record/reflection.rb:790:in `source_reflection'
/Library/Ruby/Gems/2.3.0/gems/activerecord-5.2.3/lib/active_record/reflection.rb:991:in `derive_class_name'
/Library/Ruby/Gems/2.3.0/gems/activerecord-5.2.3/lib/active_record/reflection.rb:162:in `class_name'
/Library/Ruby/Gems/2.3.0/gems/activerecord-5.2.3/lib/active_record/reflection.rb:769:in `klass'
/Library/Ruby/Gems/2.3.0/gems/activerecord-5.2.3/lib/active_record/reflection.rb:790:in `source_reflection'
/Library/Ruby/Gems/2.3.0/gems/activerecord-5.2.3/lib/active_record/reflection.rb:991:in `derive_class_name'
/Library/Ruby/Gems/2.3.0/gems/activerecord-5.2.3/lib/active_record/reflection.rb:162:in `class_name'
/Library/Ruby/Gems/2.3.0/gems/activerecord-5.2.3/lib/active_record/reflection.rb:769:in `klass'
/Library/Ruby/Gems/2.3.0/gems/activerecord-5.2.3/lib/active_record/reflection.rb:790:in `source_reflection'
/Library/Ruby/Gems/2.3.0/gems/activerecord-5.2.3/lib/active_record/reflection.rb:991:in `derive_class_name'
/Library/Ruby/Gems/2.3.0/gems/activerecord-5.2.3/lib/active_record/reflection.rb:162:in `class_name'
/Library/Ruby/Gems/2.3.0/gems/activerecord-5.2.3/lib/active_record/reflection.rb:769:in `klass'
/Library/Ruby/Gems/2.3.0/gems/activerecord-5.2.3/lib/active_record/reflection.rb:790:in `source_reflection'
/Library/Ruby/Gems/2.3.0/gems/activerecord-5.2.3/lib/active_record/reflection.rb:991:in `derive_class_name'
/Library/Ruby/Gems/2.3.0/gems/activerecord-5.2.3/lib/active_record/reflection.rb:162:in `class_name'
/Library/Ruby/Gems/2.3.0/gems/activerecord-5.2.3/lib/active_record/reflection.rb:769:in `klass'
/Library/Ruby/Gems/2.3.0/gems/activerecord-5.2.3/lib/active_record/reflection.rb:790:in `source_reflection'
/Library/Ruby/Gems/2.3.0/gems/activerecord-5.2.3/lib/active_record/reflection.rb:991:in `derive_class_name'
/Library/Ruby/Gems/2.3.0/gems/activerecord-5.2.3/lib/active_record/reflection.rb:162:in `class_name'
/Library/Ruby/Gems/2.3.0/gems/activerecord-5.2.3/lib/active_record/reflection.rb:769:in `klass'
/Library/Ruby/Gems/2.3.0/gems/activerecord-5.2.3/lib/active_record/reflection.rb:790:in `source_reflection'
/Library/Ruby/Gems/2.3.0/gems/activerecord-5.2.3/lib/active_record/reflection.rb:991:in `derive_class_name'
/Library/Ruby/Gems/2.3.0/gems/activerecord-5.2.3/lib/active_record/reflection.rb:162:in `class_name'
/Library/Ruby/Gems/2.3.0/gems/activerecord-5.2.3/lib/active_record/reflection.rb:769:in `klass'
/Library/Ruby/Gems/2.3.0/gems/activerecord-5.2.3/lib/active_record/reflection.rb:790:in `source_reflection'
/Library/Ruby/Gems/2.3.0/gems/activerecord-5.2.3/lib/active_record/reflection.rb:991:in `derive_class_name'
/Library/Ruby/Gems/2.3.0/gems/activerecord-5.2.3/lib/active_record/reflection.rb:162:in `class_name'
/Library/Ruby/Gems/2.3.0/gems/activerecord-5.2.3/lib/active_record/reflection.rb:769:in `klass'
/Library/Ruby/Gems/2.3.0/gems/activerecord-5.2.3/lib/active_record/reflection.rb:790:in `source_reflection'
/Library/Ruby/Gems/2.3.0/gems/activerecord-5.2.3/lib/active_record/reflection.rb:991:in `derive_class_name'
/Library/Ruby/Gems/2.3.0/gems/activerecord-5.2.3/lib/active_record/reflection.rb:162:in `class_name'
/Library/Ruby/Gems/2.3.0/gems/activerecord-5.2.3/lib/active_record/reflection.rb:769:in `klass'
/Library/Ruby/Gems/2.3.0/gems/activerecord-5.2.3/lib/active_record/reflection.rb:790:in `source_reflection'
/Library/Ruby/Gems/2.3.0/gems/activerecord-5.2.3/lib/active_record/reflection.rb:991:in `derive_class_name'
/Library/Ruby/Gems/2.3.0/gems/activerecord-5.2.3/lib/active_record/reflection.rb:162:in `class_name'
/Library/Ruby/Gems/2.3.0/gems/activerecord-5.2.3/lib/active_record/reflection.rb:769:in `klass'
/Library/Ruby/Gems/2.3.0/gems/activerecord-5.2.3/lib/active_record/reflection.rb:790:in `source_reflection'
/Library/Ruby/Gems/2.3.0/gems/activerecord-5.2.3/lib/active_record/reflection.rb:991:in `derive_class_name'
/Library/Ruby/Gems/2.3.0/gems/activerecord-5.2.3/lib/active_record/reflection.rb:162:in `class_name'
/Library/Ruby/Gems/2.3.0/gems/activerecord-5.2.3/lib/active_record/reflection.rb:769:in `klass'
/Library/Ruby/Gems/2.3.0/gems/activerecord-5.2.3/lib/active_record/reflection.rb:790:in `source_reflection'
/Library/Ruby/Gems/2.3.0/gems/activerecord-5.2.3/lib/active_record/reflection.rb:991:in `derive_class_name'
/Library/Ruby/Gems/2.3.0/gems/activerecord-5.2.3/lib/active_record/reflection.rb:162:in `class_name'
/Library/Ruby/Gems/2.3.0/gems/activerecord-5.2.3/lib/active_record/reflection.rb:769:in `klass'
/Library/Ruby/Gems/2.3.0/gems/activerecord-5.2.3/lib/active_record/reflection.rb:790:in `source_reflection'
/Library/Ruby/Gems/2.3.0/gems/activerecord-5.2.3/lib/active_record/reflection.rb:991:in `derive_class_name'
/Library/Ruby/Gems/2.3.0/gems/activerecord-5.2.3/lib/active_record/reflection.rb:162:in `class_name'
/Library/Ruby/Gems/2.3.0/gems/activerecord-5.2.3/lib/active_record/reflection.rb:769:in `klass'
/Library/Ruby/Gems/2.3.0/gems/activerecord-5.2.3/lib/active_record/reflection.rb:790:in `source_reflection'
/Library/Ruby/Gems/2.3.0/gems/activerecord-5.2.3/lib/active_record/reflection.rb:991:in `derive_class_name'
/Library/Ruby/Gems/2.3.0/gems/activerecord-5.2.3/lib/active_record/reflection.rb:162:in `class_name'
/Library/Ruby/Gems/2.3.0/gems/activerecord-5.2.3/lib/active_record/reflection.rb:769:in `klass'
/Library/Ruby/Gems/2.3.0/gems/activerecord-5.2.3/lib/active_record/reflection.rb:790:in `source_reflection'
/Library/Ruby/Gems/2.3.0/gems/activerecord-5.2.3/lib/active_record/reflection.rb:991:in `derive_class_name'
/Library/Ruby/Gems/2.3.0/gems/activerecord-5.2.3/lib/active_record/reflection.rb:162:in `class_name'
/Library/Ruby/Gems/2.3.0/gems/activerecord-5.2.3/lib/active_record/reflection.rb:769:in `klass'
/Library/Ruby/Gems/2.3.0/gems/activerecord-5.2.3/lib/active_record/reflection.rb:790:in `source_reflection'
/Library/Ruby/Gems/2.3.0/gems/activerecord-5.2.3/lib/active_record/reflection.rb:991:in `derive_class_name'
/Library/Ruby/Gems/2.3.0/gems/activerecord-5.2.3/lib/active_record/reflection.rb:162:in `class_name'
/Library/Ruby/Gems/2.3.0/gems/activerecord-5.2.3/lib/active_record/reflection.rb:769:in `klass'
/Library/Ruby/Gems/2.3.0/gems/activerecord-5.2.3/lib/active_record/reflection.rb:790:in `source_reflection'
/Library/Ruby/Gems/2.3.0/gems/activerecord-5.2.3/lib/active_record/reflection.rb:991:in `derive_class_name'
/Library/Ruby/Gems/2.3.0/gems/activerecord-5.2.3/lib/active_record/reflection.rb:162:in `class_name'
/Library/Ruby/Gems/2.3.0/gems/activerecord-5.2.3/lib/active_record/reflection.rb:769:in `klass'
/Library/Ruby/Gems/2.3.0/gems/activerecord-5.2.3/lib/active_record/reflection.rb:790:in `source_reflection'
/Library/Ruby/Gems/2.3.0/gems/activerecord-5.2.3/lib/active_record/reflection.rb:991:in `derive_class_name'
/Library/Ruby/Gems/2.3.0/gems/activerecord-5.2.3/lib/active_record/reflection.rb:162:in `class_name'
/Library/Ruby/Gems/2.3.0/gems/activerecord-5.2.3/lib/active_record/reflection.rb:769:in `klass'
/Library/Ruby/Gems/2.3.0/gems/activerecord-5.2.3/lib/active_record/reflection.rb:790:in `source_reflection'
/Library/Ruby/Gems/2.3.0/gems/activerecord-5.2.3/lib/active_record/reflection.rb:991:in `derive_class_name'
/Library/Ruby/Gems/2.3.0/gems/activerecord-5.2.3/lib/active_record/reflection.rb:162:in `class_name'
/Library/Ruby/Gems/2.3.0/gems/activerecord-5.2.3/lib/active_record/reflection.rb:769:in `klass'
/Library/Ruby/Gems/2.3.0/gems/activerecord-5.2.3/lib/active_record/reflection.rb:790:in `source_reflection'
/Library/Ruby/Gems/2.3.0/gems/activerecord-5.2.3/lib/active_record/reflection.rb:991:in `derive_class_name'
/Library/Ruby/Gems/2.3.0/gems/activerecord-5.2.3/lib/active_record/reflection.rb:162:in `class_name'
/Library/Ruby/Gems/2.3.0/gems/activerecord-5.2.3/lib/active_record/reflection.rb:769:in `klass'
/Library/Ruby/Gems/2.3.0/gems/activerecord-5.2.3/lib/active_record/reflection.rb:790:in `source_reflection'
/Library/Ruby/Gems/2.3.0/gems/activerecord-5.2.3/lib/active_record/reflection.rb:991:in `derive_class_name'
/Library/Ruby/Gems/2.3.0/gems/activerecord-5.2.3/lib/active_record/reflection.rb:162:in `class_name'
/Library/Ruby/Gems/2.3.0/gems/activerecord-5.2.3/lib/active_record/reflection.rb:769:in `klass'
/Library/Ruby/Gems/2.3.0/gems/activerecord-5.2.3/lib/active_record/reflection.rb:790:in `source_reflection'
/Library/Ruby/Gems/2.3.0/gems/activerecord-5.2.3/lib/active_record/reflection.rb:991:in `derive_class_name'
/Library/Ruby/Gems/2.3.0/gems/activerecord-5.2.3/lib/active_record/reflection.rb:162:in `class_name'
/Library/Ruby/Gems/2.3.0/gems/activerecord-5.2.3/lib/active_record/reflection.rb:769:in `klass'
/Library/Ruby/Gems/2.3.0/gems/activerecord-5.2.3/lib/active_record/reflection.rb:790:in `source_reflection'
/Library/Ruby/Gems/2.3.0/gems/activerecord-5.2.3/lib/active_record/reflection.rb:991:in `derive_class_name'
/Library/Ruby/Gems/2.3.0/gems/activerecord-5.2.3/lib/active_record/reflection.rb:162:in `class_name'
/Library/Ruby/Gems/2.3.0/gems/activerecord-5.2.3/lib/active_record/reflection.rb:769:in `klass'
/Library/Ruby/Gems/2.3.0/gems/activerecord-5.2.3/lib/active_record/reflection.rb:790:in `source_reflection'
/Library/Ruby/Gems/2.3.0/gems/activerecord-5.2.3/lib/active_record/reflection.rb:991:in `derive_class_name'
/Library/Ruby/Gems/2.3.0/gems/activerecord-5.2.3/lib/active_record/reflection.rb:162:in `class_name'
/Library/Ruby/Gems/2.3.0/gems/activerecord-5.2.3/lib/active_record/reflection.rb:769:in `klass'
/Library/Ruby/Gems/2.3.0/gems/activerecord-5.2.3/lib/active_record/reflection.rb:790:in `source_reflection'
/Library/Ruby/Gems/2.3.0/gems/activerecord-5.2.3/lib/active_record/reflection.rb:991:in `derive_class_name'
/Library/Ruby/Gems/2.3.0/gems/activerecord-5.2.3/lib/active_record/reflection.rb:162:in `class_name'
/Library/Ruby/Gems/2.3.0/gems/activerecord-5.2.3/lib/active_record/reflection.rb:769:in `klass'
/Library/Ruby/Gems/2.3.0/gems/activerecord-5.2.3/lib/active_record/reflection.rb:790:in `source_reflection'
/Library/Ruby/Gems/2.3.0/gems/activerecord-5.2.3/lib/active_record/reflection.rb:991:in `derive_class_name'
/Library/Ruby/Gems/2.3.0/gems/activerecord-5.2.3/lib/active_record/reflection.rb:162:in `class_name'
/Library/Ruby/Gems/2.3.0/gems/activerecord-5.2.3/lib/active_record/reflection.rb:769:in `klass'
/Library/Ruby/Gems/2.3.0/gems/activerecord-5.2.3/lib/active_record/reflection.rb:790:in `source_reflection'
/Library/Ruby/Gems/2.3.0/gems/activerecord-5.2.3/lib/active_record/reflection.rb:991:in `derive_class_name'
/Library/Ruby/Gems/2.3.0/gems/activerecord-5.2.3/lib/active_record/reflection.rb:162:in `class_name'
/Library/Ruby/Gems/2.3.0/gems/activerecord-5.2.3/lib/active_record/reflection.rb:769:in `klass'
/Library/Ruby/Gems/2.3.0/gems/activerecord-5.2.3/lib/active_record/reflection.rb:790:in `source_reflection'
/Library/Ruby/Gems/2.3.0/gems/activerecord-5.2.3/lib/active_record/reflection.rb:991:in `derive_class_name'
/Library/Ruby/Gems/2.3.0/gems/activerecord-5.2.3/lib/active_record/reflection.rb:162:in `class_name'
/Library/Ruby/Gems/2.3.0/gems/activerecord-5.2.3/lib/active_record/reflection.rb:769:in `klass'
/Library/Ruby/Gems/2.3.0/gems/activerecord-5.2.3/lib/active_record/reflection.rb:790:in `source_reflection'
/Library/Ruby/Gems/2.3.0/gems/activerecord-5.2.3/lib/active_record/reflection.rb:991:in `derive_class_name'
/Library/Ruby/Gems/2.3.0/gems/activerecord-5.2.3/lib/active_record/reflection.rb:162:in `class_name'
/Library/Ruby/Gems/2.3.0/gems/activerecord-5.2.3/lib/active_record/reflection.rb:769:in `klass'
/Library/Ruby/Gems/2.3.0/gems/activerecord-5.2.3/lib/active_record/reflection.rb:790:in `source_reflection'
/Library/Ruby/Gems/2.3.0/gems/activerecord-5.2.3/lib/active_record/reflection.rb:991:in `derive_class_name'
/Library/Ruby/Gems/2.3.0/gems/activerecord-5.2.3/lib/active_record/reflection.rb:162:in `class_name'
/Library/Ruby/Gems/2.3.0/gems/activerecord-5.2.3/lib/active_record/reflection.rb:769:in `klass'
/Library/Ruby/Gems/2.3.0/gems/activerecord-5.2.3/lib/active_record/reflection.rb:790:in `source_reflection'
/Library/Ruby/Gems/2.3.0/gems/activerecord-5.2.3/lib/active_record/reflection.rb:991:in `derive_class_name'
/Library/Ruby/Gems/2.3.0/gems/activerecord-5.2.3/lib/active_record/reflection.rb:162:in `class_name'
/Library/Ruby/Gems/2.3.0/gems/activerecord-5.2.3/lib/active_record/reflection.rb:769:in `klass'
/Library/Ruby/Gems/2.3.0/gems/activerecord-5.2.3/lib/active_record/reflection.rb:790:in `source_reflection'
/Library/Ruby/Gems/2.3.0/gems/activerecord-5.2.3/lib/active_record/reflection.rb:991:in `derive_class_name'
/Library/Ruby/Gems/2.3.0/gems/activerecord-5.2.3/lib/active_record/reflection.rb:162:in `class_name'
/Library/Ruby/Gems/2.3.0/gems/activerecord-5.2.3/lib/active_record/reflection.rb:769:in `klass'
/Library/Ruby/Gems/2.3.0/gems/activerecord-5.2.3/lib/active_record/reflection.rb:790:in `source_reflection'
/Library/Ruby/Gems/2.3.0/gems/activerecord-5.2.3/lib/active_record/reflection.rb:991:in `derive_class_name'
/Library/Ruby/Gems/2.3.0/gems/activerecord-5.2.3/lib/active_record/reflection.rb:162:in `class_name'
/Library/Ruby/Gems/2.3.0/gems/activerecord-5.2.3/lib/active_record/reflection.rb:769:in `klass'
/Library/Ruby/Gems/2.3.0/gems/activerecord-5.2.3/lib/active_record/reflection.rb:790:in `source_reflection'
/Library/Ruby/Gems/2.3.0/gems/activerecord-5.2.3/lib/active_record/reflection.rb:991:in `derive_class_name'
/Library/Ruby/Gems/2.3.0/gems/activerecord-5.2.3/lib/active_record/reflection.rb:162:in `class_name'
/Library/Ruby/Gems/2.3.0/gems/activerecord-5.2.3/lib/active_record/reflection.rb:769:in `klass'
/Library/Ruby/Gems/2.3.0/gems/activerecord-5.2.3/lib/active_record/reflection.rb:790:in `source_reflection'
/Library/Ruby/Gems/2.3.0/gems/activerecord-5.2.3/lib/active_record/reflection.rb:991:in `derive_class_name'
/Library/Ruby/Gems/2.3.0/gems/activerecord-5.2.3/lib/active_record/reflection.rb:162:in `class_name'
/Library/Ruby/Gems/2.3.0/gems/activerecord-5.2.3/lib/active_record/reflection.rb:769:in `klass'
/Library/Ruby/Gems/2.3.0/gems/activerecord-5.2.3/lib/active_record/reflection.rb:790:in `source_reflection'
/Library/Ruby/Gems/2.3.0/gems/activerecord-5.2.3/lib/active_record/reflection.rb:991:in `derive_class_name'
/Library/Ruby/Gems/2.3.0/gems/activerecord-5.2.3/lib/active_record/reflection.rb:162:in `class_name'
/Library/Ruby/Gems/2.3.0/gems/activerecord-5.2.3/lib/active_record/reflection.rb:769:in `klass'
/Library/Ruby/Gems/2.3.0/gems/activerecord-5.2.3/lib/active_record/reflection.rb:790:in `source_reflection'
/Library/Ruby/Gems/2.3.0/gems/activerecord-5.2.3/lib/active_record/reflection.rb:991:in `derive_class_name'
/Library/Ruby/Gems/2.3.0/gems/activerecord-5.2.3/lib/active_record/reflection.rb:162:in `class_name'
/Library/Ruby/Gems/2.3.0/gems/activerecord-5.2.3/lib/active_record/reflection.rb:769:in `klass'
/Library/Ruby/Gems/2.3.0/gems/activerecord-5.2.3/lib/active_record/reflection.rb:790:in `source_reflection'
/Library/Ruby/Gems/2.3.0/gems/activerecord-5.2.3/lib/active_record/reflection.rb:991:in `derive_class_name'
/Library/Ruby/Gems/2.3.0/gems/activerecord-5.2.3/lib/active_record/reflection.rb:162:in `class_name'
/Library/Ruby/Gems/2.3.0/gems/activerecord-5.2.3/lib/active_record/reflection.rb:769:in `klass'
/Library/Ruby/Gems/2.3.0/gems/activerecord-5.2.3/lib/active_record/reflection.rb:790:in `source_reflection'
/Library/Ruby/Gems/2.3.0/gems/activerecord-5.2.3/lib/active_record/reflection.rb:991:in `derive_class_name'
/Library/Ruby/Gems/2.3.0/gems/activerecord-5.2.3/lib/active_record/reflection.rb:162:in `class_name'
/Library/Ruby/Gems/2.3.0/gems/activerecord-5.2.3/lib/active_record/reflection.rb:769:in `klass'
/Library/Ruby/Gems/2.3.0/gems/activerecord-5.2.3/lib/active_record/reflection.rb:790:in `source_reflection'
/Library/Ruby/Gems/2.3.0/gems/activerecord-5.2.3/lib/active_record/reflection.rb:991:in `derive_class_name'
/Library/Ruby/Gems/2.3.0/gems/activerecord-5.2.3/lib/active_record/reflection.rb:162:in `class_name'
/Library/Ruby/Gems/2.3.0/gems/activerecord-5.2.3/lib/active_record/reflection.rb:769:in `klass'
/Library/Ruby/Gems/2.3.0/gems/activerecord-5.2.3/lib/active_record/reflection.rb:790:in `source_reflection'
/Library/Ruby/Gems/2.3.0/gems/activerecord-5.2.3/lib/active_record/reflection.rb:991:in `derive_class_name'
/Library/Ruby/Gems/2.3.0/gems/activerecord-5.2.3/lib/active_record/reflection.rb:162:in `class_name'
/Library/Ruby/Gems/2.3.0/gems/activerecord-5.2.3/lib/active_record/reflection.rb:769:in `klass'
/Library/Ruby/Gems/2.3.0/gems/activerecord-5.2.3/lib/active_record/reflection.rb:790:in `source_reflection'
/Library/Ruby/Gems/2.3.0/gems/activerecord-5.2.3/lib/active_record/reflection.rb:991:in `derive_class_name'
/Library/Ruby/Gems/2.3.0/gems/activerecord-5.2.3/lib/active_record/reflection.rb:162:in `class_name'
/Library/Ruby/Gems/2.3.0/gems/activerecord-5.2.3/lib/active_record/reflection.rb:769:in `klass'
/Library/Ruby/Gems/2.3.0/gems/activerecord-5.2.3/lib/active_record/reflection.rb:790:in `source_reflection'
/Library/Ruby/Gems/2.3.0/gems/activerecord-5.2.3/lib/active_record/reflection.rb:991:in `derive_class_name'
/Library/Ruby/Gems/2.3.0/gems/activerecord-5.2.3/lib/active_record/reflection.rb:162:in `class_name'
/Library/Ruby/Gems/2.3.0/gems/activerecord-5.2.3/lib/active_record/reflection.rb:769:in `klass'
/Library/Ruby/Gems/2.3.0/gems/activerecord-5.2.3/lib/active_record/reflection.rb:790:in `source_reflection'
/Library/Ruby/Gems/2.3.0/gems/activerecord-5.2.3/lib/active_record/reflection.rb:991:in `derive_class_name'
/Library/Ruby/Gems/2.3.0/gems/activerecord-5.2.3/lib/active_record/reflection.rb:162:in `class_name'
/Library/Ruby/Gems/2.3.0/gems/activerecord-5.2.3/lib/active_record/reflection.rb:769:in `klass'
/Library/Ruby/Gems/2.3.0/gems/activerecord-5.2.3/lib/active_record/reflection.rb:790:in `source_reflection'
/Library/Ruby/Gems/2.3.0/gems/activerecord-5.2.3/lib/active_record/reflection.rb:991:in `derive_class_name'
/Library/Ruby/Gems/2.3.0/gems/activerecord-5.2.3/lib/active_record/reflection.rb:162:in `class_name'
/Library/Ruby/Gems/2.3.0/gems/activerecord-5.2.3/lib/active_record/reflection.rb:769:in `klass'
/Library/Ruby/Gems/2.3.0/gems/activerecord-5.2.3/lib/active_record/reflection.rb:790:in `source_reflection'
/Library/Ruby/Gems/2.3.0/gems/activerecord-5.2.3/lib/active_record/reflection.rb:991:in `derive_class_name'
/Library/Ruby/Gems/2.3.0/gems/activerecord-5.2.3/lib/active_record/reflection.rb:162:in `class_name'
/Library/Ruby/Gems/2.3.0/gems/activerecord-5.2.3/lib/active_record/reflection.rb:769:in `klass'
/Library/Ruby/Gems/2.3.0/gems/activerecord-5.2.3/lib/active_record/reflection.rb:790:in `source_reflection'
/Library/Ruby/Gems/2.3.0/gems/activerecord-5.2.3/lib/active_record/reflection.rb:991:in `derive_class_name'
/Library/Ruby/Gems/2.3.0/gems/activerecord-5.2.3/lib/active_record/reflection.rb:162:in `class_name'
/Library/Ruby/Gems/2.3.0/gems/activerecord-5.2.3/lib/active_record/reflection.rb:769:in `klass'
/Library/Ruby/Gems/2.3.0/gems/activerecord-5.2.3/lib/active_record/reflection.rb:790:in `source_reflection'
/Library/Ruby/Gems/2.3.0/gems/activerecord-5.2.3/lib/active_record/reflection.rb:991:in `derive_class_name'
/Library/Ruby/Gems/2.3.0/gems/activerecord-5.2.3/lib/active_record/reflection.rb:162:in `class_name'
/Library/Ruby/Gems/2.3.0/gems/activerecord-5.2.3/lib/active_record/reflection.rb:769:in `klass'
/Library/Ruby/Gems/2.3.0/gems/activerecord-5.2.3/lib/active_record/reflection.rb:790:in `source_reflection'
/Library/Ruby/Gems/2.3.0/gems/activerecord-5.2.3/lib/active_record/reflection.rb:991:in `derive_class_name'
/Library/Ruby/Gems/2.3.0/gems/activerecord-5.2.3/lib/active_record/reflection.rb:162:in `class_name'
/Library/Ruby/Gems/2.3.0/gems/activerecord-5.2.3/lib/active_record/reflection.rb:769:in `klass'
/Library/Ruby/Gems/2.3.0/gems/activerecord-5.2.3/lib/active_record/reflection.rb:790:in `source_reflection'
/Library/Ruby/Gems/2.3.0/gems/activerecord-5.2.3/lib/active_record/reflection.rb:991:in `derive_class_name'
/Library/Ruby/Gems/2.3.0/gems/activerecord-5.2.3/lib/active_record/reflection.rb:162:in `class_name'
/Library/Ruby/Gems/2.3.0/gems/activerecord-5.2.3/lib/active_record/reflection.rb:769:in `klass'
/Library/Ruby/Gems/2.3.0/gems/activerecord-5.2.3/lib/active_record/reflection.rb:790:in `source_reflection'
/Library/Ruby/Gems/2.3.0/gems/activerecord-5.2.3/lib/active_record/reflection.rb:991:in `derive_class_name'
/Library/Ruby/Gems/2.3.0/gems/activerecord-5.2.3/lib/active_record/reflection.rb:162:in `class_name'
/Library/Ruby/Gems/2.3.0/gems/activerecord-5.2.3/lib/active_record/reflection.rb:769:in `klass'
/Library/Ruby/Gems/2.3.0/gems/activerecord-5.2.3/lib/active_record/reflection.rb:790:in `source_reflection'
/Library/Ruby/Gems/2.3.0/gems/activerecord-5.2.3/lib/active_record/reflection.rb:991:in `derive_class_name'
/Library/Ruby/Gems/2.3.0/gems/activerecord-5.2.3/lib/active_record/reflection.rb:162:in `class_name'
/Library/Ruby/Gems/2.3.0/gems/activerecord-5.2.3/lib/active_record/reflection.rb:769:in `klass'
/Library/Ruby/Gems/2.3.0/gems/activerecord-5.2.3/lib/active_record/reflection.rb:790:in `source_reflection'
/Library/Ruby/Gems/2.3.0/gems/activerecord-5.2.3/lib/active_record/reflection.rb:991:in `derive_class_name'
/Library/Ruby/Gems/2.3.0/gems/activerecord-5.2.3/lib/active_record/reflection.rb:162:in `class_name'
/Library/Ruby/Gems/2.3.0/gems/activerecord-5.2.3/lib/active_record/reflection.rb:769:in `klass'
/Library/Ruby/Gems/2.3.0/gems/activerecord-5.2.3/lib/active_record/reflection.rb:790:in `source_reflection'
/Library/Ruby/Gems/2.3.0/gems/activerecord-5.2.3/lib/active_record/reflection.rb:991:in `derive_class_name'
/Library/Ruby/Gems/2.3.0/gems/activerecord-5.2.3/lib/active_record/reflection.rb:162:in `class_name'
/Library/Ruby/Gems/2.3.0/gems/activerecord-5.2.3/lib/active_record/reflection.rb:769:in `klass'
/Library/Ruby/Gems/2.3.0/gems/activerecord-5.2.3/lib/active_record/reflection.rb:790:in `source_reflection'
/Library/Ruby/Gems/2.3.0/gems/activerecord-5.2.3/lib/active_record/reflection.rb:991:in `derive_class_name'
/Library/Ruby/Gems/2.3.0/gems/activerecord-5.2.3/lib/active_record/reflection.rb:162:in `class_name'
/Library/Ruby/Gems/2.3.0/gems/activerecord-5.2.3/lib/active_record/reflection.rb:769:in `klass'
/Library/Ruby/Gems/2.3.0/gems/activerecord-5.2.3/lib/active_record/reflection.rb:790:in `source_reflection'
/Library/Ruby/Gems/2.3.0/gems/activerecord-5.2.3/lib/active_record/reflection.rb:991:in `derive_class_name'
/Library/Ruby/Gems/2.3.0/gems/activerecord-5.2.3/lib/active_record/reflection.rb:162:in `class_name'
/Library/Ruby/Gems/2.3.0/gems/activerecord-5.2.3/lib/active_record/reflection.rb:769:in `klass'
/Library/Ruby/Gems/2.3.0/gems/activerecord-5.2.3/lib/active_record/reflection.rb:790:in `source_reflection'
/Library/Ruby/Gems/2.3.0/gems/activerecord-5.2.3/lib/active_record/reflection.rb:991:in `derive_class_name'
/Library/Ruby/Gems/2.3.0/gems/activerecord-5.2.3/lib/active_record/reflection.rb:162:in `class_name'
/Library/Ruby/Gems/2.3.0/gems/activerecord-5.2.3/lib/active_record/reflection.rb:769:in `klass'
/Library/Ruby/Gems/2.3.0/gems/activerecord-5.2.3/lib/active_record/reflection.rb:790:in `source_reflection'
/Library/Ruby/Gems/2.3.0/gems/activerecord-5.2.3/lib/active_record/reflection.rb:991:in `derive_class_name'
/Library/Ruby/Gems/2.3.0/gems/activerecord-5.2.3/lib/active_record/reflection.rb:162:in `class_name'
/Library/Ruby/Gems/2.3.0/gems/activerecord-5.2.3/lib/active_record/reflection.rb:769:in `klass'
/Library/Ruby/Gems/2.3.0/gems/activerecord-5.2.3/lib/active_record/reflection.rb:790:in `source_reflection'
/Library/Ruby/Gems/2.3.0/gems/activerecord-5.2.3/lib/active_record/reflection.rb:991:in `derive_class_name'
/Library/Ruby/Gems/2.3.0/gems/activerecord-5.2.3/lib/active_record/reflection.rb:162:in `class_name'
/Library/Ruby/Gems/2.3.0/gems/activerecord-5.2.3/lib/active_record/reflection.rb:769:in `klass'
/Library/Ruby/Gems/2.3.0/gems/activerecord-5.2.3/lib/active_record/reflection.rb:790:in `source_reflection'
/Library/Ruby/Gems/2.3.0/gems/activerecord-5.2.3/lib/active_record/reflection.rb:991:in `derive_class_name'
/Library/Ruby/Gems/2.3.0/gems/activerecord-5.2.3/lib/active_record/reflection.rb:162:in `class_name'
/Library/Ruby/Gems/2.3.0/gems/activerecord-5.2.3/lib/active_record/reflection.rb:769:in `klass'
/Library/Ruby/Gems/2.3.0/gems/activerecord-5.2.3/lib/active_record/reflection.rb:790:in `source_reflection'
/Library/Ruby/Gems/2.3.0/gems/activerecord-5.2.3/lib/active_record/reflection.rb:991:in `derive_class_name'
/Library/Ruby/Gems/2.3.0/gems/activerecord-5.2.3/lib/active_record/reflection.rb:162:in `class_name'
/Library/Ruby/Gems/2.3.0/gems/activerecord-5.2.3/lib/active_record/reflection.rb:769:in `klass'
/Library/Ruby/Gems/2.3.0/gems/activerecord-5.2.3/lib/active_record/reflection.rb:790:in `source_reflection'
/Library/Ruby/Gems/2.3.0/gems/activerecord-5.2.3/lib/active_record/reflection.rb:991:in `derive_class_name'
/Library/Ruby/Gems/2.3.0/gems/activerecord-5.2.3/lib/active_record/reflection.rb:162:in `class_name'
/Library/Ruby/Gems/2.3.0/gems/activerecord-5.2.3/lib/active_record/reflection.rb:769:in `klass'
/Library/Ruby/Gems/2.3.0/gems/activerecord-5.2.3/lib/active_record/reflection.rb:790:in `source_reflection'
/Library/Ruby/Gems/2.3.0/gems/activerecord-5.2.3/lib/active_record/reflection.rb:991:in `derive_class_name'
/Library/Ruby/Gems/2.3.0/gems/activerecord-5.2.3/lib/active_record/reflection.rb:162:in `class_name'
/Library/Ruby/Gems/2.3.0/gems/activerecord-5.2.3/lib/active_record/reflection.rb:769:in `klass'
/Library/Ruby/Gems/2.3.0/gems/activerecord-5.2.3/lib/active_record/reflection.rb:790:in `source_reflection'
/Library/Ruby/Gems/2.3.0/gems/activerecord-5.2.3/lib/active_record/reflection.rb:991:in `derive_class_name'
/Library/Ruby/Gems/2.3.0/gems/activerecord-5.2.3/lib/active_record/reflection.rb:162:in `class_name'
/Library/Ruby/Gems/2.3.0/gems/activerecord-5.2.3/lib/active_record/reflection.rb:769:in `klass'
/Library/Ruby/Gems/2.3.0/gems/activerecord-5.2.3/lib/active_record/reflection.rb:790:in `source_reflection'
/Library/Ruby/Gems/2.3.0/gems/activerecord-5.2.3/lib/active_record/reflection.rb:991:in `derive_class_name'
/Library/Ruby/Gems/2.3.0/gems/activerecord-5.2.3/lib/active_record/reflection.rb:162:in `class_name'
/Library/Ruby/Gems/2.3.0/gems/activerecord-5.2.3/lib/active_record/reflection.rb:769:in `klass'
/Library/Ruby/Gems/2.3.0/gems/activerecord-5.2.3/lib/active_record/reflection.rb:790:in `source_reflection'
/Library/Ruby/Gems/2.3.0/gems/activerecord-5.2.3/lib/active_record/reflection.rb:991:in `derive_class_name'
/Library/Ruby/Gems/2.3.0/gems/activerecord-5.2.3/lib/active_record/reflection.rb:162:in `class_name'
/Library/Ruby/Gems/2.3.0/gems/activerecord-5.2.3/lib/active_record/reflection.rb:769:in `klass'
/Library/Ruby/Gems/2.3.0/gems/activerecord-5.2.3/lib/active_record/reflection.rb:790:in `source_reflection'
/Library/Ruby/Gems/2.3.0/gems/activerecord-5.2.3/lib/active_record/reflection.rb:991:in `derive_class_name'
/Library/Ruby/Gems/2.3.0/gems/activerecord-5.2.3/lib/active_record/reflection.rb:162:in `class_name'
/Library/Ruby/Gems/2.3.0/gems/activerecord-5.2.3/lib/active_record/reflection.rb:769:in `klass'
/Library/Ruby/Gems/2.3.0/gems/activerecord-5.2.3/lib/active_record/reflection.rb:790:in `source_reflection'
/Library/Ruby/Gems/2.3.0/gems/activerecord-5.2.3/lib/active_record/reflection.rb:991:in `derive_class_name'
/Library/Ruby/Gems/2.3.0/gems/activerecord-5.2.3/lib/active_record/reflection.rb:162:in `class_name'
/Library/Ruby/Gems/2.3.0/gems/activerecord-5.2.3/lib/active_record/reflection.rb:769:in `klass'
/Library/Ruby/Gems/2.3.0/gems/activerecord-5.2.3/lib/active_record/reflection.rb:790:in `source_reflection'
/Library/Ruby/Gems/2.3.0/gems/activerecord-5.2.3/lib/active_record/reflection.rb:991:in `derive_class_name'
/Library/Ruby/Gems/2.3.0/gems/activerecord-5.2.3/lib/active_record/reflection.rb:162:in `class_name'
/Library/Ruby/Gems/2.3.0/gems/activerecord-5.2.3/lib/active_record/reflection.rb:769:in `klass'
/Library/Ruby/Gems/2.3.0/gems/activerecord-5.2.3/lib/active_record/reflection.rb:790:in `source_reflection'
/Library/Ruby/Gems/2.3.0/gems/activerecord-5.2.3/lib/active_record/reflection.rb:991:in `derive_class_name'
/Library/Ruby/Gems/2.3.0/gems/activerecord-5.2.3/lib/active_record/reflection.rb:162:in `class_name'
/Library/Ruby/Gems/2.3.0/gems/activerecord-5.2.3/lib/active_record/reflection.rb:769:in `klass'
/Library/Ruby/Gems/2.3.0/gems/activerecord-5.2.3/lib/active_record/reflection.rb:790:in `source_reflection'
/Library/Ruby/Gems/2.3.0/gems/activerecord-5.2.3/lib/active_record/reflection.rb:991:in `derive_class_name'
/Library/Ruby/Gems/2.3.0/gems/activerecord-5.2.3/lib/active_record/reflection.rb:162:in `class_name'
/Library/Ruby/Gems/2.3.0/gems/activerecord-5.2.3/lib/active_record/reflection.rb:769:in `klass'
/Library/Ruby/Gems/2.3.0/gems/activerecord-5.2.3/lib/active_record/reflection.rb:790:in `source_reflection'
/Library/Ruby/Gems/2.3.0/gems/activerecord-5.2.3/lib/active_record/reflection.rb:991:in `derive_class_name'
/Library/Ruby/Gems/2.3.0/gems/activerecord-5.2.3/lib/active_record/reflection.rb:162:in `class_name'
/Library/Ruby/Gems/2.3.0/gems/activerecord-5.2.3/lib/active_record/reflection.rb:769:in `klass'
/Library/Ruby/Gems/2.3.0/gems/activerecord-5.2.3/lib/active_record/reflection.rb:790:in `source_reflection'
/Library/Ruby/Gems/2.3.0/gems/activerecord-5.2.3/lib/active_record/reflection.rb:991:in `derive_class_name'
/Library/Ruby/Gems/2.3.0/gems/activerecord-5.2.3/lib/active_record/reflection.rb:162:in `class_name'
/Library/Ruby/Gems/2.3.0/gems/activerecord-5.2.3/lib/active_record/reflection.rb:769:in `klass'
/Library/Ruby/Gems/2.3.0/gems/activerecord-5.2.3/lib/active_record/reflection.rb:790:in `source_reflection'
/Library/Ruby/Gems/2.3.0/gems/activerecord-5.2.3/lib/active_record/reflection.rb:991:in `derive_class_name'
/Library/Ruby/Gems/2.3.0/gems/activerecord-5.2.3/lib/active_record/reflection.rb:162:in `class_name'
/Library/Ruby/Gems/2.3.0/gems/activerecord-5.2.3/lib/active_record/reflection.rb:769:in `klass'
/Library/Ruby/Gems/2.3.0/gems/activerecord-5.2.3/lib/active_record/reflection.rb:790:in `source_reflection'
/Library/Ruby/Gems/2.3.0/gems/activerecord-5.2.3/lib/active_record/reflection.rb:991:in `derive_class_name'
/Library/Ruby/Gems/2.3.0/gems/activerecord-5.2.3/lib/active_record/reflection.rb:162:in `class_name'
/Library/Ruby/Gems/2.3.0/gems/activerecord-5.2.3/lib/active_record/reflection.rb:769:in `klass'
/Library/Ruby/Gems/2.3.0/gems/activerecord-5.2.3/lib/active_record/reflection.rb:790:in `source_reflection'
/Library/Ruby/Gems/2.3.0/gems/activerecord-5.2.3/lib/active_record/reflection.rb:991:in `derive_class_name'
/Library/Ruby/Gems/2.3.0/gems/activerecord-5.2.3/lib/active_record/reflection.rb:162:in `class_name'
/Library/Ruby/Gems/2.3.0/gems/activerecord-5.2.3/lib/active_record/reflection.rb:769:in `klass'
/Library/Ruby/Gems/2.3.0/gems/activerecord-5.2.3/lib/active_record/reflection.rb:790:in `source_reflection'
/Library/Ruby/Gems/2.3.0/gems/activerecord-5.2.3/lib/active_record/reflection.rb:991:in `derive_class_name'
/Library/Ruby/Gems/2.3.0/gems/activerecord-5.2.3/lib/active_record/reflection.rb:162:in `class_name'
/Library/Ruby/Gems/2.3.0/gems/activerecord-5.2.3/lib/active_record/reflection.rb:769:in `klass'
/Library/Ruby/Gems/2.3.0/gems/activerecord-5.2.3/lib/active_record/reflection.rb:790:in `source_reflection'
/Library/Ruby/Gems/2.3.0/gems/activerecord-5.2.3/lib/active_record/reflection.rb:991:in `derive_class_name'
/Library/Ruby/Gems/2.3.0/gems/activerecord-5.2.3/lib/active_record/reflection.rb:162:in `class_name'
/Library/Ruby/Gems/2.3.0/gems/activerecord-5.2.3/lib/active_record/reflection.rb:769:in `klass'
/Library/Ruby/Gems/2.3.0/gems/activerecord-5.2.3/lib/active_record/reflection.rb:790:in `source_reflection'
/Library/Ruby/Gems/2.3.0/gems/activerecord-5.2.3/lib/active_record/reflection.rb:991:in `derive_class_name'
/Library/Ruby/Gems/2.3.0/gems/activerecord-5.2.3/lib/active_record/reflection.rb:162:in `class_name'
/Library/Ruby/Gems/2.3.0/gems/activerecord-5.2.3/lib/active_record/reflection.rb:769:in `klass'
/Library/Ruby/Gems/2.3.0/gems/activerecord-5.2.3/lib/active_record/reflection.rb:790:in `source_reflection'
/Library/Ruby/Gems/2.3.0/gems/activerecord-5.2.3/lib/active_record/reflection.rb:991:in `derive_class_name'
/Library/Ruby/Gems/2.3.0/gems/activerecord-5.2.3/lib/active_record/reflection.rb:162:in `class_name'
/Library/Ruby/Gems/2.3.0/gems/activerecord-5.2.3/lib/active_record/reflection.rb:769:in `klass'
/Library/Ruby/Gems/2.3.0/gems/activerecord-5.2.3/lib/active_record/reflection.rb:790:in `source_reflection'
/Library/Ruby/Gems/2.3.0/gems/activerecord-5.2.3/lib/active_record/reflection.rb:991:in `derive_class_name'
/Library/Ruby/Gems/2.3.0/gems/activerecord-5.2.3/lib/active_record/reflection.rb:162:in `class_name'
/Library/Ruby/Gems/2.3.0/gems/activerecord-5.2.3/lib/active_record/reflection.rb:769:in `klass'
/Library/Ruby/Gems/2.3.0/gems/activerecord-5.2.3/lib/active_record/reflection.rb:790:in `source_reflection'
/Library/Ruby/Gems/2.3.0/gems/activerecord-5.2.3/lib/active_record/reflection.rb:991:in `derive_class_name'
/Library/Ruby/Gems/2.3.0/gems/activerecord-5.2.3/lib/active_record/reflection.rb:162:in `class_name'
/Library/Ruby/Gems/2.3.0/gems/activerecord-5.2.3/lib/active_record/reflection.rb:769:in `klass'
/Library/Ruby/Gems/2.3.0/gems/activerecord-5.2.3/lib/active_record/reflection.rb:790:in `source_reflection'
/Library/Ruby/Gems/2.3.0/gems/activerecord-5.2.3/lib/active_record/reflection.rb:991:in `derive_class_name'
/Library/Ruby/Gems/2.3.0/gems/activerecord-5.2.3/lib/active_record/reflection.rb:162:in `class_name'
/Library/Ruby/Gems/2.3.0/gems/activerecord-5.2.3/lib/active_record/reflection.rb:769:in `klass'
/Library/Ruby/Gems/2.3.0/gems/activerecord-5.2.3/lib/active_record/reflection.rb:790:in `source_reflection'
/Library/Ruby/Gems/2.3.0/gems/activerecord-5.2.3/lib/active_record/reflection.rb:991:in `derive_class_name'
/Library/Ruby/Gems/2.3.0/gems/activerecord-5.2.3/lib/active_record/reflection.rb:162:in `class_name'
/Library/Ruby/Gems/2.3.0/gems/activerecord-5.2.3/lib/active_record/reflection.rb:769:in `klass'
/Library/Ruby/Gems/2.3.0/gems/activerecord-5.2.3/lib/active_record/reflection.rb:790:in `source_reflection'
/Library/Ruby/Gems/2.3.0/gems/activerecord-5.2.3/lib/active_record/reflection.rb:991:in `derive_class_name'
/Library/Ruby/Gems/2.3.0/gems/activerecord-5.2.3/lib/active_record/reflection.rb:162:in `class_name'
/Library/Ruby/Gems/2.3.0/gems/activerecord-5.2.3/lib/active_record/reflection.rb:769:in `klass'
/Library/Ruby/Gems/2.3.0/gems/activerecord-5.2.3/lib/active_record/reflection.rb:790:in `source_reflection'
/Library/Ruby/Gems/2.3.0/gems/activerecord-5.2.3/lib/active_record/reflection.rb:991:in `derive_class_name'
/Library/Ruby/Gems/2.3.0/gems/activerecord-5.2.3/lib/active_record/reflection.rb:162:in `class_name'
/Library/Ruby/Gems/2.3.0/gems/activerecord-5.2.3/lib/active_record/reflection.rb:769:in `klass'
/Library/Ruby/Gems/2.3.0/gems/activerecord-5.2.3/lib/active_record/reflection.rb:790:in `source_reflection'
/Library/Ruby/Gems/2.3.0/gems/activerecord-5.2.3/lib/active_record/reflection.rb:991:in `derive_class_name'
/Library/Ruby/Gems/2.3.0/gems/activerecord-5.2.3/lib/active_record/reflection.rb:162:in `class_name'
/Library/Ruby/Gems/2.3.0/gems/activerecord-5.2.3/lib/active_record/reflection.rb:769:in `klass'
/Library/Ruby/Gems/2.3.0/gems/activerecord-5.2.3/lib/active_record/reflection.rb:790:in `source_reflection'
/Library/Ruby/Gems/2.3.0/gems/activerecord-5.2.3/lib/active_record/reflection.rb:991:in `derive_class_name'
/Library/Ruby/Gems/2.3.0/gems/activerecord-5.2.3/lib/active_record/reflection.rb:162:in `class_name'
/Library/Ruby/Gems/2.3.0/gems/activerecord-5.2.3/lib/active_record/reflection.rb:769:in `klass'
/Library/Ruby/Gems/2.3.0/gems/activerecord-5.2.3/lib/active_record/reflection.rb:790:in `source_reflection'
/Library/Ruby/Gems/2.3.0/gems/activerecord-5.2.3/lib/active_record/reflection.rb:991:in `derive_class_name'
/Library/Ruby/Gems/2.3.0/gems/activerecord-5.2.3/lib/active_record/reflection.rb:162:in `class_name'
/Library/Ruby/Gems/2.3.0/gems/activerecord-5.2.3/lib/active_record/reflection.rb:769:in `klass'
/Library/Ruby/Gems/2.3.0/gems/activerecord-5.2.3/lib/active_record/reflection.rb:790:in `source_reflection'
/Library/Ruby/Gems/2.3.0/gems/activerecord-5.2.3/lib/active_record/reflection.rb:991:in `derive_class_name'
/Library/Ruby/Gems/2.3.0/gems/activerecord-5.2.3/lib/active_record/reflection.rb:162:in `class_name'
/Library/Ruby/Gems/2.3.0/gems/activerecord-5.2.3/lib/active_record/reflection.rb:769:in `klass'
/Library/Ruby/Gems/2.3.0/gems/activerecord-5.2.3/lib/active_record/reflection.rb:790:in `source_reflection'
/Library/Ruby/Gems/2.3.0/gems/activerecord-5.2.3/lib/active_record/reflection.rb:991:in `derive_class_name'
/Library/Ruby/Gems/2.3.0/gems/activerecord-5.2.3/lib/active_record/reflection.rb:162:in `class_name'
/Library/Ruby/Gems/2.3.0/gems/activerecord-5.2.3/lib/active_record/reflection.rb:769:in `klass'
/Library/Ruby/Gems/2.3.0/gems/activerecord-5.2.3/lib/active_record/reflection.rb:790:in `source_reflection'
/Library/Ruby/Gems/2.3.0/gems/activerecord-5.2.3/lib/active_record/reflection.rb:991:in `derive_class_name'
/Library/Ruby/Gems/2.3.0/gems/activerecord-5.2.3/lib/active_record/reflection.rb:162:in `class_name'
/Library/Ruby/Gems/2.3.0/gems/activerecord-5.2.3/lib/active_record/reflection.rb:769:in `klass'
/Library/Ruby/Gems/2.3.0/gems/activerecord-5.2.3/lib/active_record/reflection.rb:790:in `source_reflection'
/Library/Ruby/Gems/2.3.0/gems/activerecord-5.2.3/lib/active_record/reflection.rb:991:in `derive_class_name'
/Library/Ruby/Gems/2.3.0/gems/activerecord-5.2.3/lib/active_record/reflection.rb:162:in `class_name'
/Library/Ruby/Gems/2.3.0/gems/activerecord-5.2.3/lib/active_record/reflection.rb:769:in `klass'
/Library/Ruby/Gems/2.3.0/gems/activerecord-5.2.3/lib/active_record/reflection.rb:790:in `source_reflection'
/Library/Ruby/Gems/2.3.0/gems/activerecord-5.2.3/lib/active_record/reflection.rb:991:in `derive_class_name'
/Library/Ruby/Gems/2.3.0/gems/activerecord-5.2.3/lib/active_record/reflection.rb:162:in `class_name'
/Library/Ruby/Gems/2.3.0/gems/activerecord-5.2.3/lib/active_record/reflection.rb:769:in `klass'
/Library/Ruby/Gems/2.3.0/gems/activerecord-5.2.3/lib/active_record/reflection.rb:790:in `source_reflection'
/Library/Ruby/Gems/2.3.0/gems/activerecord-5.2.3/lib/active_record/reflection.rb:991:in `derive_class_name'
/Library/Ruby/Gems/2.3.0/gems/activerecord-5.2.3/lib/active_record/reflection.rb:162:in `class_name'
/Library/Ruby/Gems/2.3.0/gems/activerecord-5.2.3/lib/active_record/reflection.rb:769:in `klass'
/Library/Ruby/Gems/2.3.0/gems/activerecord-5.2.3/lib/active_record/reflection.rb:790:in `source_reflection'
/Library/Ruby/Gems/2.3.0/gems/activerecord-5.2.3/lib/active_record/reflection.rb:991:in `derive_class_name'
/Library/Ruby/Gems/2.3.0/gems/activerecord-5.2.3/lib/active_record/reflection.rb:162:in `class_name'
/Library/Ruby/Gems/2.3.0/gems/activerecord-5.2.3/lib/active_record/reflection.rb:769:in `klass'
/Library/Ruby/Gems/2.3.0/gems/activerecord-5.2.3/lib/active_record/reflection.rb:790:in `source_reflection'
/Library/Ruby/Gems/2.3.0/gems/activerecord-5.2.3/lib/active_record/reflection.rb:991:in `derive_class_name'
/Library/Ruby/Gems/2.3.0/gems/activerecord-5.2.3/lib/active_record/reflection.rb:162:in `class_name'
/Library/Ruby/Gems/2.3.0/gems/activerecord-5.2.3/lib/active_record/reflection.rb:769:in `klass'
/Library/Ruby/Gems/2.3.0/gems/activerecord-5.2.3/lib/active_record/reflection.rb:790:in `source_reflection'
/Library/Ruby/Gems/2.3.0/gems/activerecord-5.2.3/lib/active_record/reflection.rb:991:in `derive_class_name'
/Library/Ruby/Gems/2.3.0/gems/activerecord-5.2.3/lib/active_record/reflection.rb:162:in `class_name'
/Library/Ruby/Gems/2.3.0/gems/activerecord-5.2.3/lib/active_record/reflection.rb:769:in `klass'
/Library/Ruby/Gems/2.3.0/gems/activerecord-5.2.3/lib/active_record/reflection.rb:790:in `source_reflection'
/Library/Ruby/Gems/2.3.0/gems/activerecord-5.2.3/lib/active_record/reflection.rb:991:in `derive_class_name'
/Library/Ruby/Gems/2.3.0/gems/activerecord-5.2.3/lib/active_record/reflection.rb:162:in `class_name'
/Library/Ruby/Gems/2.3.0/gems/activerecord-5.2.3/lib/active_record/reflection.rb:769:in `klass'
/Library/Ruby/Gems/2.3.0/gems/activerecord-5.2.3/lib/active_record/reflection.rb:790:in `source_reflection'
/Library/Ruby/Gems/2.3.0/gems/activerecord-5.2.3/lib/active_record/reflection.rb:991:in `derive_class_name'
/Library/Ruby/Gems/2.3.0/gems/activerecord-5.2.3/lib/active_record/reflection.rb:162:in `class_name'
/Library/Ruby/Gems/2.3.0/gems/activerecord-5.2.3/lib/active_record/reflection.rb:769:in `klass'
/Library/Ruby/Gems/2.3.0/gems/activerecord-5.2.3/lib/active_record/reflection.rb:790:in `source_reflection'
/Library/Ruby/Gems/2.3.0/gems/activerecord-5.2.3/lib/active_record/reflection.rb:991:in `derive_class_name'
/Library/Ruby/Gems/2.3.0/gems/activerecord-5.2.3/lib/active_record/reflection.rb:162:in `class_name'
/Library/Ruby/Gems/2.3.0/gems/activerecord-5.2.3/lib/active_record/reflection.rb:769:in `klass'
/Library/Ruby/Gems/2.3.0/gems/activerecord-5.2.3/lib/active_record/reflection.rb:790:in `source_reflection'
/Library/Ruby/Gems/2.3.0/gems/activerecord-5.2.3/lib/active_record/reflection.rb:991:in `derive_class_name'
/Library/Ruby/Gems/2.3.0/gems/activerecord-5.2.3/lib/active_record/reflection.rb:162:in `class_name'
/Library/Ruby/Gems/2.3.0/gems/activerecord-5.2.3/lib/active_record/reflection.rb:769:in `klass'
/Library/Ruby/Gems/2.3.0/gems/activerecord-5.2.3/lib/active_record/reflection.rb:790:in `source_reflection'
/Library/Ruby/Gems/2.3.0/gems/activerecord-5.2.3/lib/active_record/reflection.rb:991:in `derive_class_name'
/Library/Ruby/Gems/2.3.0/gems/activerecord-5.2.3/lib/active_record/reflection.rb:162:in `class_name'
/Library/Ruby/Gems/2.3.0/gems/activerecord-5.2.3/lib/active_record/reflection.rb:769:in `klass'
/Library/Ruby/Gems/2.3.0/gems/activerecord-5.2.3/lib/active_record/reflection.rb:790:in `source_reflection'
/Library/Ruby/Gems/2.3.0/gems/activerecord-5.2.3/lib/active_record/reflection.rb:991:in `derive_class_name'
/Library/Ruby/Gems/2.3.0/gems/activerecord-5.2.3/lib/active_record/reflection.rb:162:in `class_name'
/Library/Ruby/Gems/2.3.0/gems/activerecord-5.2.3/lib/active_record/reflection.rb:769:in `klass'
/Library/Ruby/Gems/2.3.0/gems/activerecord-5.2.3/lib/active_record/reflection.rb:790:in `source_reflection'
/Library/Ruby/Gems/2.3.0/gems/activerecord-5.2.3/lib/active_record/reflection.rb:991:in `derive_class_name'
/Library/Ruby/Gems/2.3.0/gems/activerecord-5.2.3/lib/active_record/reflection.rb:162:in `class_name'
/Library/Ruby/Gems/2.3.0/gems/activerecord-5.2.3/lib/active_record/reflection.rb:769:in `klass'
/Library/Ruby/Gems/2.3.0/gems/activerecord-5.2.3/lib/active_record/reflection.rb:790:in `source_reflection'
/Library/Ruby/Gems/2.3.0/gems/activerecord-5.2.3/lib/active_record/reflection.rb:991:in `derive_class_name'
/Library/Ruby/Gems/2.3.0/gems/activerecord-5.2.3/lib/active_record/reflection.rb:162:in `class_name'
/Library/Ruby/Gems/2.3.0/gems/activerecord-5.2.3/lib/active_record/reflection.rb:769:in `klass'
/Library/Ruby/Gems/2.3.0/gems/activerecord-5.2.3/lib/active_record/reflection.rb:790:in `source_reflection'
/Library/Ruby/Gems/2.3.0/gems/activerecord-5.2.3/lib/active_record/reflection.rb:991:in `derive_class_name'
/Library/Ruby/Gems/2.3.0/gems/activerecord-5.2.3/lib/active_record/reflection.rb:162:in `class_name'
/Library/Ruby/Gems/2.3.0/gems/activerecord-5.2.3/lib/active_record/reflection.rb:769:in `klass'
/Library/Ruby/Gems/2.3.0/gems/activerecord-5.2.3/lib/active_record/reflection.rb:790:in `source_reflection'
/Library/Ruby/Gems/2.3.0/gems/activerecord-5.2.3/lib/active_record/reflection.rb:991:in `derive_class_name'
/Library/Ruby/Gems/2.3.0/gems/activerecord-5.2.3/lib/active_record/reflection.rb:162:in `class_name'
/Library/Ruby/Gems/2.3.0/gems/activerecord-5.2.3/lib/active_record/reflection.rb:769:in `klass'
/Library/Ruby/Gems/2.3.0/gems/activerecord-5.2.3/lib/active_record/reflection.rb:790:in `source_reflection'
/Library/Ruby/Gems/2.3.0/gems/activerecord-5.2.3/lib/active_record/reflection.rb:991:in `derive_class_name'
/Library/Ruby/Gems/2.3.0/gems/activerecord-5.2.3/lib/active_record/reflection.rb:162:in `class_name'
/Library/Ruby/Gems/2.3.0/gems/activerecord-5.2.3/lib/active_record/reflection.rb:769:in `klass'
/Library/Ruby/Gems/2.3.0/gems/activerecord-5.2.3/lib/active_record/reflection.rb:790:in `source_reflection'
/Library/Ruby/Gems/2.3.0/gems/activerecord-5.2.3/lib/active_record/reflection.rb:991:in `derive_class_name'
/Library/Ruby/Gems/2.3.0/gems/activerecord-5.2.3/lib/active_record/reflection.rb:162:in `class_name'
/Library/Ruby/Gems/2.3.0/gems/activerecord-5.2.3/lib/active_record/reflection.rb:769:in `klass'
/Library/Ruby/Gems/2.3.0/gems/activerecord-5.2.3/lib/active_record/reflection.rb:790:in `source_reflection'
/Library/Ruby/Gems/2.3.0/gems/activerecord-5.2.3/lib/active_record/reflection.rb:991:in `derive_class_name'
/Library/Ruby/Gems/2.3.0/gems/activerecord-5.2.3/lib/active_record/reflection.rb:162:in `class_name'
/Library/Ruby/Gems/2.3.0/gems/activerecord-5.2.3/lib/active_record/reflection.rb:769:in `klass'
/Library/Ruby/Gems/2.3.0/gems/activerecord-5.2.3/lib/active_record/reflection.rb:790:in `source_reflection'
/Library/Ruby/Gems/2.3.0/gems/activerecord-5.2.3/lib/active_record/reflection.rb:991:in `derive_class_name'
/Library/Ruby/Gems/2.3.0/gems/activerecord-5.2.3/lib/active_record/reflection.rb:162:in `class_name'
/Library/Ruby/Gems/2.3.0/gems/activerecord-5.2.3/lib/active_record/reflection.rb:769:in `klass'
/Library/Ruby/Gems/2.3.0/gems/activerecord-5.2.3/lib/active_record/reflection.rb:790:in `source_reflection'
/Library/Ruby/Gems/2.3.0/gems/activerecord-5.2.3/lib/active_record/reflection.rb:991:in `derive_class_name'
/Library/Ruby/Gems/2.3.0/gems/activerecord-5.2.3/lib/active_record/reflection.rb:162:in `class_name'
/Library/Ruby/Gems/2.3.0/gems/activerecord-5.2.3/lib/active_record/reflection.rb:769:in `klass'
/Library/Ruby/Gems/2.3.0/gems/activerecord-5.2.3/lib/active_record/reflection.rb:790:in `source_reflection'
/Library/Ruby/Gems/2.3.0/gems/activerecord-5.2.3/lib/active_record/reflection.rb:991:in `derive_class_name'
/Library/Ruby/Gems/2.3.0/gems/activerecord-5.2.3/lib/active_record/reflection.rb:162:in `class_name'
/Library/Ruby/Gems/2.3.0/gems/activerecord-5.2.3/lib/active_record/reflection.rb:769:in `klass'
/Library/Ruby/Gems/2.3.0/gems/activerecord-5.2.3/lib/active_record/reflection.rb:790:in `source_reflection'
/Library/Ruby/Gems/2.3.0/gems/activerecord-5.2.3/lib/active_record/reflection.rb:991:in `derive_class_name'
/Library/Ruby/Gems/2.3.0/gems/activerecord-5.2.3/lib/active_record/reflection.rb:162:in `class_name'
/Library/Ruby/Gems/2.3.0/gems/activerecord-5.2.3/lib/active_record/reflection.rb:769:in `klass'
/Library/Ruby/Gems/2.3.0/gems/activerecord-5.2.3/lib/active_record/reflection.rb:790:in `source_reflection'
/Library/Ruby/Gems/2.3.0/gems/activerecord-5.2.3/lib/active_record/reflection.rb:991:in `derive_class_name'
/Library/Ruby/Gems/2.3.0/gems/activerecord-5.2.3/lib/active_record/reflection.rb:162:in `class_name'
/Library/Ruby/Gems/2.3.0/gems/activerecord-5.2.3/lib/active_record/reflection.rb:769:in `klass'
/Library/Ruby/Gems/2.3.0/gems/activerecord-5.2.3/lib/active_record/reflection.rb:790:in `source_reflection'
/Library/Ruby/Gems/2.3.0/gems/activerecord-5.2.3/lib/active_record/reflection.rb:991:in `derive_class_name'
/Library/Ruby/Gems/2.3.0/gems/activerecord-5.2.3/lib/active_record/reflection.rb:162:in `class_name'
/Library/Ruby/Gems/2.3.0/gems/activerecord-5.2.3/lib/active_record/reflection.rb:769:in `klass'
/Library/Ruby/Gems/2.3.0/gems/activerecord-5.2.3/lib/active_record/reflection.rb:790:in `source_reflection'
/Library/Ruby/Gems/2.3.0/gems/activerecord-5.2.3/lib/active_record/reflection.rb:991:in `derive_class_name'
/Library/Ruby/Gems/2.3.0/gems/activerecord-5.2.3/lib/active_record/reflection.rb:162:in `class_name'
/Library/Ruby/Gems/2.3.0/gems/activerecord-5.2.3/lib/active_record/reflection.rb:769:in `klass'
/Library/Ruby/Gems/2.3.0/gems/activerecord-5.2.3/lib/active_record/reflection.rb:790:in `source_reflection'
/Library/Ruby/Gems/2.3.0/gems/activerecord-5.2.3/lib/active_record/reflection.rb:991:in `derive_class_name'
/Library/Ruby/Gems/2.3.0/gems/activerecord-5.2.3/lib/active_record/reflection.rb:162:in `class_name'
/Library/Ruby/Gems/2.3.0/gems/activerecord-5.2.3/lib/active_record/reflection.rb:769:in `klass'
/Library/Ruby/Gems/2.3.0/gems/activerecord-5.2.3/lib/active_record/reflection.rb:790:in `source_reflection'
/Library/Ruby/Gems/2.3.0/gems/activerecord-5.2.3/lib/active_record/reflection.rb:991:in `derive_class_name'
/Library/Ruby/Gems/2.3.0/gems/activerecord-5.2.3/lib/active_record/reflection.rb:162:in `class_name'
/Library/Ruby/Gems/2.3.0/gems/activerecord-5.2.3/lib/active_record/reflection.rb:769:in `klass'
/Library/Ruby/Gems/2.3.0/gems/activerecord-5.2.3/lib/active_record/reflection.rb:790:in `source_reflection'
/Library/Ruby/Gems/2.3.0/gems/activerecord-5.2.3/lib/active_record/reflection.rb:991:in `derive_class_name'
/Library/Ruby/Gems/2.3.0/gems/activerecord-5.2.3/lib/active_record/reflection.rb:162:in `class_name'
/Library/Ruby/Gems/2.3.0/gems/activerecord-5.2.3/lib/active_record/reflection.rb:769:in `klass'
/Library/Ruby/Gems/2.3.0/gems/activerecord-5.2.3/lib/active_record/reflection.rb:790:in `source_reflection'
/Library/Ruby/Gems/2.3.0/gems/activerecord-5.2.3/lib/active_record/reflection.rb:991:in `derive_class_name'
/Library/Ruby/Gems/2.3.0/gems/activerecord-5.2.3/lib/active_record/reflection.rb:162:in `class_name'
/Library/Ruby/Gems/2.3.0/gems/activerecord-5.2.3/lib/active_record/reflection.rb:769:in `klass'
/Library/Ruby/Gems/2.3.0/gems/activerecord-5.2.3/lib/active_record/reflection.rb:790:in `source_reflection'
/Library/Ruby/Gems/2.3.0/gems/activerecord-5.2.3/lib/active_record/reflection.rb:991:in `derive_class_name'
/Library/Ruby/Gems/2.3.0/gems/activerecord-5.2.3/lib/active_record/reflection.rb:162:in `class_name'
/Library/Ruby/Gems/2.3.0/gems/activerecord-5.2.3/lib/active_record/reflection.rb:769:in `klass'
/Library/Ruby/Gems/2.3.0/gems/activerecord-5.2.3/lib/active_record/reflection.rb:790:in `source_reflection'
/Library/Ruby/Gems/2.3.0/gems/activerecord-5.2.3/lib/active_record/reflection.rb:991:in `derive_class_name'
/Library/Ruby/Gems/2.3.0/gems/activerecord-5.2.3/lib/active_record/reflection.rb:162:in `class_name'
/Library/Ruby/Gems/2.3.0/gems/activerecord-5.2.3/lib/active_record/reflection.rb:769:in `klass'
/Library/Ruby/Gems/2.3.0/gems/activerecord-5.2.3/lib/active_record/reflection.rb:790:in `source_reflection'
/Library/Ruby/Gems/2.3.0/gems/activerecord-5.2.3/lib/active_record/reflection.rb:991:in `derive_class_name'
/Library/Ruby/Gems/2.3.0/gems/activerecord-5.2.3/lib/active_record/reflection.rb:162:in `class_name'
/Library/Ruby/Gems/2.3.0/gems/activerecord-5.2.3/lib/active_record/reflection.rb:769:in `klass'
/Library/Ruby/Gems/2.3.0/gems/activerecord-5.2.3/lib/active_record/reflection.rb:790:in `source_reflection'
/Library/Ruby/Gems/2.3.0/gems/activerecord-5.2.3/lib/active_record/reflection.rb:991:in `derive_class_name'
/Library/Ruby/Gems/2.3.0/gems/activerecord-5.2.3/lib/active_record/reflection.rb:162:in `class_name'
/Library/Ruby/Gems/2.3.0/gems/activerecord-5.2.3/lib/active_record/reflection.rb:769:in `klass'
/Library/Ruby/Gems/2.3.0/gems/activerecord-5.2.3/lib/active_record/reflection.rb:790:in `source_reflection'
/Library/Ruby/Gems/2.3.0/gems/activerecord-5.2.3/lib/active_record/reflection.rb:991:in `derive_class_name'
/Library/Ruby/Gems/2.3.0/gems/activerecord-5.2.3/lib/active_record/reflection.rb:162:in `class_name'
/Library/Ruby/Gems/2.3.0/gems/activerecord-5.2.3/lib/active_record/reflection.rb:769:in `klass'
/Library/Ruby/Gems/2.3.0/gems/activerecord-5.2.3/lib/active_record/reflection.rb:790:in `source_reflection'
/Library/Ruby/Gems/2.3.0/gems/activerecord-5.2.3/lib/active_record/reflection.rb:991:in `derive_class_name'
/Library/Ruby/Gems/2.3.0/gems/activerecord-5.2.3/lib/active_record/reflection.rb:162:in `class_name'
/Library/Ruby/Gems/2.3.0/gems/activerecord-5.2.3/lib/active_record/reflection.rb:769:in `klass'
/Library/Ruby/Gems/2.3.0/gems/activerecord-5.2.3/lib/active_record/reflection.rb:790:in `source_reflection'
/Library/Ruby/Gems/2.3.0/gems/activerecord-5.2.3/lib/active_record/reflection.rb:991:in `derive_class_name'
/Library/Ruby/Gems/2.3.0/gems/activerecord-5.2.3/lib/active_record/reflection.rb:162:in `class_name'
/Library/Ruby/Gems/2.3.0/gems/activerecord-5.2.3/lib/active_record/reflection.rb:769:in `klass'
/Library/Ruby/Gems/2.3.0/gems/activerecord-5.2.3/lib/active_record/reflection.rb:790:in `source_reflection'
/Library/Ruby/Gems/2.3.0/gems/activerecord-5.2.3/lib/active_record/reflection.rb:991:in `derive_class_name'
/Library/Ruby/Gems/2.3.0/gems/activerecord-5.2.3/lib/active_record/reflection.rb:162:in `class_name'
/Library/Ruby/Gems/2.3.0/gems/activerecord-5.2.3/lib/active_record/reflection.rb:769:in `klass'
/Library/Ruby/Gems/2.3.0/gems/activerecord-5.2.3/lib/active_record/reflection.rb:790:in `source_reflection'
/Library/Ruby/Gems/2.3.0/gems/activerecord-5.2.3/lib/active_record/reflection.rb:991:in `derive_class_name'
/Library/Ruby/Gems/2.3.0/gems/activerecord-5.2.3/lib/active_record/reflection.rb:162:in `class_name'
/Library/Ruby/Gems/2.3.0/gems/activerecord-5.2.3/lib/active_record/reflection.rb:769:in `klass'
/Library/Ruby/Gems/2.3.0/gems/activerecord-5.2.3/lib/active_record/reflection.rb:790:in `source_reflection'
/Library/Ruby/Gems/2.3.0/gems/activerecord-5.2.3/lib/active_record/reflection.rb:991:in `derive_class_name'
/Library/Ruby/Gems/2.3.0/gems/activerecord-5.2.3/lib/active_record/reflection.rb:162:in `class_name'
/Library/Ruby/Gems/2.3.0/gems/activerecord-5.2.3/lib/active_record/reflection.rb:769:in `klass'
/Library/Ruby/Gems/2.3.0/gems/activerecord-5.2.3/lib/active_record/reflection.rb:790:in `source_reflection'
/Library/Ruby/Gems/2.3.0/gems/activerecord-5.2.3/lib/active_record/reflection.rb:991:in `derive_class_name'
/Library/Ruby/Gems/2.3.0/gems/activerecord-5.2.3/lib/active_record/reflection.rb:162:in `class_name'
/Library/Ruby/Gems/2.3.0/gems/activerecord-5.2.3/lib/active_record/reflection.rb:769:in `klass'
/Library/Ruby/Gems/2.3.0/gems/activerecord-5.2.3/lib/active_record/reflection.rb:790:in `source_reflection'
/Library/Ruby/Gems/2.3.0/gems/activerecord-5.2.3/lib/active_record/reflection.rb:991:in `derive_class_name'
/Library/Ruby/Gems/2.3.0/gems/activerecord-5.2.3/lib/active_record/reflection.rb:162:in `class_name'
/Library/Ruby/Gems/2.3.0/gems/activerecord-5.2.3/lib/active_record/reflection.rb:769:in `klass'
/Library/Ruby/Gems/2.3.0/gems/activerecord-5.2.3/lib/active_record/reflection.rb:790:in `source_reflection'
/Library/Ruby/Gems/2.3.0/gems/activerecord-5.2.3/lib/active_record/reflection.rb:991:in `derive_class_name'
/Library/Ruby/Gems/2.3.0/gems/activerecord-5.2.3/lib/active_record/reflection.rb:162:in `class_name'
/Library/Ruby/Gems/2.3.0/gems/activerecord-5.2.3/lib/active_record/reflection.rb:769:in `klass'
/Library/Ruby/Gems/2.3.0/gems/activerecord-5.2.3/lib/active_record/reflection.rb:790:in `source_reflection'
/Library/Ruby/Gems/2.3.0/gems/activerecord-5.2.3/lib/active_record/reflection.rb:991:in `derive_class_name'
/Library/Ruby/Gems/2.3.0/gems/activerecord-5.2.3/lib/active_record/reflection.rb:162:in `class_name'
/Library/Ruby/Gems/2.3.0/gems/activerecord-5.2.3/lib/active_record/reflection.rb:769:in `klass'
/Library/Ruby/Gems/2.3.0/gems/activerecord-5.2.3/lib/active_record/reflection.rb:790:in `source_reflection'
/Library/Ruby/Gems/2.3.0/gems/activerecord-5.2.3/lib/active_record/reflection.rb:991:in `derive_class_name'
/Library/Ruby/Gems/2.3.0/gems/activerecord-5.2.3/lib/active_record/reflection.rb:162:in `class_name'
/Library/Ruby/Gems/2.3.0/gems/activerecord-5.2.3/lib/active_record/reflection.rb:769:in `klass'
/Library/Ruby/Gems/2.3.0/gems/activerecord-5.2.3/lib/active_record/reflection.rb:790:in `source_reflection'
/Library/Ruby/Gems/2.3.0/gems/activerecord-5.2.3/lib/active_record/reflection.rb:991:in `derive_class_name'
/Library/Ruby/Gems/2.3.0/gems/activerecord-5.2.3/lib/active_record/reflection.rb:162:in `class_name'
/Library/Ruby/Gems/2.3.0/gems/activerecord-5.2.3/lib/active_record/reflection.rb:769:in `klass'
/Library/Ruby/Gems/2.3.0/gems/activerecord-5.2.3/lib/active_record/reflection.rb:790:in `source_reflection'
/Library/Ruby/Gems/2.3.0/gems/activerecord-5.2.3/lib/active_record/reflection.rb:991:in `derive_class_name'
/Library/Ruby/Gems/2.3.0/gems/activerecord-5.2.3/lib/active_record/reflection.rb:162:in `class_name'
/Library/Ruby/Gems/2.3.0/gems/activerecord-5.2.3/lib/active_record/reflection.rb:769:in `klass'
/Library/Ruby/Gems/2.3.0/gems/activerecord-5.2.3/lib/active_record/reflection.rb:790:in `source_reflection'
/Library/Ruby/Gems/2.3.0/gems/activerecord-5.2.3/lib/active_record/reflection.rb:991:in `derive_class_name'
/Library/Ruby/Gems/2.3.0/gems/activerecord-5.2.3/lib/active_record/reflection.rb:162:in `class_name'
/Library/Ruby/Gems/2.3.0/gems/activerecord-5.2.3/lib/active_record/reflection.rb:769:in `klass'
/Library/Ruby/Gems/2.3.0/gems/activerecord-5.2.3/lib/active_record/reflection.rb:790:in `source_reflection'
/Library/Ruby/Gems/2.3.0/gems/activerecord-5.2.3/lib/active_record/reflection.rb:991:in `derive_class_name'
/Library/Ruby/Gems/2.3.0/gems/activerecord-5.2.3/lib/active_record/reflection.rb:162:in `class_name'
/Library/Ruby/Gems/2.3.0/gems/activerecord-5.2.3/lib/active_record/reflection.rb:769:in `klass'
/Library/Ruby/Gems/2.3.0/gems/activerecord-5.2.3/lib/active_record/reflection.rb:790:in `source_reflection'
/Library/Ruby/Gems/2.3.0/gems/activerecord-5.2.3/lib/active_record/reflection.rb:991:in `derive_class_name'
/Library/Ruby/Gems/2.3.0/gems/activerecord-5.2.3/lib/active_record/reflection.rb:162:in `class_name'
/Library/Ruby/Gems/2.3.0/gems/activerecord-5.2.3/lib/active_record/reflection.rb:769:in `klass'
/Library/Ruby/Gems/2.3.0/gems/activerecord-5.2.3/lib/active_record/reflection.rb:790:in `source_reflection'
/Library/Ruby/Gems/2.3.0/gems/activerecord-5.2.3/lib/active_record/reflection.rb:991:in `derive_class_name'
/Library/Ruby/Gems/2.3.0/gems/activerecord-5.2.3/lib/active_record/reflection.rb:162:in `class_name'
/Library/Ruby/Gems/2.3.0/gems/activerecord-5.2.3/lib/active_record/reflection.rb:769:in `klass'
/Library/Ruby/Gems/2.3.0/gems/activerecord-5.2.3/lib/active_record/reflection.rb:790:in `source_reflection'
/Library/Ruby/Gems/2.3.0/gems/activerecord-5.2.3/lib/active_record/reflection.rb:991:in `derive_class_name'
/Library/Ruby/Gems/2.3.0/gems/activerecord-5.2.3/lib/active_record/reflection.rb:162:in `class_name'
/Library/Ruby/Gems/2.3.0/gems/activerecord-5.2.3/lib/active_record/reflection.rb:769:in `klass'
/Library/Ruby/Gems/2.3.0/gems/activerecord-5.2.3/lib/active_record/reflection.rb:790:in `source_reflection'
/Library/Ruby/Gems/2.3.0/gems/activerecord-5.2.3/lib/active_record/reflection.rb:991:in `derive_class_name'
/Library/Ruby/Gems/2.3.0/gems/activerecord-5.2.3/lib/active_record/reflection.rb:162:in `class_name'
/Library/Ruby/Gems/2.3.0/gems/activerecord-5.2.3/lib/active_record/reflection.rb:769:in `klass'
/Library/Ruby/Gems/2.3.0/gems/activerecord-5.2.3/lib/active_record/reflection.rb:790:in `source_reflection'
/Library/Ruby/Gems/2.3.0/gems/activerecord-5.2.3/lib/active_record/reflection.rb:991:in `derive_class_name'
/Library/Ruby/Gems/2.3.0/gems/activerecord-5.2.3/lib/active_record/reflection.rb:162:in `class_name'
/Library/Ruby/Gems/2.3.0/gems/activerecord-5.2.3/lib/active_record/reflection.rb:769:in `klass'
/Library/Ruby/Gems/2.3.0/gems/activerecord-5.2.3/lib/active_record/reflection.rb:790:in `source_reflection'
/Library/Ruby/Gems/2.3.0/gems/activerecord-5.2.3/lib/active_record/reflection.rb:991:in `derive_class_name'
/Library/Ruby/Gems/2.3.0/gems/activerecord-5.2.3/lib/active_record/reflection.rb:162:in `class_name'
/Library/Ruby/Gems/2.3.0/gems/activerecord-5.2.3/lib/active_record/reflection.rb:769:in `klass'
/Library/Ruby/Gems/2.3.0/gems/activerecord-5.2.3/lib/active_record/reflection.rb:790:in `source_reflection'
/Library/Ruby/Gems/2.3.0/gems/activerecord-5.2.3/lib/active_record/reflection.rb:991:in `derive_class_name'
/Library/Ruby/Gems/2.3.0/gems/activerecord-5.2.3/lib/active_record/reflection.rb:162:in `class_name'
/Library/Ruby/Gems/2.3.0/gems/activerecord-5.2.3/lib/active_record/reflection.rb:769:in `klass'
/Library/Ruby/Gems/2.3.0/gems/activerecord-5.2.3/lib/active_record/reflection.rb:790:in `source_reflection'
/Library/Ruby/Gems/2.3.0/gems/activerecord-5.2.3/lib/active_record/reflection.rb:991:in `derive_class_name'
/Library/Ruby/Gems/2.3.0/gems/activerecord-5.2.3/lib/active_record/reflection.rb:162:in `class_name'
/Library/Ruby/Gems/2.3.0/gems/activerecord-5.2.3/lib/active_record/reflection.rb:769:in `klass'
/Library/Ruby/Gems/2.3.0/gems/activerecord-5.2.3/lib/active_record/reflection.rb:790:in `source_reflection'
/Library/Ruby/Gems/2.3.0/gems/activerecord-5.2.3/lib/active_record/reflection.rb:991:in `derive_class_name'
/Library/Ruby/Gems/2.3.0/gems/activerecord-5.2.3/lib/active_record/reflection.rb:162:in `class_name'
/Library/Ruby/Gems/2.3.0/gems/activerecord-5.2.3/lib/active_record/reflection.rb:769:in `klass'
/Library/Ruby/Gems/2.3.0/gems/activerecord-5.2.3/lib/active_record/reflection.rb:790:in `source_reflection'
/Library/Ruby/Gems/2.3.0/gems/activerecord-5.2.3/lib/active_record/reflection.rb:991:in `derive_class_name'
/Library/Ruby/Gems/2.3.0/gems/activerecord-5.2.3/lib/active_record/reflection.rb:162:in `class_name'
/Library/Ruby/Gems/2.3.0/gems/activerecord-5.2.3/lib/active_record/reflection.rb:769:in `klass'
/Library/Ruby/Gems/2.3.0/gems/activerecord-5.2.3/lib/active_record/reflection.rb:790:in `source_reflection'
/Library/Ruby/Gems/2.3.0/gems/activerecord-5.2.3/lib/active_record/reflection.rb:991:in `derive_class_name'
/Library/Ruby/Gems/2.3.0/gems/activerecord-5.2.3/lib/active_record/reflection.rb:162:in `class_name'
/Library/Ruby/Gems/2.3.0/gems/activerecord-5.2.3/lib/active_record/reflection.rb:769:in `klass'
/Library/Ruby/Gems/2.3.0/gems/activerecord-5.2.3/lib/active_record/reflection.rb:790:in `source_reflection'
/Library/Ruby/Gems/2.3.0/gems/activerecord-5.2.3/lib/active_record/reflection.rb:991:in `derive_class_name'
/Library/Ruby/Gems/2.3.0/gems/activerecord-5.2.3/lib/active_record/reflection.rb:162:in `class_name'
/Library/Ruby/Gems/2.3.0/gems/activerecord-5.2.3/lib/active_record/reflection.rb:769:in `klass'
/Library/Ruby/Gems/2.3.0/gems/activerecord-5.2.3/lib/active_record/reflection.rb:790:in `source_reflection'
/Library/Ruby/Gems/2.3.0/gems/activerecord-5.2.3/lib/active_record/reflection.rb:991:in `derive_class_name'
/Library/Ruby/Gems/2.3.0/gems/activerecord-5.2.3/lib/active_record/reflection.rb:162:in `class_name'
/Library/Ruby/Gems/2.3.0/gems/activerecord-5.2.3/lib/active_record/reflection.rb:769:in `klass'
/Library/Ruby/Gems/2.3.0/gems/activerecord-5.2.3/lib/active_record/reflection.rb:790:in `source_reflection'
/Library/Ruby/Gems/2.3.0/gems/activerecord-5.2.3/lib/active_record/reflection.rb:991:in `derive_class_name'
/Library/Ruby/Gems/2.3.0/gems/activerecord-5.2.3/lib/active_record/reflection.rb:162:in `class_name'
/Library/Ruby/Gems/2.3.0/gems/activerecord-5.2.3/lib/active_record/reflection.rb:769:in `klass'
/Library/Ruby/Gems/2.3.0/gems/activerecord-5.2.3/lib/active_record/reflection.rb:790:in `source_reflection'
/Library/Ruby/Gems/2.3.0/gems/activerecord-5.2.3/lib/active_record/reflection.rb:991:in `derive_class_name'
/Library/Ruby/Gems/2.3.0/gems/activerecord-5.2.3/lib/active_record/reflection.rb:162:in `class_name'
/Library/Ruby/Gems/2.3.0/gems/activerecord-5.2.3/lib/active_record/reflection.rb:769:in `klass'
/Library/Ruby/Gems/2.3.0/gems/activerecord-5.2.3/lib/active_record/reflection.rb:790:in `source_reflection'
/Library/Ruby/Gems/2.3.0/gems/activerecord-5.2.3/lib/active_record/reflection.rb:991:in `derive_class_name'
/Library/Ruby/Gems/2.3.0/gems/activerecord-5.2.3/lib/active_record/reflection.rb:162:in `class_name'
/Library/Ruby/Gems/2.3.0/gems/activerecord-5.2.3/lib/active_record/reflection.rb:769:in `klass'
/Library/Ruby/Gems/2.3.0/gems/activerecord-5.2.3/lib/active_record/reflection.rb:790:in `source_reflection'
/Library/Ruby/Gems/2.3.0/gems/activerecord-5.2.3/lib/active_record/reflection.rb:991:in `derive_class_name'
/Library/Ruby/Gems/2.3.0/gems/activerecord-5.2.3/lib/active_record/reflection.rb:162:in `class_name'
/Library/Ruby/Gems/2.3.0/gems/activerecord-5.2.3/lib/active_record/reflection.rb:769:in `klass'
/Library/Ruby/Gems/2.3.0/gems/activerecord-5.2.3/lib/active_record/reflection.rb:790:in `source_reflection'
/Library/Ruby/Gems/2.3.0/gems/activerecord-5.2.3/lib/active_record/reflection.rb:991:in `derive_class_name'
/Library/Ruby/Gems/2.3.0/gems/activerecord-5.2.3/lib/active_record/reflection.rb:162:in `class_name'
/Library/Ruby/Gems/2.3.0/gems/activerecord-5.2.3/lib/active_record/reflection.rb:769:in `klass'
/Library/Ruby/Gems/2.3.0/gems/activerecord-5.2.3/lib/active_record/reflection.rb:790:in `source_reflection'
/Library/Ruby/Gems/2.3.0/gems/activerecord-5.2.3/lib/active_record/reflection.rb:991:in `derive_class_name'
/Library/Ruby/Gems/2.3.0/gems/activerecord-5.2.3/lib/active_record/reflection.rb:162:in `class_name'
/Library/Ruby/Gems/2.3.0/gems/activerecord-5.2.3/lib/active_record/reflection.rb:769:in `klass'
/Library/Ruby/Gems/2.3.0/gems/activerecord-5.2.3/lib/active_record/reflection.rb:790:in `source_reflection'
/Library/Ruby/Gems/2.3.0/gems/activerecord-5.2.3/lib/active_record/reflection.rb:991:in `derive_class_name'
/Library/Ruby/Gems/2.3.0/gems/activerecord-5.2.3/lib/active_record/reflection.rb:162:in `class_name'
/Library/Ruby/Gems/2.3.0/gems/activerecord-5.2.3/lib/active_record/reflection.rb:769:in `klass'
/Library/Ruby/Gems/2.3.0/gems/activerecord-5.2.3/lib/active_record/reflection.rb:790:in `source_reflection'
/Library/Ruby/Gems/2.3.0/gems/activerecord-5.2.3/lib/active_record/reflection.rb:991:in `derive_class_name'
/Library/Ruby/Gems/2.3.0/gems/activerecord-5.2.3/lib/active_record/reflection.rb:162:in `class_name'
/Library/Ruby/Gems/2.3.0/gems/activerecord-5.2.3/lib/active_record/reflection.rb:769:in `klass'
/Library/Ruby/Gems/2.3.0/gems/activerecord-5.2.3/lib/active_record/reflection.rb:790:in `source_reflection'
/Library/Ruby/Gems/2.3.0/gems/activerecord-5.2.3/lib/active_record/reflection.rb:991:in `derive_class_name'
/Library/Ruby/Gems/2.3.0/gems/activerecord-5.2.3/lib/active_record/reflection.rb:162:in `class_name'
/Library/Ruby/Gems/2.3.0/gems/activerecord-5.2.3/lib/active_record/reflection.rb:769:in `klass'
/Library/Ruby/Gems/2.3.0/gems/activerecord-5.2.3/lib/active_record/reflection.rb:790:in `source_reflection'
/Library/Ruby/Gems/2.3.0/gems/activerecord-5.2.3/lib/active_record/reflection.rb:991:in `derive_class_name'
/Library/Ruby/Gems/2.3.0/gems/activerecord-5.2.3/lib/active_record/reflection.rb:162:in `class_name'
/Library/Ruby/Gems/2.3.0/gems/activerecord-5.2.3/lib/active_record/reflection.rb:769:in `klass'
/Library/Ruby/Gems/2.3.0/gems/activerecord-5.2.3/lib/active_record/reflection.rb:790:in `source_reflection'
/Library/Ruby/Gems/2.3.0/gems/activerecord-5.2.3/lib/active_record/reflection.rb:991:in `derive_class_name'
/Library/Ruby/Gems/2.3.0/gems/activerecord-5.2.3/lib/active_record/reflection.rb:162:in `class_name'
/Library/Ruby/Gems/2.3.0/gems/activerecord-5.2.3/lib/active_record/reflection.rb:769:in `klass'
/Library/Ruby/Gems/2.3.0/gems/activerecord-5.2.3/lib/active_record/reflection.rb:790:in `source_reflection'
/Library/Ruby/Gems/2.3.0/gems/activerecord-5.2.3/lib/active_record/reflection.rb:991:in `derive_class_name'
/Library/Ruby/Gems/2.3.0/gems/activerecord-5.2.3/lib/active_record/reflection.rb:162:in `class_name'
/Library/Ruby/Gems/2.3.0/gems/activerecord-5.2.3/lib/active_record/reflection.rb:769:in `klass'
/Library/Ruby/Gems/2.3.0/gems/activerecord-5.2.3/lib/active_record/reflection.rb:790:in `source_reflection'
/Library/Ruby/Gems/2.3.0/gems/activerecord-5.2.3/lib/active_record/reflection.rb:991:in `derive_class_name'
/Library/Ruby/Gems/2.3.0/gems/activerecord-5.2.3/lib/active_record/reflection.rb:162:in `class_name'
/Library/Ruby/Gems/2.3.0/gems/activerecord-5.2.3/lib/active_record/reflection.rb:769:in `klass'
/Library/Ruby/Gems/2.3.0/gems/activerecord-5.2.3/lib/active_record/reflection.rb:790:in `source_reflection'
/Library/Ruby/Gems/2.3.0/gems/activerecord-5.2.3/lib/active_record/reflection.rb:991:in `derive_class_name'
/Library/Ruby/Gems/2.3.0/gems/activerecord-5.2.3/lib/active_record/reflection.rb:162:in `class_name'
/Library/Ruby/Gems/2.3.0/gems/activerecord-5.2.3/lib/active_record/reflection.rb:769:in `klass'
/Library/Ruby/Gems/2.3.0/gems/activerecord-5.2.3/lib/active_record/reflection.rb:790:in `source_reflection'
/Library/Ruby/Gems/2.3.0/gems/activerecord-5.2.3/lib/active_record/reflection.rb:991:in `derive_class_name'
/Library/Ruby/Gems/2.3.0/gems/activerecord-5.2.3/lib/active_record/reflection.rb:162:in `class_name'
/Library/Ruby/Gems/2.3.0/gems/activerecord-5.2.3/lib/active_record/reflection.rb:769:in `klass'
/Library/Ruby/Gems/2.3.0/gems/activerecord-5.2.3/lib/active_record/reflection.rb:790:in `source_reflection'
/Library/Ruby/Gems/2.3.0/gems/activerecord-5.2.3/lib/active_record/reflection.rb:991:in `derive_class_name'
/Library/Ruby/Gems/2.3.0/gems/activerecord-5.2.3/lib/active_record/reflection.rb:162:in `class_name'
/Library/Ruby/Gems/2.3.0/gems/activerecord-5.2.3/lib/active_record/reflection.rb:769:in `klass'
/Library/Ruby/Gems/2.3.0/gems/activerecord-5.2.3/lib/active_record/reflection.rb:790:in `source_reflection'
/Library/Ruby/Gems/2.3.0/gems/activerecord-5.2.3/lib/active_record/reflection.rb:991:in `derive_class_name'
/Library/Ruby/Gems/2.3.0/gems/activerecord-5.2.3/lib/active_record/reflection.rb:162:in `class_name'
/Library/Ruby/Gems/2.3.0/gems/activerecord-5.2.3/lib/active_record/reflection.rb:769:in `klass'
/Library/Ruby/Gems/2.3.0/gems/activerecord-5.2.3/lib/active_record/reflection.rb:790:in `source_reflection'
/Library/Ruby/Gems/2.3.0/gems/activerecord-5.2.3/lib/active_record/reflection.rb:991:in `derive_class_name'
/Library/Ruby/Gems/2.3.0/gems/activerecord-5.2.3/lib/active_record/reflection.rb:162:in `class_name'
/Library/Ruby/Gems/2.3.0/gems/activerecord-5.2.3/lib/active_record/reflection.rb:769:in `klass'
/Library/Ruby/Gems/2.3.0/gems/activerecord-5.2.3/lib/active_record/reflection.rb:790:in `source_reflection'
/Library/Ruby/Gems/2.3.0/gems/activerecord-5.2.3/lib/active_record/reflection.rb:991:in `derive_class_name'
/Library/Ruby/Gems/2.3.0/gems/activerecord-5.2.3/lib/active_record/reflection.rb:162:in `class_name'
/Library/Ruby/Gems/2.3.0/gems/activerecord-5.2.3/lib/active_record/reflection.rb:769:in `klass'
/Library/Ruby/Gems/2.3.0/gems/activerecord-5.2.3/lib/active_record/reflection.rb:790:in `source_reflection'
/Library/Ruby/Gems/2.3.0/gems/activerecord-5.2.3/lib/active_record/reflection.rb:991:in `derive_class_name'
/Library/Ruby/Gems/2.3.0/gems/activerecord-5.2.3/lib/active_record/reflection.rb:162:in `class_name'
/Library/Ruby/Gems/2.3.0/gems/activerecord-5.2.3/lib/active_record/reflection.rb:769:in `klass'
/Library/Ruby/Gems/2.3.0/gems/activerecord-5.2.3/lib/active_record/reflection.rb:790:in `source_reflection'
/Library/Ruby/Gems/2.3.0/gems/activerecord-5.2.3/lib/active_record/reflection.rb:991:in `derive_class_name'
/Library/Ruby/Gems/2.3.0/gems/activerecord-5.2.3/lib/active_record/reflection.rb:162:in `class_name'
/Library/Ruby/Gems/2.3.0/gems/activerecord-5.2.3/lib/active_record/reflection.rb:769:in `klass'
/Library/Ruby/Gems/2.3.0/gems/activerecord-5.2.3/lib/active_record/reflection.rb:790:in `source_reflection'
/Library/Ruby/Gems/2.3.0/gems/activerecord-5.2.3/lib/active_record/reflection.rb:991:in `derive_class_name'
/Library/Ruby/Gems/2.3.0/gems/activerecord-5.2.3/lib/active_record/reflection.rb:162:in `class_name'
/Library/Ruby/Gems/2.3.0/gems/activerecord-5.2.3/lib/active_record/reflection.rb:769:in `klass'
/Library/Ruby/Gems/2.3.0/gems/activerecord-5.2.3/lib/active_record/reflection.rb:790:in `source_reflection'
/Library/Ruby/Gems/2.3.0/gems/activerecord-5.2.3/lib/active_record/reflection.rb:991:in `derive_class_name'
/Library/Ruby/Gems/2.3.0/gems/activerecord-5.2.3/lib/active_record/reflection.rb:162:in `class_name'
/Library/Ruby/Gems/2.3.0/gems/activerecord-5.2.3/lib/active_record/reflection.rb:769:in `klass'
/Library/Ruby/Gems/2.3.0/gems/activerecord-5.2.3/lib/active_record/reflection.rb:790:in `source_reflection'
/Library/Ruby/Gems/2.3.0/gems/activerecord-5.2.3/lib/active_record/reflection.rb:991:in `derive_class_name'
/Library/Ruby/Gems/2.3.0/gems/activerecord-5.2.3/lib/active_record/reflection.rb:162:in `class_name'
/Library/Ruby/Gems/2.3.0/gems/activerecord-5.2.3/lib/active_record/reflection.rb:769:in `klass'
/Library/Ruby/Gems/2.3.0/gems/activerecord-5.2.3/lib/active_record/reflection.rb:790:in `source_reflection'
/Library/Ruby/Gems/2.3.0/gems/activerecord-5.2.3/lib/active_record/reflection.rb:991:in `derive_class_name'
/Library/Ruby/Gems/2.3.0/gems/activerecord-5.2.3/lib/active_record/reflection.rb:162:in `class_name'
/Library/Ruby/Gems/2.3.0/gems/activerecord-5.2.3/lib/active_record/reflection.rb:769:in `klass'
/Library/Ruby/Gems/2.3.0/gems/activerecord-5.2.3/lib/active_record/reflection.rb:790:in `source_reflection'
/Library/Ruby/Gems/2.3.0/gems/activerecord-5.2.3/lib/active_record/reflection.rb:991:in `derive_class_name'
/Library/Ruby/Gems/2.3.0/gems/activerecord-5.2.3/lib/active_record/reflection.rb:162:in `class_name'
/Library/Ruby/Gems/2.3.0/gems/activerecord-5.2.3/lib/active_record/reflection.rb:769:in `klass'
/Library/Ruby/Gems/2.3.0/gems/activerecord-5.2.3/lib/active_record/reflection.rb:790:in `source_reflection'
/Library/Ruby/Gems/2.3.0/gems/activerecord-5.2.3/lib/active_record/reflection.rb:991:in `derive_class_name'
/Library/Ruby/Gems/2.3.0/gems/activerecord-5.2.3/lib/active_record/reflection.rb:162:in `class_name'
/Library/Ruby/Gems/2.3.0/gems/activerecord-5.2.3/lib/active_record/reflection.rb:769:in `klass'
/Library/Ruby/Gems/2.3.0/gems/activerecord-5.2.3/lib/active_record/reflection.rb:790:in `source_reflection'
/Library/Ruby/Gems/2.3.0/gems/activerecord-5.2.3/lib/active_record/reflection.rb:991:in `derive_class_name'
/Library/Ruby/Gems/2.3.0/gems/activerecord-5.2.3/lib/active_record/reflection.rb:162:in `class_name'
/Library/Ruby/Gems/2.3.0/gems/activerecord-5.2.3/lib/active_record/reflection.rb:769:in `klass'
/Library/Ruby/Gems/2.3.0/gems/activerecord-5.2.3/lib/active_record/reflection.rb:790:in `source_reflection'
/Library/Ruby/Gems/2.3.0/gems/activerecord-5.2.3/lib/active_record/reflection.rb:991:in `derive_class_name'
/Library/Ruby/Gems/2.3.0/gems/activerecord-5.2.3/lib/active_record/reflection.rb:162:in `class_name'
/Library/Ruby/Gems/2.3.0/gems/activerecord-5.2.3/lib/active_record/reflection.rb:769:in `klass'
/Library/Ruby/Gems/2.3.0/gems/activerecord-5.2.3/lib/active_record/reflection.rb:790:in `source_reflection'
/Library/Ruby/Gems/2.3.0/gems/activerecord-5.2.3/lib/active_record/reflection.rb:991:in `derive_class_name'
/Library/Ruby/Gems/2.3.0/gems/activerecord-5.2.3/lib/active_record/reflection.rb:162:in `class_name'
/Library/Ruby/Gems/2.3.0/gems/activerecord-5.2.3/lib/active_record/reflection.rb:769:in `klass'
/Library/Ruby/Gems/2.3.0/gems/activerecord-5.2.3/lib/active_record/reflection.rb:790:in `source_reflection'
/Library/Ruby/Gems/2.3.0/gems/activerecord-5.2.3/lib/active_record/reflection.rb:991:in `derive_class_name'
/Library/Ruby/Gems/2.3.0/gems/activerecord-5.2.3/lib/active_record/reflection.rb:162:in `class_name'
/Library/Ruby/Gems/2.3.0/gems/activerecord-5.2.3/lib/active_record/reflection.rb:769:in `klass'
/Library/Ruby/Gems/2.3.0/gems/activerecord-5.2.3/lib/active_record/reflection.rb:790:in `source_reflection'
/Library/Ruby/Gems/2.3.0/gems/activerecord-5.2.3/lib/active_record/reflection.rb:991:in `derive_class_name'
/Library/Ruby/Gems/2.3.0/gems/activerecord-5.2.3/lib/active_record/reflection.rb:162:in `class_name'
/Library/Ruby/Gems/2.3.0/gems/activerecord-5.2.3/lib/active_record/reflection.rb:769:in `klass'
/Library/Ruby/Gems/2.3.0/gems/activerecord-5.2.3/lib/active_record/reflection.rb:790:in `source_reflection'
/Library/Ruby/Gems/2.3.0/gems/activerecord-5.2.3/lib/active_record/reflection.rb:991:in `derive_class_name'
/Library/Ruby/Gems/2.3.0/gems/activerecord-5.2.3/lib/active_record/reflection.rb:162:in `class_name'
/Library/Ruby/Gems/2.3.0/gems/activerecord-5.2.3/lib/active_record/reflection.rb:769:in `klass'
/Library/Ruby/Gems/2.3.0/gems/activerecord-5.2.3/lib/active_record/reflection.rb:790:in `source_reflection'
/Library/Ruby/Gems/2.3.0/gems/activerecord-5.2.3/lib/active_record/reflection.rb:991:in `derive_class_name'
/Library/Ruby/Gems/2.3.0/gems/activerecord-5.2.3/lib/active_record/reflection.rb:162:in `class_name'
/Library/Ruby/Gems/2.3.0/gems/activerecord-5.2.3/lib/active_record/reflection.rb:769:in `klass'
/Library/Ruby/Gems/2.3.0/gems/activerecord-5.2.3/lib/active_record/reflection.rb:790:in `source_reflection'
/Library/Ruby/Gems/2.3.0/gems/activerecord-5.2.3/lib/active_record/reflection.rb:991:in `derive_class_name'
/Library/Ruby/Gems/2.3.0/gems/activerecord-5.2.3/lib/active_record/reflection.rb:162:in `class_name'
/Library/Ruby/Gems/2.3.0/gems/activerecord-5.2.3/lib/active_record/reflection.rb:769:in `klass'
/Library/Ruby/Gems/2.3.0/gems/activerecord-5.2.3/lib/active_record/reflection.rb:790:in `source_reflection'
/Library/Ruby/Gems/2.3.0/gems/activerecord-5.2.3/lib/active_record/reflection.rb:991:in `derive_class_name'
/Library/Ruby/Gems/2.3.0/gems/activerecord-5.2.3/lib/active_record/reflection.rb:162:in `class_name'
/Library/Ruby/Gems/2.3.0/gems/activerecord-5.2.3/lib/active_record/reflection.rb:769:in `klass'
/Library/Ruby/Gems/2.3.0/gems/activerecord-5.2.3/lib/active_record/reflection.rb:790:in `source_reflection'
/Library/Ruby/Gems/2.3.0/gems/activerecord-5.2.3/lib/active_record/reflection.rb:991:in `derive_class_name'
/Library/Ruby/Gems/2.3.0/gems/activerecord-5.2.3/lib/active_record/reflection.rb:162:in `class_name'
/Library/Ruby/Gems/2.3.0/gems/activerecord-5.2.3/lib/active_record/reflection.rb:769:in `klass'
/Library/Ruby/Gems/2.3.0/gems/activerecord-5.2.3/lib/active_record/reflection.rb:790:in `source_reflection'
/Library/Ruby/Gems/2.3.0/gems/activerecord-5.2.3/lib/active_record/reflection.rb:991:in `derive_class_name'
/Library/Ruby/Gems/2.3.0/gems/activerecord-5.2.3/lib/active_record/reflection.rb:162:in `class_name'
/Library/Ruby/Gems/2.3.0/gems/activerecord-5.2.3/lib/active_record/reflection.rb:769:in `klass'
/Library/Ruby/Gems/2.3.0/gems/activerecord-5.2.3/lib/active_record/reflection.rb:790:in `source_reflection'
/Library/Ruby/Gems/2.3.0/gems/activerecord-5.2.3/lib/active_record/reflection.rb:991:in `derive_class_name'
/Library/Ruby/Gems/2.3.0/gems/activerecord-5.2.3/lib/active_record/reflection.rb:162:in `class_name'
/Library/Ruby/Gems/2.3.0/gems/activerecord-5.2.3/lib/active_record/reflection.rb:769:in `klass'
/Library/Ruby/Gems/2.3.0/gems/activerecord-5.2.3/lib/active_record/reflection.rb:790:in `source_reflection'
/Library/Ruby/Gems/2.3.0/gems/activerecord-5.2.3/lib/active_record/reflection.rb:991:in `derive_class_name'
/Library/Ruby/Gems/2.3.0/gems/activerecord-5.2.3/lib/active_record/reflection.rb:162:in `class_name'
/Library/Ruby/Gems/2.3.0/gems/activerecord-5.2.3/lib/active_record/reflection.rb:769:in `klass'
/Library/Ruby/Gems/2.3.0/gems/activerecord-5.2.3/lib/active_record/reflection.rb:790:in `source_reflection'
/Library/Ruby/Gems/2.3.0/gems/activerecord-5.2.3/lib/active_record/reflection.rb:991:in `derive_class_name'
/Library/Ruby/Gems/2.3.0/gems/activerecord-5.2.3/lib/active_record/reflection.rb:162:in `class_name'
/Library/Ruby/Gems/2.3.0/gems/activerecord-5.2.3/lib/active_record/reflection.rb:769:in `klass'
/Library/Ruby/Gems/2.3.0/gems/activerecord-5.2.3/lib/active_record/reflection.rb:790:in `source_reflection'
/Library/Ruby/Gems/2.3.0/gems/activerecord-5.2.3/lib/active_record/reflection.rb:991:in `derive_class_name'
/Library/Ruby/Gems/2.3.0/gems/activerecord-5.2.3/lib/active_record/reflection.rb:162:in `class_name'
/Library/Ruby/Gems/2.3.0/gems/activerecord-5.2.3/lib/active_record/reflection.rb:769:in `klass'
/Library/Ruby/Gems/2.3.0/gems/activerecord-5.2.3/lib/active_record/reflection.rb:790:in `source_reflection'
/Library/Ruby/Gems/2.3.0/gems/activerecord-5.2.3/lib/active_record/reflection.rb:991:in `derive_class_name'
/Library/Ruby/Gems/2.3.0/gems/activerecord-5.2.3/lib/active_record/reflection.rb:162:in `class_name'
/Library/Ruby/Gems/2.3.0/gems/activerecord-5.2.3/lib/active_record/reflection.rb:769:in `klass'
/Library/Ruby/Gems/2.3.0/gems/activerecord-5.2.3/lib/active_record/reflection.rb:790:in `source_reflection'
/Library/Ruby/Gems/2.3.0/gems/activerecord-5.2.3/lib/active_record/reflection.rb:991:in `derive_class_name'
/Library/Ruby/Gems/2.3.0/gems/activerecord-5.2.3/lib/active_record/reflection.rb:162:in `class_name'
/Library/Ruby/Gems/2.3.0/gems/activerecord-5.2.3/lib/active_record/reflection.rb:769:in `klass'
/Library/Ruby/Gems/2.3.0/gems/activerecord-5.2.3/lib/active_record/reflection.rb:790:in `source_reflection'
/Library/Ruby/Gems/2.3.0/gems/activerecord-5.2.3/lib/active_record/reflection.rb:991:in `derive_class_name'
/Library/Ruby/Gems/2.3.0/gems/activerecord-5.2.3/lib/active_record/reflection.rb:162:in `class_name'
/Library/Ruby/Gems/2.3.0/gems/activerecord-5.2.3/lib/active_record/reflection.rb:769:in `klass'
/Library/Ruby/Gems/2.3.0/gems/activerecord-5.2.3/lib/active_record/reflection.rb:790:in `source_reflection'
/Library/Ruby/Gems/2.3.0/gems/activerecord-5.2.3/lib/active_record/reflection.rb:991:in `derive_class_name'
/Library/Ruby/Gems/2.3.0/gems/activerecord-5.2.3/lib/active_record/reflection.rb:162:in `class_name'
/Library/Ruby/Gems/2.3.0/gems/activerecord-5.2.3/lib/active_record/reflection.rb:769:in `klass'
/Library/Ruby/Gems/2.3.0/gems/activerecord-5.2.3/lib/active_record/reflection.rb:790:in `source_reflection'
/Library/Ruby/Gems/2.3.0/gems/activerecord-5.2.3/lib/active_record/reflection.rb:991:in `derive_class_name'
/Library/Ruby/Gems/2.3.0/gems/activerecord-5.2.3/lib/active_record/reflection.rb:162:in `class_name'
/Library/Ruby/Gems/2.3.0/gems/activerecord-5.2.3/lib/active_record/reflection.rb:769:in `klass'
/Library/Ruby/Gems/2.3.0/gems/activerecord-5.2.3/lib/active_record/reflection.rb:790:in `source_reflection'
/Library/Ruby/Gems/2.3.0/gems/activerecord-5.2.3/lib/active_record/reflection.rb:991:in `derive_class_name'
/Library/Ruby/Gems/2.3.0/gems/activerecord-5.2.3/lib/active_record/reflection.rb:162:in `class_name'
/Library/Ruby/Gems/2.3.0/gems/activerecord-5.2.3/lib/active_record/reflection.rb:769:in `klass'
/Library/Ruby/Gems/2.3.0/gems/activerecord-5.2.3/lib/active_record/reflection.rb:790:in `source_reflection'
/Library/Ruby/Gems/2.3.0/gems/activerecord-5.2.3/lib/active_record/reflection.rb:991:in `derive_class_name'
/Library/Ruby/Gems/2.3.0/gems/activerecord-5.2.3/lib/active_record/reflection.rb:162:in `class_name'
/Library/Ruby/Gems/2.3.0/gems/activerecord-5.2.3/lib/active_record/reflection.rb:769:in `klass'
/Library/Ruby/Gems/2.3.0/gems/activerecord-5.2.3/lib/active_record/reflection.rb:790:in `source_reflection'
/Library/Ruby/Gems/2.3.0/gems/activerecord-5.2.3/lib/active_record/reflection.rb:991:in `derive_class_name'
/Library/Ruby/Gems/2.3.0/gems/activerecord-5.2.3/lib/active_record/reflection.rb:162:in `class_name'
/Library/Ruby/Gems/2.3.0/gems/activerecord-5.2.3/lib/active_record/reflection.rb:769:in `klass'
/Library/Ruby/Gems/2.3.0/gems/activerecord-5.2.3/lib/active_record/reflection.rb:790:in `source_reflection'
/Library/Ruby/Gems/2.3.0/gems/activerecord-5.2.3/lib/active_record/reflection.rb:991:in `derive_class_name'
/Library/Ruby/Gems/2.3.0/gems/activerecord-5.2.3/lib/active_record/reflection.rb:162:in `class_name'
/Library/Ruby/Gems/2.3.0/gems/activerecord-5.2.3/lib/active_record/reflection.rb:769:in `klass'
/Library/Ruby/Gems/2.3.0/gems/activerecord-5.2.3/lib/active_record/reflection.rb:790:in `source_reflection'
/Library/Ruby/Gems/2.3.0/gems/activerecord-5.2.3/lib/active_record/reflection.rb:991:in `derive_class_name'
/Library/Ruby/Gems/2.3.0/gems/activerecord-5.2.3/lib/active_record/reflection.rb:162:in `class_name'
/Library/Ruby/Gems/2.3.0/gems/activerecord-5.2.3/lib/active_record/reflection.rb:769:in `klass'
/Library/Ruby/Gems/2.3.0/gems/activerecord-5.2.3/lib/active_record/reflection.rb:790:in `source_reflection'
/Library/Ruby/Gems/2.3.0/gems/activerecord-5.2.3/lib/active_record/reflection.rb:991:in `derive_class_name'
/Library/Ruby/Gems/2.3.0/gems/activerecord-5.2.3/lib/active_record/reflection.rb:162:in `class_name'
/Library/Ruby/Gems/2.3.0/gems/activerecord-5.2.3/lib/active_record/reflection.rb:769:in `klass'
/Library/Ruby/Gems/2.3.0/gems/activerecord-5.2.3/lib/active_record/reflection.rb:790:in `source_reflection'
/Library/Ruby/Gems/2.3.0/gems/activerecord-5.2.3/lib/active_record/reflection.rb:991:in `derive_class_name'
/Library/Ruby/Gems/2.3.0/gems/activerecord-5.2.3/lib/active_record/reflection.rb:162:in `class_name'
/Library/Ruby/Gems/2.3.0/gems/activerecord-5.2.3/lib/active_record/reflection.rb:769:in `klass'
/Library/Ruby/Gems/2.3.0/gems/activerecord-5.2.3/lib/active_record/reflection.rb:790:in `source_reflection'
/Library/Ruby/Gems/2.3.0/gems/activerecord-5.2.3/lib/active_record/reflection.rb:991:in `derive_class_name'
/Library/Ruby/Gems/2.3.0/gems/activerecord-5.2.3/lib/active_record/reflection.rb:162:in `class_name'
/Library/Ruby/Gems/2.3.0/gems/activerecord-5.2.3/lib/active_record/reflection.rb:769:in `klass'
/Library/Ruby/Gems/2.3.0/gems/activerecord-5.2.3/lib/active_record/reflection.rb:790:in `source_reflection'
/Library/Ruby/Gems/2.3.0/gems/activerecord-5.2.3/lib/active_record/reflection.rb:991:in `derive_class_name'
/Library/Ruby/Gems/2.3.0/gems/activerecord-5.2.3/lib/active_record/reflection.rb:162:in `class_name'
/Library/Ruby/Gems/2.3.0/gems/activerecord-5.2.3/lib/active_record/reflection.rb:769:in `klass'
/Library/Ruby/Gems/2.3.0/gems/activerecord-5.2.3/lib/active_record/reflection.rb:790:in `source_reflection'
/Library/Ruby/Gems/2.3.0/gems/activerecord-5.2.3/lib/active_record/reflection.rb:991:in `derive_class_name'
/Library/Ruby/Gems/2.3.0/gems/activerecord-5.2.3/lib/active_record/reflection.rb:162:in `class_name'
/Library/Ruby/Gems/2.3.0/gems/activerecord-5.2.3/lib/active_record/reflection.rb:769:in `klass'
/Library/Ruby/Gems/2.3.0/gems/activerecord-5.2.3/lib/active_record/reflection.rb:790:in `source_reflection'
/Library/Ruby/Gems/2.3.0/gems/activerecord-5.2.3/lib/active_record/reflection.rb:991:in `derive_class_name'
/Library/Ruby/Gems/2.3.0/gems/activerecord-5.2.3/lib/active_record/reflection.rb:162:in `class_name'
/Library/Ruby/Gems/2.3.0/gems/activerecord-5.2.3/lib/active_record/reflection.rb:769:in `klass'
/Library/Ruby/Gems/2.3.0/gems/activerecord-5.2.3/lib/active_record/reflection.rb:790:in `source_reflection'
/Library/Ruby/Gems/2.3.0/gems/activerecord-5.2.3/lib/active_record/reflection.rb:991:in `derive_class_name'
/Library/Ruby/Gems/2.3.0/gems/activerecord-5.2.3/lib/active_record/reflection.rb:162:in `class_name'
/Library/Ruby/Gems/2.3.0/gems/activerecord-5.2.3/lib/active_record/reflection.rb:769:in `klass'
/Library/Ruby/Gems/2.3.0/gems/activerecord-5.2.3/lib/active_record/reflection.rb:790:in `source_reflection'
/Library/Ruby/Gems/2.3.0/gems/activerecord-5.2.3/lib/active_record/reflection.rb:991:in `derive_class_name'
/Library/Ruby/Gems/2.3.0/gems/activerecord-5.2.3/lib/active_record/reflection.rb:162:in `class_name'
/Library/Ruby/Gems/2.3.0/gems/activerecord-5.2.3/lib/active_record/reflection.rb:769:in `klass'
/Library/Ruby/Gems/2.3.0/gems/activerecord-5.2.3/lib/active_record/reflection.rb:790:in `source_reflection'
/Library/Ruby/Gems/2.3.0/gems/activerecord-5.2.3/lib/active_record/reflection.rb:991:in `derive_class_name'
/Library/Ruby/Gems/2.3.0/gems/activerecord-5.2.3/lib/active_record/reflection.rb:162:in `class_name'
/Library/Ruby/Gems/2.3.0/gems/activerecord-5.2.3/lib/active_record/reflection.rb:769:in `klass'
/Library/Ruby/Gems/2.3.0/gems/activerecord-5.2.3/lib/active_record/reflection.rb:790:in `source_reflection'
/Library/Ruby/Gems/2.3.0/gems/activerecord-5.2.3/lib/active_record/reflection.rb:991:in `derive_class_name'
/Library/Ruby/Gems/2.3.0/gems/activerecord-5.2.3/lib/active_record/reflection.rb:162:in `class_name'
/Library/Ruby/Gems/2.3.0/gems/activerecord-5.2.3/lib/active_record/reflection.rb:769:in `klass'
/Library/Ruby/Gems/2.3.0/gems/activerecord-5.2.3/lib/active_record/reflection.rb:790:in `source_reflection'
/Library/Ruby/Gems/2.3.0/gems/activerecord-5.2.3/lib/active_record/reflection.rb:991:in `derive_class_name'
/Library/Ruby/Gems/2.3.0/gems/activerecord-5.2.3/lib/active_record/reflection.rb:162:in `class_name'
/Library/Ruby/Gems/2.3.0/gems/activerecord-5.2.3/lib/active_record/reflection.rb:769:in `klass'
/Library/Ruby/Gems/2.3.0/gems/activerecord-5.2.3/lib/active_record/reflection.rb:790:in `source_reflection'
/Library/Ruby/Gems/2.3.0/gems/activerecord-5.2.3/lib/active_record/reflection.rb:991:in `derive_class_name'
/Library/Ruby/Gems/2.3.0/gems/activerecord-5.2.3/lib/active_record/reflection.rb:162:in `class_name'
/Library/Ruby/Gems/2.3.0/gems/activerecord-5.2.3/lib/active_record/reflection.rb:769:in `klass'
/Library/Ruby/Gems/2.3.0/gems/activerecord-5.2.3/lib/active_record/reflection.rb:790:in `source_reflection'
/Library/Ruby/Gems/2.3.0/gems/activerecord-5.2.3/lib/active_record/reflection.rb:991:in `derive_class_name'
/Library/Ruby/Gems/2.3.0/gems/activerecord-5.2.3/lib/active_record/reflection.rb:162:in `class_name'
/Library/Ruby/Gems/2.3.0/gems/activerecord-5.2.3/lib/active_record/reflection.rb:769:in `klass'
/Library/Ruby/Gems/2.3.0/gems/activerecord-5.2.3/lib/active_record/reflection.rb:790:in `source_reflection'
/Library/Ruby/Gems/2.3.0/gems/activerecord-5.2.3/lib/active_record/reflection.rb:991:in `derive_class_name'
/Library/Ruby/Gems/2.3.0/gems/activerecord-5.2.3/lib/active_record/reflection.rb:162:in `class_name'
/Library/Ruby/Gems/2.3.0/gems/activerecord-5.2.3/lib/active_record/reflection.rb:769:in `klass'
/Library/Ruby/Gems/2.3.0/gems/activerecord-5.2.3/lib/active_record/reflection.rb:790:in `source_reflection'
/Library/Ruby/Gems/2.3.0/gems/activerecord-5.2.3/lib/active_record/reflection.rb:991:in `derive_class_name'
/Library/Ruby/Gems/2.3.0/gems/activerecord-5.2.3/lib/active_record/reflection.rb:162:in `class_name'
/Library/Ruby/Gems/2.3.0/gems/activerecord-5.2.3/lib/active_record/reflection.rb:769:in `klass'
/Library/Ruby/Gems/2.3.0/gems/activerecord-5.2.3/lib/active_record/reflection.rb:790:in `source_reflection'
/Library/Ruby/Gems/2.3.0/gems/activerecord-5.2.3/lib/active_record/reflection.rb:991:in `derive_class_name'
/Library/Ruby/Gems/2.3.0/gems/activerecord-5.2.3/lib/active_record/reflection.rb:162:in `class_name'
/Library/Ruby/Gems/2.3.0/gems/activerecord-5.2.3/lib/active_record/reflection.rb:769:in `klass'
/Library/Ruby/Gems/2.3.0/gems/activerecord-5.2.3/lib/active_record/reflection.rb:790:in `source_reflection'
/Library/Ruby/Gems/2.3.0/gems/activerecord-5.2.3/lib/active_record/reflection.rb:991:in `derive_class_name'
/Library/Ruby/Gems/2.3.0/gems/activerecord-5.2.3/lib/active_record/reflection.rb:162:in `class_name'
/Library/Ruby/Gems/2.3.0/gems/activerecord-5.2.3/lib/active_record/reflection.rb:769:in `klass'
/Library/Ruby/Gems/2.3.0/gems/activerecord-5.2.3/lib/active_record/reflection.rb:790:in `source_reflection'
/Library/Ruby/Gems/2.3.0/gems/activerecord-5.2.3/lib/active_record/reflection.rb:991:in `derive_class_name'
/Library/Ruby/Gems/2.3.0/gems/activerecord-5.2.3/lib/active_record/reflection.rb:162:in `class_name'
/Library/Ruby/Gems/2.3.0/gems/activerecord-5.2.3/lib/active_record/reflection.rb:769:in `klass'
/Library/Ruby/Gems/2.3.0/gems/activerecord-5.2.3/lib/active_record/reflection.rb:790:in `source_reflection'
/Library/Ruby/Gems/2.3.0/gems/activerecord-5.2.3/lib/active_record/reflection.rb:991:in `derive_class_name'
/Library/Ruby/Gems/2.3.0/gems/activerecord-5.2.3/lib/active_record/reflection.rb:162:in `class_name'
/Library/Ruby/Gems/2.3.0/gems/activerecord-5.2.3/lib/active_record/reflection.rb:769:in `klass'
/Library/Ruby/Gems/2.3.0/gems/activerecord-5.2.3/lib/active_record/reflection.rb:790:in `source_reflection'
/Library/Ruby/Gems/2.3.0/gems/activerecord-5.2.3/lib/active_record/reflection.rb:991:in `derive_class_name'
/Library/Ruby/Gems/2.3.0/gems/activerecord-5.2.3/lib/active_record/reflection.rb:162:in `class_name'
/Library/Ruby/Gems/2.3.0/gems/activerecord-5.2.3/lib/active_record/reflection.rb:769:in `klass'
/Library/Ruby/Gems/2.3.0/gems/activerecord-5.2.3/lib/active_record/reflection.rb:790:in `source_reflection'
/Library/Ruby/Gems/2.3.0/gems/activerecord-5.2.3/lib/active_record/reflection.rb:991:in `derive_class_name'
/Library/Ruby/Gems/2.3.0/gems/activerecord-5.2.3/lib/active_record/reflection.rb:162:in `class_name'
/Library/Ruby/Gems/2.3.0/gems/activerecord-5.2.3/lib/active_record/reflection.rb:769:in `klass'
/Library/Ruby/Gems/2.3.0/gems/activerecord-5.2.3/lib/active_record/reflection.rb:790:in `source_reflection'
/Library/Ruby/Gems/2.3.0/gems/activerecord-5.2.3/lib/active_record/reflection.rb:991:in `derive_class_name'
/Library/Ruby/Gems/2.3.0/gems/activerecord-5.2.3/lib/active_record/reflection.rb:162:in `class_name'
/Library/Ruby/Gems/2.3.0/gems/activerecord-5.2.3/lib/active_record/reflection.rb:769:in `klass'
/Library/Ruby/Gems/2.3.0/gems/activerecord-5.2.3/lib/active_record/reflection.rb:790:in `source_reflection'
/Library/Ruby/Gems/2.3.0/gems/activerecord-5.2.3/lib/active_record/reflection.rb:991:in `derive_class_name'
/Library/Ruby/Gems/2.3.0/gems/activerecord-5.2.3/lib/active_record/reflection.rb:162:in `class_name'
/Library/Ruby/Gems/2.3.0/gems/activerecord-5.2.3/lib/active_record/reflection.rb:769:in `klass'
/Library/Ruby/Gems/2.3.0/gems/activerecord-5.2.3/lib/active_record/reflection.rb:790:in `source_reflection'
/Library/Ruby/Gems/2.3.0/gems/activerecord-5.2.3/lib/active_record/reflection.rb:991:in `derive_class_name'
/Library/Ruby/Gems/2.3.0/gems/activerecord-5.2.3/lib/active_record/reflection.rb:162:in `class_name'
/Library/Ruby/Gems/2.3.0/gems/activerecord-5.2.3/lib/active_record/reflection.rb:769:in `klass'
/Library/Ruby/Gems/2.3.0/gems/activerecord-5.2.3/lib/active_record/reflection.rb:790:in `source_reflection'
/Library/Ruby/Gems/2.3.0/gems/activerecord-5.2.3/lib/active_record/reflection.rb:991:in `derive_class_name'
/Library/Ruby/Gems/2.3.0/gems/activerecord-5.2.3/lib/active_record/reflection.rb:162:in `class_name'
/Library/Ruby/Gems/2.3.0/gems/activerecord-5.2.3/lib/active_record/reflection.rb:769:in `klass'
/Library/Ruby/Gems/2.3.0/gems/activerecord-5.2.3/lib/active_record/reflection.rb:790:in `source_reflection'
/Library/Ruby/Gems/2.3.0/gems/activerecord-5.2.3/lib/active_record/reflection.rb:991:in `derive_class_name'
/Library/Ruby/Gems/2.3.0/gems/activerecord-5.2.3/lib/active_record/reflection.rb:162:in `class_name'
/Library/Ruby/Gems/2.3.0/gems/activerecord-5.2.3/lib/active_record/reflection.rb:769:in `klass'
/Library/Ruby/Gems/2.3.0/gems/activerecord-5.2.3/lib/active_record/reflection.rb:790:in `source_reflection'
/Library/Ruby/Gems/2.3.0/gems/activerecord-5.2.3/lib/active_record/reflection.rb:991:in `derive_class_name'
/Library/Ruby/Gems/2.3.0/gems/activerecord-5.2.3/lib/active_record/reflection.rb:162:in `class_name'
/Library/Ruby/Gems/2.3.0/gems/activerecord-5.2.3/lib/active_record/reflection.rb:769:in `klass'
/Library/Ruby/Gems/2.3.0/gems/activerecord-5.2.3/lib/active_record/reflection.rb:790:in `source_reflection'
/Library/Ruby/Gems/2.3.0/gems/activerecord-5.2.3/lib/active_record/reflection.rb:991:in `derive_class_name'
/Library/Ruby/Gems/2.3.0/gems/activerecord-5.2.3/lib/active_record/reflection.rb:162:in `class_name'
/Library/Ruby/Gems/2.3.0/gems/activerecord-5.2.3/lib/active_record/reflection.rb:769:in `klass'
/Library/Ruby/Gems/2.3.0/gems/activerecord-5.2.3/lib/active_record/reflection.rb:790:in `source_reflection'
/Library/Ruby/Gems/2.3.0/gems/activerecord-5.2.3/lib/active_record/reflection.rb:991:in `derive_class_name'
/Library/Ruby/Gems/2.3.0/gems/activerecord-5.2.3/lib/active_record/reflection.rb:162:in `class_name'
/Library/Ruby/Gems/2.3.0/gems/activerecord-5.2.3/lib/active_record/reflection.rb:769:in `klass'
/Library/Ruby/Gems/2.3.0/gems/activerecord-5.2.3/lib/active_record/reflection.rb:790:in `source_reflection'
/Library/Ruby/Gems/2.3.0/gems/activerecord-5.2.3/lib/active_record/reflection.rb:991:in `derive_class_name'
/Library/Ruby/Gems/2.3.0/gems/activerecord-5.2.3/lib/active_record/reflection.rb:162:in `class_name'
/Library/Ruby/Gems/2.3.0/gems/activerecord-5.2.3/lib/active_record/reflection.rb:769:in `klass'
/Library/Ruby/Gems/2.3.0/gems/activerecord-5.2.3/lib/active_record/reflection.rb:790:in `source_reflection'
/Library/Ruby/Gems/2.3.0/gems/activerecord-5.2.3/lib/active_record/reflection.rb:991:in `derive_class_name'
/Library/Ruby/Gems/2.3.0/gems/activerecord-5.2.3/lib/active_record/reflection.rb:162:in `class_name'
/Library/Ruby/Gems/2.3.0/gems/activerecord-5.2.3/lib/active_record/reflection.rb:769:in `klass'
/Library/Ruby/Gems/2.3.0/gems/activerecord-5.2.3/lib/active_record/reflection.rb:790:in `source_reflection'
/Library/Ruby/Gems/2.3.0/gems/activerecord-5.2.3/lib/active_record/reflection.rb:991:in `derive_class_name'
/Library/Ruby/Gems/2.3.0/gems/activerecord-5.2.3/lib/active_record/reflection.rb:162:in `class_name'
/Library/Ruby/Gems/2.3.0/gems/activerecord-5.2.3/lib/active_record/reflection.rb:769:in `klass'
/Library/Ruby/Gems/2.3.0/gems/activerecord-5.2.3/lib/active_record/reflection.rb:790:in `source_reflection'
/Library/Ruby/Gems/2.3.0/gems/activerecord-5.2.3/lib/active_record/reflection.rb:991:in `derive_class_name'
/Library/Ruby/Gems/2.3.0/gems/activerecord-5.2.3/lib/active_record/reflection.rb:162:in `class_name'
/Library/Ruby/Gems/2.3.0/gems/activerecord-5.2.3/lib/active_record/reflection.rb:769:in `klass'
/Library/Ruby/Gems/2.3.0/gems/activerecord-5.2.3/lib/active_record/reflection.rb:790:in `source_reflection'
/Library/Ruby/Gems/2.3.0/gems/activerecord-5.2.3/lib/active_record/reflection.rb:991:in `derive_class_name'
/Library/Ruby/Gems/2.3.0/gems/activerecord-5.2.3/lib/active_record/reflection.rb:162:in `class_name'
/Library/Ruby/Gems/2.3.0/gems/activerecord-5.2.3/lib/active_record/reflection.rb:769:in `klass'
/Library/Ruby/Gems/2.3.0/gems/activerecord-5.2.3/lib/active_record/reflection.rb:790:in `source_reflection'
/Library/Ruby/Gems/2.3.0/gems/activerecord-5.2.3/lib/active_record/reflection.rb:991:in `derive_class_name'
/Library/Ruby/Gems/2.3.0/gems/activerecord-5.2.3/lib/active_record/reflection.rb:162:in `class_name'
/Library/Ruby/Gems/2.3.0/gems/activerecord-5.2.3/lib/active_record/reflection.rb:769:in `klass'
/Library/Ruby/Gems/2.3.0/gems/activerecord-5.2.3/lib/active_record/reflection.rb:790:in `source_reflection'
/Library/Ruby/Gems/2.3.0/gems/activerecord-5.2.3/lib/active_record/reflection.rb:991:in `derive_class_name'
/Library/Ruby/Gems/2.3.0/gems/activerecord-5.2.3/lib/active_record/reflection.rb:162:in `class_name'
/Library/Ruby/Gems/2.3.0/gems/activerecord-5.2.3/lib/active_record/reflection.rb:769:in `klass'
/Library/Ruby/Gems/2.3.0/gems/activerecord-5.2.3/lib/active_record/reflection.rb:790:in `source_reflection'
/Library/Ruby/Gems/2.3.0/gems/activerecord-5.2.3/lib/active_record/reflection.rb:991:in `derive_class_name'
/Library/Ruby/Gems/2.3.0/gems/activerecord-5.2.3/lib/active_record/reflection.rb:162:in `class_name'
/Library/Ruby/Gems/2.3.0/gems/activerecord-5.2.3/lib/active_record/reflection.rb:769:in `klass'
/Library/Ruby/Gems/2.3.0/gems/activerecord-5.2.3/lib/active_record/reflection.rb:790:in `source_reflection'
/Library/Ruby/Gems/2.3.0/gems/activerecord-5.2.3/lib/active_record/reflection.rb:991:in `derive_class_name'
/Library/Ruby/Gems/2.3.0/gems/activerecord-5.2.3/lib/active_record/reflection.rb:162:in `class_name'
/Library/Ruby/Gems/2.3.0/gems/activerecord-5.2.3/lib/active_record/reflection.rb:769:in `klass'
/Library/Ruby/Gems/2.3.0/gems/activerecord-5.2.3/lib/active_record/reflection.rb:790:in `source_reflection'
/Library/Ruby/Gems/2.3.0/gems/activerecord-5.2.3/lib/active_record/reflection.rb:991:in `derive_class_name'
/Library/Ruby/Gems/2.3.0/gems/activerecord-5.2.3/lib/active_record/reflection.rb:162:in `class_name'
/Library/Ruby/Gems/2.3.0/gems/activerecord-5.2.3/lib/active_record/reflection.rb:769:in `klass'
/Library/Ruby/Gems/2.3.0/gems/activerecord-5.2.3/lib/active_record/reflection.rb:790:in `source_reflection'
/Library/Ruby/Gems/2.3.0/gems/activerecord-5.2.3/lib/active_record/reflection.rb:991:in `derive_class_name'
/Library/Ruby/Gems/2.3.0/gems/activerecord-5.2.3/lib/active_record/reflection.rb:162:in `class_name'
/Library/Ruby/Gems/2.3.0/gems/activerecord-5.2.3/lib/active_record/reflection.rb:769:in `klass'
/Library/Ruby/Gems/2.3.0/gems/activerecord-5.2.3/lib/active_record/reflection.rb:790:in `source_reflection'
/Library/Ruby/Gems/2.3.0/gems/activerecord-5.2.3/lib/active_record/reflection.rb:991:in `derive_class_name'
/Library/Ruby/Gems/2.3.0/gems/activerecord-5.2.3/lib/active_record/reflection.rb:162:in `class_name'
/Library/Ruby/Gems/2.3.0/gems/activerecord-5.2.3/lib/active_record/reflection.rb:769:in `klass'
/Library/Ruby/Gems/2.3.0/gems/activerecord-5.2.3/lib/active_record/reflection.rb:790:in `source_reflection'
/Library/Ruby/Gems/2.3.0/gems/activerecord-5.2.3/lib/active_record/reflection.rb:991:in `derive_class_name'
/Library/Ruby/Gems/2.3.0/gems/activerecord-5.2.3/lib/active_record/reflection.rb:162:in `class_name'
/Library/Ruby/Gems/2.3.0/gems/activerecord-5.2.3/lib/active_record/reflection.rb:769:in `klass'
/Library/Ruby/Gems/2.3.0/gems/activerecord-5.2.3/lib/active_record/reflection.rb:790:in `source_reflection'
/Library/Ruby/Gems/2.3.0/gems/activerecord-5.2.3/lib/active_record/reflection.rb:991:in `derive_class_name'
/Library/Ruby/Gems/2.3.0/gems/activerecord-5.2.3/lib/active_record/reflection.rb:162:in `class_name'
/Library/Ruby/Gems/2.3.0/gems/activerecord-5.2.3/lib/active_record/reflection.rb:769:in `klass'
/Library/Ruby/Gems/2.3.0/gems/activerecord-5.2.3/lib/active_record/reflection.rb:790:in `source_reflection'
/Library/Ruby/Gems/2.3.0/gems/activerecord-5.2.3/lib/active_record/reflection.rb:991:in `derive_class_name'
/Library/Ruby/Gems/2.3.0/gems/activerecord-5.2.3/lib/active_record/reflection.rb:162:in `class_name'
/Library/Ruby/Gems/2.3.0/gems/activerecord-5.2.3/lib/active_record/reflection.rb:769:in `klass'
/Library/Ruby/Gems/2.3.0/gems/activerecord-5.2.3/lib/active_record/reflection.rb:790:in `source_reflection'
/Library/Ruby/Gems/2.3.0/gems/activerecord-5.2.3/lib/active_record/reflection.rb:991:in `derive_class_name'
/Library/Ruby/Gems/2.3.0/gems/activerecord-5.2.3/lib/active_record/reflection.rb:162:in `class_name'
/Library/Ruby/Gems/2.3.0/gems/activerecord-5.2.3/lib/active_record/reflection.rb:769:in `klass'
/Library/Ruby/Gems/2.3.0/gems/activerecord-5.2.3/lib/active_record/reflection.rb:790:in `source_reflection'
/Library/Ruby/Gems/2.3.0/gems/activerecord-5.2.3/lib/active_record/reflection.rb:991:in `derive_class_name'
/Library/Ruby/Gems/2.3.0/gems/activerecord-5.2.3/lib/active_record/reflection.rb:162:in `class_name'
/Library/Ruby/Gems/2.3.0/gems/activerecord-5.2.3/lib/active_record/reflection.rb:769:in `klass'
/Library/Ruby/Gems/2.3.0/gems/activerecord-5.2.3/lib/active_record/reflection.rb:790:in `source_reflection'
/Library/Ruby/Gems/2.3.0/gems/activerecord-5.2.3/lib/active_record/reflection.rb:991:in `derive_class_name'
/Library/Ruby/Gems/2.3.0/gems/activerecord-5.2.3/lib/active_record/reflection.rb:162:in `class_name'
/Library/Ruby/Gems/2.3.0/gems/activerecord-5.2.3/lib/active_record/reflection.rb:769:in `klass'
/Library/Ruby/Gems/2.3.0/gems/activerecord-5.2.3/lib/active_record/reflection.rb:790:in `source_reflection'
/Library/Ruby/Gems/2.3.0/gems/activerecord-5.2.3/lib/active_record/reflection.rb:991:in `derive_class_name'
/Library/Ruby/Gems/2.3.0/gems/activerecord-5.2.3/lib/active_record/reflection.rb:162:in `class_name'
/Library/Ruby/Gems/2.3.0/gems/activerecord-5.2.3/lib/active_record/reflection.rb:769:in `klass'
/Library/Ruby/Gems/2.3.0/gems/activerecord-5.2.3/lib/active_record/reflection.rb:790:in `source_reflection'
/Library/Ruby/Gems/2.3.0/gems/activerecord-5.2.3/lib/active_record/reflection.rb:991:in `derive_class_name'
/Library/Ruby/Gems/2.3.0/gems/activerecord-5.2.3/lib/active_record/reflection.rb:162:in `class_name'
/Library/Ruby/Gems/2.3.0/gems/activerecord-5.2.3/lib/active_record/reflection.rb:769:in `klass'
/Library/Ruby/Gems/2.3.0/gems/activerecord-5.2.3/lib/active_record/reflection.rb:790:in `source_reflection'
/Library/Ruby/Gems/2.3.0/gems/activerecord-5.2.3/lib/active_record/reflection.rb:991:in `derive_class_name'
/Library/Ruby/Gems/2.3.0/gems/activerecord-5.2.3/lib/active_record/reflection.rb:162:in `class_name'
/Library/Ruby/Gems/2.3.0/gems/activerecord-5.2.3/lib/active_record/reflection.rb:769:in `klass'
/Library/Ruby/Gems/2.3.0/gems/activerecord-5.2.3/lib/active_record/reflection.rb:790:in `source_reflection'
/Library/Ruby/Gems/2.3.0/gems/activerecord-5.2.3/lib/active_record/reflection.rb:991:in `derive_class_name'
/Library/Ruby/Gems/2.3.0/gems/activerecord-5.2.3/lib/active_record/reflection.rb:162:in `class_name'
/Library/Ruby/Gems/2.3.0/gems/activerecord-5.2.3/lib/active_record/reflection.rb:769:in `klass'
/Library/Ruby/Gems/2.3.0/gems/activerecord-5.2.3/lib/active_record/reflection.rb:790:in `source_reflection'
/Library/Ruby/Gems/2.3.0/gems/activerecord-5.2.3/lib/active_record/reflection.rb:991:in `derive_class_name'
/Library/Ruby/Gems/2.3.0/gems/activerecord-5.2.3/lib/active_record/reflection.rb:162:in `class_name'
/Library/Ruby/Gems/2.3.0/gems/activerecord-5.2.3/lib/active_record/reflection.rb:769:in `klass'
/Library/Ruby/Gems/2.3.0/gems/activerecord-5.2.3/lib/active_record/reflection.rb:790:in `source_reflection'
/Library/Ruby/Gems/2.3.0/gems/activerecord-5.2.3/lib/active_record/reflection.rb:991:in `derive_class_name'
/Library/Ruby/Gems/2.3.0/gems/activerecord-5.2.3/lib/active_record/reflection.rb:162:in `class_name'
/Library/Ruby/Gems/2.3.0/gems/activerecord-5.2.3/lib/active_record/reflection.rb:769:in `klass'
/Library/Ruby/Gems/2.3.0/gems/activerecord-5.2.3/lib/active_record/reflection.rb:790:in `source_reflection'
/Library/Ruby/Gems/2.3.0/gems/activerecord-5.2.3/lib/active_record/reflection.rb:991:in `derive_class_name'
/Library/Ruby/Gems/2.3.0/gems/activerecord-5.2.3/lib/active_record/reflection.rb:162:in `class_name'
/Library/Ruby/Gems/2.3.0/gems/activerecord-5.2.3/lib/active_record/reflection.rb:769:in `klass'
/Library/Ruby/Gems/2.3.0/gems/activerecord-5.2.3/lib/active_record/reflection.rb:790:in `source_reflection'
/Library/Ruby/Gems/2.3.0/gems/activerecord-5.2.3/lib/active_record/reflection.rb:991:in `derive_class_name'
/Library/Ruby/Gems/2.3.0/gems/activerecord-5.2.3/lib/active_record/reflection.rb:162:in `class_name'
/Library/Ruby/Gems/2.3.0/gems/activerecord-5.2.3/lib/active_record/reflection.rb:769:in `klass'
/Library/Ruby/Gems/2.3.0/gems/activerecord-5.2.3/lib/active_record/reflection.rb:790:in `source_reflection'
/Library/Ruby/Gems/2.3.0/gems/activerecord-5.2.3/lib/active_record/reflection.rb:991:in `derive_class_name'
/Library/Ruby/Gems/2.3.0/gems/activerecord-5.2.3/lib/active_record/reflection.rb:162:in `class_name'
/Library/Ruby/Gems/2.3.0/gems/activerecord-5.2.3/lib/active_record/reflection.rb:769:in `klass'
/Library/Ruby/Gems/2.3.0/gems/activerecord-5.2.3/lib/active_record/reflection.rb:790:in `source_reflection'
/Library/Ruby/Gems/2.3.0/gems/activerecord-5.2.3/lib/active_record/reflection.rb:991:in `derive_class_name'
/Library/Ruby/Gems/2.3.0/gems/activerecord-5.2.3/lib/active_record/reflection.rb:162:in `class_name'
/Library/Ruby/Gems/2.3.0/gems/activerecord-5.2.3/lib/active_record/reflection.rb:769:in `klass'
/Library/Ruby/Gems/2.3.0/gems/activerecord-5.2.3/lib/active_record/reflection.rb:790:in `source_reflection'
/Library/Ruby/Gems/2.3.0/gems/activerecord-5.2.3/lib/active_record/reflection.rb:991:in `derive_class_name'
/Library/Ruby/Gems/2.3.0/gems/activerecord-5.2.3/lib/active_record/reflection.rb:162:in `class_name'
/Library/Ruby/Gems/2.3.0/gems/activerecord-5.2.3/lib/active_record/reflection.rb:769:in `klass'
/Library/Ruby/Gems/2.3.0/gems/activerecord-5.2.3/lib/active_record/reflection.rb:790:in `source_reflection'
/Library/Ruby/Gems/2.3.0/gems/activerecord-5.2.3/lib/active_record/reflection.rb:991:in `derive_class_name'
/Library/Ruby/Gems/2.3.0/gems/activerecord-5.2.3/lib/active_record/reflection.rb:162:in `class_name'
/Library/Ruby/Gems/2.3.0/gems/activerecord-5.2.3/lib/active_record/reflection.rb:769:in `klass'
/Library/Ruby/Gems/2.3.0/gems/activerecord-5.2.3/lib/active_record/reflection.rb:790:in `source_reflection'
/Library/Ruby/Gems/2.3.0/gems/activerecord-5.2.3/lib/active_record/reflection.rb:991:in `derive_class_name'
/Library/Ruby/Gems/2.3.0/gems/activerecord-5.2.3/lib/active_record/reflection.rb:162:in `class_name'
/Library/Ruby/Gems/2.3.0/gems/activerecord-5.2.3/lib/active_record/reflection.rb:769:in `klass'
/Library/Ruby/Gems/2.3.0/gems/activerecord-5.2.3/lib/active_record/reflection.rb:790:in `source_reflection'
/Library/Ruby/Gems/2.3.0/gems/activerecord-5.2.3/lib/active_record/reflection.rb:991:in `derive_class_name'
/Library/Ruby/Gems/2.3.0/gems/activerecord-5.2.3/lib/active_record/reflection.rb:162:in `class_name'
/Library/Ruby/Gems/2.3.0/gems/activerecord-5.2.3/lib/active_record/reflection.rb:769:in `klass'
/Library/Ruby/Gems/2.3.0/gems/activerecord-5.2.3/lib/active_record/reflection.rb:790:in `source_reflection'
/Library/Ruby/Gems/2.3.0/gems/activerecord-5.2.3/lib/active_record/reflection.rb:991:in `derive_class_name'
/Library/Ruby/Gems/2.3.0/gems/activerecord-5.2.3/lib/active_record/reflection.rb:162:in `class_name'
/Library/Ruby/Gems/2.3.0/gems/activerecord-5.2.3/lib/active_record/reflection.rb:769:in `klass'
/Library/Ruby/Gems/2.3.0/gems/activerecord-5.2.3/lib/active_record/reflection.rb:790:in `source_reflection'
/Library/Ruby/Gems/2.3.0/gems/activerecord-5.2.3/lib/active_record/reflection.rb:991:in `derive_class_name'
/Library/Ruby/Gems/2.3.0/gems/activerecord-5.2.3/lib/active_record/reflection.rb:162:in `class_name'
/Library/Ruby/Gems/2.3.0/gems/activerecord-5.2.3/lib/active_record/reflection.rb:769:in `klass'
/Library/Ruby/Gems/2.3.0/gems/activerecord-5.2.3/lib/active_record/reflection.rb:790:in `source_reflection'
/Library/Ruby/Gems/2.3.0/gems/activerecord-5.2.3/lib/active_record/reflection.rb:991:in `derive_class_name'
/Library/Ruby/Gems/2.3.0/gems/activerecord-5.2.3/lib/active_record/reflection.rb:162:in `class_name'
/Library/Ruby/Gems/2.3.0/gems/activerecord-5.2.3/lib/active_record/reflection.rb:769:in `klass'
/Library/Ruby/Gems/2.3.0/gems/activerecord-5.2.3/lib/active_record/reflection.rb:790:in `source_reflection'
/Library/Ruby/Gems/2.3.0/gems/activerecord-5.2.3/lib/active_record/reflection.rb:991:in `derive_class_name'
/Library/Ruby/Gems/2.3.0/gems/activerecord-5.2.3/lib/active_record/reflection.rb:162:in `class_name'
/Library/Ruby/Gems/2.3.0/gems/activerecord-5.2.3/lib/active_record/reflection.rb:769:in `klass'
/Library/Ruby/Gems/2.3.0/gems/activerecord-5.2.3/lib/active_record/reflection.rb:790:in `source_reflection'
/Library/Ruby/Gems/2.3.0/gems/activerecord-5.2.3/lib/active_record/reflection.rb:991:in `derive_class_name'
/Library/Ruby/Gems/2.3.0/gems/activerecord-5.2.3/lib/active_record/reflection.rb:162:in `class_name'
/Library/Ruby/Gems/2.3.0/gems/activerecord-5.2.3/lib/active_record/reflection.rb:769:in `klass'
/Library/Ruby/Gems/2.3.0/gems/activerecord-5.2.3/lib/active_record/reflection.rb:790:in `source_reflection'
/Library/Ruby/Gems/2.3.0/gems/activerecord-5.2.3/lib/active_record/reflection.rb:991:in `derive_class_name'
/Library/Ruby/Gems/2.3.0/gems/activerecord-5.2.3/lib/active_record/reflection.rb:162:in `class_name'
/Library/Ruby/Gems/2.3.0/gems/activerecord-5.2.3/lib/active_record/reflection.rb:769:in `klass'
/Library/Ruby/Gems/2.3.0/gems/activerecord-5.2.3/lib/active_record/reflection.rb:790:in `source_reflection'
/Library/Ruby/Gems/2.3.0/gems/activerecord-5.2.3/lib/active_record/reflection.rb:991:in `derive_class_name'
/Library/Ruby/Gems/2.3.0/gems/activerecord-5.2.3/lib/active_record/reflection.rb:162:in `class_name'
/Library/Ruby/Gems/2.3.0/gems/activerecord-5.2.3/lib/active_record/reflection.rb:769:in `klass'
/Library/Ruby/Gems/2.3.0/gems/activerecord-5.2.3/lib/active_record/reflection.rb:790:in `source_reflection'
/Library/Ruby/Gems/2.3.0/gems/activerecord-5.2.3/lib/active_record/reflection.rb:991:in `derive_class_name'
/Library/Ruby/Gems/2.3.0/gems/activerecord-5.2.3/lib/active_record/reflection.rb:162:in `class_name'
/Library/Ruby/Gems/2.3.0/gems/activerecord-5.2.3/lib/active_record/reflection.rb:769:in `klass'
/Library/Ruby/Gems/2.3.0/gems/activerecord-5.2.3/lib/active_record/reflection.rb:790:in `source_reflection'
/Library/Ruby/Gems/2.3.0/gems/activerecord-5.2.3/lib/active_record/reflection.rb:991:in `derive_class_name'
/Library/Ruby/Gems/2.3.0/gems/activerecord-5.2.3/lib/active_record/reflection.rb:162:in `class_name'
/Library/Ruby/Gems/2.3.0/gems/activerecord-5.2.3/lib/active_record/reflection.rb:769:in `klass'
/Library/Ruby/Gems/2.3.0/gems/activerecord-5.2.3/lib/active_record/reflection.rb:790:in `source_reflection'
/Library/Ruby/Gems/2.3.0/gems/activerecord-5.2.3/lib/active_record/reflection.rb:991:in `derive_class_name'
/Library/Ruby/Gems/2.3.0/gems/activerecord-5.2.3/lib/active_record/reflection.rb:162:in `class_name'
/Library/Ruby/Gems/2.3.0/gems/activerecord-5.2.3/lib/active_record/reflection.rb:769:in `klass'
/Library/Ruby/Gems/2.3.0/gems/activerecord-5.2.3/lib/active_record/reflection.rb:790:in `source_reflection'
/Library/Ruby/Gems/2.3.0/gems/activerecord-5.2.3/lib/active_record/reflection.rb:991:in `derive_class_name'
/Library/Ruby/Gems/2.3.0/gems/activerecord-5.2.3/lib/active_record/reflection.rb:162:in `class_name'
/Library/Ruby/Gems/2.3.0/gems/activerecord-5.2.3/lib/active_record/reflection.rb:769:in `klass'
/Library/Ruby/Gems/2.3.0/gems/activerecord-5.2.3/lib/active_record/reflection.rb:790:in `source_reflection'
/Library/Ruby/Gems/2.3.0/gems/activerecord-5.2.3/lib/active_record/reflection.rb:991:in `derive_class_name'
/Library/Ruby/Gems/2.3.0/gems/activerecord-5.2.3/lib/active_record/reflection.rb:162:in `class_name'
/Library/Ruby/Gems/2.3.0/gems/activerecord-5.2.3/lib/active_record/reflection.rb:769:in `klass'
/Library/Ruby/Gems/2.3.0/gems/activerecord-5.2.3/lib/active_record/reflection.rb:790:in `source_reflection'
/Library/Ruby/Gems/2.3.0/gems/activerecord-5.2.3/lib/active_record/reflection.rb:991:in `derive_class_name'
/Library/Ruby/Gems/2.3.0/gems/activerecord-5.2.3/lib/active_record/reflection.rb:162:in `class_name'
/Library/Ruby/Gems/2.3.0/gems/activerecord-5.2.3/lib/active_record/reflection.rb:769:in `klass'
/Library/Ruby/Gems/2.3.0/gems/activerecord-5.2.3/lib/active_record/reflection.rb:790:in `source_reflection'
/Library/Ruby/Gems/2.3.0/gems/activerecord-5.2.3/lib/active_record/reflection.rb:991:in `derive_class_name'
/Library/Ruby/Gems/2.3.0/gems/activerecord-5.2.3/lib/active_record/reflection.rb:162:in `class_name'
/Library/Ruby/Gems/2.3.0/gems/activerecord-5.2.3/lib/active_record/reflection.rb:769:in `klass'
/Library/Ruby/Gems/2.3.0/gems/activerecord-5.2.3/lib/active_record/reflection.rb:790:in `source_reflection'
/Library/Ruby/Gems/2.3.0/gems/activerecord-5.2.3/lib/active_record/reflection.rb:991:in `derive_class_name'
/Library/Ruby/Gems/2.3.0/gems/activerecord-5.2.3/lib/active_record/reflection.rb:162:in `class_name'
/Library/Ruby/Gems/2.3.0/gems/activerecord-5.2.3/lib/active_record/reflection.rb:769:in `klass'
/Library/Ruby/Gems/2.3.0/gems/activerecord-5.2.3/lib/active_record/reflection.rb:790:in `source_reflection'
/Library/Ruby/Gems/2.3.0/gems/activerecord-5.2.3/lib/active_record/reflection.rb:991:in `derive_class_name'
/Library/Ruby/Gems/2.3.0/gems/activerecord-5.2.3/lib/active_record/reflection.rb:162:in `class_name'
/Library/Ruby/Gems/2.3.0/gems/activerecord-5.2.3/lib/active_record/reflection.rb:769:in `klass'
/Library/Ruby/Gems/2.3.0/gems/activerecord-5.2.3/lib/active_record/reflection.rb:790:in `source_reflection'
/Library/Ruby/Gems/2.3.0/gems/activerecord-5.2.3/lib/active_record/reflection.rb:991:in `derive_class_name'
/Library/Ruby/Gems/2.3.0/gems/activerecord-5.2.3/lib/active_record/reflection.rb:162:in `class_name'
/Library/Ruby/Gems/2.3.0/gems/activerecord-5.2.3/lib/active_record/reflection.rb:769:in `klass'
/Library/Ruby/Gems/2.3.0/gems/activerecord-5.2.3/lib/active_record/reflection.rb:790:in `source_reflection'
/Library/Ruby/Gems/2.3.0/gems/activerecord-5.2.3/lib/active_record/reflection.rb:991:in `derive_class_name'
/Library/Ruby/Gems/2.3.0/gems/activerecord-5.2.3/lib/active_record/reflection.rb:162:in `class_name'
/Library/Ruby/Gems/2.3.0/gems/activerecord-5.2.3/lib/active_record/reflection.rb:769:in `klass'
/Library/Ruby/Gems/2.3.0/gems/activerecord-5.2.3/lib/active_record/reflection.rb:790:in `source_reflection'
/Library/Ruby/Gems/2.3.0/gems/activerecord-5.2.3/lib/active_record/reflection.rb:991:in `derive_class_name'
/Library/Ruby/Gems/2.3.0/gems/activerecord-5.2.3/lib/active_record/reflection.rb:162:in `class_name'
/Library/Ruby/Gems/2.3.0/gems/activerecord-5.2.3/lib/active_record/reflection.rb:769:in `klass'
/Library/Ruby/Gems/2.3.0/gems/activerecord-5.2.3/lib/active_record/reflection.rb:790:in `source_reflection'
/Library/Ruby/Gems/2.3.0/gems/activerecord-5.2.3/lib/active_record/reflection.rb:991:in `derive_class_name'
/Library/Ruby/Gems/2.3.0/gems/activerecord-5.2.3/lib/active_record/reflection.rb:162:in `class_name'
/Library/Ruby/Gems/2.3.0/gems/activerecord-5.2.3/lib/active_record/reflection.rb:769:in `klass'
/Library/Ruby/Gems/2.3.0/gems/activerecord-5.2.3/lib/active_record/reflection.rb:790:in `source_reflection'
/Library/Ruby/Gems/2.3.0/gems/activerecord-5.2.3/lib/active_record/reflection.rb:991:in `derive_class_name'
/Library/Ruby/Gems/2.3.0/gems/activerecord-5.2.3/lib/active_record/reflection.rb:162:in `class_name'
/Library/Ruby/Gems/2.3.0/gems/activerecord-5.2.3/lib/active_record/reflection.rb:769:in `klass'
/Library/Ruby/Gems/2.3.0/gems/activerecord-5.2.3/lib/active_record/reflection.rb:790:in `source_reflection'
/Library/Ruby/Gems/2.3.0/gems/activerecord-5.2.3/lib/active_record/reflection.rb:991:in `derive_class_name'
/Library/Ruby/Gems/2.3.0/gems/activerecord-5.2.3/lib/active_record/reflection.rb:162:in `class_name'
/Library/Ruby/Gems/2.3.0/gems/activerecord-5.2.3/lib/active_record/reflection.rb:769:in `klass'
/Library/Ruby/Gems/2.3.0/gems/activerecord-5.2.3/lib/active_record/reflection.rb:790:in `source_reflection'
/Library/Ruby/Gems/2.3.0/gems/activerecord-5.2.3/lib/active_record/reflection.rb:991:in `derive_class_name'
/Library/Ruby/Gems/2.3.0/gems/activerecord-5.2.3/lib/active_record/reflection.rb:162:in `class_name'
/Library/Ruby/Gems/2.3.0/gems/activerecord-5.2.3/lib/active_record/reflection.rb:769:in `klass'
/Library/Ruby/Gems/2.3.0/gems/activerecord-5.2.3/lib/active_record/reflection.rb:790:in `source_reflection'
/Library/Ruby/Gems/2.3.0/gems/activerecord-5.2.3/lib/active_record/reflection.rb:991:in `derive_class_name'
/Library/Ruby/Gems/2.3.0/gems/activerecord-5.2.3/lib/active_record/reflection.rb:162:in `class_name'
/Library/Ruby/Gems/2.3.0/gems/activerecord-5.2.3/lib/active_record/reflection.rb:769:in `klass'
/Library/Ruby/Gems/2.3.0/gems/activerecord-5.2.3/lib/active_record/reflection.rb:790:in `source_reflection'
/Library/Ruby/Gems/2.3.0/gems/activerecord-5.2.3/lib/active_record/reflection.rb:991:in `derive_class_name'
/Library/Ruby/Gems/2.3.0/gems/activerecord-5.2.3/lib/active_record/reflection.rb:162:in `class_name'
/Library/Ruby/Gems/2.3.0/gems/activerecord-5.2.3/lib/active_record/reflection.rb:769:in `klass'
/Library/Ruby/Gems/2.3.0/gems/activerecord-5.2.3/lib/active_record/reflection.rb:790:in `source_reflection'
/Library/Ruby/Gems/2.3.0/gems/activerecord-5.2.3/lib/active_record/reflection.rb:991:in `derive_class_name'
/Library/Ruby/Gems/2.3.0/gems/activerecord-5.2.3/lib/active_record/reflection.rb:162:in `class_name'
/Library/Ruby/Gems/2.3.0/gems/activerecord-5.2.3/lib/active_record/reflection.rb:769:in `klass'
/Library/Ruby/Gems/2.3.0/gems/activerecord-5.2.3/lib/active_record/reflection.rb:790:in `source_reflection'
/Library/Ruby/Gems/2.3.0/gems/activerecord-5.2.3/lib/active_record/reflection.rb:991:in `derive_class_name'
/Library/Ruby/Gems/2.3.0/gems/activerecord-5.2.3/lib/active_record/reflection.rb:162:in `class_name'
/Library/Ruby/Gems/2.3.0/gems/activerecord-5.2.3/lib/active_record/reflection.rb:769:in `klass'
/Library/Ruby/Gems/2.3.0/gems/activerecord-5.2.3/lib/active_record/reflection.rb:790:in `source_reflection'
/Library/Ruby/Gems/2.3.0/gems/activerecord-5.2.3/lib/active_record/reflection.rb:991:in `derive_class_name'
/Library/Ruby/Gems/2.3.0/gems/activerecord-5.2.3/lib/active_record/reflection.rb:162:in `class_name'
/Library/Ruby/Gems/2.3.0/gems/activerecord-5.2.3/lib/active_record/reflection.rb:769:in `klass'
/Library/Ruby/Gems/2.3.0/gems/activerecord-5.2.3/lib/active_record/reflection.rb:790:in `source_reflection'
/Library/Ruby/Gems/2.3.0/gems/activerecord-5.2.3/lib/active_record/reflection.rb:991:in `derive_class_name'
/Library/Ruby/Gems/2.3.0/gems/activerecord-5.2.3/lib/active_record/reflection.rb:162:in `class_name'
/Library/Ruby/Gems/2.3.0/gems/activerecord-5.2.3/lib/active_record/reflection.rb:769:in `klass'
/Library/Ruby/Gems/2.3.0/gems/activerecord-5.2.3/lib/active_record/reflection.rb:790:in `source_reflection'
/Library/Ruby/Gems/2.3.0/gems/activerecord-5.2.3/lib/active_record/reflection.rb:991:in `derive_class_name'
/Library/Ruby/Gems/2.3.0/gems/activerecord-5.2.3/lib/active_record/reflection.rb:162:in `class_name'
/Library/Ruby/Gems/2.3.0/gems/activerecord-5.2.3/lib/active_record/reflection.rb:769:in `klass'
/Library/Ruby/Gems/2.3.0/gems/activerecord-5.2.3/lib/active_record/reflection.rb:790:in `source_reflection'
/Library/Ruby/Gems/2.3.0/gems/activerecord-5.2.3/lib/active_record/reflection.rb:991:in `derive_class_name'
/Library/Ruby/Gems/2.3.0/gems/activerecord-5.2.3/lib/active_record/reflection.rb:162:in `class_name'
/Library/Ruby/Gems/2.3.0/gems/activerecord-5.2.3/lib/active_record/reflection.rb:769:in `klass'
/Library/Ruby/Gems/2.3.0/gems/activerecord-5.2.3/lib/active_record/reflection.rb:790:in `source_reflection'
/Library/Ruby/Gems/2.3.0/gems/activerecord-5.2.3/lib/active_record/reflection.rb:991:in `derive_class_name'
/Library/Ruby/Gems/2.3.0/gems/activerecord-5.2.3/lib/active_record/reflection.rb:162:in `class_name'
/Library/Ruby/Gems/2.3.0/gems/activerecord-5.2.3/lib/active_record/reflection.rb:769:in `klass'
/Library/Ruby/Gems/2.3.0/gems/activerecord-5.2.3/lib/active_record/reflection.rb:790:in `source_reflection'
/Library/Ruby/Gems/2.3.0/gems/activerecord-5.2.3/lib/active_record/reflection.rb:991:in `derive_class_name'
/Library/Ruby/Gems/2.3.0/gems/activerecord-5.2.3/lib/active_record/reflection.rb:162:in `class_name'
/Library/Ruby/Gems/2.3.0/gems/activerecord-5.2.3/lib/active_record/reflection.rb:769:in `klass'
/Library/Ruby/Gems/2.3.0/gems/activerecord-5.2.3/lib/active_record/reflection.rb:790:in `source_reflection'
/Library/Ruby/Gems/2.3.0/gems/activerecord-5.2.3/lib/active_record/reflection.rb:991:in `derive_class_name'
/Library/Ruby/Gems/2.3.0/gems/activerecord-5.2.3/lib/active_record/reflection.rb:162:in `class_name'
/Library/Ruby/Gems/2.3.0/gems/activerecord-5.2.3/lib/active_record/reflection.rb:769:in `klass'
/Library/Ruby/Gems/2.3.0/gems/activerecord-5.2.3/lib/active_record/reflection.rb:790:in `source_reflection'
/Library/Ruby/Gems/2.3.0/gems/activerecord-5.2.3/lib/active_record/reflection.rb:991:in `derive_class_name'
/Library/Ruby/Gems/2.3.0/gems/activerecord-5.2.3/lib/active_record/reflection.rb:162:in `class_name'
/Library/Ruby/Gems/2.3.0/gems/activerecord-5.2.3/lib/active_record/reflection.rb:769:in `klass'
/Library/Ruby/Gems/2.3.0/gems/activerecord-5.2.3/lib/active_record/reflection.rb:790:in `source_reflection'
/Library/Ruby/Gems/2.3.0/gems/activerecord-5.2.3/lib/active_record/reflection.rb:991:in `derive_class_name'
/Library/Ruby/Gems/2.3.0/gems/activerecord-5.2.3/lib/active_record/reflection.rb:162:in `class_name'
/Library/Ruby/Gems/2.3.0/gems/activerecord-5.2.3/lib/active_record/reflection.rb:769:in `klass'
/Library/Ruby/Gems/2.3.0/gems/activerecord-5.2.3/lib/active_record/reflection.rb:790:in `source_reflection'
/Library/Ruby/Gems/2.3.0/gems/activerecord-5.2.3/lib/active_record/reflection.rb:991:in `derive_class_name'
/Library/Ruby/Gems/2.3.0/gems/activerecord-5.2.3/lib/active_record/reflection.rb:162:in `class_name'
/Library/Ruby/Gems/2.3.0/gems/activerecord-5.2.3/lib/active_record/reflection.rb:769:in `klass'
/Library/Ruby/Gems/2.3.0/gems/activerecord-5.2.3/lib/active_record/reflection.rb:790:in `source_reflection'
/Library/Ruby/Gems/2.3.0/gems/activerecord-5.2.3/lib/active_record/reflection.rb:991:in `derive_class_name'
/Library/Ruby/Gems/2.3.0/gems/activerecord-5.2.3/lib/active_record/reflection.rb:162:in `class_name'
/Library/Ruby/Gems/2.3.0/gems/activerecord-5.2.3/lib/active_record/reflection.rb:769:in `klass'
/Library/Ruby/Gems/2.3.0/gems/activerecord-5.2.3/lib/active_record/reflection.rb:790:in `source_reflection'
/Library/Ruby/Gems/2.3.0/gems/activerecord-5.2.3/lib/active_record/reflection.rb:991:in `derive_class_name'
/Library/Ruby/Gems/2.3.0/gems/activerecord-5.2.3/lib/active_record/reflection.rb:162:in `class_name'
/Library/Ruby/Gems/2.3.0/gems/activerecord-5.2.3/lib/active_record/reflection.rb:769:in `klass'
/Library/Ruby/Gems/2.3.0/gems/activerecord-5.2.3/lib/active_record/reflection.rb:790:in `source_reflection'
/Library/Ruby/Gems/2.3.0/gems/activerecord-5.2.3/lib/active_record/reflection.rb:991:in `derive_class_name'
/Library/Ruby/Gems/2.3.0/gems/activerecord-5.2.3/lib/active_record/reflection.rb:162:in `class_name'
/Library/Ruby/Gems/2.3.0/gems/activerecord-5.2.3/lib/active_record/reflection.rb:769:in `klass'
/Library/Ruby/Gems/2.3.0/gems/activerecord-5.2.3/lib/active_record/reflection.rb:790:in `source_reflection'
/Library/Ruby/Gems/2.3.0/gems/activerecord-5.2.3/lib/active_record/reflection.rb:991:in `derive_class_name'
/Library/Ruby/Gems/2.3.0/gems/activerecord-5.2.3/lib/active_record/reflection.rb:162:in `class_name'
/Library/Ruby/Gems/2.3.0/gems/activerecord-5.2.3/lib/active_record/reflection.rb:769:in `klass'
/Library/Ruby/Gems/2.3.0/gems/activerecord-5.2.3/lib/active_record/reflection.rb:790:in `source_reflection'
/Library/Ruby/Gems/2.3.0/gems/activerecord-5.2.3/lib/active_record/reflection.rb:991:in `derive_class_name'
/Library/Ruby/Gems/2.3.0/gems/activerecord-5.2.3/lib/active_record/reflection.rb:162:in `class_name'
/Library/Ruby/Gems/2.3.0/gems/activerecord-5.2.3/lib/active_record/reflection.rb:769:in `klass'
/Library/Ruby/Gems/2.3.0/gems/activerecord-5.2.3/lib/active_record/reflection.rb:790:in `source_reflection'
/Library/Ruby/Gems/2.3.0/gems/activerecord-5.2.3/lib/active_record/reflection.rb:991:in `derive_class_name'
/Library/Ruby/Gems/2.3.0/gems/activerecord-5.2.3/lib/active_record/reflection.rb:162:in `class_name'
/Library/Ruby/Gems/2.3.0/gems/activerecord-5.2.3/lib/active_record/reflection.rb:769:in `klass'
/Library/Ruby/Gems/2.3.0/gems/activerecord-5.2.3/lib/active_record/reflection.rb:790:in `source_reflection'
/Library/Ruby/Gems/2.3.0/gems/activerecord-5.2.3/lib/active_record/reflection.rb:991:in `derive_class_name'
/Library/Ruby/Gems/2.3.0/gems/activerecord-5.2.3/lib/active_record/reflection.rb:162:in `class_name'
/Library/Ruby/Gems/2.3.0/gems/activerecord-5.2.3/lib/active_record/reflection.rb:769:in `klass'
/Library/Ruby/Gems/2.3.0/gems/activerecord-5.2.3/lib/active_record/reflection.rb:790:in `source_reflection'
/Library/Ruby/Gems/2.3.0/gems/activerecord-5.2.3/lib/active_record/reflection.rb:991:in `derive_class_name'
/Library/Ruby/Gems/2.3.0/gems/activerecord-5.2.3/lib/active_record/reflection.rb:162:in `class_name'
/Library/Ruby/Gems/2.3.0/gems/activerecord-5.2.3/lib/active_record/reflection.rb:769:in `klass'
/Library/Ruby/Gems/2.3.0/gems/activerecord-5.2.3/lib/active_record/reflection.rb:790:in `source_reflection'
/Library/Ruby/Gems/2.3.0/gems/activerecord-5.2.3/lib/active_record/reflection.rb:991:in `derive_class_name'
/Library/Ruby/Gems/2.3.0/gems/activerecord-5.2.3/lib/active_record/reflection.rb:162:in `class_name'
/Library/Ruby/Gems/2.3.0/gems/activerecord-5.2.3/lib/active_record/reflection.rb:769:in `klass'
/Library/Ruby/Gems/2.3.0/gems/activerecord-5.2.3/lib/active_record/reflection.rb:790:in `source_reflection'
/Library/Ruby/Gems/2.3.0/gems/activerecord-5.2.3/lib/active_record/reflection.rb:991:in `derive_class_name'
/Library/Ruby/Gems/2.3.0/gems/activerecord-5.2.3/lib/active_record/reflection.rb:162:in `class_name'
/Library/Ruby/Gems/2.3.0/gems/activerecord-5.2.3/lib/active_record/reflection.rb:769:in `klass'
/Library/Ruby/Gems/2.3.0/gems/activerecord-5.2.3/lib/active_record/reflection.rb:790:in `source_reflection'
/Library/Ruby/Gems/2.3.0/gems/activerecord-5.2.3/lib/active_record/reflection.rb:991:in `derive_class_name'
/Library/Ruby/Gems/2.3.0/gems/activerecord-5.2.3/lib/active_record/reflection.rb:162:in `class_name'
/Library/Ruby/Gems/2.3.0/gems/activerecord-5.2.3/lib/active_record/reflection.rb:769:in `klass'
/Library/Ruby/Gems/2.3.0/gems/activerecord-5.2.3/lib/active_record/reflection.rb:790:in `source_reflection'
/Library/Ruby/Gems/2.3.0/gems/activerecord-5.2.3/lib/active_record/reflection.rb:991:in `derive_class_name'
/Library/Ruby/Gems/2.3.0/gems/activerecord-5.2.3/lib/active_record/reflection.rb:162:in `class_name'
/Library/Ruby/Gems/2.3.0/gems/activerecord-5.2.3/lib/active_record/reflection.rb:769:in `klass'
/Library/Ruby/Gems/2.3.0/gems/activerecord-5.2.3/lib/active_record/reflection.rb:790:in `source_reflection'
/Library/Ruby/Gems/2.3.0/gems/activerecord-5.2.3/lib/active_record/reflection.rb:991:in `derive_class_name'
/Library/Ruby/Gems/2.3.0/gems/activerecord-5.2.3/lib/active_record/reflection.rb:162:in `class_name'
/Library/Ruby/Gems/2.3.0/gems/activerecord-5.2.3/lib/active_record/reflection.rb:769:in `klass'
/Library/Ruby/Gems/2.3.0/gems/activerecord-5.2.3/lib/active_record/reflection.rb:790:in `source_reflection'
/Library/Ruby/Gems/2.3.0/gems/activerecord-5.2.3/lib/active_record/reflection.rb:991:in `derive_class_name'
/Library/Ruby/Gems/2.3.0/gems/activerecord-5.2.3/lib/active_record/reflection.rb:162:in `class_name'
/Library/Ruby/Gems/2.3.0/gems/activerecord-5.2.3/lib/active_record/reflection.rb:769:in `klass'
/Library/Ruby/Gems/2.3.0/gems/activerecord-5.2.3/lib/active_record/reflection.rb:790:in `source_reflection'
/Library/Ruby/Gems/2.3.0/gems/activerecord-5.2.3/lib/active_record/reflection.rb:991:in `derive_class_name'
/Library/Ruby/Gems/2.3.0/gems/activerecord-5.2.3/lib/active_record/reflection.rb:162:in `class_name'
/Library/Ruby/Gems/2.3.0/gems/activerecord-5.2.3/lib/active_record/reflection.rb:769:in `klass'
/Library/Ruby/Gems/2.3.0/gems/activerecord-5.2.3/lib/active_record/reflection.rb:790:in `source_reflection'
/Library/Ruby/Gems/2.3.0/gems/activerecord-5.2.3/lib/active_record/reflection.rb:991:in `derive_class_name'
/Library/Ruby/Gems/2.3.0/gems/activerecord-5.2.3/lib/active_record/reflection.rb:162:in `class_name'
/Library/Ruby/Gems/2.3.0/gems/activerecord-5.2.3/lib/active_record/reflection.rb:769:in `klass'
/Library/Ruby/Gems/2.3.0/gems/activerecord-5.2.3/lib/active_record/reflection.rb:790:in `source_reflection'
/Library/Ruby/Gems/2.3.0/gems/activerecord-5.2.3/lib/active_record/reflection.rb:991:in `derive_class_name'
/Library/Ruby/Gems/2.3.0/gems/activerecord-5.2.3/lib/active_record/reflection.rb:162:in `class_name'
/Library/Ruby/Gems/2.3.0/gems/activerecord-5.2.3/lib/active_record/reflection.rb:769:in `klass'
/Library/Ruby/Gems/2.3.0/gems/activerecord-5.2.3/lib/active_record/reflection.rb:790:in `source_reflection'
/Library/Ruby/Gems/2.3.0/gems/activerecord-5.2.3/lib/active_record/reflection.rb:991:in `derive_class_name'
/Library/Ruby/Gems/2.3.0/gems/activerecord-5.2.3/lib/active_record/reflection.rb:162:in `class_name'
/Library/Ruby/Gems/2.3.0/gems/activerecord-5.2.3/lib/active_record/reflection.rb:769:in `klass'
/Library/Ruby/Gems/2.3.0/gems/activerecord-5.2.3/lib/active_record/reflection.rb:790:in `source_reflection'
/Library/Ruby/Gems/2.3.0/gems/activerecord-5.2.3/lib/active_record/reflection.rb:991:in `derive_class_name'
/Library/Ruby/Gems/2.3.0/gems/activerecord-5.2.3/lib/active_record/reflection.rb:162:in `class_name'
/Library/Ruby/Gems/2.3.0/gems/activerecord-5.2.3/lib/active_record/reflection.rb:769:in `klass'
/Library/Ruby/Gems/2.3.0/gems/activerecord-5.2.3/lib/active_record/reflection.rb:790:in `source_reflection'
/Library/Ruby/Gems/2.3.0/gems/activerecord-5.2.3/lib/active_record/reflection.rb:991:in `derive_class_name'
/Library/Ruby/Gems/2.3.0/gems/activerecord-5.2.3/lib/active_record/reflection.rb:162:in `class_name'
/Library/Ruby/Gems/2.3.0/gems/activerecord-5.2.3/lib/active_record/reflection.rb:769:in `klass'
/Library/Ruby/Gems/2.3.0/gems/activerecord-5.2.3/lib/active_record/reflection.rb:790:in `source_reflection'
/Library/Ruby/Gems/2.3.0/gems/activerecord-5.2.3/lib/active_record/reflection.rb:991:in `derive_class_name'
/Library/Ruby/Gems/2.3.0/gems/activerecord-5.2.3/lib/active_record/reflection.rb:162:in `class_name'
/Library/Ruby/Gems/2.3.0/gems/activerecord-5.2.3/lib/active_record/reflection.rb:769:in `klass'
/Library/Ruby/Gems/2.3.0/gems/activerecord-5.2.3/lib/active_record/reflection.rb:790:in `source_reflection'
/Library/Ruby/Gems/2.3.0/gems/activerecord-5.2.3/lib/active_record/reflection.rb:991:in `derive_class_name'
/Library/Ruby/Gems/2.3.0/gems/activerecord-5.2.3/lib/active_record/reflection.rb:162:in `class_name'
/Library/Ruby/Gems/2.3.0/gems/activerecord-5.2.3/lib/active_record/reflection.rb:769:in `klass'
/Library/Ruby/Gems/2.3.0/gems/activerecord-5.2.3/lib/active_record/reflection.rb:790:in `source_reflection'
/Library/Ruby/Gems/2.3.0/gems/activerecord-5.2.3/lib/active_record/reflection.rb:991:in `derive_class_name'
/Library/Ruby/Gems/2.3.0/gems/activerecord-5.2.3/lib/active_record/reflection.rb:162:in `class_name'
/Library/Ruby/Gems/2.3.0/gems/activerecord-5.2.3/lib/active_record/reflection.rb:769:in `klass'
/Library/Ruby/Gems/2.3.0/gems/activerecord-5.2.3/lib/active_record/reflection.rb:790:in `source_reflection'
/Library/Ruby/Gems/2.3.0/gems/activerecord-5.2.3/lib/active_record/reflection.rb:991:in `derive_class_name'
/Library/Ruby/Gems/2.3.0/gems/activerecord-5.2.3/lib/active_record/reflection.rb:162:in `class_name'
/Library/Ruby/Gems/2.3.0/gems/activerecord-5.2.3/lib/active_record/reflection.rb:769:in `klass'
/Library/Ruby/Gems/2.3.0/gems/activerecord-5.2.3/lib/active_record/reflection.rb:790:in `source_reflection'
/Library/Ruby/Gems/2.3.0/gems/activerecord-5.2.3/lib/active_record/reflection.rb:991:in `derive_class_name'
/Library/Ruby/Gems/2.3.0/gems/activerecord-5.2.3/lib/active_record/reflection.rb:162:in `class_name'
/Library/Ruby/Gems/2.3.0/gems/activerecord-5.2.3/lib/active_record/reflection.rb:769:in `klass'
/Library/Ruby/Gems/2.3.0/gems/activerecord-5.2.3/lib/active_record/reflection.rb:790:in `source_reflection'
/Library/Ruby/Gems/2.3.0/gems/activerecord-5.2.3/lib/active_record/reflection.rb:991:in `derive_class_name'
/Library/Ruby/Gems/2.3.0/gems/activerecord-5.2.3/lib/active_record/reflection.rb:162:in `class_name'
/Library/Ruby/Gems/2.3.0/gems/activerecord-5.2.3/lib/active_record/reflection.rb:769:in `klass'
/Library/Ruby/Gems/2.3.0/gems/activerecord-5.2.3/lib/active_record/reflection.rb:790:in `source_reflection'
/Library/Ruby/Gems/2.3.0/gems/activerecord-5.2.3/lib/active_record/reflection.rb:991:in `derive_class_name'
/Library/Ruby/Gems/2.3.0/gems/activerecord-5.2.3/lib/active_record/reflection.rb:162:in `class_name'
/Library/Ruby/Gems/2.3.0/gems/activerecord-5.2.3/lib/active_record/reflection.rb:769:in `klass'
/Library/Ruby/Gems/2.3.0/gems/activerecord-5.2.3/lib/active_record/reflection.rb:790:in `source_reflection'
/Library/Ruby/Gems/2.3.0/gems/activerecord-5.2.3/lib/active_record/reflection.rb:991:in `derive_class_name'
/Library/Ruby/Gems/2.3.0/gems/activerecord-5.2.3/lib/active_record/reflection.rb:162:in `class_name'
/Library/Ruby/Gems/2.3.0/gems/activerecord-5.2.3/lib/active_record/reflection.rb:769:in `klass'
/Library/Ruby/Gems/2.3.0/gems/activerecord-5.2.3/lib/active_record/reflection.rb:790:in `source_reflection'
/Library/Ruby/Gems/2.3.0/gems/activerecord-5.2.3/lib/active_record/reflection.rb:991:in `derive_class_name'
/Library/Ruby/Gems/2.3.0/gems/activerecord-5.2.3/lib/active_record/reflection.rb:162:in `class_name'
/Library/Ruby/Gems/2.3.0/gems/activerecord-5.2.3/lib/active_record/reflection.rb:769:in `klass'
/Library/Ruby/Gems/2.3.0/gems/activerecord-5.2.3/lib/active_record/reflection.rb:790:in `source_reflection'
/Library/Ruby/Gems/2.3.0/gems/activerecord-5.2.3/lib/active_record/reflection.rb:991:in `derive_class_name'
/Library/Ruby/Gems/2.3.0/gems/activerecord-5.2.3/lib/active_record/reflection.rb:162:in `class_name'
/Library/Ruby/Gems/2.3.0/gems/activerecord-5.2.3/lib/active_record/reflection.rb:769:in `klass'
/Library/Ruby/Gems/2.3.0/gems/activerecord-5.2.3/lib/active_record/reflection.rb:790:in `source_reflection'
/Library/Ruby/Gems/2.3.0/gems/activerecord-5.2.3/lib/active_record/reflection.rb:991:in `derive_class_name'
/Library/Ruby/Gems/2.3.0/gems/activerecord-5.2.3/lib/active_record/reflection.rb:162:in `class_name'
/Library/Ruby/Gems/2.3.0/gems/activerecord-5.2.3/lib/active_record/reflection.rb:769:in `klass'
/Library/Ruby/Gems/2.3.0/gems/activerecord-5.2.3/lib/active_record/reflection.rb:790:in `source_reflection'
/Library/Ruby/Gems/2.3.0/gems/activerecord-5.2.3/lib/active_record/reflection.rb:991:in `derive_class_name'
/Library/Ruby/Gems/2.3.0/gems/activerecord-5.2.3/lib/active_record/reflection.rb:162:in `class_name'
/Library/Ruby/Gems/2.3.0/gems/activerecord-5.2.3/lib/active_record/reflection.rb:769:in `klass'
/Library/Ruby/Gems/2.3.0/gems/activerecord-5.2.3/lib/active_record/reflection.rb:790:in `source_reflection'
/Library/Ruby/Gems/2.3.0/gems/activerecord-5.2.3/lib/active_record/reflection.rb:991:in `derive_class_name'
/Library/Ruby/Gems/2.3.0/gems/activerecord-5.2.3/lib/active_record/reflection.rb:162:in `class_name'
/Library/Ruby/Gems/2.3.0/gems/activerecord-5.2.3/lib/active_record/reflection.rb:769:in `klass'
/Library/Ruby/Gems/2.3.0/gems/activerecord-5.2.3/lib/active_record/reflection.rb:790:in `source_reflection'
/Library/Ruby/Gems/2.3.0/gems/activerecord-5.2.3/lib/active_record/reflection.rb:991:in `derive_class_name'
/Library/Ruby/Gems/2.3.0/gems/activerecord-5.2.3/lib/active_record/reflection.rb:162:in `class_name'
/Library/Ruby/Gems/2.3.0/gems/activerecord-5.2.3/lib/active_record/reflection.rb:769:in `klass'
/Library/Ruby/Gems/2.3.0/gems/activerecord-5.2.3/lib/active_record/reflection.rb:790:in `source_reflection'
/Library/Ruby/Gems/2.3.0/gems/activerecord-5.2.3/lib/active_record/reflection.rb:991:in `derive_class_name'
/Library/Ruby/Gems/2.3.0/gems/activerecord-5.2.3/lib/active_record/reflection.rb:162:in `class_name'
/Library/Ruby/Gems/2.3.0/gems/activerecord-5.2.3/lib/active_record/reflection.rb:769:in `klass'
/Library/Ruby/Gems/2.3.0/gems/activerecord-5.2.3/lib/active_record/reflection.rb:790:in `source_reflection'
/Library/Ruby/Gems/2.3.0/gems/activerecord-5.2.3/lib/active_record/reflection.rb:991:in `derive_class_name'
/Library/Ruby/Gems/2.3.0/gems/activerecord-5.2.3/lib/active_record/reflection.rb:162:in `class_name'
/Library/Ruby/Gems/2.3.0/gems/activerecord-5.2.3/lib/active_record/reflection.rb:769:in `klass'
/Library/Ruby/Gems/2.3.0/gems/activerecord-5.2.3/lib/active_record/reflection.rb:790:in `source_reflection'
/Library/Ruby/Gems/2.3.0/gems/activerecord-5.2.3/lib/active_record/reflection.rb:991:in `derive_class_name'
/Library/Ruby/Gems/2.3.0/gems/activerecord-5.2.3/lib/active_record/reflection.rb:162:in `class_name'
/Library/Ruby/Gems/2.3.0/gems/activerecord-5.2.3/lib/active_record/reflection.rb:769:in `klass'
/Library/Ruby/Gems/2.3.0/gems/activerecord-5.2.3/lib/active_record/reflection.rb:790:in `source_reflection'
/Library/Ruby/Gems/2.3.0/gems/activerecord-5.2.3/lib/active_record/reflection.rb:991:in `derive_class_name'
/Library/Ruby/Gems/2.3.0/gems/activerecord-5.2.3/lib/active_record/reflection.rb:162:in `class_name'
/Library/Ruby/Gems/2.3.0/gems/activerecord-5.2.3/lib/active_record/reflection.rb:769:in `klass'
/Library/Ruby/Gems/2.3.0/gems/activerecord-5.2.3/lib/active_record/reflection.rb:790:in `source_reflection'
/Library/Ruby/Gems/2.3.0/gems/activerecord-5.2.3/lib/active_record/reflection.rb:991:in `derive_class_name'
/Library/Ruby/Gems/2.3.0/gems/activerecord-5.2.3/lib/active_record/reflection.rb:162:in `class_name'
/Library/Ruby/Gems/2.3.0/gems/activerecord-5.2.3/lib/active_record/reflection.rb:769:in `klass'
/Library/Ruby/Gems/2.3.0/gems/activerecord-5.2.3/lib/active_record/reflection.rb:790:in `source_reflection'
/Library/Ruby/Gems/2.3.0/gems/activerecord-5.2.3/lib/active_record/reflection.rb:991:in `derive_class_name'
/Library/Ruby/Gems/2.3.0/gems/activerecord-5.2.3/lib/active_record/reflection.rb:162:in `class_name'
/Library/Ruby/Gems/2.3.0/gems/activerecord-5.2.3/lib/active_record/reflection.rb:769:in `klass'
/Library/Ruby/Gems/2.3.0/gems/activerecord-5.2.3/lib/active_record/reflection.rb:790:in `source_reflection'
/Library/Ruby/Gems/2.3.0/gems/activerecord-5.2.3/lib/active_record/reflection.rb:991:in `derive_class_name'
/Library/Ruby/Gems/2.3.0/gems/activerecord-5.2.3/lib/active_record/reflection.rb:162:in `class_name'
/Library/Ruby/Gems/2.3.0/gems/activerecord-5.2.3/lib/active_record/reflection.rb:769:in `klass'
/Library/Ruby/Gems/2.3.0/gems/activerecord-5.2.3/lib/active_record/reflection.rb:790:in `source_reflection'
/Library/Ruby/Gems/2.3.0/gems/activerecord-5.2.3/lib/active_record/reflection.rb:991:in `derive_class_name'
/Library/Ruby/Gems/2.3.0/gems/activerecord-5.2.3/lib/active_record/reflection.rb:162:in `class_name'
/Library/Ruby/Gems/2.3.0/gems/activerecord-5.2.3/lib/active_record/reflection.rb:769:in `klass'
/Library/Ruby/Gems/2.3.0/gems/activerecord-5.2.3/lib/active_record/reflection.rb:790:in `source_reflection'
/Library/Ruby/Gems/2.3.0/gems/activerecord-5.2.3/lib/active_record/reflection.rb:991:in `derive_class_name'
/Library/Ruby/Gems/2.3.0/gems/activerecord-5.2.3/lib/active_record/reflection.rb:162:in `class_name'
/Library/Ruby/Gems/2.3.0/gems/activerecord-5.2.3/lib/active_record/reflection.rb:769:in `klass'
/Library/Ruby/Gems/2.3.0/gems/activerecord-5.2.3/lib/active_record/reflection.rb:790:in `source_reflection'
/Library/Ruby/Gems/2.3.0/gems/activerecord-5.2.3/lib/active_record/reflection.rb:991:in `derive_class_name'
/Library/Ruby/Gems/2.3.0/gems/activerecord-5.2.3/lib/active_record/reflection.rb:162:in `class_name'
/Library/Ruby/Gems/2.3.0/gems/activerecord-5.2.3/lib/active_record/reflection.rb:769:in `klass'
/Library/Ruby/Gems/2.3.0/gems/activerecord-5.2.3/lib/active_record/reflection.rb:790:in `source_reflection'
/Library/Ruby/Gems/2.3.0/gems/activerecord-5.2.3/lib/active_record/reflection.rb:991:in `derive_class_name'
/Library/Ruby/Gems/2.3.0/gems/activerecord-5.2.3/lib/active_record/reflection.rb:162:in `class_name'
/Library/Ruby/Gems/2.3.0/gems/activerecord-5.2.3/lib/active_record/reflection.rb:769:in `klass'
/Library/Ruby/Gems/2.3.0/gems/activerecord-5.2.3/lib/active_record/reflection.rb:790:in `source_reflection'
/Library/Ruby/Gems/2.3.0/gems/activerecord-5.2.3/lib/active_record/reflection.rb:991:in `derive_class_name'
/Library/Ruby/Gems/2.3.0/gems/activerecord-5.2.3/lib/active_record/reflection.rb:162:in `class_name'
/Library/Ruby/Gems/2.3.0/gems/activerecord-5.2.3/lib/active_record/reflection.rb:769:in `klass'
/Library/Ruby/Gems/2.3.0/gems/activerecord-5.2.3/lib/active_record/reflection.rb:790:in `source_reflection'
/Library/Ruby/Gems/2.3.0/gems/activerecord-5.2.3/lib/active_record/reflection.rb:991:in `derive_class_name'
/Library/Ruby/Gems/2.3.0/gems/activerecord-5.2.3/lib/active_record/reflection.rb:162:in `class_name'
/Library/Ruby/Gems/2.3.0/gems/activerecord-5.2.3/lib/active_record/reflection.rb:769:in `klass'
/Library/Ruby/Gems/2.3.0/gems/activerecord-5.2.3/lib/active_record/reflection.rb:790:in `source_reflection'
/Library/Ruby/Gems/2.3.0/gems/activerecord-5.2.3/lib/active_record/reflection.rb:991:in `derive_class_name'
/Library/Ruby/Gems/2.3.0/gems/activerecord-5.2.3/lib/active_record/reflection.rb:162:in `class_name'
/Library/Ruby/Gems/2.3.0/gems/activerecord-5.2.3/lib/active_record/reflection.rb:769:in `klass'
/Library/Ruby/Gems/2.3.0/gems/activerecord-5.2.3/lib/active_record/reflection.rb:790:in `source_reflection'
/Library/Ruby/Gems/2.3.0/gems/activerecord-5.2.3/lib/active_record/reflection.rb:991:in `derive_class_name'
/Library/Ruby/Gems/2.3.0/gems/activerecord-5.2.3/lib/active_record/reflection.rb:162:in `class_name'
/Library/Ruby/Gems/2.3.0/gems/activerecord-5.2.3/lib/active_record/reflection.rb:769:in `klass'
/Library/Ruby/Gems/2.3.0/gems/activerecord-5.2.3/lib/active_record/reflection.rb:790:in `source_reflection'
/Library/Ruby/Gems/2.3.0/gems/activerecord-5.2.3/lib/active_record/reflection.rb:991:in `derive_class_name'
/Library/Ruby/Gems/2.3.0/gems/activerecord-5.2.3/lib/active_record/reflection.rb:162:in `class_name'
/Library/Ruby/Gems/2.3.0/gems/activerecord-5.2.3/lib/active_record/reflection.rb:769:in `klass'
/Library/Ruby/Gems/2.3.0/gems/activerecord-5.2.3/lib/active_record/reflection.rb:790:in `source_reflection'
/Library/Ruby/Gems/2.3.0/gems/activerecord-5.2.3/lib/active_record/reflection.rb:991:in `derive_class_name'
/Library/Ruby/Gems/2.3.0/gems/activerecord-5.2.3/lib/active_record/reflection.rb:162:in `class_name'
/Library/Ruby/Gems/2.3.0/gems/activerecord-5.2.3/lib/active_record/reflection.rb:769:in `klass'
/Library/Ruby/Gems/2.3.0/gems/activerecord-5.2.3/lib/active_record/reflection.rb:790:in `source_reflection'
/Library/Ruby/Gems/2.3.0/gems/activerecord-5.2.3/lib/active_record/reflection.rb:991:in `derive_class_name'
/Library/Ruby/Gems/2.3.0/gems/activerecord-5.2.3/lib/active_record/reflection.rb:162:in `class_name'
/Library/Ruby/Gems/2.3.0/gems/activerecord-5.2.3/lib/active_record/reflection.rb:769:in `klass'
/Library/Ruby/Gems/2.3.0/gems/activerecord-5.2.3/lib/active_record/reflection.rb:790:in `source_reflection'
/Library/Ruby/Gems/2.3.0/gems/activerecord-5.2.3/lib/active_record/reflection.rb:991:in `derive_class_name'
/Library/Ruby/Gems/2.3.0/gems/activerecord-5.2.3/lib/active_record/reflection.rb:162:in `class_name'
/Library/Ruby/Gems/2.3.0/gems/activerecord-5.2.3/lib/active_record/reflection.rb:769:in `klass'
/Library/Ruby/Gems/2.3.0/gems/activerecord-5.2.3/lib/active_record/reflection.rb:790:in `source_reflection'
/Library/Ruby/Gems/2.3.0/gems/activerecord-5.2.3/lib/active_record/reflection.rb:991:in `derive_class_name'
/Library/Ruby/Gems/2.3.0/gems/activerecord-5.2.3/lib/active_record/reflection.rb:162:in `class_name'
/Library/Ruby/Gems/2.3.0/gems/activerecord-5.2.3/lib/active_record/reflection.rb:769:in `klass'
/Library/Ruby/Gems/2.3.0/gems/activerecord-5.2.3/lib/active_record/reflection.rb:790:in `source_reflection'
/Library/Ruby/Gems/2.3.0/gems/activerecord-5.2.3/lib/active_record/reflection.rb:991:in `derive_class_name'
/Library/Ruby/Gems/2.3.0/gems/activerecord-5.2.3/lib/active_record/reflection.rb:162:in `class_name'
/Library/Ruby/Gems/2.3.0/gems/activerecord-5.2.3/lib/active_record/reflection.rb:769:in `klass'
/Library/Ruby/Gems/2.3.0/gems/activerecord-5.2.3/lib/active_record/reflection.rb:790:in `source_reflection'
/Library/Ruby/Gems/2.3.0/gems/activerecord-5.2.3/lib/active_record/reflection.rb:991:in `derive_class_name'
/Library/Ruby/Gems/2.3.0/gems/activerecord-5.2.3/lib/active_record/reflection.rb:162:in `class_name'
/Library/Ruby/Gems/2.3.0/gems/activerecord-5.2.3/lib/active_record/reflection.rb:769:in `klass'
/Library/Ruby/Gems/2.3.0/gems/activerecord-5.2.3/lib/active_record/reflection.rb:790:in `source_reflection'
/Library/Ruby/Gems/2.3.0/gems/activerecord-5.2.3/lib/active_record/reflection.rb:991:in `derive_class_name'
/Library/Ruby/Gems/2.3.0/gems/activerecord-5.2.3/lib/active_record/reflection.rb:162:in `class_name'
/Library/Ruby/Gems/2.3.0/gems/activerecord-5.2.3/lib/active_record/reflection.rb:769:in `klass'
/Library/Ruby/Gems/2.3.0/gems/activerecord-5.2.3/lib/active_record/reflection.rb:790:in `source_reflection'
/Library/Ruby/Gems/2.3.0/gems/activerecord-5.2.3/lib/active_record/reflection.rb:991:in `derive_class_name'
/Library/Ruby/Gems/2.3.0/gems/activerecord-5.2.3/lib/active_record/reflection.rb:162:in `class_name'
/Library/Ruby/Gems/2.3.0/gems/activerecord-5.2.3/lib/active_record/reflection.rb:769:in `klass'
/Library/Ruby/Gems/2.3.0/gems/activerecord-5.2.3/lib/active_record/reflection.rb:790:in `source_reflection'
/Library/Ruby/Gems/2.3.0/gems/activerecord-5.2.3/lib/active_record/reflection.rb:991:in `derive_class_name'
/Library/Ruby/Gems/2.3.0/gems/activerecord-5.2.3/lib/active_record/reflection.rb:162:in `class_name'
/Library/Ruby/Gems/2.3.0/gems/activerecord-5.2.3/lib/active_record/reflection.rb:769:in `klass'
/Library/Ruby/Gems/2.3.0/gems/activerecord-5.2.3/lib/active_record/reflection.rb:790:in `source_reflection'
/Library/Ruby/Gems/2.3.0/gems/activerecord-5.2.3/lib/active_record/reflection.rb:991:in `derive_class_name'
/Library/Ruby/Gems/2.3.0/gems/activerecord-5.2.3/lib/active_record/reflection.rb:162:in `class_name'
/Library/Ruby/Gems/2.3.0/gems/activerecord-5.2.3/lib/active_record/reflection.rb:769:in `klass'
/Library/Ruby/Gems/2.3.0/gems/activerecord-5.2.3/lib/active_record/reflection.rb:790:in `source_reflection'
/Library/Ruby/Gems/2.3.0/gems/activerecord-5.2.3/lib/active_record/reflection.rb:991:in `derive_class_name'
/Library/Ruby/Gems/2.3.0/gems/activerecord-5.2.3/lib/active_record/reflection.rb:162:in `class_name'
/Library/Ruby/Gems/2.3.0/gems/activerecord-5.2.3/lib/active_record/reflection.rb:769:in `klass'
/Library/Ruby/Gems/2.3.0/gems/activerecord-5.2.3/lib/active_record/reflection.rb:790:in `source_reflection'
/Library/Ruby/Gems/2.3.0/gems/activerecord-5.2.3/lib/active_record/reflection.rb:991:in `derive_class_name'
/Library/Ruby/Gems/2.3.0/gems/activerecord-5.2.3/lib/active_record/reflection.rb:162:in `class_name'
/Library/Ruby/Gems/2.3.0/gems/activerecord-5.2.3/lib/active_record/reflection.rb:769:in `klass'
/Library/Ruby/Gems/2.3.0/gems/activerecord-5.2.3/lib/active_record/reflection.rb:790:in `source_reflection'
/Library/Ruby/Gems/2.3.0/gems/activerecord-5.2.3/lib/active_record/reflection.rb:991:in `derive_class_name'
/Library/Ruby/Gems/2.3.0/gems/activerecord-5.2.3/lib/active_record/reflection.rb:162:in `class_name'
/Library/Ruby/Gems/2.3.0/gems/activerecord-5.2.3/lib/active_record/reflection.rb:769:in `klass'
/Library/Ruby/Gems/2.3.0/gems/activerecord-5.2.3/lib/active_record/reflection.rb:790:in `source_reflection'
/Library/Ruby/Gems/2.3.0/gems/activerecord-5.2.3/lib/active_record/reflection.rb:991:in `derive_class_name'
/Library/Ruby/Gems/2.3.0/gems/activerecord-5.2.3/lib/active_record/reflection.rb:162:in `class_name'
/Library/Ruby/Gems/2.3.0/gems/activerecord-5.2.3/lib/active_record/reflection.rb:769:in `klass'
/Library/Ruby/Gems/2.3.0/gems/activerecord-5.2.3/lib/active_record/reflection.rb:790:in `source_reflection'
/Library/Ruby/Gems/2.3.0/gems/activerecord-5.2.3/lib/active_record/reflection.rb:991:in `derive_class_name'
/Library/Ruby/Gems/2.3.0/gems/activerecord-5.2.3/lib/active_record/reflection.rb:162:in `class_name'
/Library/Ruby/Gems/2.3.0/gems/activerecord-5.2.3/lib/active_record/reflection.rb:769:in `klass'
/Library/Ruby/Gems/2.3.0/gems/activerecord-5.2.3/lib/active_record/reflection.rb:790:in `source_reflection'
/Library/Ruby/Gems/2.3.0/gems/activerecord-5.2.3/lib/active_record/reflection.rb:991:in `derive_class_name'
/Library/Ruby/Gems/2.3.0/gems/activerecord-5.2.3/lib/active_record/reflection.rb:162:in `class_name'
/Library/Ruby/Gems/2.3.0/gems/activerecord-5.2.3/lib/active_record/reflection.rb:769:in `klass'
/Library/Ruby/Gems/2.3.0/gems/activerecord-5.2.3/lib/active_record/reflection.rb:790:in `source_reflection'
/Library/Ruby/Gems/2.3.0/gems/activerecord-5.2.3/lib/active_record/reflection.rb:991:in `derive_class_name'
/Library/Ruby/Gems/2.3.0/gems/activerecord-5.2.3/lib/active_record/reflection.rb:162:in `class_name'
/Library/Ruby/Gems/2.3.0/gems/activerecord-5.2.3/lib/active_record/reflection.rb:769:in `klass'
/Library/Ruby/Gems/2.3.0/gems/activerecord-5.2.3/lib/active_record/reflection.rb:790:in `source_reflection'
/Library/Ruby/Gems/2.3.0/gems/activerecord-5.2.3/lib/active_record/reflection.rb:991:in `derive_class_name'
/Library/Ruby/Gems/2.3.0/gems/activerecord-5.2.3/lib/active_record/reflection.rb:162:in `class_name'
/Library/Ruby/Gems/2.3.0/gems/activerecord-5.2.3/lib/active_record/reflection.rb:769:in `klass'
/Library/Ruby/Gems/2.3.0/gems/activerecord-5.2.3/lib/active_record/reflection.rb:790:in `source_reflection'
/Library/Ruby/Gems/2.3.0/gems/activerecord-5.2.3/lib/active_record/reflection.rb:991:in `derive_class_name'
/Library/Ruby/Gems/2.3.0/gems/activerecord-5.2.3/lib/active_record/reflection.rb:162:in `class_name'
/Library/Ruby/Gems/2.3.0/gems/activerecord-5.2.3/lib/active_record/reflection.rb:769:in `klass'
/Library/Ruby/Gems/2.3.0/gems/activerecord-5.2.3/lib/active_record/reflection.rb:790:in `source_reflection'
/Library/Ruby/Gems/2.3.0/gems/activerecord-5.2.3/lib/active_record/reflection.rb:991:in `derive_class_name'
/Library/Ruby/Gems/2.3.0/gems/activerecord-5.2.3/lib/active_record/reflection.rb:162:in `class_name'
/Library/Ruby/Gems/2.3.0/gems/activerecord-5.2.3/lib/active_record/reflection.rb:769:in `klass'
/Library/Ruby/Gems/2.3.0/gems/activerecord-5.2.3/lib/active_record/reflection.rb:790:in `source_reflection'
/Library/Ruby/Gems/2.3.0/gems/activerecord-5.2.3/lib/active_record/reflection.rb:991:in `derive_class_name'
/Library/Ruby/Gems/2.3.0/gems/activerecord-5.2.3/lib/active_record/reflection.rb:162:in `class_name'
/Library/Ruby/Gems/2.3.0/gems/activerecord-5.2.3/lib/active_record/reflection.rb:769:in `klass'
/Library/Ruby/Gems/2.3.0/gems/activerecord-5.2.3/lib/active_record/reflection.rb:790:in `source_reflection'
/Library/Ruby/Gems/2.3.0/gems/activerecord-5.2.3/lib/active_record/reflection.rb:991:in `derive_class_name'
/Library/Ruby/Gems/2.3.0/gems/activerecord-5.2.3/lib/active_record/reflection.rb:162:in `class_name'
/Library/Ruby/Gems/2.3.0/gems/activerecord-5.2.3/lib/active_record/reflection.rb:769:in `klass'
/Library/Ruby/Gems/2.3.0/gems/activerecord-5.2.3/lib/active_record/reflection.rb:790:in `source_reflection'
/Library/Ruby/Gems/2.3.0/gems/activerecord-5.2.3/lib/active_record/reflection.rb:991:in `derive_class_name'
/Library/Ruby/Gems/2.3.0/gems/activerecord-5.2.3/lib/active_record/reflection.rb:162:in `class_name'
/Library/Ruby/Gems/2.3.0/gems/activerecord-5.2.3/lib/active_record/reflection.rb:769:in `klass'
/Library/Ruby/Gems/2.3.0/gems/activerecord-5.2.3/lib/active_record/reflection.rb:790:in `source_reflection'
/Library/Ruby/Gems/2.3.0/gems/activerecord-5.2.3/lib/active_record/reflection.rb:991:in `derive_class_name'
/Library/Ruby/Gems/2.3.0/gems/activerecord-5.2.3/lib/active_record/reflection.rb:162:in `class_name'
/Library/Ruby/Gems/2.3.0/gems/activerecord-5.2.3/lib/active_record/reflection.rb:769:in `klass'
/Library/Ruby/Gems/2.3.0/gems/activerecord-5.2.3/lib/active_record/reflection.rb:790:in `source_reflection'
/Library/Ruby/Gems/2.3.0/gems/activerecord-5.2.3/lib/active_record/reflection.rb:991:in `derive_class_name'
/Library/Ruby/Gems/2.3.0/gems/activerecord-5.2.3/lib/active_record/reflection.rb:162:in `class_name'
/Library/Ruby/Gems/2.3.0/gems/activerecord-5.2.3/lib/active_record/reflection.rb:769:in `klass'
/Library/Ruby/Gems/2.3.0/gems/activerecord-5.2.3/lib/active_record/reflection.rb:790:in `source_reflection'
/Library/Ruby/Gems/2.3.0/gems/activerecord-5.2.3/lib/active_record/reflection.rb:991:in `derive_class_name'
/Library/Ruby/Gems/2.3.0/gems/activerecord-5.2.3/lib/active_record/reflection.rb:162:in `class_name'
/Library/Ruby/Gems/2.3.0/gems/activerecord-5.2.3/lib/active_record/reflection.rb:769:in `klass'
/Library/Ruby/Gems/2.3.0/gems/activerecord-5.2.3/lib/active_record/reflection.rb:790:in `source_reflection'
/Library/Ruby/Gems/2.3.0/gems/activerecord-5.2.3/lib/active_record/reflection.rb:991:in `derive_class_name'
/Library/Ruby/Gems/2.3.0/gems/activerecord-5.2.3/lib/active_record/reflection.rb:162:in `class_name'
/Library/Ruby/Gems/2.3.0/gems/activerecord-5.2.3/lib/active_record/reflection.rb:769:in `klass'
/Library/Ruby/Gems/2.3.0/gems/activerecord-5.2.3/lib/active_record/reflection.rb:790:in `source_reflection'
/Library/Ruby/Gems/2.3.0/gems/activerecord-5.2.3/lib/active_record/reflection.rb:991:in `derive_class_name'
/Library/Ruby/Gems/2.3.0/gems/activerecord-5.2.3/lib/active_record/reflection.rb:162:in `class_name'
/Library/Ruby/Gems/2.3.0/gems/activerecord-5.2.3/lib/active_record/reflection.rb:769:in `klass'
/Library/Ruby/Gems/2.3.0/gems/activerecord-5.2.3/lib/active_record/reflection.rb:790:in `source_reflection'
/Library/Ruby/Gems/2.3.0/gems/activerecord-5.2.3/lib/active_record/reflection.rb:991:in `derive_class_name'
/Library/Ruby/Gems/2.3.0/gems/activerecord-5.2.3/lib/active_record/reflection.rb:162:in `class_name'
/Library/Ruby/Gems/2.3.0/gems/activerecord-5.2.3/lib/active_record/reflection.rb:769:in `klass'
/Library/Ruby/Gems/2.3.0/gems/activerecord-5.2.3/lib/active_record/reflection.rb:790:in `source_reflection'
/Library/Ruby/Gems/2.3.0/gems/activerecord-5.2.3/lib/active_record/reflection.rb:991:in `derive_class_name'
/Library/Ruby/Gems/2.3.0/gems/activerecord-5.2.3/lib/active_record/reflection.rb:162:in `class_name'
/Library/Ruby/Gems/2.3.0/gems/activerecord-5.2.3/lib/active_record/reflection.rb:769:in `klass'
/Library/Ruby/Gems/2.3.0/gems/activerecord-5.2.3/lib/active_record/reflection.rb:790:in `source_reflection'
/Library/Ruby/Gems/2.3.0/gems/activerecord-5.2.3/lib/active_record/reflection.rb:991:in `derive_class_name'
/Library/Ruby/Gems/2.3.0/gems/activerecord-5.2.3/lib/active_record/reflection.rb:162:in `class_name'
/Library/Ruby/Gems/2.3.0/gems/activerecord-5.2.3/lib/active_record/reflection.rb:769:in `klass'
/Library/Ruby/Gems/2.3.0/gems/activerecord-5.2.3/lib/active_record/reflection.rb:790:in `source_reflection'
/Library/Ruby/Gems/2.3.0/gems/activerecord-5.2.3/lib/active_record/reflection.rb:991:in `derive_class_name'
/Library/Ruby/Gems/2.3.0/gems/activerecord-5.2.3/lib/active_record/reflection.rb:162:in `class_name'
/Library/Ruby/Gems/2.3.0/gems/activerecord-5.2.3/lib/active_record/reflection.rb:769:in `klass'
/Library/Ruby/Gems/2.3.0/gems/activerecord-5.2.3/lib/active_record/reflection.rb:790:in `source_reflection'
/Library/Ruby/Gems/2.3.0/gems/activerecord-5.2.3/lib/active_record/reflection.rb:991:in `derive_class_name'
/Library/Ruby/Gems/2.3.0/gems/activerecord-5.2.3/lib/active_record/reflection.rb:162:in `class_name'
/Library/Ruby/Gems/2.3.0/gems/activerecord-5.2.3/lib/active_record/reflection.rb:769:in `klass'
/Library/Ruby/Gems/2.3.0/gems/activerecord-5.2.3/lib/active_record/reflection.rb:790:in `source_reflection'
/Library/Ruby/Gems/2.3.0/gems/activerecord-5.2.3/lib/active_record/reflection.rb:991:in `derive_class_name'
/Library/Ruby/Gems/2.3.0/gems/activerecord-5.2.3/lib/active_record/reflection.rb:162:in `class_name'
/Library/Ruby/Gems/2.3.0/gems/activerecord-5.2.3/lib/active_record/reflection.rb:769:in `klass'
/Library/Ruby/Gems/2.3.0/gems/activerecord-5.2.3/lib/active_record/reflection.rb:790:in `source_reflection'
/Library/Ruby/Gems/2.3.0/gems/activerecord-5.2.3/lib/active_record/reflection.rb:991:in `derive_class_name'
/Library/Ruby/Gems/2.3.0/gems/activerecord-5.2.3/lib/active_record/reflection.rb:162:in `class_name'
/Library/Ruby/Gems/2.3.0/gems/activerecord-5.2.3/lib/active_record/reflection.rb:769:in `klass'
/Library/Ruby/Gems/2.3.0/gems/activerecord-5.2.3/lib/active_record/reflection.rb:790:in `source_reflection'
/Library/Ruby/Gems/2.3.0/gems/activerecord-5.2.3/lib/active_record/reflection.rb:991:in `derive_class_name'
/Library/Ruby/Gems/2.3.0/gems/activerecord-5.2.3/lib/active_record/reflection.rb:162:in `class_name'
/Library/Ruby/Gems/2.3.0/gems/activerecord-5.2.3/lib/active_record/reflection.rb:769:in `klass'
/Library/Ruby/Gems/2.3.0/gems/activerecord-5.2.3/lib/active_record/reflection.rb:790:in `source_reflection'
/Library/Ruby/Gems/2.3.0/gems/activerecord-5.2.3/lib/active_record/reflection.rb:991:in `derive_class_name'
/Library/Ruby/Gems/2.3.0/gems/activerecord-5.2.3/lib/active_record/reflection.rb:162:in `class_name'
/Library/Ruby/Gems/2.3.0/gems/activerecord-5.2.3/lib/active_record/reflection.rb:769:in `klass'
/Library/Ruby/Gems/2.3.0/gems/activerecord-5.2.3/lib/active_record/reflection.rb:790:in `source_reflection'
/Library/Ruby/Gems/2.3.0/gems/activerecord-5.2.3/lib/active_record/reflection.rb:991:in `derive_class_name'
/Library/Ruby/Gems/2.3.0/gems/activerecord-5.2.3/lib/active_record/reflection.rb:162:in `class_name'
/Library/Ruby/Gems/2.3.0/gems/activerecord-5.2.3/lib/active_record/reflection.rb:769:in `klass'
/Library/Ruby/Gems/2.3.0/gems/activerecord-5.2.3/lib/active_record/reflection.rb:790:in `source_reflection'
/Library/Ruby/Gems/2.3.0/gems/activerecord-5.2.3/lib/active_record/reflection.rb:991:in `derive_class_name'
/Library/Ruby/Gems/2.3.0/gems/activerecord-5.2.3/lib/active_record/reflection.rb:162:in `class_name'
/Library/Ruby/Gems/2.3.0/gems/activerecord-5.2.3/lib/active_record/reflection.rb:769:in `klass'
/Library/Ruby/Gems/2.3.0/gems/activerecord-5.2.3/lib/active_record/reflection.rb:790:in `source_reflection'
/Library/Ruby/Gems/2.3.0/gems/activerecord-5.2.3/lib/active_record/reflection.rb:991:in `derive_class_name'
/Library/Ruby/Gems/2.3.0/gems/activerecord-5.2.3/lib/active_record/reflection.rb:162:in `class_name'
/Library/Ruby/Gems/2.3.0/gems/activerecord-5.2.3/lib/active_record/reflection.rb:769:in `klass'
/Library/Ruby/Gems/2.3.0/gems/activerecord-5.2.3/lib/active_record/reflection.rb:790:in `source_reflection'
/Library/Ruby/Gems/2.3.0/gems/activerecord-5.2.3/lib/active_record/reflection.rb:991:in `derive_class_name'
/Library/Ruby/Gems/2.3.0/gems/activerecord-5.2.3/lib/active_record/reflection.rb:162:in `class_name'
/Library/Ruby/Gems/2.3.0/gems/activerecord-5.2.3/lib/active_record/reflection.rb:769:in `klass'
/Library/Ruby/Gems/2.3.0/gems/activerecord-5.2.3/lib/active_record/reflection.rb:790:in `source_reflection'
/Library/Ruby/Gems/2.3.0/gems/activerecord-5.2.3/lib/active_record/reflection.rb:991:in `derive_class_name'
/Library/Ruby/Gems/2.3.0/gems/activerecord-5.2.3/lib/active_record/reflection.rb:162:in `class_name'
/Library/Ruby/Gems/2.3.0/gems/activerecord-5.2.3/lib/active_record/reflection.rb:769:in `klass'
/Library/Ruby/Gems/2.3.0/gems/activerecord-5.2.3/lib/active_record/reflection.rb:790:in `source_reflection'
/Library/Ruby/Gems/2.3.0/gems/activerecord-5.2.3/lib/active_record/reflection.rb:991:in `derive_class_name'
/Library/Ruby/Gems/2.3.0/gems/activerecord-5.2.3/lib/active_record/reflection.rb:162:in `class_name'
/Library/Ruby/Gems/2.3.0/gems/activerecord-5.2.3/lib/active_record/reflection.rb:769:in `klass'
/Library/Ruby/Gems/2.3.0/gems/activerecord-5.2.3/lib/active_record/reflection.rb:790:in `source_reflection'
/Library/Ruby/Gems/2.3.0/gems/activerecord-5.2.3/lib/active_record/reflection.rb:991:in `derive_class_name'
/Library/Ruby/Gems/2.3.0/gems/activerecord-5.2.3/lib/active_record/reflection.rb:162:in `class_name'
/Library/Ruby/Gems/2.3.0/gems/activerecord-5.2.3/lib/active_record/reflection.rb:769:in `klass'
/Library/Ruby/Gems/2.3.0/gems/activerecord-5.2.3/lib/active_record/reflection.rb:790:in `source_reflection'
/Library/Ruby/Gems/2.3.0/gems/activerecord-5.2.3/lib/active_record/reflection.rb:991:in `derive_class_name'
/Library/Ruby/Gems/2.3.0/gems/activerecord-5.2.3/lib/active_record/reflection.rb:162:in `class_name'
/Library/Ruby/Gems/2.3.0/gems/activerecord-5.2.3/lib/active_record/reflection.rb:769:in `klass'
/Library/Ruby/Gems/2.3.0/gems/activerecord-5.2.3/lib/active_record/reflection.rb:790:in `source_reflection'
/Library/Ruby/Gems/2.3.0/gems/activerecord-5.2.3/lib/active_record/reflection.rb:991:in `derive_class_name'
/Library/Ruby/Gems/2.3.0/gems/activerecord-5.2.3/lib/active_record/reflection.rb:162:in `class_name'
/Library/Ruby/Gems/2.3.0/gems/activerecord-5.2.3/lib/active_record/reflection.rb:769:in `klass'
/Library/Ruby/Gems/2.3.0/gems/activerecord-5.2.3/lib/active_record/reflection.rb:790:in `source_reflection'
/Library/Ruby/Gems/2.3.0/gems/activerecord-5.2.3/lib/active_record/reflection.rb:991:in `derive_class_name'
/Library/Ruby/Gems/2.3.0/gems/activerecord-5.2.3/lib/active_record/reflection.rb:162:in `class_name'
/Library/Ruby/Gems/2.3.0/gems/activerecord-5.2.3/lib/active_record/reflection.rb:769:in `klass'
/Library/Ruby/Gems/2.3.0/gems/activerecord-5.2.3/lib/active_record/reflection.rb:790:in `source_reflection'
/Library/Ruby/Gems/2.3.0/gems/activerecord-5.2.3/lib/active_record/reflection.rb:991:in `derive_class_name'
/Library/Ruby/Gems/2.3.0/gems/activerecord-5.2.3/lib/active_record/reflection.rb:162:in `class_name'
/Library/Ruby/Gems/2.3.0/gems/activerecord-5.2.3/lib/active_record/reflection.rb:769:in `klass'
/Library/Ruby/Gems/2.3.0/gems/activerecord-5.2.3/lib/active_record/reflection.rb:790:in `source_reflection'
/Library/Ruby/Gems/2.3.0/gems/activerecord-5.2.3/lib/active_record/reflection.rb:991:in `derive_class_name'
/Library/Ruby/Gems/2.3.0/gems/activerecord-5.2.3/lib/active_record/reflection.rb:162:in `class_name'
/Library/Ruby/Gems/2.3.0/gems/activerecord-5.2.3/lib/active_record/reflection.rb:769:in `klass'
/Library/Ruby/Gems/2.3.0/gems/activerecord-5.2.3/lib/active_record/reflection.rb:790:in `source_reflection'
/Library/Ruby/Gems/2.3.0/gems/activerecord-5.2.3/lib/active_record/reflection.rb:991:in `derive_class_name'
/Library/Ruby/Gems/2.3.0/gems/activerecord-5.2.3/lib/active_record/reflection.rb:162:in `class_name'
/Library/Ruby/Gems/2.3.0/gems/activerecord-5.2.3/lib/active_record/reflection.rb:769:in `klass'
/Library/Ruby/Gems/2.3.0/gems/activerecord-5.2.3/lib/active_record/reflection.rb:790:in `source_reflection'
/Library/Ruby/Gems/2.3.0/gems/activerecord-5.2.3/lib/active_record/reflection.rb:991:in `derive_class_name'
/Library/Ruby/Gems/2.3.0/gems/activerecord-5.2.3/lib/active_record/reflection.rb:162:in `class_name'
/Library/Ruby/Gems/2.3.0/gems/activerecord-5.2.3/lib/active_record/reflection.rb:769:in `klass'
/Library/Ruby/Gems/2.3.0/gems/activerecord-5.2.3/lib/active_record/reflection.rb:790:in `source_reflection'
/Library/Ruby/Gems/2.3.0/gems/activerecord-5.2.3/lib/active_record/reflection.rb:991:in `derive_class_name'
/Library/Ruby/Gems/2.3.0/gems/activerecord-5.2.3/lib/active_record/reflection.rb:162:in `class_name'
/Library/Ruby/Gems/2.3.0/gems/activerecord-5.2.3/lib/active_record/reflection.rb:769:in `klass'
/Library/Ruby/Gems/2.3.0/gems/activerecord-5.2.3/lib/active_record/reflection.rb:790:in `source_reflection'
/Library/Ruby/Gems/2.3.0/gems/activerecord-5.2.3/lib/active_record/reflection.rb:991:in `derive_class_name'
/Library/Ruby/Gems/2.3.0/gems/activerecord-5.2.3/lib/active_record/reflection.rb:162:in `class_name'
/Library/Ruby/Gems/2.3.0/gems/activerecord-5.2.3/lib/active_record/reflection.rb:769:in `klass'
/Library/Ruby/Gems/2.3.0/gems/activerecord-5.2.3/lib/active_record/reflection.rb:790:in `source_reflection'
/Library/Ruby/Gems/2.3.0/gems/activerecord-5.2.3/lib/active_record/reflection.rb:991:in `derive_class_name'
/Library/Ruby/Gems/2.3.0/gems/activerecord-5.2.3/lib/active_record/reflection.rb:162:in `class_name'
/Library/Ruby/Gems/2.3.0/gems/activerecord-5.2.3/lib/active_record/reflection.rb:769:in `klass'
/Library/Ruby/Gems/2.3.0/gems/activerecord-5.2.3/lib/active_record/reflection.rb:790:in `source_reflection'
/Library/Ruby/Gems/2.3.0/gems/activerecord-5.2.3/lib/active_record/reflection.rb:991:in `derive_class_name'
/Library/Ruby/Gems/2.3.0/gems/activerecord-5.2.3/lib/active_record/reflection.rb:162:in `class_name'
/Library/Ruby/Gems/2.3.0/gems/activerecord-5.2.3/lib/active_record/reflection.rb:769:in `klass'
/Library/Ruby/Gems/2.3.0/gems/activerecord-5.2.3/lib/active_record/reflection.rb:790:in `source_reflection'
/Library/Ruby/Gems/2.3.0/gems/activerecord-5.2.3/lib/active_record/reflection.rb:991:in `derive_class_name'
/Library/Ruby/Gems/2.3.0/gems/activerecord-5.2.3/lib/active_record/reflection.rb:162:in `class_name'
/Library/Ruby/Gems/2.3.0/gems/activerecord-5.2.3/lib/active_record/reflection.rb:769:in `klass'
/Library/Ruby/Gems/2.3.0/gems/activerecord-5.2.3/lib/active_record/reflection.rb:790:in `source_reflection'
/Library/Ruby/Gems/2.3.0/gems/activerecord-5.2.3/lib/active_record/reflection.rb:991:in `derive_class_name'
/Library/Ruby/Gems/2.3.0/gems/activerecord-5.2.3/lib/active_record/reflection.rb:162:in `class_name'
/Library/Ruby/Gems/2.3.0/gems/activerecord-5.2.3/lib/active_record/reflection.rb:769:in `klass'
/Library/Ruby/Gems/2.3.0/gems/activerecord-5.2.3/lib/active_record/reflection.rb:790:in `source_reflection'
/Library/Ruby/Gems/2.3.0/gems/activerecord-5.2.3/lib/active_record/reflection.rb:991:in `derive_class_name'
/Library/Ruby/Gems/2.3.0/gems/activerecord-5.2.3/lib/active_record/reflection.rb:162:in `class_name'
/Library/Ruby/Gems/2.3.0/gems/activerecord-5.2.3/lib/active_record/reflection.rb:769:in `klass'
/Library/Ruby/Gems/2.3.0/gems/activerecord-5.2.3/lib/active_record/reflection.rb:790:in `source_reflection'
/Library/Ruby/Gems/2.3.0/gems/activerecord-5.2.3/lib/active_record/reflection.rb:991:in `derive_class_name'
/Library/Ruby/Gems/2.3.0/gems/activerecord-5.2.3/lib/active_record/reflection.rb:162:in `class_name'
/Library/Ruby/Gems/2.3.0/gems/activerecord-5.2.3/lib/active_record/reflection.rb:769:in `klass'
/Library/Ruby/Gems/2.3.0/gems/activerecord-5.2.3/lib/active_record/reflection.rb:790:in `source_reflection'
/Library/Ruby/Gems/2.3.0/gems/activerecord-5.2.3/lib/active_record/reflection.rb:991:in `derive_class_name'
/Library/Ruby/Gems/2.3.0/gems/activerecord-5.2.3/lib/active_record/reflection.rb:162:in `class_name'
/Library/Ruby/Gems/2.3.0/gems/activerecord-5.2.3/lib/active_record/reflection.rb:769:in `klass'
/Library/Ruby/Gems/2.3.0/gems/activerecord-5.2.3/lib/active_record/reflection.rb:790:in `source_reflection'
/Library/Ruby/Gems/2.3.0/gems/activerecord-5.2.3/lib/active_record/reflection.rb:991:in `derive_class_name'
/Library/Ruby/Gems/2.3.0/gems/activerecord-5.2.3/lib/active_record/reflection.rb:162:in `class_name'
/Library/Ruby/Gems/2.3.0/gems/activerecord-5.2.3/lib/active_record/reflection.rb:769:in `klass'
/Library/Ruby/Gems/2.3.0/gems/activerecord-5.2.3/lib/active_record/reflection.rb:790:in `source_reflection'
/Library/Ruby/Gems/2.3.0/gems/activerecord-5.2.3/lib/active_record/reflection.rb:991:in `derive_class_name'
/Library/Ruby/Gems/2.3.0/gems/activerecord-5.2.3/lib/active_record/reflection.rb:162:in `class_name'
/Library/Ruby/Gems/2.3.0/gems/activerecord-5.2.3/lib/active_record/reflection.rb:769:in `klass'
/Library/Ruby/Gems/2.3.0/gems/activerecord-5.2.3/lib/active_record/reflection.rb:790:in `source_reflection'
/Library/Ruby/Gems/2.3.0/gems/activerecord-5.2.3/lib/active_record/reflection.rb:991:in `derive_class_name'
/Library/Ruby/Gems/2.3.0/gems/activerecord-5.2.3/lib/active_record/reflection.rb:162:in `class_name'
/Library/Ruby/Gems/2.3.0/gems/activerecord-5.2.3/lib/active_record/reflection.rb:769:in `klass'
/Library/Ruby/Gems/2.3.0/gems/activerecord-5.2.3/lib/active_record/reflection.rb:790:in `source_reflection'
/Library/Ruby/Gems/2.3.0/gems/activerecord-5.2.3/lib/active_record/reflection.rb:991:in `derive_class_name'
/Library/Ruby/Gems/2.3.0/gems/activerecord-5.2.3/lib/active_record/reflection.rb:162:in `class_name'
/Library/Ruby/Gems/2.3.0/gems/activerecord-5.2.3/lib/active_record/reflection.rb:769:in `klass'
/Library/Ruby/Gems/2.3.0/gems/activerecord-5.2.3/lib/active_record/reflection.rb:790:in `source_reflection'
/Library/Ruby/Gems/2.3.0/gems/activerecord-5.2.3/lib/active_record/reflection.rb:991:in `derive_class_name'
/Library/Ruby/Gems/2.3.0/gems/activerecord-5.2.3/lib/active_record/reflection.rb:162:in `class_name'
/Library/Ruby/Gems/2.3.0/gems/activerecord-5.2.3/lib/active_record/reflection.rb:769:in `klass'
/Library/Ruby/Gems/2.3.0/gems/activerecord-5.2.3/lib/active_record/reflection.rb:790:in `source_reflection'
/Library/Ruby/Gems/2.3.0/gems/activerecord-5.2.3/lib/active_record/reflection.rb:991:in `derive_class_name'
/Library/Ruby/Gems/2.3.0/gems/activerecord-5.2.3/lib/active_record/reflection.rb:162:in `class_name'
/Library/Ruby/Gems/2.3.0/gems/activerecord-5.2.3/lib/active_record/reflection.rb:769:in `klass'
/Library/Ruby/Gems/2.3.0/gems/activerecord-5.2.3/lib/active_record/reflection.rb:790:in `source_reflection'
/Library/Ruby/Gems/2.3.0/gems/activerecord-5.2.3/lib/active_record/reflection.rb:991:in `derive_class_name'
/Library/Ruby/Gems/2.3.0/gems/activerecord-5.2.3/lib/active_record/reflection.rb:162:in `class_name'
/Library/Ruby/Gems/2.3.0/gems/activerecord-5.2.3/lib/active_record/reflection.rb:769:in `klass'
/Library/Ruby/Gems/2.3.0/gems/activerecord-5.2.3/lib/active_record/reflection.rb:790:in `source_reflection'
/Library/Ruby/Gems/2.3.0/gems/activerecord-5.2.3/lib/active_record/reflection.rb:991:in `derive_class_name'
/Library/Ruby/Gems/2.3.0/gems/activerecord-5.2.3/lib/active_record/reflection.rb:162:in `class_name'
/Library/Ruby/Gems/2.3.0/gems/activerecord-5.2.3/lib/active_record/reflection.rb:769:in `klass'
/Library/Ruby/Gems/2.3.0/gems/activerecord-5.2.3/lib/active_record/reflection.rb:790:in `source_reflection'
/Library/Ruby/Gems/2.3.0/gems/activerecord-5.2.3/lib/active_record/reflection.rb:991:in `derive_class_name'
/Library/Ruby/Gems/2.3.0/gems/activerecord-5.2.3/lib/active_record/reflection.rb:162:in `class_name'
/Library/Ruby/Gems/2.3.0/gems/activerecord-5.2.3/lib/active_record/reflection.rb:769:in `klass'
/Library/Ruby/Gems/2.3.0/gems/activerecord-5.2.3/lib/active_record/reflection.rb:790:in `source_reflection'
/Library/Ruby/Gems/2.3.0/gems/activerecord-5.2.3/lib/active_record/reflection.rb:991:in `derive_class_name'
/Library/Ruby/Gems/2.3.0/gems/activerecord-5.2.3/lib/active_record/reflection.rb:162:in `class_name'
/Library/Ruby/Gems/2.3.0/gems/activerecord-5.2.3/lib/active_record/reflection.rb:769:in `klass'
/Library/Ruby/Gems/2.3.0/gems/activerecord-5.2.3/lib/active_record/reflection.rb:790:in `source_reflection'
/Library/Ruby/Gems/2.3.0/gems/activerecord-5.2.3/lib/active_record/reflection.rb:991:in `derive_class_name'
/Library/Ruby/Gems/2.3.0/gems/activerecord-5.2.3/lib/active_record/reflection.rb:162:in `class_name'
/Library/Ruby/Gems/2.3.0/gems/activerecord-5.2.3/lib/active_record/reflection.rb:769:in `klass'
/Library/Ruby/Gems/2.3.0/gems/activerecord-5.2.3/lib/active_record/reflection.rb:790:in `source_reflection'
/Library/Ruby/Gems/2.3.0/gems/activerecord-5.2.3/lib/active_record/reflection.rb:991:in `derive_class_name'
/Library/Ruby/Gems/2.3.0/gems/activerecord-5.2.3/lib/active_record/reflection.rb:162:in `class_name'
/Library/Ruby/Gems/2.3.0/gems/activerecord-5.2.3/lib/active_record/reflection.rb:769:in `klass'
/Library/Ruby/Gems/2.3.0/gems/activerecord-5.2.3/lib/active_record/reflection.rb:790:in `source_reflection'
/Library/Ruby/Gems/2.3.0/gems/activerecord-5.2.3/lib/active_record/reflection.rb:991:in `derive_class_name'
/Library/Ruby/Gems/2.3.0/gems/activerecord-5.2.3/lib/active_record/reflection.rb:162:in `class_name'
/Library/Ruby/Gems/2.3.0/gems/activerecord-5.2.3/lib/active_record/reflection.rb:769:in `klass'
/Library/Ruby/Gems/2.3.0/gems/activerecord-5.2.3/lib/active_record/reflection.rb:790:in `source_reflection'
/Library/Ruby/Gems/2.3.0/gems/activerecord-5.2.3/lib/active_record/reflection.rb:991:in `derive_class_name'
/Library/Ruby/Gems/2.3.0/gems/activerecord-5.2.3/lib/active_record/reflection.rb:162:in `class_name'
/Library/Ruby/Gems/2.3.0/gems/activerecord-5.2.3/lib/active_record/reflection.rb:769:in `klass'
/Library/Ruby/Gems/2.3.0/gems/activerecord-5.2.3/lib/active_record/reflection.rb:790:in `source_reflection'
/Library/Ruby/Gems/2.3.0/gems/activerecord-5.2.3/lib/active_record/reflection.rb:991:in `derive_class_name'
/Library/Ruby/Gems/2.3.0/gems/activerecord-5.2.3/lib/active_record/reflection.rb:162:in `class_name'
/Library/Ruby/Gems/2.3.0/gems/activerecord-5.2.3/lib/active_record/reflection.rb:769:in `klass'
/Library/Ruby/Gems/2.3.0/gems/activerecord-5.2.3/lib/active_record/reflection.rb:790:in `source_reflection'
/Library/Ruby/Gems/2.3.0/gems/activerecord-5.2.3/lib/active_record/reflection.rb:991:in `derive_class_name'
/Library/Ruby/Gems/2.3.0/gems/activerecord-5.2.3/lib/active_record/reflection.rb:162:in `class_name'
/Library/Ruby/Gems/2.3.0/gems/activerecord-5.2.3/lib/active_record/reflection.rb:769:in `klass'
/Library/Ruby/Gems/2.3.0/gems/activerecord-5.2.3/lib/active_record/reflection.rb:790:in `source_reflection'
/Library/Ruby/Gems/2.3.0/gems/activerecord-5.2.3/lib/active_record/reflection.rb:991:in `derive_class_name'
/Library/Ruby/Gems/2.3.0/gems/activerecord-5.2.3/lib/active_record/reflection.rb:162:in `class_name'
/Library/Ruby/Gems/2.3.0/gems/activerecord-5.2.3/lib/active_record/reflection.rb:769:in `klass'
/Library/Ruby/Gems/2.3.0/gems/activerecord-5.2.3/lib/active_record/reflection.rb:790:in `source_reflection'
/Library/Ruby/Gems/2.3.0/gems/activerecord-5.2.3/lib/active_record/reflection.rb:991:in `derive_class_name'
/Library/Ruby/Gems/2.3.0/gems/activerecord-5.2.3/lib/active_record/reflection.rb:162:in `class_name'
/Library/Ruby/Gems/2.3.0/gems/activerecord-5.2.3/lib/active_record/reflection.rb:769:in `klass'
/Library/Ruby/Gems/2.3.0/gems/activerecord-5.2.3/lib/active_record/reflection.rb:790:in `source_reflection'
/Library/Ruby/Gems/2.3.0/gems/activerecord-5.2.3/lib/active_record/reflection.rb:991:in `derive_class_name'
/Library/Ruby/Gems/2.3.0/gems/activerecord-5.2.3/lib/active_record/reflection.rb:162:in `class_name'
/Library/Ruby/Gems/2.3.0/gems/activerecord-5.2.3/lib/active_record/reflection.rb:769:in `klass'
/Library/Ruby/Gems/2.3.0/gems/activerecord-5.2.3/lib/active_record/reflection.rb:790:in `source_reflection'
/Library/Ruby/Gems/2.3.0/gems/activerecord-5.2.3/lib/active_record/reflection.rb:991:in `derive_class_name'
/Library/Ruby/Gems/2.3.0/gems/activerecord-5.2.3/lib/active_record/reflection.rb:162:in `class_name'
/Library/Ruby/Gems/2.3.0/gems/activerecord-5.2.3/lib/active_record/reflection.rb:769:in `klass'
/Library/Ruby/Gems/2.3.0/gems/activerecord-5.2.3/lib/active_record/reflection.rb:790:in `source_reflection'
/Library/Ruby/Gems/2.3.0/gems/activerecord-5.2.3/lib/active_record/reflection.rb:991:in `derive_class_name'
/Library/Ruby/Gems/2.3.0/gems/activerecord-5.2.3/lib/active_record/reflection.rb:162:in `class_name'
/Library/Ruby/Gems/2.3.0/gems/activerecord-5.2.3/lib/active_record/reflection.rb:769:in `klass'
/Library/Ruby/Gems/2.3.0/gems/activerecord-5.2.3/lib/active_record/reflection.rb:790:in `source_reflection'
/Library/Ruby/Gems/2.3.0/gems/activerecord-5.2.3/lib/active_record/reflection.rb:991:in `derive_class_name'
/Library/Ruby/Gems/2.3.0/gems/activerecord-5.2.3/lib/active_record/reflection.rb:162:in `class_name'
/Library/Ruby/Gems/2.3.0/gems/activerecord-5.2.3/lib/active_record/reflection.rb:769:in `klass'
/Library/Ruby/Gems/2.3.0/gems/activerecord-5.2.3/lib/active_record/reflection.rb:790:in `source_reflection'
/Library/Ruby/Gems/2.3.0/gems/activerecord-5.2.3/lib/active_record/reflection.rb:991:in `derive_class_name'
/Library/Ruby/Gems/2.3.0/gems/activerecord-5.2.3/lib/active_record/reflection.rb:162:in `class_name'
/Library/Ruby/Gems/2.3.0/gems/activerecord-5.2.3/lib/active_record/reflection.rb:769:in `klass'
/Library/Ruby/Gems/2.3.0/gems/activerecord-5.2.3/lib/active_record/reflection.rb:790:in `source_reflection'
/Library/Ruby/Gems/2.3.0/gems/activerecord-5.2.3/lib/active_record/reflection.rb:991:in `derive_class_name'
/Library/Ruby/Gems/2.3.0/gems/activerecord-5.2.3/lib/active_record/reflection.rb:162:in `class_name'
/Library/Ruby/Gems/2.3.0/gems/activerecord-5.2.3/lib/active_record/reflection.rb:769:in `klass'
/Library/Ruby/Gems/2.3.0/gems/activerecord-5.2.3/lib/active_record/reflection.rb:790:in `source_reflection'
/Library/Ruby/Gems/2.3.0/gems/activerecord-5.2.3/lib/active_record/reflection.rb:991:in `derive_class_name'
/Library/Ruby/Gems/2.3.0/gems/activerecord-5.2.3/lib/active_record/reflection.rb:162:in `class_name'
/Library/Ruby/Gems/2.3.0/gems/activerecord-5.2.3/lib/active_record/reflection.rb:769:in `klass'
/Library/Ruby/Gems/2.3.0/gems/activerecord-5.2.3/lib/active_record/reflection.rb:790:in `source_reflection'
/Library/Ruby/Gems/2.3.0/gems/activerecord-5.2.3/lib/active_record/reflection.rb:991:in `derive_class_name'
/Library/Ruby/Gems/2.3.0/gems/activerecord-5.2.3/lib/active_record/reflection.rb:162:in `class_name'
/Library/Ruby/Gems/2.3.0/gems/activerecord-5.2.3/lib/active_record/reflection.rb:769:in `klass'
/Library/Ruby/Gems/2.3.0/gems/activerecord-5.2.3/lib/active_record/reflection.rb:790:in `source_reflection'
/Library/Ruby/Gems/2.3.0/gems/activerecord-5.2.3/lib/active_record/reflection.rb:991:in `derive_class_name'
/Library/Ruby/Gems/2.3.0/gems/activerecord-5.2.3/lib/active_record/reflection.rb:162:in `class_name'
/Library/Ruby/Gems/2.3.0/gems/activerecord-5.2.3/lib/active_record/reflection.rb:769:in `klass'
/Library/Ruby/Gems/2.3.0/gems/activerecord-5.2.3/lib/active_record/reflection.rb:790:in `source_reflection'
/Library/Ruby/Gems/2.3.0/gems/activerecord-5.2.3/lib/active_record/reflection.rb:991:in `derive_class_name'
/Library/Ruby/Gems/2.3.0/gems/activerecord-5.2.3/lib/active_record/reflection.rb:162:in `class_name'
/Library/Ruby/Gems/2.3.0/gems/activerecord-5.2.3/lib/active_record/reflection.rb:769:in `klass'
/Library/Ruby/Gems/2.3.0/gems/activerecord-5.2.3/lib/active_record/reflection.rb:790:in `source_reflection'
/Library/Ruby/Gems/2.3.0/gems/activerecord-5.2.3/lib/active_record/reflection.rb:991:in `derive_class_name'
/Library/Ruby/Gems/2.3.0/gems/activerecord-5.2.3/lib/active_record/reflection.rb:162:in `class_name'
/Library/Ruby/Gems/2.3.0/gems/activerecord-5.2.3/lib/active_record/reflection.rb:769:in `klass'
/Library/Ruby/Gems/2.3.0/gems/activerecord-5.2.3/lib/active_record/reflection.rb:790:in `source_reflection'
/Library/Ruby/Gems/2.3.0/gems/activerecord-5.2.3/lib/active_record/reflection.rb:991:in `derive_class_name'
/Library/Ruby/Gems/2.3.0/gems/activerecord-5.2.3/lib/active_record/reflection.rb:162:in `class_name'
/Library/Ruby/Gems/2.3.0/gems/activerecord-5.2.3/lib/active_record/reflection.rb:769:in `klass'
/Library/Ruby/Gems/2.3.0/gems/activerecord-5.2.3/lib/active_record/reflection.rb:790:in `source_reflection'
/Library/Ruby/Gems/2.3.0/gems/activerecord-5.2.3/lib/active_record/reflection.rb:991:in `derive_class_name'
/Library/Ruby/Gems/2.3.0/gems/activerecord-5.2.3/lib/active_record/reflection.rb:162:in `class_name'
/Library/Ruby/Gems/2.3.0/gems/activerecord-5.2.3/lib/active_record/reflection.rb:769:in `klass'
/Library/Ruby/Gems/2.3.0/gems/activerecord-5.2.3/lib/active_record/reflection.rb:790:in `source_reflection'
/Library/Ruby/Gems/2.3.0/gems/activerecord-5.2.3/lib/active_record/reflection.rb:991:in `derive_class_name'
/Library/Ruby/Gems/2.3.0/gems/activerecord-5.2.3/lib/active_record/reflection.rb:162:in `class_name'
/Library/Ruby/Gems/2.3.0/gems/activerecord-5.2.3/lib/active_record/reflection.rb:769:in `klass'
/Library/Ruby/Gems/2.3.0/gems/activerecord-5.2.3/lib/active_record/reflection.rb:790:in `source_reflection'
/Library/Ruby/Gems/2.3.0/gems/activerecord-5.2.3/lib/active_record/reflection.rb:991:in `derive_class_name'
/Library/Ruby/Gems/2.3.0/gems/activerecord-5.2.3/lib/active_record/reflection.rb:162:in `class_name'
/Library/Ruby/Gems/2.3.0/gems/activerecord-5.2.3/lib/active_record/reflection.rb:769:in `klass'
/Library/Ruby/Gems/2.3.0/gems/activerecord-5.2.3/lib/active_record/reflection.rb:790:in `source_reflection'
/Library/Ruby/Gems/2.3.0/gems/activerecord-5.2.3/lib/active_record/reflection.rb:991:in `derive_class_name'
/Library/Ruby/Gems/2.3.0/gems/activerecord-5.2.3/lib/active_record/reflection.rb:162:in `class_name'
/Library/Ruby/Gems/2.3.0/gems/activerecord-5.2.3/lib/active_record/reflection.rb:769:in `klass'
/Library/Ruby/Gems/2.3.0/gems/activerecord-5.2.3/lib/active_record/reflection.rb:790:in `source_reflection'
/Library/Ruby/Gems/2.3.0/gems/activerecord-5.2.3/lib/active_record/reflection.rb:991:in `derive_class_name'
/Library/Ruby/Gems/2.3.0/gems/activerecord-5.2.3/lib/active_record/reflection.rb:162:in `class_name'
/Library/Ruby/Gems/2.3.0/gems/activerecord-5.2.3/lib/active_record/reflection.rb:769:in `klass'
/Library/Ruby/Gems/2.3.0/gems/activerecord-5.2.3/lib/active_record/reflection.rb:790:in `source_reflection'
/Library/Ruby/Gems/2.3.0/gems/activerecord-5.2.3/lib/active_record/reflection.rb:991:in `derive_class_name'
/Library/Ruby/Gems/2.3.0/gems/activerecord-5.2.3/lib/active_record/reflection.rb:162:in `class_name'
/Library/Ruby/Gems/2.3.0/gems/activerecord-5.2.3/lib/active_record/reflection.rb:769:in `klass'
/Library/Ruby/Gems/2.3.0/gems/activerecord-5.2.3/lib/active_record/reflection.rb:790:in `source_reflection'
/Library/Ruby/Gems/2.3.0/gems/activerecord-5.2.3/lib/active_record/reflection.rb:991:in `derive_class_name'
/Library/Ruby/Gems/2.3.0/gems/activerecord-5.2.3/lib/active_record/reflection.rb:162:in `class_name'
/Library/Ruby/Gems/2.3.0/gems/activerecord-5.2.3/lib/active_record/reflection.rb:769:in `klass'
/Library/Ruby/Gems/2.3.0/gems/activerecord-5.2.3/lib/active_record/reflection.rb:790:in `source_reflection'
/Library/Ruby/Gems/2.3.0/gems/activerecord-5.2.3/lib/active_record/reflection.rb:991:in `derive_class_name'
/Library/Ruby/Gems/2.3.0/gems/activerecord-5.2.3/lib/active_record/reflection.rb:162:in `class_name'
/Library/Ruby/Gems/2.3.0/gems/activerecord-5.2.3/lib/active_record/reflection.rb:769:in `klass'
/Library/Ruby/Gems/2.3.0/gems/activerecord-5.2.3/lib/active_record/reflection.rb:790:in `source_reflection'
/Library/Ruby/Gems/2.3.0/gems/activerecord-5.2.3/lib/active_record/reflection.rb:991:in `derive_class_name'
/Library/Ruby/Gems/2.3.0/gems/activerecord-5.2.3/lib/active_record/reflection.rb:162:in `class_name'
/Library/Ruby/Gems/2.3.0/gems/activerecord-5.2.3/lib/active_record/reflection.rb:769:in `klass'
/Library/Ruby/Gems/2.3.0/gems/activerecord-5.2.3/lib/active_record/reflection.rb:790:in `source_reflection'
/Library/Ruby/Gems/2.3.0/gems/activerecord-5.2.3/lib/active_record/reflection.rb:991:in `derive_class_name'
/Library/Ruby/Gems/2.3.0/gems/activerecord-5.2.3/lib/active_record/reflection.rb:162:in `class_name'
/Library/Ruby/Gems/2.3.0/gems/activerecord-5.2.3/lib/active_record/reflection.rb:769:in `klass'
/Library/Ruby/Gems/2.3.0/gems/activerecord-5.2.3/lib/active_record/reflection.rb:790:in `source_reflection'
/Library/Ruby/Gems/2.3.0/gems/activerecord-5.2.3/lib/active_record/reflection.rb:991:in `derive_class_name'
/Library/Ruby/Gems/2.3.0/gems/activerecord-5.2.3/lib/active_record/reflection.rb:162:in `class_name'
/Library/Ruby/Gems/2.3.0/gems/activerecord-5.2.3/lib/active_record/reflection.rb:769:in `klass'
/Library/Ruby/Gems/2.3.0/gems/activerecord-5.2.3/lib/active_record/reflection.rb:790:in `source_reflection'
/Library/Ruby/Gems/2.3.0/gems/activerecord-5.2.3/lib/active_record/reflection.rb:991:in `derive_class_name'
/Library/Ruby/Gems/2.3.0/gems/activerecord-5.2.3/lib/active_record/reflection.rb:162:in `class_name'
/Library/Ruby/Gems/2.3.0/gems/activerecord-5.2.3/lib/active_record/reflection.rb:769:in `klass'
/Library/Ruby/Gems/2.3.0/gems/activerecord-5.2.3/lib/active_record/reflection.rb:790:in `source_reflection'
/Library/Ruby/Gems/2.3.0/gems/activerecord-5.2.3/lib/active_record/reflection.rb:991:in `derive_class_name'
/Library/Ruby/Gems/2.3.0/gems/activerecord-5.2.3/lib/active_record/reflection.rb:162:in `class_name'
/Library/Ruby/Gems/2.3.0/gems/activerecord-5.2.3/lib/active_record/reflection.rb:769:in `klass'
/Library/Ruby/Gems/2.3.0/gems/activerecord-5.2.3/lib/active_record/reflection.rb:790:in `source_reflection'
/Library/Ruby/Gems/2.3.0/gems/activerecord-5.2.3/lib/active_record/reflection.rb:991:in `derive_class_name'
/Library/Ruby/Gems/2.3.0/gems/activerecord-5.2.3/lib/active_record/reflection.rb:162:in `class_name'
/Library/Ruby/Gems/2.3.0/gems/activerecord-5.2.3/lib/active_record/reflection.rb:769:in `klass'
/Library/Ruby/Gems/2.3.0/gems/activerecord-5.2.3/lib/active_record/reflection.rb:790:in `source_reflection'
/Library/Ruby/Gems/2.3.0/gems/activerecord-5.2.3/lib/active_record/reflection.rb:991:in `derive_class_name'
/Library/Ruby/Gems/2.3.0/gems/activerecord-5.2.3/lib/active_record/reflection.rb:162:in `class_name'
/Library/Ruby/Gems/2.3.0/gems/activerecord-5.2.3/lib/active_record/reflection.rb:769:in `klass'
/Library/Ruby/Gems/2.3.0/gems/activerecord-5.2.3/lib/active_record/reflection.rb:790:in `source_reflection'
/Library/Ruby/Gems/2.3.0/gems/activerecord-5.2.3/lib/active_record/reflection.rb:991:in `derive_class_name'
/Library/Ruby/Gems/2.3.0/gems/activerecord-5.2.3/lib/active_record/reflection.rb:162:in `class_name'
/Library/Ruby/Gems/2.3.0/gems/activerecord-5.2.3/lib/active_record/reflection.rb:769:in `klass'
/Library/Ruby/Gems/2.3.0/gems/activerecord-5.2.3/lib/active_record/reflection.rb:790:in `source_reflection'
/Library/Ruby/Gems/2.3.0/gems/activerecord-5.2.3/lib/active_record/reflection.rb:991:in `derive_class_name'
/Library/Ruby/Gems/2.3.0/gems/activerecord-5.2.3/lib/active_record/reflection.rb:162:in `class_name'
/Library/Ruby/Gems/2.3.0/gems/activerecord-5.2.3/lib/active_record/reflection.rb:769:in `klass'
/Library/Ruby/Gems/2.3.0/gems/activerecord-5.2.3/lib/active_record/reflection.rb:790:in `source_reflection'
/Library/Ruby/Gems/2.3.0/gems/activerecord-5.2.3/lib/active_record/reflection.rb:991:in `derive_class_name'
/Library/Ruby/Gems/2.3.0/gems/activerecord-5.2.3/lib/active_record/reflection.rb:162:in `class_name'
/Library/Ruby/Gems/2.3.0/gems/activerecord-5.2.3/lib/active_record/reflection.rb:769:in `klass'
/Library/Ruby/Gems/2.3.0/gems/activerecord-5.2.3/lib/active_record/reflection.rb:790:in `source_reflection'
/Library/Ruby/Gems/2.3.0/gems/activerecord-5.2.3/lib/active_record/reflection.rb:991:in `derive_class_name'
/Library/Ruby/Gems/2.3.0/gems/activerecord-5.2.3/lib/active_record/reflection.rb:162:in `class_name'
/Library/Ruby/Gems/2.3.0/gems/activerecord-5.2.3/lib/active_record/reflection.rb:769:in `klass'
/Library/Ruby/Gems/2.3.0/gems/activerecord-5.2.3/lib/active_record/reflection.rb:790:in `source_reflection'
/Library/Ruby/Gems/2.3.0/gems/activerecord-5.2.3/lib/active_record/reflection.rb:991:in `derive_class_name'
/Library/Ruby/Gems/2.3.0/gems/activerecord-5.2.3/lib/active_record/reflection.rb:162:in `class_name'
/Library/Ruby/Gems/2.3.0/gems/activerecord-5.2.3/lib/active_record/reflection.rb:769:in `klass'
/Library/Ruby/Gems/2.3.0/gems/activerecord-5.2.3/lib/active_record/reflection.rb:790:in `source_reflection'
/Library/Ruby/Gems/2.3.0/gems/activerecord-5.2.3/lib/active_record/reflection.rb:991:in `derive_class_name'
/Library/Ruby/Gems/2.3.0/gems/activerecord-5.2.3/lib/active_record/reflection.rb:162:in `class_name'
/Library/Ruby/Gems/2.3.0/gems/activerecord-5.2.3/lib/active_record/reflection.rb:769:in `klass'
/Library/Ruby/Gems/2.3.0/gems/activerecord-5.2.3/lib/active_record/reflection.rb:790:in `source_reflection'
/Library/Ruby/Gems/2.3.0/gems/activerecord-5.2.3/lib/active_record/reflection.rb:991:in `derive_class_name'
/Library/Ruby/Gems/2.3.0/gems/activerecord-5.2.3/lib/active_record/reflection.rb:162:in `class_name'
/Library/Ruby/Gems/2.3.0/gems/activerecord-5.2.3/lib/active_record/reflection.rb:769:in `klass'
/Library/Ruby/Gems/2.3.0/gems/activerecord-5.2.3/lib/active_record/reflection.rb:790:in `source_reflection'
/Library/Ruby/Gems/2.3.0/gems/activerecord-5.2.3/lib/active_record/reflection.rb:991:in `derive_class_name'
/Library/Ruby/Gems/2.3.0/gems/activerecord-5.2.3/lib/active_record/reflection.rb:162:in `class_name'
/Library/Ruby/Gems/2.3.0/gems/activerecord-5.2.3/lib/active_record/reflection.rb:769:in `klass'
/Library/Ruby/Gems/2.3.0/gems/activerecord-5.2.3/lib/active_record/reflection.rb:790:in `source_reflection'
/Library/Ruby/Gems/2.3.0/gems/activerecord-5.2.3/lib/active_record/reflection.rb:991:in `derive_class_name'
/Library/Ruby/Gems/2.3.0/gems/activerecord-5.2.3/lib/active_record/reflection.rb:162:in `class_name'
/Library/Ruby/Gems/2.3.0/gems/activerecord-5.2.3/lib/active_record/reflection.rb:769:in `klass'
/Library/Ruby/Gems/2.3.0/gems/activerecord-5.2.3/lib/active_record/reflection.rb:790:in `source_reflection'
/Library/Ruby/Gems/2.3.0/gems/activerecord-5.2.3/lib/active_record/reflection.rb:991:in `derive_class_name'
/Library/Ruby/Gems/2.3.0/gems/activerecord-5.2.3/lib/active_record/reflection.rb:162:in `class_name'
/Library/Ruby/Gems/2.3.0/gems/activerecord-5.2.3/lib/active_record/reflection.rb:769:in `klass'
/Library/Ruby/Gems/2.3.0/gems/activerecord-5.2.3/lib/active_record/reflection.rb:790:in `source_reflection'
/Library/Ruby/Gems/2.3.0/gems/activerecord-5.2.3/lib/active_record/reflection.rb:991:in `derive_class_name'
/Library/Ruby/Gems/2.3.0/gems/activerecord-5.2.3/lib/active_record/reflection.rb:162:in `class_name'
/Library/Ruby/Gems/2.3.0/gems/activerecord-5.2.3/lib/active_record/reflection.rb:769:in `klass'
/Library/Ruby/Gems/2.3.0/gems/activerecord-5.2.3/lib/active_record/reflection.rb:790:in `source_reflection'
/Library/Ruby/Gems/2.3.0/gems/activerecord-5.2.3/lib/active_record/reflection.rb:991:in `derive_class_name'
/Library/Ruby/Gems/2.3.0/gems/activerecord-5.2.3/lib/active_record/reflection.rb:162:in `class_name'
/Library/Ruby/Gems/2.3.0/gems/activerecord-5.2.3/lib/active_record/reflection.rb:769:in `klass'
/Library/Ruby/Gems/2.3.0/gems/activerecord-5.2.3/lib/active_record/reflection.rb:790:in `source_reflection'
/Library/Ruby/Gems/2.3.0/gems/activerecord-5.2.3/lib/active_record/reflection.rb:991:in `derive_class_name'
/Library/Ruby/Gems/2.3.0/gems/activerecord-5.2.3/lib/active_record/reflection.rb:162:in `class_name'
/Library/Ruby/Gems/2.3.0/gems/activerecord-5.2.3/lib/active_record/reflection.rb:769:in `klass'
/Library/Ruby/Gems/2.3.0/gems/activerecord-5.2.3/lib/active_record/reflection.rb:790:in `source_reflection'
/Library/Ruby/Gems/2.3.0/gems/activerecord-5.2.3/lib/active_record/reflection.rb:991:in `derive_class_name'
/Library/Ruby/Gems/2.3.0/gems/activerecord-5.2.3/lib/active_record/reflection.rb:162:in `class_name'
/Library/Ruby/Gems/2.3.0/gems/activerecord-5.2.3/lib/active_record/reflection.rb:769:in `klass'
/Library/Ruby/Gems/2.3.0/gems/activerecord-5.2.3/lib/active_record/reflection.rb:790:in `source_reflection'
/Library/Ruby/Gems/2.3.0/gems/activerecord-5.2.3/lib/active_record/reflection.rb:991:in `derive_class_name'
/Library/Ruby/Gems/2.3.0/gems/activerecord-5.2.3/lib/active_record/reflection.rb:162:in `class_name'
/Library/Ruby/Gems/2.3.0/gems/activerecord-5.2.3/lib/active_record/reflection.rb:769:in `klass'
/Library/Ruby/Gems/2.3.0/gems/activerecord-5.2.3/lib/active_record/reflection.rb:790:in `source_reflection'
/Library/Ruby/Gems/2.3.0/gems/activerecord-5.2.3/lib/active_record/reflection.rb:991:in `derive_class_name'
/Library/Ruby/Gems/2.3.0/gems/activerecord-5.2.3/lib/active_record/reflection.rb:162:in `class_name'
/Library/Ruby/Gems/2.3.0/gems/activerecord-5.2.3/lib/active_record/reflection.rb:769:in `klass'
/Library/Ruby/Gems/2.3.0/gems/activerecord-5.2.3/lib/active_record/reflection.rb:790:in `source_reflection'
/Library/Ruby/Gems/2.3.0/gems/activerecord-5.2.3/lib/active_record/reflection.rb:991:in `derive_class_name'
/Library/Ruby/Gems/2.3.0/gems/activerecord-5.2.3/lib/active_record/reflection.rb:162:in `class_name'
/Library/Ruby/Gems/2.3.0/gems/activerecord-5.2.3/lib/active_record/reflection.rb:769:in `klass'
/Library/Ruby/Gems/2.3.0/gems/activerecord-5.2.3/lib/active_record/reflection.rb:790:in `source_reflection'
/Library/Ruby/Gems/2.3.0/gems/activerecord-5.2.3/lib/active_record/reflection.rb:991:in `derive_class_name'
/Library/Ruby/Gems/2.3.0/gems/activerecord-5.2.3/lib/active_record/reflection.rb:162:in `class_name'
/Library/Ruby/Gems/2.3.0/gems/activerecord-5.2.3/lib/active_record/reflection.rb:769:in `klass'
/Library/Ruby/Gems/2.3.0/gems/activerecord-5.2.3/lib/active_record/reflection.rb:790:in `source_reflection'
/Library/Ruby/Gems/2.3.0/gems/activerecord-5.2.3/lib/active_record/reflection.rb:991:in `derive_class_name'
/Library/Ruby/Gems/2.3.0/gems/activerecord-5.2.3/lib/active_record/reflection.rb:162:in `class_name'
/Library/Ruby/Gems/2.3.0/gems/activerecord-5.2.3/lib/active_record/reflection.rb:769:in `klass'
/Library/Ruby/Gems/2.3.0/gems/activerecord-5.2.3/lib/active_record/reflection.rb:790:in `source_reflection'
/Library/Ruby/Gems/2.3.0/gems/activerecord-5.2.3/lib/active_record/reflection.rb:991:in `derive_class_name'
/Library/Ruby/Gems/2.3.0/gems/activerecord-5.2.3/lib/active_record/reflection.rb:162:in `class_name'
/Library/Ruby/Gems/2.3.0/gems/activerecord-5.2.3/lib/active_record/reflection.rb:769:in `klass'
/Library/Ruby/Gems/2.3.0/gems/activerecord-5.2.3/lib/active_record/reflection.rb:790:in `source_reflection'
/Library/Ruby/Gems/2.3.0/gems/activerecord-5.2.3/lib/active_record/reflection.rb:991:in `derive_class_name'
/Library/Ruby/Gems/2.3.0/gems/activerecord-5.2.3/lib/active_record/reflection.rb:162:in `class_name'
/Library/Ruby/Gems/2.3.0/gems/activerecord-5.2.3/lib/active_record/reflection.rb:769:in `klass'
/Library/Ruby/Gems/2.3.0/gems/activerecord-5.2.3/lib/active_record/reflection.rb:790:in `source_reflection'
/Library/Ruby/Gems/2.3.0/gems/activerecord-5.2.3/lib/active_record/reflection.rb:991:in `derive_class_name'
/Library/Ruby/Gems/2.3.0/gems/activerecord-5.2.3/lib/active_record/reflection.rb:162:in `class_name'
/Library/Ruby/Gems/2.3.0/gems/activerecord-5.2.3/lib/active_record/reflection.rb:769:in `klass'
/Library/Ruby/Gems/2.3.0/gems/activerecord-5.2.3/lib/active_record/reflection.rb:790:in `source_reflection'
/Library/Ruby/Gems/2.3.0/gems/activerecord-5.2.3/lib/active_record/reflection.rb:991:in `derive_class_name'
/Library/Ruby/Gems/2.3.0/gems/activerecord-5.2.3/lib/active_record/reflection.rb:162:in `class_name'
/Library/Ruby/Gems/2.3.0/gems/activerecord-5.2.3/lib/active_record/reflection.rb:769:in `klass'
/Library/Ruby/Gems/2.3.0/gems/activerecord-5.2.3/lib/active_record/reflection.rb:790:in `source_reflection'
/Library/Ruby/Gems/2.3.0/gems/activerecord-5.2.3/lib/active_record/reflection.rb:991:in `derive_class_name'
/Library/Ruby/Gems/2.3.0/gems/activerecord-5.2.3/lib/active_record/reflection.rb:162:in `class_name'
/Library/Ruby/Gems/2.3.0/gems/activerecord-5.2.3/lib/active_record/reflection.rb:769:in `klass'
/Library/Ruby/Gems/2.3.0/gems/activerecord-5.2.3/lib/active_record/reflection.rb:790:in `source_reflection'
/Library/Ruby/Gems/2.3.0/gems/activerecord-5.2.3/lib/active_record/reflection.rb:991:in `derive_class_name'
/Library/Ruby/Gems/2.3.0/gems/activerecord-5.2.3/lib/active_record/reflection.rb:162:in `class_name'
/Library/Ruby/Gems/2.3.0/gems/activerecord-5.2.3/lib/active_record/reflection.rb:769:in `klass'
/Library/Ruby/Gems/2.3.0/gems/activerecord-5.2.3/lib/active_record/reflection.rb:790:in `source_reflection'
/Library/Ruby/Gems/2.3.0/gems/activerecord-5.2.3/lib/active_record/reflection.rb:991:in `derive_class_name'
/Library/Ruby/Gems/2.3.0/gems/activerecord-5.2.3/lib/active_record/reflection.rb:162:in `class_name'
/Library/Ruby/Gems/2.3.0/gems/activerecord-5.2.3/lib/active_record/reflection.rb:769:in `klass'
/Library/Ruby/Gems/2.3.0/gems/activerecord-5.2.3/lib/active_record/reflection.rb:790:in `source_reflection'
/Library/Ruby/Gems/2.3.0/gems/activerecord-5.2.3/lib/active_record/reflection.rb:991:in `derive_class_name'
/Library/Ruby/Gems/2.3.0/gems/activerecord-5.2.3/lib/active_record/reflection.rb:162:in `class_name'
/Library/Ruby/Gems/2.3.0/gems/activerecord-5.2.3/lib/active_record/reflection.rb:769:in `klass'
/Library/Ruby/Gems/2.3.0/gems/activerecord-5.2.3/lib/active_record/reflection.rb:790:in `source_reflection'
/Library/Ruby/Gems/2.3.0/gems/activerecord-5.2.3/lib/active_record/reflection.rb:991:in `derive_class_name'
/Library/Ruby/Gems/2.3.0/gems/activerecord-5.2.3/lib/active_record/reflection.rb:162:in `class_name'
/Library/Ruby/Gems/2.3.0/gems/activerecord-5.2.3/lib/active_record/reflection.rb:769:in `klass'
/Library/Ruby/Gems/2.3.0/gems/activerecord-5.2.3/lib/active_record/reflection.rb:790:in `source_reflection'
/Library/Ruby/Gems/2.3.0/gems/activerecord-5.2.3/lib/active_record/reflection.rb:991:in `derive_class_name'
/Library/Ruby/Gems/2.3.0/gems/activerecord-5.2.3/lib/active_record/reflection.rb:162:in `class_name'
/Library/Ruby/Gems/2.3.0/gems/activerecord-5.2.3/lib/active_record/reflection.rb:769:in `klass'
/Library/Ruby/Gems/2.3.0/gems/activerecord-5.2.3/lib/active_record/reflection.rb:790:in `source_reflection'
/Library/Ruby/Gems/2.3.0/gems/activerecord-5.2.3/lib/active_record/reflection.rb:991:in `derive_class_name'
/Library/Ruby/Gems/2.3.0/gems/activerecord-5.2.3/lib/active_record/reflection.rb:162:in `class_name'
/Library/Ruby/Gems/2.3.0/gems/activerecord-5.2.3/lib/active_record/reflection.rb:769:in `klass'
/Library/Ruby/Gems/2.3.0/gems/activerecord-5.2.3/lib/active_record/reflection.rb:790:in `source_reflection'
/Library/Ruby/Gems/2.3.0/gems/activerecord-5.2.3/lib/active_record/reflection.rb:991:in `derive_class_name'
/Library/Ruby/Gems/2.3.0/gems/activerecord-5.2.3/lib/active_record/reflection.rb:162:in `class_name'
/Library/Ruby/Gems/2.3.0/gems/activerecord-5.2.3/lib/active_record/reflection.rb:769:in `klass'
/Library/Ruby/Gems/2.3.0/gems/activerecord-5.2.3/lib/active_record/reflection.rb:790:in `source_reflection'
/Library/Ruby/Gems/2.3.0/gems/activerecord-5.2.3/lib/active_record/reflection.rb:991:in `derive_class_name'
/Library/Ruby/Gems/2.3.0/gems/activerecord-5.2.3/lib/active_record/reflection.rb:162:in `class_name'
/Library/Ruby/Gems/2.3.0/gems/activerecord-5.2.3/lib/active_record/reflection.rb:769:in `klass'
/Library/Ruby/Gems/2.3.0/gems/activerecord-5.2.3/lib/active_record/reflection.rb:790:in `source_reflection'
/Library/Ruby/Gems/2.3.0/gems/activerecord-5.2.3/lib/active_record/reflection.rb:991:in `derive_class_name'
/Library/Ruby/Gems/2.3.0/gems/activerecord-5.2.3/lib/active_record/reflection.rb:162:in `class_name'
/Library/Ruby/Gems/2.3.0/gems/activerecord-5.2.3/lib/active_record/reflection.rb:769:in `klass'
/Library/Ruby/Gems/2.3.0/gems/activerecord-5.2.3/lib/active_record/reflection.rb:790:in `source_reflection'
/Library/Ruby/Gems/2.3.0/gems/activerecord-5.2.3/lib/active_record/reflection.rb:991:in `derive_class_name'
/Library/Ruby/Gems/2.3.0/gems/activerecord-5.2.3/lib/active_record/reflection.rb:162:in `class_name'
/Library/Ruby/Gems/2.3.0/gems/activerecord-5.2.3/lib/active_record/reflection.rb:769:in `klass'
/Library/Ruby/Gems/2.3.0/gems/activerecord-5.2.3/lib/active_record/reflection.rb:790:in `source_reflection'
/Library/Ruby/Gems/2.3.0/gems/activerecord-5.2.3/lib/active_record/reflection.rb:991:in `derive_class_name'
/Library/Ruby/Gems/2.3.0/gems/activerecord-5.2.3/lib/active_record/reflection.rb:162:in `class_name'
/Library/Ruby/Gems/2.3.0/gems/activerecord-5.2.3/lib/active_record/reflection.rb:769:in `klass'
/Library/Ruby/Gems/2.3.0/gems/activerecord-5.2.3/lib/active_record/reflection.rb:790:in `source_reflection'
/Library/Ruby/Gems/2.3.0/gems/activerecord-5.2.3/lib/active_record/reflection.rb:991:in `derive_class_name'
/Library/Ruby/Gems/2.3.0/gems/activerecord-5.2.3/lib/active_record/reflection.rb:162:in `class_name'
/Library/Ruby/Gems/2.3.0/gems/activerecord-5.2.3/lib/active_record/reflection.rb:769:in `klass'
/Library/Ruby/Gems/2.3.0/gems/activerecord-5.2.3/lib/active_record/reflection.rb:790:in `source_reflection'
/Library/Ruby/Gems/2.3.0/gems/activerecord-5.2.3/lib/active_record/reflection.rb:991:in `derive_class_name'
/Library/Ruby/Gems/2.3.0/gems/activerecord-5.2.3/lib/active_record/reflection.rb:162:in `class_name'
/Library/Ruby/Gems/2.3.0/gems/activerecord-5.2.3/lib/active_record/reflection.rb:769:in `klass'
/Library/Ruby/Gems/2.3.0/gems/activerecord-5.2.3/lib/active_record/reflection.rb:790:in `source_reflection'
/Library/Ruby/Gems/2.3.0/gems/activerecord-5.2.3/lib/active_record/reflection.rb:991:in `derive_class_name'
/Library/Ruby/Gems/2.3.0/gems/activerecord-5.2.3/lib/active_record/reflection.rb:162:in `class_name'
/Library/Ruby/Gems/2.3.0/gems/activerecord-5.2.3/lib/active_record/reflection.rb:769:in `klass'
/Library/Ruby/Gems/2.3.0/gems/activerecord-5.2.3/lib/active_record/reflection.rb:790:in `source_reflection'
/Library/Ruby/Gems/2.3.0/gems/activerecord-5.2.3/lib/active_record/reflection.rb:991:in `derive_class_name'
/Library/Ruby/Gems/2.3.0/gems/activerecord-5.2.3/lib/active_record/reflection.rb:162:in `class_name'
/Library/Ruby/Gems/2.3.0/gems/activerecord-5.2.3/lib/active_record/reflection.rb:769:in `klass'
/Library/Ruby/Gems/2.3.0/gems/activerecord-5.2.3/lib/active_record/reflection.rb:790:in `source_reflection'
/Library/Ruby/Gems/2.3.0/gems/activerecord-5.2.3/lib/active_record/reflection.rb:991:in `derive_class_name'
/Library/Ruby/Gems/2.3.0/gems/activerecord-5.2.3/lib/active_record/reflection.rb:162:in `class_name'
/Library/Ruby/Gems/2.3.0/gems/activerecord-5.2.3/lib/active_record/reflection.rb:769:in `klass'
/Library/Ruby/Gems/2.3.0/gems/activerecord-5.2.3/lib/active_record/reflection.rb:790:in `source_reflection'
/Library/Ruby/Gems/2.3.0/gems/activerecord-5.2.3/lib/active_record/reflection.rb:991:in `derive_class_name'
/Library/Ruby/Gems/2.3.0/gems/activerecord-5.2.3/lib/active_record/reflection.rb:162:in `class_name'
/Library/Ruby/Gems/2.3.0/gems/activerecord-5.2.3/lib/active_record/reflection.rb:769:in `klass'
/Library/Ruby/Gems/2.3.0/gems/activerecord-5.2.3/lib/active_record/reflection.rb:790:in `source_reflection'
/Library/Ruby/Gems/2.3.0/gems/activerecord-5.2.3/lib/active_record/reflection.rb:991:in `derive_class_name'
/Library/Ruby/Gems/2.3.0/gems/activerecord-5.2.3/lib/active_record/reflection.rb:162:in `class_name'
/Library/Ruby/Gems/2.3.0/gems/activerecord-5.2.3/lib/active_record/reflection.rb:769:in `klass'
/Library/Ruby/Gems/2.3.0/gems/activerecord-5.2.3/lib/active_record/reflection.rb:790:in `source_reflection'
/Library/Ruby/Gems/2.3.0/gems/activerecord-5.2.3/lib/active_record/reflection.rb:991:in `derive_class_name'
/Library/Ruby/Gems/2.3.0/gems/activerecord-5.2.3/lib/active_record/reflection.rb:162:in `class_name'
/Library/Ruby/Gems/2.3.0/gems/activerecord-5.2.3/lib/active_record/reflection.rb:769:in `klass'
/Library/Ruby/Gems/2.3.0/gems/activerecord-5.2.3/lib/active_record/reflection.rb:790:in `source_reflection'
/Library/Ruby/Gems/2.3.0/gems/activerecord-5.2.3/lib/active_record/reflection.rb:991:in `derive_class_name'
/Library/Ruby/Gems/2.3.0/gems/activerecord-5.2.3/lib/active_record/reflection.rb:162:in `class_name'
/Library/Ruby/Gems/2.3.0/gems/activerecord-5.2.3/lib/active_record/reflection.rb:769:in `klass'
/Library/Ruby/Gems/2.3.0/gems/activerecord-5.2.3/lib/active_record/reflection.rb:790:in `source_reflection'
/Library/Ruby/Gems/2.3.0/gems/activerecord-5.2.3/lib/active_record/reflection.rb:991:in `derive_class_name'
/Library/Ruby/Gems/2.3.0/gems/activerecord-5.2.3/lib/active_record/reflection.rb:162:in `class_name'
/Library/Ruby/Gems/2.3.0/gems/activerecord-5.2.3/lib/active_record/reflection.rb:769:in `klass'
/Library/Ruby/Gems/2.3.0/gems/activerecord-5.2.3/lib/active_record/reflection.rb:790:in `source_reflection'
/Library/Ruby/Gems/2.3.0/gems/activerecord-5.2.3/lib/active_record/reflection.rb:991:in `derive_class_name'
/Library/Ruby/Gems/2.3.0/gems/activerecord-5.2.3/lib/active_record/reflection.rb:162:in `class_name'
/Library/Ruby/Gems/2.3.0/gems/activerecord-5.2.3/lib/active_record/reflection.rb:769:in `klass'
/Library/Ruby/Gems/2.3.0/gems/activerecord-5.2.3/lib/active_record/reflection.rb:790:in `source_reflection'
/Library/Ruby/Gems/2.3.0/gems/activerecord-5.2.3/lib/active_record/reflection.rb:991:in `derive_class_name'
/Library/Ruby/Gems/2.3.0/gems/activerecord-5.2.3/lib/active_record/reflection.rb:162:in `class_name'
/Library/Ruby/Gems/2.3.0/gems/activerecord-5.2.3/lib/active_record/reflection.rb:769:in `klass'
/Library/Ruby/Gems/2.3.0/gems/activerecord-5.2.3/lib/active_record/reflection.rb:790:in `source_reflection'
/Library/Ruby/Gems/2.3.0/gems/activerecord-5.2.3/lib/active_record/reflection.rb:991:in `derive_class_name'
/Library/Ruby/Gems/2.3.0/gems/activerecord-5.2.3/lib/active_record/reflection.rb:162:in `class_name'
/Library/Ruby/Gems/2.3.0/gems/activerecord-5.2.3/lib/active_record/reflection.rb:769:in `klass'
/Library/Ruby/Gems/2.3.0/gems/activerecord-5.2.3/lib/active_record/reflection.rb:790:in `source_reflection'
/Library/Ruby/Gems/2.3.0/gems/activerecord-5.2.3/lib/active_record/reflection.rb:991:in `derive_class_name'
/Library/Ruby/Gems/2.3.0/gems/activerecord-5.2.3/lib/active_record/reflection.rb:162:in `class_name'
/Library/Ruby/Gems/2.3.0/gems/activerecord-5.2.3/lib/active_record/reflection.rb:769:in `klass'
/Library/Ruby/Gems/2.3.0/gems/activerecord-5.2.3/lib/active_record/reflection.rb:790:in `source_reflection'
/Library/Ruby/Gems/2.3.0/gems/activerecord-5.2.3/lib/active_record/reflection.rb:991:in `derive_class_name'
/Library/Ruby/Gems/2.3.0/gems/activerecord-5.2.3/lib/active_record/reflection.rb:162:in `class_name'
/Library/Ruby/Gems/2.3.0/gems/activerecord-5.2.3/lib/active_record/reflection.rb:769:in `klass'
/Library/Ruby/Gems/2.3.0/gems/activerecord-5.2.3/lib/active_record/reflection.rb:790:in `source_reflection'
/Library/Ruby/Gems/2.3.0/gems/activerecord-5.2.3/lib/active_record/reflection.rb:991:in `derive_class_name'
/Library/Ruby/Gems/2.3.0/gems/activerecord-5.2.3/lib/active_record/reflection.rb:162:in `class_name'
/Library/Ruby/Gems/2.3.0/gems/activerecord-5.2.3/lib/active_record/reflection.rb:769:in `klass'
/Library/Ruby/Gems/2.3.0/gems/activerecord-5.2.3/lib/active_record/reflection.rb:790:in `source_reflection'
/Library/Ruby/Gems/2.3.0/gems/activerecord-5.2.3/lib/active_record/reflection.rb:991:in `derive_class_name'
/Library/Ruby/Gems/2.3.0/gems/activerecord-5.2.3/lib/active_record/reflection.rb:162:in `class_name'
/Library/Ruby/Gems/2.3.0/gems/activerecord-5.2.3/lib/active_record/reflection.rb:769:in `klass'
/Library/Ruby/Gems/2.3.0/gems/activerecord-5.2.3/lib/active_record/reflection.rb:790:in `source_reflection'
/Library/Ruby/Gems/2.3.0/gems/activerecord-5.2.3/lib/active_record/reflection.rb:991:in `derive_class_name'
/Library/Ruby/Gems/2.3.0/gems/activerecord-5.2.3/lib/active_record/reflection.rb:162:in `class_name'
/Library/Ruby/Gems/2.3.0/gems/activerecord-5.2.3/lib/active_record/reflection.rb:769:in `klass'
/Library/Ruby/Gems/2.3.0/gems/activerecord-5.2.3/lib/active_record/reflection.rb:790:in `source_reflection'
/Library/Ruby/Gems/2.3.0/gems/activerecord-5.2.3/lib/active_record/reflection.rb:991:in `derive_class_name'
/Library/Ruby/Gems/2.3.0/gems/activerecord-5.2.3/lib/active_record/reflection.rb:162:in `class_name'
/Library/Ruby/Gems/2.3.0/gems/activerecord-5.2.3/lib/active_record/reflection.rb:769:in `klass'
/Library/Ruby/Gems/2.3.0/gems/activerecord-5.2.3/lib/active_record/reflection.rb:790:in `source_reflection'
/Library/Ruby/Gems/2.3.0/gems/activerecord-5.2.3/lib/active_record/reflection.rb:991:in `derive_class_name'
/Library/Ruby/Gems/2.3.0/gems/activerecord-5.2.3/lib/active_record/reflection.rb:162:in `class_name'
/Library/Ruby/Gems/2.3.0/gems/activerecord-5.2.3/lib/active_record/reflection.rb:769:in `klass'
/Library/Ruby/Gems/2.3.0/gems/activerecord-5.2.3/lib/active_record/reflection.rb:790:in `source_reflection'
/Library/Ruby/Gems/2.3.0/gems/activerecord-5.2.3/lib/active_record/reflection.rb:991:in `derive_class_name'
/Library/Ruby/Gems/2.3.0/gems/activerecord-5.2.3/lib/active_record/reflection.rb:162:in `class_name'
/Library/Ruby/Gems/2.3.0/gems/activerecord-5.2.3/lib/active_record/reflection.rb:769:in `klass'
/Library/Ruby/Gems/2.3.0/gems/activerecord-5.2.3/lib/active_record/reflection.rb:790:in `source_reflection'
/Library/Ruby/Gems/2.3.0/gems/activerecord-5.2.3/lib/active_record/reflection.rb:991:in `derive_class_name'
/Library/Ruby/Gems/2.3.0/gems/activerecord-5.2.3/lib/active_record/reflection.rb:162:in `class_name'
/Library/Ruby/Gems/2.3.0/gems/activerecord-5.2.3/lib/active_record/reflection.rb:769:in `klass'
/Library/Ruby/Gems/2.3.0/gems/activerecord-5.2.3/lib/active_record/reflection.rb:790:in `source_reflection'
/Library/Ruby/Gems/2.3.0/gems/activerecord-5.2.3/lib/active_record/reflection.rb:991:in `derive_class_name'
/Library/Ruby/Gems/2.3.0/gems/activerecord-5.2.3/lib/active_record/reflection.rb:162:in `class_name'
/Library/Ruby/Gems/2.3.0/gems/activerecord-5.2.3/lib/active_record/reflection.rb:769:in `klass'
/Library/Ruby/Gems/2.3.0/gems/activerecord-5.2.3/lib/active_record/reflection.rb:790:in `source_reflection'
/Library/Ruby/Gems/2.3.0/gems/activerecord-5.2.3/lib/active_record/reflection.rb:991:in `derive_class_name'
/Library/Ruby/Gems/2.3.0/gems/activerecord-5.2.3/lib/active_record/reflection.rb:162:in `class_name'
/Library/Ruby/Gems/2.3.0/gems/activerecord-5.2.3/lib/active_record/reflection.rb:769:in `klass'
/Library/Ruby/Gems/2.3.0/gems/activerecord-5.2.3/lib/active_record/reflection.rb:790:in `source_reflection'
/Library/Ruby/Gems/2.3.0/gems/activerecord-5.2.3/lib/active_record/reflection.rb:991:in `derive_class_name'
/Library/Ruby/Gems/2.3.0/gems/activerecord-5.2.3/lib/active_record/reflection.rb:162:in `class_name'
/Library/Ruby/Gems/2.3.0/gems/activerecord-5.2.3/lib/active_record/reflection.rb:769:in `klass'
/Library/Ruby/Gems/2.3.0/gems/activerecord-5.2.3/lib/active_record/reflection.rb:790:in `source_reflection'
/Library/Ruby/Gems/2.3.0/gems/activerecord-5.2.3/lib/active_record/reflection.rb:991:in `derive_class_name'
/Library/Ruby/Gems/2.3.0/gems/activerecord-5.2.3/lib/active_record/reflection.rb:162:in `class_name'
/Library/Ruby/Gems/2.3.0/gems/activerecord-5.2.3/lib/active_record/reflection.rb:769:in `klass'
/Library/Ruby/Gems/2.3.0/gems/activerecord-5.2.3/lib/active_record/reflection.rb:790:in `source_reflection'
/Library/Ruby/Gems/2.3.0/gems/activerecord-5.2.3/lib/active_record/reflection.rb:991:in `derive_class_name'
/Library/Ruby/Gems/2.3.0/gems/activerecord-5.2.3/lib/active_record/reflection.rb:162:in `class_name'
/Library/Ruby/Gems/2.3.0/gems/activerecord-5.2.3/lib/active_record/reflection.rb:769:in `klass'
/Library/Ruby/Gems/2.3.0/gems/activerecord-5.2.3/lib/active_record/reflection.rb:790:in `source_reflection'
/Library/Ruby/Gems/2.3.0/gems/activerecord-5.2.3/lib/active_record/reflection.rb:991:in `derive_class_name'
/Library/Ruby/Gems/2.3.0/gems/activerecord-5.2.3/lib/active_record/reflection.rb:162:in `class_name'
/Library/Ruby/Gems/2.3.0/gems/activerecord-5.2.3/lib/active_record/reflection.rb:769:in `klass'
/Library/Ruby/Gems/2.3.0/gems/activerecord-5.2.3/lib/active_record/reflection.rb:790:in `source_reflection'
/Library/Ruby/Gems/2.3.0/gems/activerecord-5.2.3/lib/active_record/reflection.rb:991:in `derive_class_name'
/Library/Ruby/Gems/2.3.0/gems/activerecord-5.2.3/lib/active_record/reflection.rb:162:in `class_name'
/Library/Ruby/Gems/2.3.0/gems/activerecord-5.2.3/lib/active_record/reflection.rb:769:in `klass'
/Library/Ruby/Gems/2.3.0/gems/activerecord-5.2.3/lib/active_record/reflection.rb:790:in `source_reflection'
/Library/Ruby/Gems/2.3.0/gems/activerecord-5.2.3/lib/active_record/reflection.rb:991:in `derive_class_name'
/Library/Ruby/Gems/2.3.0/gems/activerecord-5.2.3/lib/active_record/reflection.rb:162:in `class_name'
/Library/Ruby/Gems/2.3.0/gems/activerecord-5.2.3/lib/active_record/reflection.rb:769:in `klass'
/Library/Ruby/Gems/2.3.0/gems/activerecord-5.2.3/lib/active_record/reflection.rb:790:in `source_reflection'
/Library/Ruby/Gems/2.3.0/gems/activerecord-5.2.3/lib/active_record/reflection.rb:991:in `derive_class_name'
/Library/Ruby/Gems/2.3.0/gems/activerecord-5.2.3/lib/active_record/reflection.rb:162:in `class_name'
/Library/Ruby/Gems/2.3.0/gems/activerecord-5.2.3/lib/active_record/reflection.rb:769:in `klass'
/Library/Ruby/Gems/2.3.0/gems/activerecord-5.2.3/lib/active_record/reflection.rb:790:in `source_reflection'
/Library/Ruby/Gems/2.3.0/gems/activerecord-5.2.3/lib/active_record/reflection.rb:991:in `derive_class_name'
/Library/Ruby/Gems/2.3.0/gems/activerecord-5.2.3/lib/active_record/reflection.rb:162:in `class_name'
/Library/Ruby/Gems/2.3.0/gems/activerecord-5.2.3/lib/active_record/reflection.rb:769:in `klass'
/Library/Ruby/Gems/2.3.0/gems/activerecord-5.2.3/lib/active_record/reflection.rb:790:in `source_reflection'
/Library/Ruby/Gems/2.3.0/gems/activerecord-5.2.3/lib/active_record/reflection.rb:991:in `derive_class_name'
/Library/Ruby/Gems/2.3.0/gems/activerecord-5.2.3/lib/active_record/reflection.rb:162:in `class_name'
/Library/Ruby/Gems/2.3.0/gems/activerecord-5.2.3/lib/active_record/reflection.rb:769:in `klass'
/Library/Ruby/Gems/2.3.0/gems/activerecord-5.2.3/lib/active_record/reflection.rb:790:in `source_reflection'
/Library/Ruby/Gems/2.3.0/gems/activerecord-5.2.3/lib/active_record/reflection.rb:991:in `derive_class_name'
/Library/Ruby/Gems/2.3.0/gems/activerecord-5.2.3/lib/active_record/reflection.rb:162:in `class_name'
/Library/Ruby/Gems/2.3.0/gems/activerecord-5.2.3/lib/active_record/reflection.rb:769:in `klass'
/Library/Ruby/Gems/2.3.0/gems/activerecord-5.2.3/lib/active_record/reflection.rb:790:in `source_reflection'
/Library/Ruby/Gems/2.3.0/gems/activerecord-5.2.3/lib/active_record/reflection.rb:991:in `derive_class_name'
/Library/Ruby/Gems/2.3.0/gems/activerecord-5.2.3/lib/active_record/reflection.rb:162:in `class_name'
/Library/Ruby/Gems/2.3.0/gems/activerecord-5.2.3/lib/active_record/reflection.rb:769:in `klass'
/Library/Ruby/Gems/2.3.0/gems/activerecord-5.2.3/lib/active_record/reflection.rb:790:in `source_reflection'
/Library/Ruby/Gems/2.3.0/gems/activerecord-5.2.3/lib/active_record/reflection.rb:991:in `derive_class_name'
/Library/Ruby/Gems/2.3.0/gems/activerecord-5.2.3/lib/active_record/reflection.rb:162:in `class_name'
/Library/Ruby/Gems/2.3.0/gems/activerecord-5.2.3/lib/active_record/reflection.rb:769:in `klass'
/Library/Ruby/Gems/2.3.0/gems/activerecord-5.2.3/lib/active_record/reflection.rb:790:in `source_reflection'
/Library/Ruby/Gems/2.3.0/gems/activerecord-5.2.3/lib/active_record/reflection.rb:991:in `derive_class_name'
/Library/Ruby/Gems/2.3.0/gems/activerecord-5.2.3/lib/active_record/reflection.rb:162:in `class_name'
/Library/Ruby/Gems/2.3.0/gems/activerecord-5.2.3/lib/active_record/reflection.rb:769:in `klass'
/Library/Ruby/Gems/2.3.0/gems/activerecord-5.2.3/lib/active_record/reflection.rb:790:in `source_reflection'
/Library/Ruby/Gems/2.3.0/gems/activerecord-5.2.3/lib/active_record/reflection.rb:991:in `derive_class_name'
/Library/Ruby/Gems/2.3.0/gems/activerecord-5.2.3/lib/active_record/reflection.rb:162:in `class_name'
/Library/Ruby/Gems/2.3.0/gems/activerecord-5.2.3/lib/active_record/reflection.rb:769:in `klass'
/Library/Ruby/Gems/2.3.0/gems/activerecord-5.2.3/lib/active_record/reflection.rb:790:in `source_reflection'
/Library/Ruby/Gems/2.3.0/gems/activerecord-5.2.3/lib/active_record/reflection.rb:991:in `derive_class_name'
/Library/Ruby/Gems/2.3.0/gems/activerecord-5.2.3/lib/active_record/reflection.rb:162:in `class_name'
/Library/Ruby/Gems/2.3.0/gems/activerecord-5.2.3/lib/active_record/reflection.rb:769:in `klass'
/Library/Ruby/Gems/2.3.0/gems/activerecord-5.2.3/lib/active_record/reflection.rb:790:in `source_reflection'
/Library/Ruby/Gems/2.3.0/gems/activerecord-5.2.3/lib/active_record/reflection.rb:991:in `derive_class_name'
/Library/Ruby/Gems/2.3.0/gems/activerecord-5.2.3/lib/active_record/reflection.rb:162:in `class_name'
/Library/Ruby/Gems/2.3.0/gems/activerecord-5.2.3/lib/active_record/reflection.rb:769:in `klass'
/Library/Ruby/Gems/2.3.0/gems/activerecord-5.2.3/lib/active_record/reflection.rb:790:in `source_reflection'
/Library/Ruby/Gems/2.3.0/gems/activerecord-5.2.3/lib/active_record/reflection.rb:991:in `derive_class_name'
/Library/Ruby/Gems/2.3.0/gems/activerecord-5.2.3/lib/active_record/reflection.rb:162:in `class_name'
/Library/Ruby/Gems/2.3.0/gems/activerecord-5.2.3/lib/active_record/reflection.rb:769:in `klass'
/Library/Ruby/Gems/2.3.0/gems/activerecord-5.2.3/lib/active_record/reflection.rb:790:in `source_reflection'
/Library/Ruby/Gems/2.3.0/gems/activerecord-5.2.3/lib/active_record/reflection.rb:991:in `derive_class_name'
/Library/Ruby/Gems/2.3.0/gems/activerecord-5.2.3/lib/active_record/reflection.rb:162:in `class_name'
/Library/Ruby/Gems/2.3.0/gems/activerecord-5.2.3/lib/active_record/reflection.rb:769:in `klass'
/Library/Ruby/Gems/2.3.0/gems/activerecord-5.2.3/lib/active_record/reflection.rb:790:in `source_reflection'
/Library/Ruby/Gems/2.3.0/gems/activerecord-5.2.3/lib/active_record/reflection.rb:991:in `derive_class_name'
/Library/Ruby/Gems/2.3.0/gems/activerecord-5.2.3/lib/active_record/reflection.rb:162:in `class_name'
/Library/Ruby/Gems/2.3.0/gems/activerecord-5.2.3/lib/active_record/reflection.rb:769:in `klass'
/Library/Ruby/Gems/2.3.0/gems/activerecord-5.2.3/lib/active_record/reflection.rb:790:in `source_reflection'
/Library/Ruby/Gems/2.3.0/gems/activerecord-5.2.3/lib/active_record/reflection.rb:991:in `derive_class_name'
/Library/Ruby/Gems/2.3.0/gems/activerecord-5.2.3/lib/active_record/reflection.rb:162:in `class_name'
/Library/Ruby/Gems/2.3.0/gems/activerecord-5.2.3/lib/active_record/reflection.rb:769:in `klass'
/Library/Ruby/Gems/2.3.0/gems/activerecord-5.2.3/lib/active_record/reflection.rb:790:in `source_reflection'
/Library/Ruby/Gems/2.3.0/gems/activerecord-5.2.3/lib/active_record/reflection.rb:991:in `derive_class_name'
/Library/Ruby/Gems/2.3.0/gems/activerecord-5.2.3/lib/active_record/reflection.rb:162:in `class_name'
/Library/Ruby/Gems/2.3.0/gems/activerecord-5.2.3/lib/active_record/reflection.rb:769:in `klass'
/Library/Ruby/Gems/2.3.0/gems/activerecord-5.2.3/lib/active_record/reflection.rb:790:in `source_reflection'
/Library/Ruby/Gems/2.3.0/gems/activerecord-5.2.3/lib/active_record/reflection.rb:991:in `derive_class_name'
/Library/Ruby/Gems/2.3.0/gems/activerecord-5.2.3/lib/active_record/reflection.rb:162:in `class_name'
/Library/Ruby/Gems/2.3.0/gems/activerecord-5.2.3/lib/active_record/reflection.rb:769:in `klass'
/Library/Ruby/Gems/2.3.0/gems/activerecord-5.2.3/lib/active_record/reflection.rb:790:in `source_reflection'
/Library/Ruby/Gems/2.3.0/gems/activerecord-5.2.3/lib/active_record/reflection.rb:991:in `derive_class_name'
/Library/Ruby/Gems/2.3.0/gems/activerecord-5.2.3/lib/active_record/reflection.rb:162:in `class_name'
/Library/Ruby/Gems/2.3.0/gems/activerecord-5.2.3/lib/active_record/reflection.rb:769:in `klass'
/Library/Ruby/Gems/2.3.0/gems/activerecord-5.2.3/lib/active_record/reflection.rb:790:in `source_reflection'
/Library/Ruby/Gems/2.3.0/gems/activerecord-5.2.3/lib/active_record/reflection.rb:991:in `derive_class_name'
/Library/Ruby/Gems/2.3.0/gems/activerecord-5.2.3/lib/active_record/reflection.rb:162:in `class_name'
/Library/Ruby/Gems/2.3.0/gems/activerecord-5.2.3/lib/active_record/reflection.rb:769:in `klass'
/Library/Ruby/Gems/2.3.0/gems/activerecord-5.2.3/lib/active_record/reflection.rb:790:in `source_reflection'
/Library/Ruby/Gems/2.3.0/gems/activerecord-5.2.3/lib/active_record/reflection.rb:991:in `derive_class_name'
/Library/Ruby/Gems/2.3.0/gems/activerecord-5.2.3/lib/active_record/reflection.rb:162:in `class_name'
/Library/Ruby/Gems/2.3.0/gems/activerecord-5.2.3/lib/active_record/reflection.rb:769:in `klass'
/Library/Ruby/Gems/2.3.0/gems/activerecord-5.2.3/lib/active_record/reflection.rb:790:in `source_reflection'
/Library/Ruby/Gems/2.3.0/gems/activerecord-5.2.3/lib/active_record/reflection.rb:991:in `derive_class_name'
/Library/Ruby/Gems/2.3.0/gems/activerecord-5.2.3/lib/active_record/reflection.rb:162:in `class_name'
/Library/Ruby/Gems/2.3.0/gems/activerecord-5.2.3/lib/active_record/reflection.rb:769:in `klass'
/Library/Ruby/Gems/2.3.0/gems/activerecord-5.2.3/lib/active_record/reflection.rb:790:in `source_reflection'
/Library/Ruby/Gems/2.3.0/gems/activerecord-5.2.3/lib/active_record/reflection.rb:991:in `derive_class_name'
/Library/Ruby/Gems/2.3.0/gems/activerecord-5.2.3/lib/active_record/reflection.rb:162:in `class_name'
/Library/Ruby/Gems/2.3.0/gems/activerecord-5.2.3/lib/active_record/reflection.rb:769:in `klass'
/Library/Ruby/Gems/2.3.0/gems/activerecord-5.2.3/lib/active_record/reflection.rb:790:in `source_reflection'
/Library/Ruby/Gems/2.3.0/gems/activerecord-5.2.3/lib/active_record/reflection.rb:991:in `derive_class_name'
/Library/Ruby/Gems/2.3.0/gems/activerecord-5.2.3/lib/active_record/reflection.rb:162:in `class_name'
/Library/Ruby/Gems/2.3.0/gems/activerecord-5.2.3/lib/active_record/reflection.rb:769:in `klass'
/Library/Ruby/Gems/2.3.0/gems/activerecord-5.2.3/lib/active_record/reflection.rb:790:in `source_reflection'
/Library/Ruby/Gems/2.3.0/gems/activerecord-5.2.3/lib/active_record/reflection.rb:991:in `derive_class_name'
/Library/Ruby/Gems/2.3.0/gems/activerecord-5.2.3/lib/active_record/reflection.rb:162:in `class_name'
/Library/Ruby/Gems/2.3.0/gems/activerecord-5.2.3/lib/active_record/reflection.rb:769:in `klass'
/Library/Ruby/Gems/2.3.0/gems/activerecord-5.2.3/lib/active_record/reflection.rb:790:in `source_reflection'
/Library/Ruby/Gems/2.3.0/gems/activerecord-5.2.3/lib/active_record/reflection.rb:991:in `derive_class_name'
/Library/Ruby/Gems/2.3.0/gems/activerecord-5.2.3/lib/active_record/reflection.rb:162:in `class_name'
/Library/Ruby/Gems/2.3.0/gems/activerecord-5.2.3/lib/active_record/reflection.rb:769:in `klass'
/Library/Ruby/Gems/2.3.0/gems/activerecord-5.2.3/lib/active_record/reflection.rb:790:in `source_reflection'
/Library/Ruby/Gems/2.3.0/gems/activerecord-5.2.3/lib/active_record/reflection.rb:991:in `derive_class_name'
/Library/Ruby/Gems/2.3.0/gems/activerecord-5.2.3/lib/active_record/reflection.rb:162:in `class_name'
/Library/Ruby/Gems/2.3.0/gems/activerecord-5.2.3/lib/active_record/reflection.rb:769:in `klass'
/Library/Ruby/Gems/2.3.0/gems/activerecord-5.2.3/lib/active_record/reflection.rb:790:in `source_reflection'
/Library/Ruby/Gems/2.3.0/gems/activerecord-5.2.3/lib/active_record/reflection.rb:991:in `derive_class_name'
/Library/Ruby/Gems/2.3.0/gems/activerecord-5.2.3/lib/active_record/reflection.rb:162:in `class_name'
/Library/Ruby/Gems/2.3.0/gems/activerecord-5.2.3/lib/active_record/reflection.rb:769:in `klass'
/Library/Ruby/Gems/2.3.0/gems/activerecord-5.2.3/lib/active_record/reflection.rb:790:in `source_reflection'
/Library/Ruby/Gems/2.3.0/gems/activerecord-5.2.3/lib/active_record/reflection.rb:991:in `derive_class_name'
/Library/Ruby/Gems/2.3.0/gems/activerecord-5.2.3/lib/active_record/reflection.rb:162:in `class_name'
/Library/Ruby/Gems/2.3.0/gems/activerecord-5.2.3/lib/active_record/reflection.rb:769:in `klass'
/Library/Ruby/Gems/2.3.0/gems/activerecord-5.2.3/lib/active_record/reflection.rb:790:in `source_reflection'
/Library/Ruby/Gems/2.3.0/gems/activerecord-5.2.3/lib/active_record/reflection.rb:991:in `derive_class_name'
/Library/Ruby/Gems/2.3.0/gems/activerecord-5.2.3/lib/active_record/reflection.rb:162:in `class_name'
/Library/Ruby/Gems/2.3.0/gems/activerecord-5.2.3/lib/active_record/reflection.rb:769:in `klass'
/Library/Ruby/Gems/2.3.0/gems/activerecord-5.2.3/lib/active_record/reflection.rb:790:in `source_reflection'
/Library/Ruby/Gems/2.3.0/gems/activerecord-5.2.3/lib/active_record/reflection.rb:991:in `derive_class_name'
/Library/Ruby/Gems/2.3.0/gems/activerecord-5.2.3/lib/active_record/reflection.rb:162:in `class_name'
/Library/Ruby/Gems/2.3.0/gems/activerecord-5.2.3/lib/active_record/reflection.rb:769:in `klass'
/Library/Ruby/Gems/2.3.0/gems/activerecord-5.2.3/lib/active_record/reflection.rb:790:in `source_reflection'
/Library/Ruby/Gems/2.3.0/gems/activerecord-5.2.3/lib/active_record/reflection.rb:991:in `derive_class_name'
/Library/Ruby/Gems/2.3.0/gems/activerecord-5.2.3/lib/active_record/reflection.rb:162:in `class_name'
/Library/Ruby/Gems/2.3.0/gems/activerecord-5.2.3/lib/active_record/reflection.rb:769:in `klass'
/Library/Ruby/Gems/2.3.0/gems/activerecord-5.2.3/lib/active_record/reflection.rb:790:in `source_reflection'
/Library/Ruby/Gems/2.3.0/gems/activerecord-5.2.3/lib/active_record/reflection.rb:991:in `derive_class_name'
/Library/Ruby/Gems/2.3.0/gems/activerecord-5.2.3/lib/active_record/reflection.rb:162:in `class_name'
/Library/Ruby/Gems/2.3.0/gems/activerecord-5.2.3/lib/active_record/reflection.rb:769:in `klass'
/Library/Ruby/Gems/2.3.0/gems/activerecord-5.2.3/lib/active_record/reflection.rb:790:in `source_reflection'
/Library/Ruby/Gems/2.3.0/gems/activerecord-5.2.3/lib/active_record/reflection.rb:991:in `derive_class_name'
/Library/Ruby/Gems/2.3.0/gems/activerecord-5.2.3/lib/active_record/reflection.rb:162:in `class_name'
/Library/Ruby/Gems/2.3.0/gems/activerecord-5.2.3/lib/active_record/reflection.rb:769:in `klass'
/Library/Ruby/Gems/2.3.0/gems/activerecord-5.2.3/lib/active_record/reflection.rb:790:in `source_reflection'
/Library/Ruby/Gems/2.3.0/gems/activerecord-5.2.3/lib/active_record/reflection.rb:991:in `derive_class_name'
/Library/Ruby/Gems/2.3.0/gems/activerecord-5.2.3/lib/active_record/reflection.rb:162:in `class_name'
/Library/Ruby/Gems/2.3.0/gems/activerecord-5.2.3/lib/active_record/reflection.rb:769:in `klass'
/Library/Ruby/Gems/2.3.0/gems/activerecord-5.2.3/lib/active_record/reflection.rb:790:in `source_reflection'
/Library/Ruby/Gems/2.3.0/gems/activerecord-5.2.3/lib/active_record/reflection.rb:991:in `derive_class_name'
/Library/Ruby/Gems/2.3.0/gems/activerecord-5.2.3/lib/active_record/reflection.rb:162:in `class_name'
/Library/Ruby/Gems/2.3.0/gems/activerecord-5.2.3/lib/active_record/reflection.rb:769:in `klass'
/Library/Ruby/Gems/2.3.0/gems/activerecord-5.2.3/lib/active_record/reflection.rb:790:in `source_reflection'
/Library/Ruby/Gems/2.3.0/gems/activerecord-5.2.3/lib/active_record/reflection.rb:991:in `derive_class_name'
/Library/Ruby/Gems/2.3.0/gems/activerecord-5.2.3/lib/active_record/reflection.rb:162:in `class_name'
/Library/Ruby/Gems/2.3.0/gems/activerecord-5.2.3/lib/active_record/reflection.rb:769:in `klass'
/Library/Ruby/Gems/2.3.0/gems/activerecord-5.2.3/lib/active_record/reflection.rb:790:in `source_reflection'
/Library/Ruby/Gems/2.3.0/gems/activerecord-5.2.3/lib/active_record/reflection.rb:991:in `derive_class_name'
/Library/Ruby/Gems/2.3.0/gems/activerecord-5.2.3/lib/active_record/reflection.rb:162:in `class_name'
/Library/Ruby/Gems/2.3.0/gems/activerecord-5.2.3/lib/active_record/reflection.rb:769:in `klass'
/Library/Ruby/Gems/2.3.0/gems/activerecord-5.2.3/lib/active_record/reflection.rb:790:in `source_reflection'
/Library/Ruby/Gems/2.3.0/gems/activerecord-5.2.3/lib/active_record/reflection.rb:991:in `derive_class_name'
/Library/Ruby/Gems/2.3.0/gems/activerecord-5.2.3/lib/active_record/reflection.rb:162:in `class_name'
/Library/Ruby/Gems/2.3.0/gems/activerecord-5.2.3/lib/active_record/reflection.rb:769:in `klass'
/Library/Ruby/Gems/2.3.0/gems/activerecord-5.2.3/lib/active_record/reflection.rb:790:in `source_reflection'
/Library/Ruby/Gems/2.3.0/gems/activerecord-5.2.3/lib/active_record/reflection.rb:991:in `derive_class_name'
/Library/Ruby/Gems/2.3.0/gems/activerecord-5.2.3/lib/active_record/reflection.rb:162:in `class_name'
/Library/Ruby/Gems/2.3.0/gems/activerecord-5.2.3/lib/active_record/reflection.rb:769:in `klass'
/Library/Ruby/Gems/2.3.0/gems/activerecord-5.2.3/lib/active_record/reflection.rb:790:in `source_reflection'
/Library/Ruby/Gems/2.3.0/gems/activerecord-5.2.3/lib/active_record/reflection.rb:991:in `derive_class_name'
/Library/Ruby/Gems/2.3.0/gems/activerecord-5.2.3/lib/active_record/reflection.rb:162:in `class_name'
/Library/Ruby/Gems/2.3.0/gems/activerecord-5.2.3/lib/active_record/reflection.rb:769:in `klass'
/Library/Ruby/Gems/2.3.0/gems/activerecord-5.2.3/lib/active_record/reflection.rb:790:in `source_reflection'
/Library/Ruby/Gems/2.3.0/gems/activerecord-5.2.3/lib/active_record/reflection.rb:991:in `derive_class_name'
/Library/Ruby/Gems/2.3.0/gems/activerecord-5.2.3/lib/active_record/reflection.rb:162:in `class_name'
/Library/Ruby/Gems/2.3.0/gems/activerecord-5.2.3/lib/active_record/reflection.rb:769:in `klass'
/Library/Ruby/Gems/2.3.0/gems/activerecord-5.2.3/lib/active_record/reflection.rb:790:in `source_reflection'
/Library/Ruby/Gems/2.3.0/gems/activerecord-5.2.3/lib/active_record/reflection.rb:991:in `derive_class_name'
/Library/Ruby/Gems/2.3.0/gems/activerecord-5.2.3/lib/active_record/reflection.rb:162:in `class_name'
/Library/Ruby/Gems/2.3.0/gems/activerecord-5.2.3/lib/active_record/reflection.rb:769:in `klass'
/Library/Ruby/Gems/2.3.0/gems/activerecord-5.2.3/lib/active_record/reflection.rb:790:in `source_reflection'
/Library/Ruby/Gems/2.3.0/gems/activerecord-5.2.3/lib/active_record/reflection.rb:991:in `derive_class_name'
/Library/Ruby/Gems/2.3.0/gems/activerecord-5.2.3/lib/active_record/reflection.rb:162:in `class_name'
/Library/Ruby/Gems/2.3.0/gems/activerecord-5.2.3/lib/active_record/reflection.rb:769:in `klass'
/Library/Ruby/Gems/2.3.0/gems/activerecord-5.2.3/lib/active_record/reflection.rb:790:in `source_reflection'
/Library/Ruby/Gems/2.3.0/gems/activerecord-5.2.3/lib/active_record/reflection.rb:991:in `derive_class_name'
/Library/Ruby/Gems/2.3.0/gems/activerecord-5.2.3/lib/active_record/reflection.rb:162:in `class_name'
/Library/Ruby/Gems/2.3.0/gems/activerecord-5.2.3/lib/active_record/reflection.rb:769:in `klass'
/Library/Ruby/Gems/2.3.0/gems/activerecord-5.2.3/lib/active_record/reflection.rb:790:in `source_reflection'
/Library/Ruby/Gems/2.3.0/gems/activerecord-5.2.3/lib/active_record/reflection.rb:991:in `derive_class_name'
/Library/Ruby/Gems/2.3.0/gems/activerecord-5.2.3/lib/active_record/reflection.rb:162:in `class_name'
/Library/Ruby/Gems/2.3.0/gems/activerecord-5.2.3/lib/active_record/reflection.rb:769:in `klass'
/Library/Ruby/Gems/2.3.0/gems/activerecord-5.2.3/lib/active_record/reflection.rb:790:in `source_reflection'
/Library/Ruby/Gems/2.3.0/gems/activerecord-5.2.3/lib/active_record/reflection.rb:991:in `derive_class_name'
/Library/Ruby/Gems/2.3.0/gems/activerecord-5.2.3/lib/active_record/reflection.rb:162:in `class_name'
/Library/Ruby/Gems/2.3.0/gems/activerecord-5.2.3/lib/active_record/reflection.rb:769:in `klass'
/Library/Ruby/Gems/2.3.0/gems/activerecord-5.2.3/lib/active_record/reflection.rb:790:in `source_reflection'
/Library/Ruby/Gems/2.3.0/gems/activerecord-5.2.3/lib/active_record/reflection.rb:991:in `derive_class_name'
/Library/Ruby/Gems/2.3.0/gems/activerecord-5.2.3/lib/active_record/reflection.rb:162:in `class_name'
/Library/Ruby/Gems/2.3.0/gems/activerecord-5.2.3/lib/active_record/reflection.rb:769:in `klass'
/Library/Ruby/Gems/2.3.0/gems/activerecord-5.2.3/lib/active_record/reflection.rb:790:in `source_reflection'
/Library/Ruby/Gems/2.3.0/gems/activerecord-5.2.3/lib/active_record/reflection.rb:991:in `derive_class_name'
/Library/Ruby/Gems/2.3.0/gems/activerecord-5.2.3/lib/active_record/reflection.rb:162:in `class_name'
/Library/Ruby/Gems/2.3.0/gems/activerecord-5.2.3/lib/active_record/reflection.rb:769:in `klass'
/Library/Ruby/Gems/2.3.0/gems/activerecord-5.2.3/lib/active_record/reflection.rb:790:in `source_reflection'
/Library/Ruby/Gems/2.3.0/gems/activerecord-5.2.3/lib/active_record/reflection.rb:991:in `derive_class_name'
/Library/Ruby/Gems/2.3.0/gems/activerecord-5.2.3/lib/active_record/reflection.rb:162:in `class_name'
/Library/Ruby/Gems/2.3.0/gems/activerecord-5.2.3/lib/active_record/reflection.rb:769:in `klass'
/Library/Ruby/Gems/2.3.0/gems/activerecord-5.2.3/lib/active_record/reflection.rb:790:in `source_reflection'
/Library/Ruby/Gems/2.3.0/gems/activerecord-5.2.3/lib/active_record/reflection.rb:991:in `derive_class_name'
/Library/Ruby/Gems/2.3.0/gems/activerecord-5.2.3/lib/active_record/reflection.rb:162:in `class_name'
/Library/Ruby/Gems/2.3.0/gems/activerecord-5.2.3/lib/active_record/reflection.rb:769:in `klass'
/Library/Ruby/Gems/2.3.0/gems/activerecord-5.2.3/lib/active_record/reflection.rb:790:in `source_reflection'
/Library/Ruby/Gems/2.3.0/gems/activerecord-5.2.3/lib/active_record/reflection.rb:991:in `derive_class_name'
/Library/Ruby/Gems/2.3.0/gems/activerecord-5.2.3/lib/active_record/reflection.rb:162:in `class_name'
/Library/Ruby/Gems/2.3.0/gems/activerecord-5.2.3/lib/active_record/reflection.rb:769:in `klass'
/Library/Ruby/Gems/2.3.0/gems/activerecord-5.2.3/lib/active_record/reflection.rb:790:in `source_reflection'
/Library/Ruby/Gems/2.3.0/gems/activerecord-5.2.3/lib/active_record/reflection.rb:991:in `derive_class_name'
/Library/Ruby/Gems/2.3.0/gems/activerecord-5.2.3/lib/active_record/reflection.rb:162:in `class_name'
/Library/Ruby/Gems/2.3.0/gems/activerecord-5.2.3/lib/active_record/reflection.rb:769:in `klass'
/Library/Ruby/Gems/2.3.0/gems/activerecord-5.2.3/lib/active_record/reflection.rb:790:in `source_reflection'
/Library/Ruby/Gems/2.3.0/gems/activerecord-5.2.3/lib/active_record/reflection.rb:991:in `derive_class_name'
/Library/Ruby/Gems/2.3.0/gems/activerecord-5.2.3/lib/active_record/reflection.rb:162:in `class_name'
/Library/Ruby/Gems/2.3.0/gems/activerecord-5.2.3/lib/active_record/reflection.rb:769:in `klass'
/Library/Ruby/Gems/2.3.0/gems/activerecord-5.2.3/lib/active_record/reflection.rb:790:in `source_reflection'
/Library/Ruby/Gems/2.3.0/gems/activerecord-5.2.3/lib/active_record/reflection.rb:991:in `derive_class_name'
/Library/Ruby/Gems/2.3.0/gems/activerecord-5.2.3/lib/active_record/reflection.rb:162:in `class_name'
/Library/Ruby/Gems/2.3.0/gems/activerecord-5.2.3/lib/active_record/reflection.rb:769:in `klass'
/Library/Ruby/Gems/2.3.0/gems/activerecord-5.2.3/lib/active_record/reflection.rb:790:in `source_reflection'
/Library/Ruby/Gems/2.3.0/gems/activerecord-5.2.3/lib/active_record/reflection.rb:991:in `derive_class_name'
/Library/Ruby/Gems/2.3.0/gems/activerecord-5.2.3/lib/active_record/reflection.rb:162:in `class_name'
/Library/Ruby/Gems/2.3.0/gems/activerecord-5.2.3/lib/active_record/reflection.rb:769:in `klass'
/Library/Ruby/Gems/2.3.0/gems/activerecord-5.2.3/lib/active_record/reflection.rb:790:in `source_reflection'
/Library/Ruby/Gems/2.3.0/gems/activerecord-5.2.3/lib/active_record/reflection.rb:991:in `derive_class_name'
/Library/Ruby/Gems/2.3.0/gems/activerecord-5.2.3/lib/active_record/reflection.rb:162:in `class_name'
/Library/Ruby/Gems/2.3.0/gems/activerecord-5.2.3/lib/active_record/reflection.rb:769:in `klass'
/Library/Ruby/Gems/2.3.0/gems/activerecord-5.2.3/lib/active_record/reflection.rb:790:in `source_reflection'
/Library/Ruby/Gems/2.3.0/gems/activerecord-5.2.3/lib/active_record/reflection.rb:991:in `derive_class_name'
/Library/Ruby/Gems/2.3.0/gems/activerecord-5.2.3/lib/active_record/reflection.rb:162:in `class_name'
/Library/Ruby/Gems/2.3.0/gems/activerecord-5.2.3/lib/active_record/reflection.rb:769:in `klass'
/Library/Ruby/Gems/2.3.0/gems/activerecord-5.2.3/lib/active_record/reflection.rb:790:in `source_reflection'
/Library/Ruby/Gems/2.3.0/gems/activerecord-5.2.3/lib/active_record/reflection.rb:991:in `derive_class_name'
/Library/Ruby/Gems/2.3.0/gems/activerecord-5.2.3/lib/active_record/reflection.rb:162:in `class_name'
/Library/Ruby/Gems/2.3.0/gems/activerecord-5.2.3/lib/active_record/reflection.rb:769:in `klass'
/Library/Ruby/Gems/2.3.0/gems/activerecord-5.2.3/lib/active_record/reflection.rb:790:in `source_reflection'
/Library/Ruby/Gems/2.3.0/gems/activerecord-5.2.3/lib/active_record/reflection.rb:991:in `derive_class_name'
/Library/Ruby/Gems/2.3.0/gems/activerecord-5.2.3/lib/active_record/reflection.rb:162:in `class_name'
/Library/Ruby/Gems/2.3.0/gems/activerecord-5.2.3/lib/active_record/reflection.rb:769:in `klass'
/Library/Ruby/Gems/2.3.0/gems/activerecord-5.2.3/lib/active_record/reflection.rb:790:in `source_reflection'
/Library/Ruby/Gems/2.3.0/gems/activerecord-5.2.3/lib/active_record/reflection.rb:991:in `derive_class_name'
/Library/Ruby/Gems/2.3.0/gems/activerecord-5.2.3/lib/active_record/reflection.rb:162:in `class_name'
/Library/Ruby/Gems/2.3.0/gems/activerecord-5.2.3/lib/active_record/reflection.rb:769:in `klass'
/Library/Ruby/Gems/2.3.0/gems/activerecord-5.2.3/lib/active_record/reflection.rb:790:in `source_reflection'
/Library/Ruby/Gems/2.3.0/gems/activerecord-5.2.3/lib/active_record/reflection.rb:991:in `derive_class_name'
/Library/Ruby/Gems/2.3.0/gems/activerecord-5.2.3/lib/active_record/reflection.rb:162:in `class_name'
/Library/Ruby/Gems/2.3.0/gems/activerecord-5.2.3/lib/active_record/reflection.rb:769:in `klass'
/Library/Ruby/Gems/2.3.0/gems/activerecord-5.2.3/lib/active_record/reflection.rb:790:in `source_reflection'
/Library/Ruby/Gems/2.3.0/gems/activerecord-5.2.3/lib/active_record/reflection.rb:991:in `derive_class_name'
/Library/Ruby/Gems/2.3.0/gems/activerecord-5.2.3/lib/active_record/reflection.rb:162:in `class_name'
/Library/Ruby/Gems/2.3.0/gems/activerecord-5.2.3/lib/active_record/reflection.rb:769:in `klass'
/Library/Ruby/Gems/2.3.0/gems/activerecord-5.2.3/lib/active_record/reflection.rb:790:in `source_reflection'
/Library/Ruby/Gems/2.3.0/gems/activerecord-5.2.3/lib/active_record/reflection.rb:991:in `derive_class_name'
/Library/Ruby/Gems/2.3.0/gems/activerecord-5.2.3/lib/active_record/reflection.rb:162:in `class_name'
/Library/Ruby/Gems/2.3.0/gems/activerecord-5.2.3/lib/active_record/reflection.rb:769:in `klass'
/Library/Ruby/Gems/2.3.0/gems/activerecord-5.2.3/lib/active_record/reflection.rb:790:in `source_reflection'
/Library/Ruby/Gems/2.3.0/gems/activerecord-5.2.3/lib/active_record/reflection.rb:991:in `derive_class_name'
/Library/Ruby/Gems/2.3.0/gems/activerecord-5.2.3/lib/active_record/reflection.rb:162:in `class_name'
/Library/Ruby/Gems/2.3.0/gems/activerecord-5.2.3/lib/active_record/reflection.rb:769:in `klass'
/Library/Ruby/Gems/2.3.0/gems/activerecord-5.2.3/lib/active_record/reflection.rb:790:in `source_reflection'
/Library/Ruby/Gems/2.3.0/gems/activerecord-5.2.3/lib/active_record/reflection.rb:991:in `derive_class_name'
/Library/Ruby/Gems/2.3.0/gems/activerecord-5.2.3/lib/active_record/reflection.rb:162:in `class_name'
/Library/Ruby/Gems/2.3.0/gems/activerecord-5.2.3/lib/active_record/reflection.rb:769:in `klass'
/Library/Ruby/Gems/2.3.0/gems/activerecord-5.2.3/lib/active_record/reflection.rb:790:in `source_reflection'
/Library/Ruby/Gems/2.3.0/gems/activerecord-5.2.3/lib/active_record/reflection.rb:991:in `derive_class_name'
/Library/Ruby/Gems/2.3.0/gems/activerecord-5.2.3/lib/active_record/reflection.rb:162:in `class_name'
/Library/Ruby/Gems/2.3.0/gems/activerecord-5.2.3/lib/active_record/reflection.rb:769:in `klass'
/Library/Ruby/Gems/2.3.0/gems/activerecord-5.2.3/lib/active_record/reflection.rb:790:in `source_reflection'
/Library/Ruby/Gems/2.3.0/gems/activerecord-5.2.3/lib/active_record/reflection.rb:991:in `derive_class_name'
/Library/Ruby/Gems/2.3.0/gems/activerecord-5.2.3/lib/active_record/reflection.rb:162:in `class_name'
/Library/Ruby/Gems/2.3.0/gems/activerecord-5.2.3/lib/active_record/reflection.rb:769:in `klass'
/Library/Ruby/Gems/2.3.0/gems/activerecord-5.2.3/lib/active_record/reflection.rb:790:in `source_reflection'
/Library/Ruby/Gems/2.3.0/gems/activerecord-5.2.3/lib/active_record/reflection.rb:991:in `derive_class_name'
/Library/Ruby/Gems/2.3.0/gems/activerecord-5.2.3/lib/active_record/reflection.rb:162:in `class_name'
/Library/Ruby/Gems/2.3.0/gems/activerecord-5.2.3/lib/active_record/reflection.rb:769:in `klass'
/Library/Ruby/Gems/2.3.0/gems/activerecord-5.2.3/lib/active_record/reflection.rb:790:in `source_reflection'
/Library/Ruby/Gems/2.3.0/gems/activerecord-5.2.3/lib/active_record/reflection.rb:991:in `derive_class_name'
/Library/Ruby/Gems/2.3.0/gems/activerecord-5.2.3/lib/active_record/reflection.rb:162:in `class_name'
/Library/Ruby/Gems/2.3.0/gems/activerecord-5.2.3/lib/active_record/reflection.rb:769:in `klass'
/Library/Ruby/Gems/2.3.0/gems/activerecord-5.2.3/lib/active_record/reflection.rb:790:in `source_reflection'
/Library/Ruby/Gems/2.3.0/gems/activerecord-5.2.3/lib/active_record/reflection.rb:991:in `derive_class_name'
/Library/Ruby/Gems/2.3.0/gems/activerecord-5.2.3/lib/active_record/reflection.rb:162:in `class_name'
/Library/Ruby/Gems/2.3.0/gems/activerecord-5.2.3/lib/active_record/reflection.rb:769:in `klass'
/Library/Ruby/Gems/2.3.0/gems/activerecord-5.2.3/lib/active_record/reflection.rb:790:in `source_reflection'
/Library/Ruby/Gems/2.3.0/gems/activerecord-5.2.3/lib/active_record/reflection.rb:991:in `derive_class_name'
/Library/Ruby/Gems/2.3.0/gems/activerecord-5.2.3/lib/active_record/reflection.rb:162:in `class_name'
/Library/Ruby/Gems/2.3.0/gems/activerecord-5.2.3/lib/active_record/reflection.rb:769:in `klass'
/Library/Ruby/Gems/2.3.0/gems/activerecord-5.2.3/lib/active_record/reflection.rb:790:in `source_reflection'
/Library/Ruby/Gems/2.3.0/gems/activerecord-5.2.3/lib/active_record/reflection.rb:991:in `derive_class_name'
/Library/Ruby/Gems/2.3.0/gems/activerecord-5.2.3/lib/active_record/reflection.rb:162:in `class_name'
/Library/Ruby/Gems/2.3.0/gems/activerecord-5.2.3/lib/active_record/reflection.rb:769:in `klass'
/Library/Ruby/Gems/2.3.0/gems/activerecord-5.2.3/lib/active_record/reflection.rb:790:in `source_reflection'
/Library/Ruby/Gems/2.3.0/gems/activerecord-5.2.3/lib/active_record/reflection.rb:991:in `derive_class_name'
/Library/Ruby/Gems/2.3.0/gems/activerecord-5.2.3/lib/active_record/reflection.rb:162:in `class_name'
/Library/Ruby/Gems/2.3.0/gems/activerecord-5.2.3/lib/active_record/reflection.rb:769:in `klass'
/Library/Ruby/Gems/2.3.0/gems/activerecord-5.2.3/lib/active_record/reflection.rb:790:in `source_reflection'
/Library/Ruby/Gems/2.3.0/gems/activerecord-5.2.3/lib/active_record/reflection.rb:991:in `derive_class_name'
/Library/Ruby/Gems/2.3.0/gems/activerecord-5.2.3/lib/active_record/reflection.rb:162:in `class_name'
/Library/Ruby/Gems/2.3.0/gems/activerecord-5.2.3/lib/active_record/reflection.rb:769:in `klass'
/Library/Ruby/Gems/2.3.0/gems/activerecord-5.2.3/lib/active_record/reflection.rb:790:in `source_reflection'
/Library/Ruby/Gems/2.3.0/gems/activerecord-5.2.3/lib/active_record/reflection.rb:991:in `derive_class_name'
/Library/Ruby/Gems/2.3.0/gems/activerecord-5.2.3/lib/active_record/reflection.rb:162:in `class_name'
/Library/Ruby/Gems/2.3.0/gems/activerecord-5.2.3/lib/active_record/reflection.rb:769:in `klass'
/Library/Ruby/Gems/2.3.0/gems/activerecord-5.2.3/lib/active_record/reflection.rb:790:in `source_reflection'
/Library/Ruby/Gems/2.3.0/gems/activerecord-5.2.3/lib/active_record/reflection.rb:991:in `derive_class_name'
/Library/Ruby/Gems/2.3.0/gems/activerecord-5.2.3/lib/active_record/reflection.rb:162:in `class_name'
/Library/Ruby/Gems/2.3.0/gems/activerecord-5.2.3/lib/active_record/reflection.rb:769:in `klass'
/Library/Ruby/Gems/2.3.0/gems/activerecord-5.2.3/lib/active_record/reflection.rb:790:in `source_reflection'
/Library/Ruby/Gems/2.3.0/gems/activerecord-5.2.3/lib/active_record/reflection.rb:991:in `derive_class_name'
/Library/Ruby/Gems/2.3.0/gems/activerecord-5.2.3/lib/active_record/reflection.rb:162:in `class_name'
/Library/Ruby/Gems/2.3.0/gems/activerecord-5.2.3/lib/active_record/reflection.rb:769:in `klass'
/Library/Ruby/Gems/2.3.0/gems/activerecord-5.2.3/lib/active_record/reflection.rb:790:in `source_reflection'
/Library/Ruby/Gems/2.3.0/gems/activerecord-5.2.3/lib/active_record/reflection.rb:991:in `derive_class_name'
/Library/Ruby/Gems/2.3.0/gems/activerecord-5.2.3/lib/active_record/reflection.rb:162:in `class_name'
/Library/Ruby/Gems/2.3.0/gems/activerecord-5.2.3/lib/active_record/reflection.rb:769:in `klass'
/Library/Ruby/Gems/2.3.0/gems/activerecord-5.2.3/lib/active_record/reflection.rb:790:in `source_reflection'
/Library/Ruby/Gems/2.3.0/gems/activerecord-5.2.3/lib/active_record/reflection.rb:991:in `derive_class_name'
/Library/Ruby/Gems/2.3.0/gems/activerecord-5.2.3/lib/active_record/reflection.rb:162:in `class_name'
/Library/Ruby/Gems/2.3.0/gems/activerecord-5.2.3/lib/active_record/reflection.rb:769:in `klass'
/Library/Ruby/Gems/2.3.0/gems/activerecord-5.2.3/lib/active_record/reflection.rb:790:in `source_reflection'
/Library/Ruby/Gems/2.3.0/gems/activerecord-5.2.3/lib/active_record/reflection.rb:991:in `derive_class_name'
/Library/Ruby/Gems/2.3.0/gems/activerecord-5.2.3/lib/active_record/reflection.rb:162:in `class_name'
/Library/Ruby/Gems/2.3.0/gems/activerecord-5.2.3/lib/active_record/reflection.rb:769:in `klass'
/Library/Ruby/Gems/2.3.0/gems/activerecord-5.2.3/lib/active_record/reflection.rb:790:in `source_reflection'
/Library/Ruby/Gems/2.3.0/gems/activerecord-5.2.3/lib/active_record/reflection.rb:991:in `derive_class_name'
/Library/Ruby/Gems/2.3.0/gems/activerecord-5.2.3/lib/active_record/reflection.rb:162:in `class_name'
/Library/Ruby/Gems/2.3.0/gems/activerecord-5.2.3/lib/active_record/reflection.rb:769:in `klass'
/Library/Ruby/Gems/2.3.0/gems/activerecord-5.2.3/lib/active_record/reflection.rb:790:in `source_reflection'
/Library/Ruby/Gems/2.3.0/gems/activerecord-5.2.3/lib/active_record/reflection.rb:991:in `derive_class_name'
/Library/Ruby/Gems/2.3.0/gems/activerecord-5.2.3/lib/active_record/reflection.rb:162:in `class_name'
/Library/Ruby/Gems/2.3.0/gems/activerecord-5.2.3/lib/active_record/reflection.rb:769:in `klass'
/Library/Ruby/Gems/2.3.0/gems/activerecord-5.2.3/lib/active_record/reflection.rb:790:in `source_reflection'
/Library/Ruby/Gems/2.3.0/gems/activerecord-5.2.3/lib/active_record/reflection.rb:991:in `derive_class_name'
/Library/Ruby/Gems/2.3.0/gems/activerecord-5.2.3/lib/active_record/reflection.rb:162:in `class_name'
/Library/Ruby/Gems/2.3.0/gems/activerecord-5.2.3/lib/active_record/reflection.rb:769:in `klass'
/Library/Ruby/Gems/2.3.0/gems/activerecord-5.2.3/lib/active_record/reflection.rb:790:in `source_reflection'
/Library/Ruby/Gems/2.3.0/gems/activerecord-5.2.3/lib/active_record/reflection.rb:991:in `derive_class_name'
/Library/Ruby/Gems/2.3.0/gems/activerecord-5.2.3/lib/active_record/reflection.rb:162:in `class_name'
/Library/Ruby/Gems/2.3.0/gems/activerecord-5.2.3/lib/active_record/reflection.rb:769:in `klass'
/Library/Ruby/Gems/2.3.0/gems/activerecord-5.2.3/lib/active_record/reflection.rb:790:in `source_reflection'
/Library/Ruby/Gems/2.3.0/gems/activerecord-5.2.3/lib/active_record/reflection.rb:991:in `derive_class_name'
/Library/Ruby/Gems/2.3.0/gems/activerecord-5.2.3/lib/active_record/reflection.rb:162:in `class_name'
/Library/Ruby/Gems/2.3.0/gems/activerecord-5.2.3/lib/active_record/reflection.rb:769:in `klass'
/Library/Ruby/Gems/2.3.0/gems/activerecord-5.2.3/lib/active_record/reflection.rb:790:in `source_reflection'
/Library/Ruby/Gems/2.3.0/gems/activerecord-5.2.3/lib/active_record/reflection.rb:991:in `derive_class_name'
/Library/Ruby/Gems/2.3.0/gems/activerecord-5.2.3/lib/active_record/reflection.rb:162:in `class_name'
/Library/Ruby/Gems/2.3.0/gems/activerecord-5.2.3/lib/active_record/reflection.rb:769:in `klass'
/Library/Ruby/Gems/2.3.0/gems/activerecord-5.2.3/lib/active_record/reflection.rb:790:in `source_reflection'
/Library/Ruby/Gems/2.3.0/gems/activerecord-5.2.3/lib/active_record/reflection.rb:991:in `derive_class_name'
/Library/Ruby/Gems/2.3.0/gems/activerecord-5.2.3/lib/active_record/reflection.rb:162:in `class_name'
/Library/Ruby/Gems/2.3.0/gems/activerecord-5.2.3/lib/active_record/reflection.rb:769:in `klass'
/Library/Ruby/Gems/2.3.0/gems/activerecord-5.2.3/lib/active_record/reflection.rb:790:in `source_reflection'
/Library/Ruby/Gems/2.3.0/gems/activerecord-5.2.3/lib/active_record/reflection.rb:991:in `derive_class_name'
/Library/Ruby/Gems/2.3.0/gems/activerecord-5.2.3/lib/active_record/reflection.rb:162:in `class_name'
/Library/Ruby/Gems/2.3.0/gems/activerecord-5.2.3/lib/active_record/reflection.rb:769:in `klass'
/Library/Ruby/Gems/2.3.0/gems/activerecord-5.2.3/lib/active_record/reflection.rb:790:in `source_reflection'
/Library/Ruby/Gems/2.3.0/gems/activerecord-5.2.3/lib/active_record/reflection.rb:991:in `derive_class_name'
/Library/Ruby/Gems/2.3.0/gems/activerecord-5.2.3/lib/active_record/reflection.rb:162:in `class_name'
/Library/Ruby/Gems/2.3.0/gems/activerecord-5.2.3/lib/active_record/reflection.rb:769:in `klass'
/Library/Ruby/Gems/2.3.0/gems/activerecord-5.2.3/lib/active_record/reflection.rb:790:in `source_reflection'
/Library/Ruby/Gems/2.3.0/gems/activerecord-5.2.3/lib/active_record/reflection.rb:991:in `derive_class_name'
/Library/Ruby/Gems/2.3.0/gems/activerecord-5.2.3/lib/active_record/reflection.rb:162:in `class_name'
/Library/Ruby/Gems/2.3.0/gems/activerecord-5.2.3/lib/active_record/reflection.rb:769:in `klass'
/Library/Ruby/Gems/2.3.0/gems/activerecord-5.2.3/lib/active_record/reflection.rb:790:in `source_reflection'
/Library/Ruby/Gems/2.3.0/gems/activerecord-5.2.3/lib/active_record/reflection.rb:991:in `derive_class_name'
/Library/Ruby/Gems/2.3.0/gems/activerecord-5.2.3/lib/active_record/reflection.rb:162:in `class_name'
/Library/Ruby/Gems/2.3.0/gems/activerecord-5.2.3/lib/active_record/reflection.rb:769:in `klass'
/Library/Ruby/Gems/2.3.0/gems/activerecord-5.2.3/lib/active_record/reflection.rb:790:in `source_reflection'
/Library/Ruby/Gems/2.3.0/gems/activerecord-5.2.3/lib/active_record/reflection.rb:991:in `derive_class_name'
/Library/Ruby/Gems/2.3.0/gems/activerecord-5.2.3/lib/active_record/reflection.rb:162:in `class_name'
/Library/Ruby/Gems/2.3.0/gems/activerecord-5.2.3/lib/active_record/reflection.rb:769:in `klass'
/Library/Ruby/Gems/2.3.0/gems/activerecord-5.2.3/lib/active_record/reflection.rb:790:in `source_reflection'
/Library/Ruby/Gems/2.3.0/gems/activerecord-5.2.3/lib/active_record/reflection.rb:991:in `derive_class_name'
/Library/Ruby/Gems/2.3.0/gems/activerecord-5.2.3/lib/active_record/reflection.rb:162:in `class_name'
/Library/Ruby/Gems/2.3.0/gems/activerecord-5.2.3/lib/active_record/reflection.rb:769:in `klass'
/Library/Ruby/Gems/2.3.0/gems/activerecord-5.2.3/lib/active_record/reflection.rb:790:in `source_reflection'
/Library/Ruby/Gems/2.3.0/gems/activerecord-5.2.3/lib/active_record/reflection.rb:991:in `derive_class_name'
/Library/Ruby/Gems/2.3.0/gems/activerecord-5.2.3/lib/active_record/reflection.rb:162:in `class_name'
/Library/Ruby/Gems/2.3.0/gems/activerecord-5.2.3/lib/active_record/reflection.rb:769:in `klass'
/Library/Ruby/Gems/2.3.0/gems/activerecord-5.2.3/lib/active_record/reflection.rb:790:in `source_reflection'
/Library/Ruby/Gems/2.3.0/gems/activerecord-5.2.3/lib/active_record/reflection.rb:991:in `derive_class_name'
/Library/Ruby/Gems/2.3.0/gems/activerecord-5.2.3/lib/active_record/reflection.rb:162:in `class_name'
/Library/Ruby/Gems/2.3.0/gems/activerecord-5.2.3/lib/active_record/reflection.rb:769:in `klass'
/Library/Ruby/Gems/2.3.0/gems/activerecord-5.2.3/lib/active_record/reflection.rb:790:in `source_reflection'
/Library/Ruby/Gems/2.3.0/gems/activerecord-5.2.3/lib/active_record/reflection.rb:991:in `derive_class_name'
/Library/Ruby/Gems/2.3.0/gems/activerecord-5.2.3/lib/active_record/reflection.rb:162:in `class_name'
/Library/Ruby/Gems/2.3.0/gems/activerecord-5.2.3/lib/active_record/reflection.rb:769:in `klass'
/Library/Ruby/Gems/2.3.0/gems/activerecord-5.2.3/lib/active_record/reflection.rb:790:in `source_reflection'
/Library/Ruby/Gems/2.3.0/gems/activerecord-5.2.3/lib/active_record/reflection.rb:991:in `derive_class_name'
/Library/Ruby/Gems/2.3.0/gems/activerecord-5.2.3/lib/active_record/reflection.rb:162:in `class_name'
/Library/Ruby/Gems/2.3.0/gems/activerecord-5.2.3/lib/active_record/reflection.rb:769:in `klass'
/Library/Ruby/Gems/2.3.0/gems/activerecord-5.2.3/lib/active_record/reflection.rb:790:in `source_reflection'
/Library/Ruby/Gems/2.3.0/gems/activerecord-5.2.3/lib/active_record/reflection.rb:991:in `derive_class_name'
/Library/Ruby/Gems/2.3.0/gems/activerecord-5.2.3/lib/active_record/reflection.rb:162:in `class_name'
/Library/Ruby/Gems/2.3.0/gems/activerecord-5.2.3/lib/active_record/reflection.rb:769:in `klass'
/Library/Ruby/Gems/2.3.0/gems/activerecord-5.2.3/lib/active_record/reflection.rb:790:in `source_reflection'
/Library/Ruby/Gems/2.3.0/gems/activerecord-5.2.3/lib/active_record/reflection.rb:991:in `derive_class_name'
/Library/Ruby/Gems/2.3.0/gems/activerecord-5.2.3/lib/active_record/reflection.rb:162:in `class_name'
/Library/Ruby/Gems/2.3.0/gems/activerecord-5.2.3/lib/active_record/reflection.rb:769:in `klass'
/Library/Ruby/Gems/2.3.0/gems/activerecord-5.2.3/lib/active_record/reflection.rb:790:in `source_reflection'
/Library/Ruby/Gems/2.3.0/gems/activerecord-5.2.3/lib/active_record/reflection.rb:991:in `derive_class_name'
/Library/Ruby/Gems/2.3.0/gems/activerecord-5.2.3/lib/active_record/reflection.rb:162:in `class_name'
/Library/Ruby/Gems/2.3.0/gems/activerecord-5.2.3/lib/active_record/reflection.rb:769:in `klass'
/Library/Ruby/Gems/2.3.0/gems/activerecord-5.2.3/lib/active_record/reflection.rb:790:in `source_reflection'
/Library/Ruby/Gems/2.3.0/gems/activerecord-5.2.3/lib/active_record/reflection.rb:991:in `derive_class_name'
/Library/Ruby/Gems/2.3.0/gems/activerecord-5.2.3/lib/active_record/reflection.rb:162:in `class_name'
/Library/Ruby/Gems/2.3.0/gems/activerecord-5.2.3/lib/active_record/reflection.rb:769:in `klass'
/Library/Ruby/Gems/2.3.0/gems/activerecord-5.2.3/lib/active_record/reflection.rb:790:in `source_reflection'
/Library/Ruby/Gems/2.3.0/gems/activerecord-5.2.3/lib/active_record/reflection.rb:991:in `derive_class_name'
/Library/Ruby/Gems/2.3.0/gems/activerecord-5.2.3/lib/active_record/reflection.rb:162:in `class_name'
/Library/Ruby/Gems/2.3.0/gems/activerecord-5.2.3/lib/active_record/reflection.rb:769:in `klass'
/Library/Ruby/Gems/2.3.0/gems/activerecord-5.2.3/lib/active_record/reflection.rb:790:in `source_reflection'
/Library/Ruby/Gems/2.3.0/gems/activerecord-5.2.3/lib/active_record/reflection.rb:991:in `derive_class_name'
/Library/Ruby/Gems/2.3.0/gems/activerecord-5.2.3/lib/active_record/reflection.rb:162:in `class_name'
/Library/Ruby/Gems/2.3.0/gems/activerecord-5.2.3/lib/active_record/reflection.rb:769:in `klass'
/Library/Ruby/Gems/2.3.0/gems/activerecord-5.2.3/lib/active_record/reflection.rb:790:in `source_reflection'
/Library/Ruby/Gems/2.3.0/gems/activerecord-5.2.3/lib/active_record/reflection.rb:991:in `derive_class_name'
/Library/Ruby/Gems/2.3.0/gems/activerecord-5.2.3/lib/active_record/reflection.rb:162:in `class_name'
/Library/Ruby/Gems/2.3.0/gems/activerecord-5.2.3/lib/active_record/reflection.rb:769:in `klass'
/Library/Ruby/Gems/2.3.0/gems/activerecord-5.2.3/lib/active_record/reflection.rb:790:in `source_reflection'
/Library/Ruby/Gems/2.3.0/gems/activerecord-5.2.3/lib/active_record/reflection.rb:991:in `derive_class_name'
/Library/Ruby/Gems/2.3.0/gems/activerecord-5.2.3/lib/active_record/reflection.rb:162:in `class_name'
/Library/Ruby/Gems/2.3.0/gems/activerecord-5.2.3/lib/active_record/reflection.rb:769:in `klass'
/Library/Ruby/Gems/2.3.0/gems/activerecord-5.2.3/lib/active_record/reflection.rb:790:in `source_reflection'
/Library/Ruby/Gems/2.3.0/gems/activerecord-5.2.3/lib/active_record/reflection.rb:991:in `derive_class_name'
/Library/Ruby/Gems/2.3.0/gems/activerecord-5.2.3/lib/active_record/reflection.rb:162:in `class_name'
/Library/Ruby/Gems/2.3.0/gems/activerecord-5.2.3/lib/active_record/reflection.rb:769:in `klass'
/Library/Ruby/Gems/2.3.0/gems/activerecord-5.2.3/lib/active_record/reflection.rb:790:in `source_reflection'
/Library/Ruby/Gems/2.3.0/gems/activerecord-5.2.3/lib/active_record/reflection.rb:991:in `derive_class_name'
/Library/Ruby/Gems/2.3.0/gems/activerecord-5.2.3/lib/active_record/reflection.rb:162:in `class_name'
/Library/Ruby/Gems/2.3.0/gems/activerecord-5.2.3/lib/active_record/reflection.rb:769:in `klass'
/Library/Ruby/Gems/2.3.0/gems/activerecord-5.2.3/lib/active_record/reflection.rb:790:in `source_reflection'
/Library/Ruby/Gems/2.3.0/gems/activerecord-5.2.3/lib/active_record/reflection.rb:991:in `derive_class_name'
/Library/Ruby/Gems/2.3.0/gems/activerecord-5.2.3/lib/active_record/reflection.rb:162:in `class_name'
/Library/Ruby/Gems/2.3.0/gems/activerecord-5.2.3/lib/active_record/reflection.rb:769:in `klass'
/Library/Ruby/Gems/2.3.0/gems/activerecord-5.2.3/lib/active_record/reflection.rb:790:in `source_reflection'
/Library/Ruby/Gems/2.3.0/gems/activerecord-5.2.3/lib/active_record/reflection.rb:991:in `derive_class_name'
/Library/Ruby/Gems/2.3.0/gems/activerecord-5.2.3/lib/active_record/reflection.rb:162:in `class_name'
/Library/Ruby/Gems/2.3.0/gems/activerecord-5.2.3/lib/active_record/reflection.rb:769:in `klass'
/Library/Ruby/Gems/2.3.0/gems/activerecord-5.2.3/lib/active_record/reflection.rb:790:in `source_reflection'
/Library/Ruby/Gems/2.3.0/gems/activerecord-5.2.3/lib/active_record/reflection.rb:991:in `derive_class_name'
/Library/Ruby/Gems/2.3.0/gems/activerecord-5.2.3/lib/active_record/reflection.rb:162:in `class_name'
/Library/Ruby/Gems/2.3.0/gems/activerecord-5.2.3/lib/active_record/reflection.rb:769:in `klass'
/Library/Ruby/Gems/2.3.0/gems/activerecord-5.2.3/lib/active_record/reflection.rb:790:in `source_reflection'
/Library/Ruby/Gems/2.3.0/gems/activerecord-5.2.3/lib/active_record/reflection.rb:991:in `derive_class_name'
/Library/Ruby/Gems/2.3.0/gems/activerecord-5.2.3/lib/active_record/reflection.rb:162:in `class_name'
/Library/Ruby/Gems/2.3.0/gems/activerecord-5.2.3/lib/active_record/reflection.rb:769:in `klass'
/Library/Ruby/Gems/2.3.0/gems/activerecord-5.2.3/lib/active_record/reflection.rb:790:in `source_reflection'
/Library/Ruby/Gems/2.3.0/gems/activerecord-5.2.3/lib/active_record/reflection.rb:991:in `derive_class_name'
/Library/Ruby/Gems/2.3.0/gems/activerecord-5.2.3/lib/active_record/reflection.rb:162:in `class_name'
/Library/Ruby/Gems/2.3.0/gems/activerecord-5.2.3/lib/active_record/reflection.rb:769:in `klass'
/Library/Ruby/Gems/2.3.0/gems/activerecord-5.2.3/lib/active_record/reflection.rb:790:in `source_reflection'
/Library/Ruby/Gems/2.3.0/gems/activerecord-5.2.3/lib/active_record/reflection.rb:991:in `derive_class_name'
/Library/Ruby/Gems/2.3.0/gems/activerecord-5.2.3/lib/active_record/reflection.rb:162:in `class_name'
/Library/Ruby/Gems/2.3.0/gems/activerecord-5.2.3/lib/active_record/reflection.rb:769:in `klass'
/Library/Ruby/Gems/2.3.0/gems/activerecord-5.2.3/lib/active_record/reflection.rb:790:in `source_reflection'
/Library/Ruby/Gems/2.3.0/gems/activerecord-5.2.3/lib/active_record/reflection.rb:991:in `derive_class_name'
/Library/Ruby/Gems/2.3.0/gems/activerecord-5.2.3/lib/active_record/reflection.rb:162:in `class_name'
/Library/Ruby/Gems/2.3.0/gems/activerecord-5.2.3/lib/active_record/reflection.rb:769:in `klass'
/Library/Ruby/Gems/2.3.0/gems/activerecord-5.2.3/lib/active_record/reflection.rb:790:in `source_reflection'
/Library/Ruby/Gems/2.3.0/gems/activerecord-5.2.3/lib/active_record/reflection.rb:991:in `derive_class_name'
/Library/Ruby/Gems/2.3.0/gems/activerecord-5.2.3/lib/active_record/reflection.rb:162:in `class_name'
/Library/Ruby/Gems/2.3.0/gems/activerecord-5.2.3/lib/active_record/reflection.rb:769:in `klass'
/Library/Ruby/Gems/2.3.0/gems/activerecord-5.2.3/lib/active_record/reflection.rb:790:in `source_reflection'
/Library/Ruby/Gems/2.3.0/gems/activerecord-5.2.3/lib/active_record/reflection.rb:991:in `derive_class_name'
/Library/Ruby/Gems/2.3.0/gems/activerecord-5.2.3/lib/active_record/reflection.rb:162:in `class_name'
/Library/Ruby/Gems/2.3.0/gems/activerecord-5.2.3/lib/active_record/reflection.rb:769:in `klass'
/Library/Ruby/Gems/2.3.0/gems/activerecord-5.2.3/lib/active_record/reflection.rb:790:in `source_reflection'
/Library/Ruby/Gems/2.3.0/gems/activerecord-5.2.3/lib/active_record/reflection.rb:991:in `derive_class_name'
/Library/Ruby/Gems/2.3.0/gems/activerecord-5.2.3/lib/active_record/reflection.rb:162:in `class_name'
/Library/Ruby/Gems/2.3.0/gems/activerecord-5.2.3/lib/active_record/reflection.rb:769:in `klass'
/Library/Ruby/Gems/2.3.0/gems/activerecord-5.2.3/lib/active_record/reflection.rb:790:in `source_reflection'
/Library/Ruby/Gems/2.3.0/gems/activerecord-5.2.3/lib/active_record/reflection.rb:991:in `derive_class_name'
/Library/Ruby/Gems/2.3.0/gems/activerecord-5.2.3/lib/active_record/reflection.rb:162:in `class_name'
/Library/Ruby/Gems/2.3.0/gems/activerecord-5.2.3/lib/active_record/reflection.rb:769:in `klass'
/Library/Ruby/Gems/2.3.0/gems/activerecord-5.2.3/lib/active_record/reflection.rb:790:in `source_reflection'
/Library/Ruby/Gems/2.3.0/gems/activerecord-5.2.3/lib/active_record/reflection.rb:991:in `derive_class_name'
/Library/Ruby/Gems/2.3.0/gems/activerecord-5.2.3/lib/active_record/reflection.rb:162:in `class_name'
/Library/Ruby/Gems/2.3.0/gems/activerecord-5.2.3/lib/active_record/reflection.rb:769:in `klass'
/Library/Ruby/Gems/2.3.0/gems/activerecord-5.2.3/lib/active_record/reflection.rb:790:in `source_reflection'
/Library/Ruby/Gems/2.3.0/gems/activerecord-5.2.3/lib/active_record/reflection.rb:991:in `derive_class_name'
/Library/Ruby/Gems/2.3.0/gems/activerecord-5.2.3/lib/active_record/reflection.rb:162:in `class_name'
/Library/Ruby/Gems/2.3.0/gems/activerecord-5.2.3/lib/active_record/reflection.rb:769:in `klass'
/Library/Ruby/Gems/2.3.0/gems/activerecord-5.2.3/lib/active_record/reflection.rb:790:in `source_reflection'
/Library/Ruby/Gems/2.3.0/gems/activerecord-5.2.3/lib/active_record/reflection.rb:991:in `derive_class_name'
/Library/Ruby/Gems/2.3.0/gems/activerecord-5.2.3/lib/active_record/reflection.rb:162:in `class_name'
/Library/Ruby/Gems/2.3.0/gems/activerecord-5.2.3/lib/active_record/reflection.rb:769:in `klass'
/Library/Ruby/Gems/2.3.0/gems/activerecord-5.2.3/lib/active_record/reflection.rb:790:in `source_reflection'
/Library/Ruby/Gems/2.3.0/gems/activerecord-5.2.3/lib/active_record/reflection.rb:991:in `derive_class_name'
/Library/Ruby/Gems/2.3.0/gems/activerecord-5.2.3/lib/active_record/reflection.rb:162:in `class_name'
/Library/Ruby/Gems/2.3.0/gems/activerecord-5.2.3/lib/active_record/reflection.rb:769:in `klass'
/Library/Ruby/Gems/2.3.0/gems/activerecord-5.2.3/lib/active_record/reflection.rb:790:in `source_reflection'
/Library/Ruby/Gems/2.3.0/gems/activerecord-5.2.3/lib/active_record/reflection.rb:991:in `derive_class_name'
/Library/Ruby/Gems/2.3.0/gems/activerecord-5.2.3/lib/active_record/reflection.rb:162:in `class_name'
/Library/Ruby/Gems/2.3.0/gems/activerecord-5.2.3/lib/active_record/reflection.rb:769:in `klass'
/Library/Ruby/Gems/2.3.0/gems/activerecord-5.2.3/lib/active_record/reflection.rb:790:in `source_reflection'
/Library/Ruby/Gems/2.3.0/gems/activerecord-5.2.3/lib/active_record/reflection.rb:991:in `derive_class_name'
/Library/Ruby/Gems/2.3.0/gems/activerecord-5.2.3/lib/active_record/reflection.rb:162:in `class_name'
/Library/Ruby/Gems/2.3.0/gems/activerecord-5.2.3/lib/active_record/reflection.rb:769:in `klass'
/Library/Ruby/Gems/2.3.0/gems/activerecord-5.2.3/lib/active_record/reflection.rb:790:in `source_reflection'
/Library/Ruby/Gems/2.3.0/gems/activerecord-5.2.3/lib/active_record/reflection.rb:991:in `derive_class_name'
/Library/Ruby/Gems/2.3.0/gems/activerecord-5.2.3/lib/active_record/reflection.rb:162:in `class_name'
/Library/Ruby/Gems/2.3.0/gems/activerecord-5.2.3/lib/active_record/reflection.rb:769:in `klass'
/Library/Ruby/Gems/2.3.0/gems/activerecord-5.2.3/lib/active_record/reflection.rb:790:in `source_reflection'
/Library/Ruby/Gems/2.3.0/gems/activerecord-5.2.3/lib/active_record/reflection.rb:991:in `derive_class_name'
/Library/Ruby/Gems/2.3.0/gems/activerecord-5.2.3/lib/active_record/reflection.rb:162:in `class_name'
/Library/Ruby/Gems/2.3.0/gems/activerecord-5.2.3/lib/active_record/reflection.rb:769:in `klass'
/Library/Ruby/Gems/2.3.0/gems/activerecord-5.2.3/lib/active_record/reflection.rb:790:in `source_reflection'
/Library/Ruby/Gems/2.3.0/gems/activerecord-5.2.3/lib/active_record/reflection.rb:991:in `derive_class_name'
/Library/Ruby/Gems/2.3.0/gems/activerecord-5.2.3/lib/active_record/reflection.rb:162:in `class_name'
/Library/Ruby/Gems/2.3.0/gems/activerecord-5.2.3/lib/active_record/reflection.rb:769:in `klass'
/Library/Ruby/Gems/2.3.0/gems/activerecord-5.2.3/lib/active_record/reflection.rb:790:in `source_reflection'
/Library/Ruby/Gems/2.3.0/gems/activerecord-5.2.3/lib/active_record/reflection.rb:991:in `derive_class_name'
/Library/Ruby/Gems/2.3.0/gems/activerecord-5.2.3/lib/active_record/reflection.rb:162:in `class_name'
/Library/Ruby/Gems/2.3.0/gems/activerecord-5.2.3/lib/active_record/reflection.rb:769:in `klass'
/Library/Ruby/Gems/2.3.0/gems/activerecord-5.2.3/lib/active_record/reflection.rb:790:in `source_reflection'
/Library/Ruby/Gems/2.3.0/gems/activerecord-5.2.3/lib/active_record/reflection.rb:991:in `derive_class_name'
/Library/Ruby/Gems/2.3.0/gems/activerecord-5.2.3/lib/active_record/reflection.rb:162:in `class_name'
/Library/Ruby/Gems/2.3.0/gems/activerecord-5.2.3/lib/active_record/reflection.rb:769:in `klass'
/Library/Ruby/Gems/2.3.0/gems/activerecord-5.2.3/lib/active_record/reflection.rb:790:in `source_reflection'
/Library/Ruby/Gems/2.3.0/gems/activerecord-5.2.3/lib/active_record/reflection.rb:991:in `derive_class_name'
/Library/Ruby/Gems/2.3.0/gems/activerecord-5.2.3/lib/active_record/reflection.rb:162:in `class_name'
/Library/Ruby/Gems/2.3.0/gems/activerecord-5.2.3/lib/active_record/reflection.rb:769:in `klass'
/Library/Ruby/Gems/2.3.0/gems/activerecord-5.2.3/lib/active_record/reflection.rb:790:in `source_reflection'
/Library/Ruby/Gems/2.3.0/gems/activerecord-5.2.3/lib/active_record/reflection.rb:991:in `derive_class_name'
/Library/Ruby/Gems/2.3.0/gems/activerecord-5.2.3/lib/active_record/reflection.rb:162:in `class_name'
/Library/Ruby/Gems/2.3.0/gems/activerecord-5.2.3/lib/active_record/reflection.rb:769:in `klass'
/Library/Ruby/Gems/2.3.0/gems/activerecord-5.2.3/lib/active_record/reflection.rb:790:in `source_reflection'
/Library/Ruby/Gems/2.3.0/gems/activerecord-5.2.3/lib/active_record/reflection.rb:991:in `derive_class_name'
/Library/Ruby/Gems/2.3.0/gems/activerecord-5.2.3/lib/active_record/reflection.rb:162:in `class_name'
/Library/Ruby/Gems/2.3.0/gems/activerecord-5.2.3/lib/active_record/reflection.rb:769:in `klass'
/Library/Ruby/Gems/2.3.0/gems/activerecord-5.2.3/lib/active_record/reflection.rb:790:in `source_reflection'
/Library/Ruby/Gems/2.3.0/gems/activerecord-5.2.3/lib/active_record/reflection.rb:991:in `derive_class_name'
/Library/Ruby/Gems/2.3.0/gems/activerecord-5.2.3/lib/active_record/reflection.rb:162:in `class_name'
/Library/Ruby/Gems/2.3.0/gems/activerecord-5.2.3/lib/active_record/reflection.rb:769:in `klass'
/Library/Ruby/Gems/2.3.0/gems/activerecord-5.2.3/lib/active_record/reflection.rb:790:in `source_reflection'
/Library/Ruby/Gems/2.3.0/gems/activerecord-5.2.3/lib/active_record/reflection.rb:991:in `derive_class_name'
/Library/Ruby/Gems/2.3.0/gems/activerecord-5.2.3/lib/active_record/reflection.rb:162:in `class_name'
/Library/Ruby/Gems/2.3.0/gems/activerecord-5.2.3/lib/active_record/reflection.rb:769:in `klass'
/Library/Ruby/Gems/2.3.0/gems/activerecord-5.2.3/lib/active_record/reflection.rb:790:in `source_reflection'
/Library/Ruby/Gems/2.3.0/gems/activerecord-5.2.3/lib/active_record/reflection.rb:991:in `derive_class_name'
/Library/Ruby/Gems/2.3.0/gems/activerecord-5.2.3/lib/active_record/reflection.rb:162:in `class_name'
/Library/Ruby/Gems/2.3.0/gems/activerecord-5.2.3/lib/active_record/reflection.rb:769:in `klass'
/Library/Ruby/Gems/2.3.0/gems/activerecord-5.2.3/lib/active_record/reflection.rb:790:in `source_reflection'
/Library/Ruby/Gems/2.3.0/gems/activerecord-5.2.3/lib/active_record/reflection.rb:991:in `derive_class_name'
/Library/Ruby/Gems/2.3.0/gems/activerecord-5.2.3/lib/active_record/reflection.rb:162:in `class_name'
/Library/Ruby/Gems/2.3.0/gems/activerecord-5.2.3/lib/active_record/reflection.rb:769:in `klass'
/Library/Ruby/Gems/2.3.0/gems/activerecord-5.2.3/lib/active_record/reflection.rb:790:in `source_reflection'
/Library/Ruby/Gems/2.3.0/gems/activerecord-5.2.3/lib/active_record/reflection.rb:991:in `derive_class_name'
/Library/Ruby/Gems/2.3.0/gems/activerecord-5.2.3/lib/active_record/reflection.rb:162:in `class_name'
/Library/Ruby/Gems/2.3.0/gems/activerecord-5.2.3/lib/active_record/reflection.rb:769:in `klass'
/Library/Ruby/Gems/2.3.0/gems/activerecord-5.2.3/lib/active_record/reflection.rb:790:in `source_reflection'
/Library/Ruby/Gems/2.3.0/gems/activerecord-5.2.3/lib/active_record/reflection.rb:991:in `derive_class_name'
/Library/Ruby/Gems/2.3.0/gems/activerecord-5.2.3/lib/active_record/reflection.rb:162:in `class_name'
/Library/Ruby/Gems/2.3.0/gems/activerecord-5.2.3/lib/active_record/reflection.rb:769:in `klass'
/Library/Ruby/Gems/2.3.0/gems/activerecord-5.2.3/lib/active_record/reflection.rb:790:in `source_reflection'
/Library/Ruby/Gems/2.3.0/gems/activerecord-5.2.3/lib/active_record/reflection.rb:991:in `derive_class_name'
/Library/Ruby/Gems/2.3.0/gems/activerecord-5.2.3/lib/active_record/reflection.rb:162:in `class_name'
/Library/Ruby/Gems/2.3.0/gems/activerecord-5.2.3/lib/active_record/reflection.rb:769:in `klass'
/Library/Ruby/Gems/2.3.0/gems/activerecord-5.2.3/lib/active_record/reflection.rb:790:in `source_reflection'
/Library/Ruby/Gems/2.3.0/gems/activerecord-5.2.3/lib/active_record/reflection.rb:991:in `derive_class_name'
/Library/Ruby/Gems/2.3.0/gems/activerecord-5.2.3/lib/active_record/reflection.rb:162:in `class_name'
/Library/Ruby/Gems/2.3.0/gems/activerecord-5.2.3/lib/active_record/reflection.rb:769:in `klass'
/Library/Ruby/Gems/2.3.0/gems/activerecord-5.2.3/lib/active_record/reflection.rb:790:in `source_reflection'
/Library/Ruby/Gems/2.3.0/gems/activerecord-5.2.3/lib/active_record/reflection.rb:991:in `derive_class_name'
/Library/Ruby/Gems/2.3.0/gems/activerecord-5.2.3/lib/active_record/reflection.rb:162:in `class_name'
/Library/Ruby/Gems/2.3.0/gems/activerecord-5.2.3/lib/active_record/reflection.rb:769:in `klass'
/Library/Ruby/Gems/2.3.0/gems/activerecord-5.2.3/lib/active_record/reflection.rb:790:in `source_reflection'
/Library/Ruby/Gems/2.3.0/gems/activerecord-5.2.3/lib/active_record/reflection.rb:991:in `derive_class_name'
/Library/Ruby/Gems/2.3.0/gems/activerecord-5.2.3/lib/active_record/reflection.rb:162:in `class_name'
/Library/Ruby/Gems/2.3.0/gems/activerecord-5.2.3/lib/active_record/reflection.rb:769:in `klass'
/Library/Ruby/Gems/2.3.0/gems/activerecord-5.2.3/lib/active_record/reflection.rb:790:in `source_reflection'
/Library/Ruby/Gems/2.3.0/gems/activerecord-5.2.3/lib/active_record/reflection.rb:991:in `derive_class_name'
/Library/Ruby/Gems/2.3.0/gems/activerecord-5.2.3/lib/active_record/reflection.rb:162:in `class_name'
/Library/Ruby/Gems/2.3.0/gems/activerecord-5.2.3/lib/active_record/reflection.rb:769:in `klass'
/Library/Ruby/Gems/2.3.0/gems/activerecord-5.2.3/lib/active_record/reflection.rb:790:in `source_reflection'
/Library/Ruby/Gems/2.3.0/gems/activerecord-5.2.3/lib/active_record/reflection.rb:991:in `derive_class_name'
/Library/Ruby/Gems/2.3.0/gems/activerecord-5.2.3/lib/active_record/reflection.rb:162:in `class_name'
/Library/Ruby/Gems/2.3.0/gems/activerecord-5.2.3/lib/active_record/reflection.rb:769:in `klass'
/Library/Ruby/Gems/2.3.0/gems/activerecord-5.2.3/lib/active_record/reflection.rb:790:in `source_reflection'
/Library/Ruby/Gems/2.3.0/gems/activerecord-5.2.3/lib/active_record/reflection.rb:991:in `derive_class_name'
/Library/Ruby/Gems/2.3.0/gems/activerecord-5.2.3/lib/active_record/reflection.rb:162:in `class_name'
/Library/Ruby/Gems/2.3.0/gems/activerecord-5.2.3/lib/active_record/reflection.rb:769:in `klass'
/Library/Ruby/Gems/2.3.0/gems/activerecord-5.2.3/lib/active_record/reflection.rb:790:in `source_reflection'
/Library/Ruby/Gems/2.3.0/gems/activerecord-5.2.3/lib/active_record/reflection.rb:991:in `derive_class_name'
/Library/Ruby/Gems/2.3.0/gems/activerecord-5.2.3/lib/active_record/reflection.rb:162:in `class_name'
/Library/Ruby/Gems/2.3.0/gems/activerecord-5.2.3/lib/active_record/reflection.rb:769:in `klass'
/Library/Ruby/Gems/2.3.0/gems/activerecord-5.2.3/lib/active_record/reflection.rb:790:in `source_reflection'
/Library/Ruby/Gems/2.3.0/gems/activerecord-5.2.3/lib/active_record/reflection.rb:991:in `derive_class_name'
/Library/Ruby/Gems/2.3.0/gems/activerecord-5.2.3/lib/active_record/reflection.rb:162:in `class_name'
/Library/Ruby/Gems/2.3.0/gems/activerecord-5.2.3/lib/active_record/reflection.rb:769:in `klass'
/Library/Ruby/Gems/2.3.0/gems/activerecord-5.2.3/lib/active_record/reflection.rb:790:in `source_reflection'
/Library/Ruby/Gems/2.3.0/gems/activerecord-5.2.3/lib/active_record/reflection.rb:991:in `derive_class_name'
/Library/Ruby/Gems/2.3.0/gems/activerecord-5.2.3/lib/active_record/reflection.rb:162:in `class_name'
/Library/Ruby/Gems/2.3.0/gems/activerecord-5.2.3/lib/active_record/reflection.rb:769:in `klass'
/Library/Ruby/Gems/2.3.0/gems/activerecord-5.2.3/lib/active_record/reflection.rb:790:in `source_reflection'
/Library/Ruby/Gems/2.3.0/gems/activerecord-5.2.3/lib/active_record/reflection.rb:991:in `derive_class_name'
/Library/Ruby/Gems/2.3.0/gems/activerecord-5.2.3/lib/active_record/reflection.rb:162:in `class_name'
/Library/Ruby/Gems/2.3.0/gems/activerecord-5.2.3/lib/active_record/reflection.rb:769:in `klass'
/Library/Ruby/Gems/2.3.0/gems/activerecord-5.2.3/lib/active_record/reflection.rb:790:in `source_reflection'
/Library/Ruby/Gems/2.3.0/gems/activerecord-5.2.3/lib/active_record/reflection.rb:991:in `derive_class_name'
/Library/Ruby/Gems/2.3.0/gems/activerecord-5.2.3/lib/active_record/reflection.rb:162:in `class_name'
/Library/Ruby/Gems/2.3.0/gems/activerecord-5.2.3/lib/active_record/reflection.rb:769:in `klass'
/Library/Ruby/Gems/2.3.0/gems/activerecord-5.2.3/lib/active_record/reflection.rb:790:in `source_reflection'
/Library/Ruby/Gems/2.3.0/gems/activerecord-5.2.3/lib/active_record/reflection.rb:991:in `derive_class_name'
/Library/Ruby/Gems/2.3.0/gems/activerecord-5.2.3/lib/active_record/reflection.rb:162:in `class_name'
/Library/Ruby/Gems/2.3.0/gems/activerecord-5.2.3/lib/active_record/reflection.rb:769:in `klass'
/Library/Ruby/Gems/2.3.0/gems/activerecord-5.2.3/lib/active_record/reflection.rb:790:in `source_reflection'
/Library/Ruby/Gems/2.3.0/gems/activerecord-5.2.3/lib/active_record/reflection.rb:991:in `derive_class_name'
/Library/Ruby/Gems/2.3.0/gems/activerecord-5.2.3/lib/active_record/reflection.rb:162:in `class_name'
/Library/Ruby/Gems/2.3.0/gems/activerecord-5.2.3/lib/active_record/reflection.rb:769:in `klass'
/Library/Ruby/Gems/2.3.0/gems/activerecord-5.2.3/lib/active_record/reflection.rb:790:in `source_reflection'
/Library/Ruby/Gems/2.3.0/gems/activerecord-5.2.3/lib/active_record/reflection.rb:991:in `derive_class_name'
/Library/Ruby/Gems/2.3.0/gems/activerecord-5.2.3/lib/active_record/reflection.rb:162:in `class_name'
/Library/Ruby/Gems/2.3.0/gems/activerecord-5.2.3/lib/active_record/reflection.rb:769:in `klass'
/Library/Ruby/Gems/2.3.0/gems/activerecord-5.2.3/lib/active_record/reflection.rb:790:in `source_reflection'
/Library/Ruby/Gems/2.3.0/gems/activerecord-5.2.3/lib/active_record/reflection.rb:991:in `derive_class_name'
/Library/Ruby/Gems/2.3.0/gems/activerecord-5.2.3/lib/active_record/reflection.rb:162:in `class_name'
/Library/Ruby/Gems/2.3.0/gems/activerecord-5.2.3/lib/active_record/reflection.rb:769:in `klass'
/Library/Ruby/Gems/2.3.0/gems/activerecord-5.2.3/lib/active_record/reflection.rb:790:in `source_reflection'
/Library/Ruby/Gems/2.3.0/gems/activerecord-5.2.3/lib/active_record/reflection.rb:991:in `derive_class_name'
/Library/Ruby/Gems/2.3.0/gems/activerecord-5.2.3/lib/active_record/reflection.rb:162:in `class_name'
/Library/Ruby/Gems/2.3.0/gems/activerecord-5.2.3/lib/active_record/reflection.rb:769:in `klass'
/Library/Ruby/Gems/2.3.0/gems/activerecord-5.2.3/lib/active_record/reflection.rb:790:in `source_reflection'
/Library/Ruby/Gems/2.3.0/gems/activerecord-5.2.3/lib/active_record/reflection.rb:991:in `derive_class_name'
/Library/Ruby/Gems/2.3.0/gems/activerecord-5.2.3/lib/active_record/reflection.rb:162:in `class_name'
/Library/Ruby/Gems/2.3.0/gems/activerecord-5.2.3/lib/active_record/reflection.rb:769:in `klass'
/Library/Ruby/Gems/2.3.0/gems/activerecord-5.2.3/lib/active_record/reflection.rb:790:in `source_reflection'
/Library/Ruby/Gems/2.3.0/gems/activerecord-5.2.3/lib/active_record/reflection.rb:991:in `derive_class_name'
/Library/Ruby/Gems/2.3.0/gems/activerecord-5.2.3/lib/active_record/reflection.rb:162:in `class_name'
/Library/Ruby/Gems/2.3.0/gems/activerecord-5.2.3/lib/active_record/reflection.rb:769:in `klass'
/Library/Ruby/Gems/2.3.0/gems/activerecord-5.2.3/lib/active_record/reflection.rb:790:in `source_reflection'
/Library/Ruby/Gems/2.3.0/gems/activerecord-5.2.3/lib/active_record/reflection.rb:991:in `derive_class_name'
/Library/Ruby/Gems/2.3.0/gems/activerecord-5.2.3/lib/active_record/reflection.rb:162:in `class_name'
/Library/Ruby/Gems/2.3.0/gems/activerecord-5.2.3/lib/active_record/reflection.rb:769:in `klass'
/Library/Ruby/Gems/2.3.0/gems/activerecord-5.2.3/lib/active_record/reflection.rb:790:in `source_reflection'
/Library/Ruby/Gems/2.3.0/gems/activerecord-5.2.3/lib/active_record/reflection.rb:991:in `derive_class_name'
/Library/Ruby/Gems/2.3.0/gems/activerecord-5.2.3/lib/active_record/reflection.rb:162:in `class_name'
/Library/Ruby/Gems/2.3.0/gems/activerecord-5.2.3/lib/active_record/reflection.rb:769:in `klass'
/Library/Ruby/Gems/2.3.0/gems/activerecord-5.2.3/lib/active_record/reflection.rb:790:in `source_reflection'
/Library/Ruby/Gems/2.3.0/gems/activerecord-5.2.3/lib/active_record/reflection.rb:991:in `derive_class_name'
/Library/Ruby/Gems/2.3.0/gems/activerecord-5.2.3/lib/active_record/reflection.rb:162:in `class_name'
/Library/Ruby/Gems/2.3.0/gems/activerecord-5.2.3/lib/active_record/reflection.rb:769:in `klass'
/Library/Ruby/Gems/2.3.0/gems/activerecord-5.2.3/lib/active_record/reflection.rb:790:in `source_reflection'
/Library/Ruby/Gems/2.3.0/gems/activerecord-5.2.3/lib/active_record/reflection.rb:991:in `derive_class_name'
/Library/Ruby/Gems/2.3.0/gems/activerecord-5.2.3/lib/active_record/reflection.rb:162:in `class_name'
/Library/Ruby/Gems/2.3.0/gems/activerecord-5.2.3/lib/active_record/reflection.rb:769:in `klass'
/Library/Ruby/Gems/2.3.0/gems/activerecord-5.2.3/lib/active_record/reflection.rb:790:in `source_reflection'
/Library/Ruby/Gems/2.3.0/gems/activerecord-5.2.3/lib/active_record/reflection.rb:991:in `derive_class_name'
/Library/Ruby/Gems/2.3.0/gems/activerecord-5.2.3/lib/active_record/reflection.rb:162:in `class_name'
/Library/Ruby/Gems/2.3.0/gems/activerecord-5.2.3/lib/active_record/reflection.rb:769:in `klass'
/Library/Ruby/Gems/2.3.0/gems/activerecord-5.2.3/lib/active_record/reflection.rb:790:in `source_reflection'
/Library/Ruby/Gems/2.3.0/gems/activerecord-5.2.3/lib/active_record/reflection.rb:991:in `derive_class_name'
/Library/Ruby/Gems/2.3.0/gems/activerecord-5.2.3/lib/active_record/reflection.rb:162:in `class_name'
/Library/Ruby/Gems/2.3.0/gems/activerecord-5.2.3/lib/active_record/reflection.rb:769:in `klass'
/Library/Ruby/Gems/2.3.0/gems/activerecord-5.2.3/lib/active_record/reflection.rb:790:in `source_reflection'
/Library/Ruby/Gems/2.3.0/gems/activerecord-5.2.3/lib/active_record/reflection.rb:991:in `derive_class_name'
/Library/Ruby/Gems/2.3.0/gems/activerecord-5.2.3/lib/active_record/reflection.rb:162:in `class_name'
/Library/Ruby/Gems/2.3.0/gems/activerecord-5.2.3/lib/active_record/reflection.rb:769:in `klass'
/Library/Ruby/Gems/2.3.0/gems/activerecord-5.2.3/lib/active_record/reflection.rb:790:in `source_reflection'
/Library/Ruby/Gems/2.3.0/gems/activerecord-5.2.3/lib/active_record/reflection.rb:991:in `derive_class_name'
/Library/Ruby/Gems/2.3.0/gems/activerecord-5.2.3/lib/active_record/reflection.rb:162:in `class_name'
/Library/Ruby/Gems/2.3.0/gems/activerecord-5.2.3/lib/active_record/reflection.rb:769:in `klass'
/Library/Ruby/Gems/2.3.0/gems/activerecord-5.2.3/lib/active_record/reflection.rb:790:in `source_reflection'
/Library/Ruby/Gems/2.3.0/gems/activerecord-5.2.3/lib/active_record/reflection.rb:991:in `derive_class_name'
/Library/Ruby/Gems/2.3.0/gems/activerecord-5.2.3/lib/active_record/reflection.rb:162:in `class_name'
/Library/Ruby/Gems/2.3.0/gems/activerecord-5.2.3/lib/active_record/reflection.rb:769:in `klass'
/Library/Ruby/Gems/2.3.0/gems/activerecord-5.2.3/lib/active_record/reflection.rb:790:in `source_reflection'
/Library/Ruby/Gems/2.3.0/gems/activerecord-5.2.3/lib/active_record/reflection.rb:991:in `derive_class_name'
/Library/Ruby/Gems/2.3.0/gems/activerecord-5.2.3/lib/active_record/reflection.rb:162:in `class_name'
/Library/Ruby/Gems/2.3.0/gems/activerecord-5.2.3/lib/active_record/reflection.rb:769:in `klass'
/Library/Ruby/Gems/2.3.0/gems/activerecord-5.2.3/lib/active_record/reflection.rb:790:in `source_reflection'
/Library/Ruby/Gems/2.3.0/gems/activerecord-5.2.3/lib/active_record/reflection.rb:991:in `derive_class_name'
/Library/Ruby/Gems/2.3.0/gems/activerecord-5.2.3/lib/active_record/reflection.rb:162:in `class_name'
/Library/Ruby/Gems/2.3.0/gems/activerecord-5.2.3/lib/active_record/reflection.rb:769:in `klass'
/Library/Ruby/Gems/2.3.0/gems/activerecord-5.2.3/lib/active_record/reflection.rb:790:in `source_reflection'
/Library/Ruby/Gems/2.3.0/gems/activerecord-5.2.3/lib/active_record/reflection.rb:991:in `derive_class_name'
/Library/Ruby/Gems/2.3.0/gems/activerecord-5.2.3/lib/active_record/reflection.rb:162:in `class_name'
/Library/Ruby/Gems/2.3.0/gems/activerecord-5.2.3/lib/active_record/reflection.rb:769:in `klass'
/Library/Ruby/Gems/2.3.0/gems/activerecord-5.2.3/lib/active_record/reflection.rb:790:in `source_reflection'
/Library/Ruby/Gems/2.3.0/gems/activerecord-5.2.3/lib/active_record/reflection.rb:991:in `derive_class_name'
/Library/Ruby/Gems/2.3.0/gems/activerecord-5.2.3/lib/active_record/reflection.rb:162:in `class_name'
/Library/Ruby/Gems/2.3.0/gems/activerecord-5.2.3/lib/active_record/reflection.rb:769:in `klass'
/Library/Ruby/Gems/2.3.0/gems/activerecord-5.2.3/lib/active_record/reflection.rb:790:in `source_reflection'
/Library/Ruby/Gems/2.3.0/gems/activerecord-5.2.3/lib/active_record/reflection.rb:991:in `derive_class_name'
/Library/Ruby/Gems/2.3.0/gems/activerecord-5.2.3/lib/active_record/reflection.rb:162:in `class_name'
/Library/Ruby/Gems/2.3.0/gems/activerecord-5.2.3/lib/active_record/reflection.rb:769:in `klass'
/Library/Ruby/Gems/2.3.0/gems/activerecord-5.2.3/lib/active_record/reflection.rb:790:in `source_reflection'
/Library/Ruby/Gems/2.3.0/gems/activerecord-5.2.3/lib/active_record/reflection.rb:991:in `derive_class_name'
/Library/Ruby/Gems/2.3.0/gems/activerecord-5.2.3/lib/active_record/reflection.rb:162:in `class_name'
/Library/Ruby/Gems/2.3.0/gems/activerecord-5.2.3/lib/active_record/reflection.rb:769:in `klass'
/Library/Ruby/Gems/2.3.0/gems/activerecord-5.2.3/lib/active_record/reflection.rb:790:in `source_reflection'
/Library/Ruby/Gems/2.3.0/gems/activerecord-5.2.3/lib/active_record/reflection.rb:991:in `derive_class_name'
/Library/Ruby/Gems/2.3.0/gems/activerecord-5.2.3/lib/active_record/reflection.rb:162:in `class_name'
/Library/Ruby/Gems/2.3.0/gems/activerecord-5.2.3/lib/active_record/reflection.rb:769:in `klass'
/Library/Ruby/Gems/2.3.0/gems/activerecord-5.2.3/lib/active_record/reflection.rb:790:in `source_reflection'
/Library/Ruby/Gems/2.3.0/gems/activerecord-5.2.3/lib/active_record/reflection.rb:991:in `derive_class_name'
/Library/Ruby/Gems/2.3.0/gems/activerecord-5.2.3/lib/active_record/reflection.rb:162:in `class_name'
/Library/Ruby/Gems/2.3.0/gems/activerecord-5.2.3/lib/active_record/reflection.rb:769:in `klass'
/Library/Ruby/Gems/2.3.0/gems/activerecord-5.2.3/lib/active_record/reflection.rb:790:in `source_reflection'
/Library/Ruby/Gems/2.3.0/gems/activerecord-5.2.3/lib/active_record/reflection.rb:991:in `derive_class_name'
/Library/Ruby/Gems/2.3.0/gems/activerecord-5.2.3/lib/active_record/reflection.rb:162:in `class_name'
/Library/Ruby/Gems/2.3.0/gems/activerecord-5.2.3/lib/active_record/reflection.rb:769:in `klass'
/Library/Ruby/Gems/2.3.0/gems/activerecord-5.2.3/lib/active_record/reflection.rb:790:in `source_reflection'
/Library/Ruby/Gems/2.3.0/gems/activerecord-5.2.3/lib/active_record/reflection.rb:991:in `derive_class_name'
/Library/Ruby/Gems/2.3.0/gems/activerecord-5.2.3/lib/active_record/reflection.rb:162:in `class_name'
/Library/Ruby/Gems/2.3.0/gems/activerecord-5.2.3/lib/active_record/reflection.rb:769:in `klass'
/Library/Ruby/Gems/2.3.0/gems/activerecord-5.2.3/lib/active_record/reflection.rb:790:in `source_reflection'
/Library/Ruby/Gems/2.3.0/gems/activerecord-5.2.3/lib/active_record/reflection.rb:991:in `derive_class_name'
/Library/Ruby/Gems/2.3.0/gems/activerecord-5.2.3/lib/active_record/reflection.rb:162:in `class_name'
/Library/Ruby/Gems/2.3.0/gems/activerecord-5.2.3/lib/active_record/reflection.rb:769:in `klass'
/Library/Ruby/Gems/2.3.0/gems/activerecord-5.2.3/lib/active_record/reflection.rb:790:in `source_reflection'
/Library/Ruby/Gems/2.3.0/gems/activerecord-5.2.3/lib/active_record/reflection.rb:991:in `derive_class_name'
/Library/Ruby/Gems/2.3.0/gems/activerecord-5.2.3/lib/active_record/reflection.rb:162:in `class_name'
/Library/Ruby/Gems/2.3.0/gems/activerecord-5.2.3/lib/active_record/reflection.rb:769:in `klass'
/Library/Ruby/Gems/2.3.0/gems/activerecord-5.2.3/lib/active_record/reflection.rb:790:in `source_reflection'
/Library/Ruby/Gems/2.3.0/gems/activerecord-5.2.3/lib/active_record/reflection.rb:991:in `derive_class_name'
/Library/Ruby/Gems/2.3.0/gems/activerecord-5.2.3/lib/active_record/reflection.rb:162:in `class_name'
/Library/Ruby/Gems/2.3.0/gems/activerecord-5.2.3/lib/active_record/reflection.rb:769:in `klass'
/Library/Ruby/Gems/2.3.0/gems/activerecord-5.2.3/lib/active_record/reflection.rb:790:in `source_reflection'
/Library/Ruby/Gems/2.3.0/gems/activerecord-5.2.3/lib/active_record/reflection.rb:991:in `derive_class_name'
/Library/Ruby/Gems/2.3.0/gems/activerecord-5.2.3/lib/active_record/reflection.rb:162:in `class_name'
/Library/Ruby/Gems/2.3.0/gems/activerecord-5.2.3/lib/active_record/reflection.rb:769:in `klass'
/Library/Ruby/Gems/2.3.0/gems/activerecord-5.2.3/lib/active_record/reflection.rb:790:in `source_reflection'
/Library/Ruby/Gems/2.3.0/gems/activerecord-5.2.3/lib/active_record/reflection.rb:991:in `derive_class_name'
/Library/Ruby/Gems/2.3.0/gems/activerecord-5.2.3/lib/active_record/reflection.rb:162:in `class_name'
/Library/Ruby/Gems/2.3.0/gems/activerecord-5.2.3/lib/active_record/reflection.rb:769:in `klass'
/Library/Ruby/Gems/2.3.0/gems/activerecord-5.2.3/lib/active_record/reflection.rb:790:in `source_reflection'
/Library/Ruby/Gems/2.3.0/gems/activerecord-5.2.3/lib/active_record/reflection.rb:991:in `derive_class_name'
/Library/Ruby/Gems/2.3.0/gems/activerecord-5.2.3/lib/active_record/reflection.rb:162:in `class_name'
/Library/Ruby/Gems/2.3.0/gems/activerecord-5.2.3/lib/active_record/reflection.rb:769:in `klass'
/Library/Ruby/Gems/2.3.0/gems/activerecord-5.2.3/lib/active_record/reflection.rb:790:in `source_reflection'
/Library/Ruby/Gems/2.3.0/gems/activerecord-5.2.3/lib/active_record/reflection.rb:991:in `derive_class_name'
/Library/Ruby/Gems/2.3.0/gems/activerecord-5.2.3/lib/active_record/reflection.rb:162:in `class_name'
/Library/Ruby/Gems/2.3.0/gems/activerecord-5.2.3/lib/active_record/reflection.rb:769:in `klass'
/Library/Ruby/Gems/2.3.0/gems/activerecord-5.2.3/lib/active_record/reflection.rb:790:in `source_reflection'
/Library/Ruby/Gems/2.3.0/gems/activerecord-5.2.3/lib/active_record/reflection.rb:991:in `derive_class_name'
/Library/Ruby/Gems/2.3.0/gems/activerecord-5.2.3/lib/active_record/reflection.rb:162:in `class_name'
/Library/Ruby/Gems/2.3.0/gems/activerecord-5.2.3/lib/active_record/reflection.rb:769:in `klass'
/Library/Ruby/Gems/2.3.0/gems/activerecord-5.2.3/lib/active_record/reflection.rb:790:in `source_reflection'
/Library/Ruby/Gems/2.3.0/gems/activerecord-5.2.3/lib/active_record/reflection.rb:991:in `derive_class_name'
/Library/Ruby/Gems/2.3.0/gems/activerecord-5.2.3/lib/active_record/reflection.rb:162:in `class_name'
/Library/Ruby/Gems/2.3.0/gems/activerecord-5.2.3/lib/active_record/reflection.rb:769:in `klass'
/Library/Ruby/Gems/2.3.0/gems/activerecord-5.2.3/lib/active_record/reflection.rb:790:in `source_reflection'
/Library/Ruby/Gems/2.3.0/gems/activerecord-5.2.3/lib/active_record/reflection.rb:991:in `derive_class_name'
/Library/Ruby/Gems/2.3.0/gems/activerecord-5.2.3/lib/active_record/reflection.rb:162:in `class_name'
/Library/Ruby/Gems/2.3.0/gems/activerecord-5.2.3/lib/active_record/reflection.rb:769:in `klass'
/Library/Ruby/Gems/2.3.0/gems/activerecord-5.2.3/lib/active_record/reflection.rb:790:in `source_reflection'
/Library/Ruby/Gems/2.3.0/gems/activerecord-5.2.3/lib/active_record/reflection.rb:991:in `derive_class_name'
/Library/Ruby/Gems/2.3.0/gems/activerecord-5.2.3/lib/active_record/reflection.rb:162:in `class_name'
/Library/Ruby/Gems/2.3.0/gems/activerecord-5.2.3/lib/active_record/reflection.rb:769:in `klass'
/Library/Ruby/Gems/2.3.0/gems/activerecord-5.2.3/lib/active_record/reflection.rb:790:in `source_reflection'
/Library/Ruby/Gems/2.3.0/gems/activerecord-5.2.3/lib/active_record/reflection.rb:991:in `derive_class_name'
/Library/Ruby/Gems/2.3.0/gems/activerecord-5.2.3/lib/active_record/reflection.rb:162:in `class_name'
/Library/Ruby/Gems/2.3.0/gems/activerecord-5.2.3/lib/active_record/reflection.rb:769:in `klass'
/Library/Ruby/Gems/2.3.0/gems/activerecord-5.2.3/lib/active_record/reflection.rb:790:in `source_reflection'
/Library/Ruby/Gems/2.3.0/gems/activerecord-5.2.3/lib/active_record/reflection.rb:991:in `derive_class_name'
/Library/Ruby/Gems/2.3.0/gems/activerecord-5.2.3/lib/active_record/reflection.rb:162:in `class_name'
/Library/Ruby/Gems/2.3.0/gems/activerecord-5.2.3/lib/active_record/reflection.rb:769:in `klass'
/Library/Ruby/Gems/2.3.0/gems/activerecord-5.2.3/lib/active_record/reflection.rb:790:in `source_reflection'
/Library/Ruby/Gems/2.3.0/gems/activerecord-5.2.3/lib/active_record/reflection.rb:991:in `derive_class_name'
/Library/Ruby/Gems/2.3.0/gems/activerecord-5.2.3/lib/active_record/reflection.rb:162:in `class_name'
/Library/Ruby/Gems/2.3.0/gems/activerecord-5.2.3/lib/active_record/reflection.rb:769:in `klass'
/Library/Ruby/Gems/2.3.0/gems/activerecord-5.2.3/lib/active_record/reflection.rb:790:in `source_reflection'
/Library/Ruby/Gems/2.3.0/gems/activerecord-5.2.3/lib/active_record/reflection.rb:991:in `derive_class_name'
/Library/Ruby/Gems/2.3.0/gems/activerecord-5.2.3/lib/active_record/reflection.rb:162:in `class_name'
/Library/Ruby/Gems/2.3.0/gems/activerecord-5.2.3/lib/active_record/reflection.rb:769:in `klass'
/Library/Ruby/Gems/2.3.0/gems/activerecord-5.2.3/lib/active_record/reflection.rb:790:in `source_reflection'
/Library/Ruby/Gems/2.3.0/gems/activerecord-5.2.3/lib/active_record/reflection.rb:991:in `derive_class_name'
/Library/Ruby/Gems/2.3.0/gems/activerecord-5.2.3/lib/active_record/reflection.rb:162:in `class_name'
/Library/Ruby/Gems/2.3.0/gems/activerecord-5.2.3/lib/active_record/reflection.rb:769:in `klass'
/Library/Ruby/Gems/2.3.0/gems/activerecord-5.2.3/lib/active_record/reflection.rb:790:in `source_reflection'
/Library/Ruby/Gems/2.3.0/gems/activerecord-5.2.3/lib/active_record/reflection.rb:991:in `derive_class_name'
/Library/Ruby/Gems/2.3.0/gems/activerecord-5.2.3/lib/active_record/reflection.rb:162:in `class_name'
/Library/Ruby/Gems/2.3.0/gems/activerecord-5.2.3/lib/active_record/reflection.rb:769:in `klass'
/Library/Ruby/Gems/2.3.0/gems/activerecord-5.2.3/lib/active_record/reflection.rb:790:in `source_reflection'
/Library/Ruby/Gems/2.3.0/gems/activerecord-5.2.3/lib/active_record/reflection.rb:991:in `derive_class_name'
/Library/Ruby/Gems/2.3.0/gems/activerecord-5.2.3/lib/active_record/reflection.rb:162:in `class_name'
/Library/Ruby/Gems/2.3.0/gems/activerecord-5.2.3/lib/active_record/reflection.rb:769:in `klass'
/Library/Ruby/Gems/2.3.0/gems/activerecord-5.2.3/lib/active_record/reflection.rb:790:in `source_reflection'
/Library/Ruby/Gems/2.3.0/gems/activerecord-5.2.3/lib/active_record/reflection.rb:991:in `derive_class_name'
/Library/Ruby/Gems/2.3.0/gems/activerecord-5.2.3/lib/active_record/reflection.rb:162:in `class_name'
/Library/Ruby/Gems/2.3.0/gems/activerecord-5.2.3/lib/active_record/reflection.rb:769:in `klass'
/Library/Ruby/Gems/2.3.0/gems/activerecord-5.2.3/lib/active_record/reflection.rb:790:in `source_reflection'
/Library/Ruby/Gems/2.3.0/gems/activerecord-5.2.3/lib/active_record/reflection.rb:991:in `derive_class_name'
/Library/Ruby/Gems/2.3.0/gems/activerecord-5.2.3/lib/active_record/reflection.rb:162:in `class_name'
/Library/Ruby/Gems/2.3.0/gems/activerecord-5.2.3/lib/active_record/reflection.rb:769:in `klass'
/Library/Ruby/Gems/2.3.0/gems/activerecord-5.2.3/lib/active_record/reflection.rb:790:in `source_reflection'
/Library/Ruby/Gems/2.3.0/gems/activerecord-5.2.3/lib/active_record/reflection.rb:991:in `derive_class_name'
/Library/Ruby/Gems/2.3.0/gems/activerecord-5.2.3/lib/active_record/reflection.rb:162:in `class_name'
/Library/Ruby/Gems/2.3.0/gems/activerecord-5.2.3/lib/active_record/reflection.rb:769:in `klass'
/Library/Ruby/Gems/2.3.0/gems/activerecord-5.2.3/lib/active_record/reflection.rb:790:in `source_reflection'
/Library/Ruby/Gems/2.3.0/gems/activerecord-5.2.3/lib/active_record/reflection.rb:991:in `derive_class_name'
/Library/Ruby/Gems/2.3.0/gems/activerecord-5.2.3/lib/active_record/reflection.rb:162:in `class_name'
/Library/Ruby/Gems/2.3.0/gems/activerecord-5.2.3/lib/active_record/reflection.rb:769:in `klass'
/Library/Ruby/Gems/2.3.0/gems/activerecord-5.2.3/lib/active_record/reflection.rb:790:in `source_reflection'
/Library/Ruby/Gems/2.3.0/gems/activerecord-5.2.3/lib/active_record/reflection.rb:991:in `derive_class_name'
/Library/Ruby/Gems/2.3.0/gems/activerecord-5.2.3/lib/active_record/reflection.rb:162:in `class_name'
/Library/Ruby/Gems/2.3.0/gems/activerecord-5.2.3/lib/active_record/reflection.rb:769:in `klass'
/Library/Ruby/Gems/2.3.0/gems/activerecord-5.2.3/lib/active_record/reflection.rb:790:in `source_reflection'
/Library/Ruby/Gems/2.3.0/gems/activerecord-5.2.3/lib/active_record/reflection.rb:991:in `derive_class_name'
/Library/Ruby/Gems/2.3.0/gems/activerecord-5.2.3/lib/active_record/reflection.rb:162:in `class_name'
/Library/Ruby/Gems/2.3.0/gems/activerecord-5.2.3/lib/active_record/reflection.rb:769:in `klass'
/Library/Ruby/Gems/2.3.0/gems/activerecord-5.2.3/lib/active_record/reflection.rb:790:in `source_reflection'
/Library/Ruby/Gems/2.3.0/gems/activerecord-5.2.3/lib/active_record/reflection.rb:991:in `derive_class_name'
/Library/Ruby/Gems/2.3.0/gems/activerecord-5.2.3/lib/active_record/reflection.rb:162:in `class_name'
/Library/Ruby/Gems/2.3.0/gems/activerecord-5.2.3/lib/active_record/reflection.rb:769:in `klass'
/Library/Ruby/Gems/2.3.0/gems/activerecord-5.2.3/lib/active_record/reflection.rb:790:in `source_reflection'
/Library/Ruby/Gems/2.3.0/gems/activerecord-5.2.3/lib/active_record/reflection.rb:991:in `derive_class_name'
/Library/Ruby/Gems/2.3.0/gems/activerecord-5.2.3/lib/active_record/reflection.rb:162:in `class_name'
/Library/Ruby/Gems/2.3.0/gems/activerecord-5.2.3/lib/active_record/reflection.rb:769:in `klass'
/Library/Ruby/Gems/2.3.0/gems/activerecord-5.2.3/lib/active_record/reflection.rb:790:in `source_reflection'
/Library/Ruby/Gems/2.3.0/gems/activerecord-5.2.3/lib/active_record/reflection.rb:991:in `derive_class_name'
/Library/Ruby/Gems/2.3.0/gems/activerecord-5.2.3/lib/active_record/reflection.rb:162:in `class_name'
/Library/Ruby/Gems/2.3.0/gems/activerecord-5.2.3/lib/active_record/reflection.rb:769:in `klass'
/Library/Ruby/Gems/2.3.0/gems/activerecord-5.2.3/lib/active_record/reflection.rb:790:in `source_reflection'
/Library/Ruby/Gems/2.3.0/gems/activerecord-5.2.3/lib/active_record/reflection.rb:991:in `derive_class_name'
/Library/Ruby/Gems/2.3.0/gems/activerecord-5.2.3/lib/active_record/reflection.rb:162:in `class_name'
/Library/Ruby/Gems/2.3.0/gems/activerecord-5.2.3/lib/active_record/reflection.rb:769:in `klass'
/Library/Ruby/Gems/2.3.0/gems/activerecord-5.2.3/lib/active_record/reflection.rb:790:in `source_reflection'
/Library/Ruby/Gems/2.3.0/gems/activerecord-5.2.3/lib/active_record/reflection.rb:991:in `derive_class_name'
/Library/Ruby/Gems/2.3.0/gems/activerecord-5.2.3/lib/active_record/reflection.rb:162:in `class_name'
/Library/Ruby/Gems/2.3.0/gems/activerecord-5.2.3/lib/active_record/reflection.rb:769:in `klass'
/Library/Ruby/Gems/2.3.0/gems/activerecord-5.2.3/lib/active_record/reflection.rb:790:in `source_reflection'
/Library/Ruby/Gems/2.3.0/gems/activerecord-5.2.3/lib/active_record/reflection.rb:991:in `derive_class_name'
/Library/Ruby/Gems/2.3.0/gems/activerecord-5.2.3/lib/active_record/reflection.rb:162:in `class_name'
/Library/Ruby/Gems/2.3.0/gems/activerecord-5.2.3/lib/active_record/reflection.rb:769:in `klass'
/Library/Ruby/Gems/2.3.0/gems/activerecord-5.2.3/lib/active_record/reflection.rb:790:in `source_reflection'
/Library/Ruby/Gems/2.3.0/gems/activerecord-5.2.3/lib/active_record/reflection.rb:991:in `derive_class_name'
/Library/Ruby/Gems/2.3.0/gems/activerecord-5.2.3/lib/active_record/reflection.rb:162:in `class_name'
/Library/Ruby/Gems/2.3.0/gems/activerecord-5.2.3/lib/active_record/reflection.rb:769:in `klass'
/Library/Ruby/Gems/2.3.0/gems/activerecord-5.2.3/lib/active_record/reflection.rb:790:in `source_reflection'
/Library/Ruby/Gems/2.3.0/gems/activerecord-5.2.3/lib/active_record/reflection.rb:991:in `derive_class_name'
/Library/Ruby/Gems/2.3.0/gems/activerecord-5.2.3/lib/active_record/reflection.rb:162:in `class_name'
/Library/Ruby/Gems/2.3.0/gems/activerecord-5.2.3/lib/active_record/reflection.rb:769:in `klass'
/Library/Ruby/Gems/2.3.0/gems/activerecord-5.2.3/lib/active_record/reflection.rb:790:in `source_reflection'
/Library/Ruby/Gems/2.3.0/gems/activerecord-5.2.3/lib/active_record/reflection.rb:991:in `derive_class_name'
/Library/Ruby/Gems/2.3.0/gems/activerecord-5.2.3/lib/active_record/reflection.rb:162:in `class_name'
/Library/Ruby/Gems/2.3.0/gems/activerecord-5.2.3/lib/active_record/reflection.rb:769:in `klass'
/Library/Ruby/Gems/2.3.0/gems/activerecord-5.2.3/lib/active_record/reflection.rb:790:in `source_reflection'
/Library/Ruby/Gems/2.3.0/gems/activerecord-5.2.3/lib/active_record/reflection.rb:991:in `derive_class_name'
/Library/Ruby/Gems/2.3.0/gems/activerecord-5.2.3/lib/active_record/reflection.rb:162:in `class_name'
/Library/Ruby/Gems/2.3.0/gems/activerecord-5.2.3/lib/active_record/reflection.rb:769:in `klass'
/Library/Ruby/Gems/2.3.0/gems/activerecord-5.2.3/lib/active_record/reflection.rb:790:in `source_reflection'
/Library/Ruby/Gems/2.3.0/gems/activerecord-5.2.3/lib/active_record/reflection.rb:991:in `derive_class_name'
/Library/Ruby/Gems/2.3.0/gems/activerecord-5.2.3/lib/active_record/reflection.rb:162:in `class_name'
/Library/Ruby/Gems/2.3.0/gems/activerecord-5.2.3/lib/active_record/reflection.rb:769:in `klass'
/Library/Ruby/Gems/2.3.0/gems/activerecord-5.2.3/lib/active_record/reflection.rb:790:in `source_reflection'
/Library/Ruby/Gems/2.3.0/gems/activerecord-5.2.3/lib/active_record/reflection.rb:991:in `derive_class_name'
/Library/Ruby/Gems/2.3.0/gems/activerecord-5.2.3/lib/active_record/reflection.rb:162:in `class_name'
/Library/Ruby/Gems/2.3.0/gems/activerecord-5.2.3/lib/active_record/reflection.rb:769:in `klass'
/Library/Ruby/Gems/2.3.0/gems/activerecord-5.2.3/lib/active_record/reflection.rb:790:in `source_reflection'
/Library/Ruby/Gems/2.3.0/gems/activerecord-5.2.3/lib/active_record/reflection.rb:991:in `derive_class_name'
/Library/Ruby/Gems/2.3.0/gems/activerecord-5.2.3/lib/active_record/reflection.rb:162:in `class_name'
/Library/Ruby/Gems/2.3.0/gems/activerecord-5.2.3/lib/active_record/reflection.rb:769:in `klass'
/Library/Ruby/Gems/2.3.0/gems/activerecord-5.2.3/lib/active_record/reflection.rb:790:in `source_reflection'
/Library/Ruby/Gems/2.3.0/gems/activerecord-5.2.3/lib/active_record/reflection.rb:991:in `derive_class_name'
/Library/Ruby/Gems/2.3.0/gems/activerecord-5.2.3/lib/active_record/reflection.rb:162:in `class_name'
/Library/Ruby/Gems/2.3.0/gems/activerecord-5.2.3/lib/active_record/reflection.rb:769:in `klass'
/Library/Ruby/Gems/2.3.0/gems/activerecord-5.2.3/lib/active_record/reflection.rb:790:in `source_reflection'
/Library/Ruby/Gems/2.3.0/gems/activerecord-5.2.3/lib/active_record/reflection.rb:991:in `derive_class_name'
/Library/Ruby/Gems/2.3.0/gems/activerecord-5.2.3/lib/active_record/reflection.rb:162:in `class_name'
/Library/Ruby/Gems/2.3.0/gems/activerecord-5.2.3/lib/active_record/reflection.rb:769:in `klass'
/Library/Ruby/Gems/2.3.0/gems/activerecord-5.2.3/lib/active_record/reflection.rb:790:in `source_reflection'
/Library/Ruby/Gems/2.3.0/gems/activerecord-5.2.3/lib/active_record/reflection.rb:991:in `derive_class_name'
/Library/Ruby/Gems/2.3.0/gems/activerecord-5.2.3/lib/active_record/reflection.rb:162:in `class_name'
/Library/Ruby/Gems/2.3.0/gems/activerecord-5.2.3/lib/active_record/reflection.rb:769:in `klass'
/Library/Ruby/Gems/2.3.0/gems/activerecord-5.2.3/lib/active_record/reflection.rb:790:in `source_reflection'
/Library/Ruby/Gems/2.3.0/gems/activerecord-5.2.3/lib/active_record/reflection.rb:991:in `derive_class_name'
/Library/Ruby/Gems/2.3.0/gems/activerecord-5.2.3/lib/active_record/reflection.rb:162:in `class_name'
/Library/Ruby/Gems/2.3.0/gems/activerecord-5.2.3/lib/active_record/reflection.rb:769:in `klass'
/Library/Ruby/Gems/2.3.0/gems/activerecord-5.2.3/lib/active_record/reflection.rb:790:in `source_reflection'
/Library/Ruby/Gems/2.3.0/gems/activerecord-5.2.3/lib/active_record/reflection.rb:991:in `derive_class_name'
/Library/Ruby/Gems/2.3.0/gems/activerecord-5.2.3/lib/active_record/reflection.rb:162:in `class_name'
/Library/Ruby/Gems/2.3.0/gems/activerecord-5.2.3/lib/active_record/reflection.rb:769:in `klass'
/Library/Ruby/Gems/2.3.0/gems/activerecord-5.2.3/lib/active_record/reflection.rb:790:in `source_reflection'
/Library/Ruby/Gems/2.3.0/gems/activerecord-5.2.3/lib/active_record/reflection.rb:991:in `derive_class_name'
/Library/Ruby/Gems/2.3.0/gems/activerecord-5.2.3/lib/active_record/reflection.rb:162:in `class_name'
/Library/Ruby/Gems/2.3.0/gems/activerecord-5.2.3/lib/active_record/reflection.rb:769:in `klass'
/Library/Ruby/Gems/2.3.0/gems/activerecord-5.2.3/lib/active_record/reflection.rb:790:in `source_reflection'
/Library/Ruby/Gems/2.3.0/gems/activerecord-5.2.3/lib/active_record/reflection.rb:991:in `derive_class_name'
/Library/Ruby/Gems/2.3.0/gems/activerecord-5.2.3/lib/active_record/reflection.rb:162:in `class_name'
/Library/Ruby/Gems/2.3.0/gems/activerecord-5.2.3/lib/active_record/reflection.rb:769:in `klass'
/Library/Ruby/Gems/2.3.0/gems/activerecord-5.2.3/lib/active_record/reflection.rb:790:in `source_reflection'
/Library/Ruby/Gems/2.3.0/gems/activerecord-5.2.3/lib/active_record/reflection.rb:991:in `derive_class_name'
/Library/Ruby/Gems/2.3.0/gems/activerecord-5.2.3/lib/active_record/reflection.rb:162:in `class_name'
/Library/Ruby/Gems/2.3.0/gems/activerecord-5.2.3/lib/active_record/reflection.rb:769:in `klass'
/Library/Ruby/Gems/2.3.0/gems/activerecord-5.2.3/lib/active_record/reflection.rb:790:in `source_reflection'
/Library/Ruby/Gems/2.3.0/gems/activerecord-5.2.3/lib/active_record/reflection.rb:991:in `derive_class_name'
/Library/Ruby/Gems/2.3.0/gems/activerecord-5.2.3/lib/active_record/reflection.rb:162:in `class_name'
/Library/Ruby/Gems/2.3.0/gems/activerecord-5.2.3/lib/active_record/reflection.rb:769:in `klass'
/Library/Ruby/Gems/2.3.0/gems/activerecord-5.2.3/lib/active_record/reflection.rb:790:in `source_reflection'
/Library/Ruby/Gems/2.3.0/gems/activerecord-5.2.3/lib/active_record/reflection.rb:991:in `derive_class_name'
/Library/Ruby/Gems/2.3.0/gems/activerecord-5.2.3/lib/active_record/reflection.rb:162:in `class_name'
/Library/Ruby/Gems/2.3.0/gems/activerecord-5.2.3/lib/active_record/reflection.rb:769:in `klass'
/Library/Ruby/Gems/2.3.0/gems/activerecord-5.2.3/lib/active_record/reflection.rb:790:in `source_reflection'
/Library/Ruby/Gems/2.3.0/gems/activerecord-5.2.3/lib/active_record/reflection.rb:991:in `derive_class_name'
/Library/Ruby/Gems/2.3.0/gems/activerecord-5.2.3/lib/active_record/reflection.rb:162:in `class_name'
/Library/Ruby/Gems/2.3.0/gems/activerecord-5.2.3/lib/active_record/reflection.rb:769:in `klass'
/Library/Ruby/Gems/2.3.0/gems/activerecord-5.2.3/lib/active_record/reflection.rb:790:in `source_reflection'
/Library/Ruby/Gems/2.3.0/gems/activerecord-5.2.3/lib/active_record/reflection.rb:991:in `derive_class_name'
/Library/Ruby/Gems/2.3.0/gems/activerecord-5.2.3/lib/active_record/reflection.rb:162:in `class_name'
/Library/Ruby/Gems/2.3.0/gems/activerecord-5.2.3/lib/active_record/reflection.rb:769:in `klass'
/Library/Ruby/Gems/2.3.0/gems/activerecord-5.2.3/lib/active_record/reflection.rb:790:in `source_reflection'
/Library/Ruby/Gems/2.3.0/gems/activerecord-5.2.3/lib/active_record/reflection.rb:991:in `derive_class_name'
/Library/Ruby/Gems/2.3.0/gems/activerecord-5.2.3/lib/active_record/reflection.rb:162:in `class_name'
/Library/Ruby/Gems/2.3.0/gems/activerecord-5.2.3/lib/active_record/reflection.rb:769:in `klass'
/Library/Ruby/Gems/2.3.0/gems/activerecord-5.2.3/lib/active_record/reflection.rb:790:in `source_reflection'
/Library/Ruby/Gems/2.3.0/gems/activerecord-5.2.3/lib/active_record/reflection.rb:991:in `derive_class_name'
/Library/Ruby/Gems/2.3.0/gems/activerecord-5.2.3/lib/active_record/reflection.rb:162:in `class_name'
/Library/Ruby/Gems/2.3.0/gems/activerecord-5.2.3/lib/active_record/reflection.rb:769:in `klass'
/Library/Ruby/Gems/2.3.0/gems/activerecord-5.2.3/lib/active_record/reflection.rb:790:in `source_reflection'
/Library/Ruby/Gems/2.3.0/gems/activerecord-5.2.3/lib/active_record/reflection.rb:991:in `derive_class_name'
/Library/Ruby/Gems/2.3.0/gems/activerecord-5.2.3/lib/active_record/reflection.rb:162:in `class_name'
/Library/Ruby/Gems/2.3.0/gems/activerecord-5.2.3/lib/active_record/reflection.rb:769:in `klass'
/Library/Ruby/Gems/2.3.0/gems/activerecord-5.2.3/lib/active_record/reflection.rb:790:in `source_reflection'
/Library/Ruby/Gems/2.3.0/gems/activerecord-5.2.3/lib/active_record/reflection.rb:991:in `derive_class_name'
/Library/Ruby/Gems/2.3.0/gems/activerecord-5.2.3/lib/active_record/reflection.rb:162:in `class_name'
/Library/Ruby/Gems/2.3.0/gems/activerecord-5.2.3/lib/active_record/reflection.rb:769:in `klass'
/Library/Ruby/Gems/2.3.0/gems/activerecord-5.2.3/lib/active_record/reflection.rb:790:in `source_reflection'
/Library/Ruby/Gems/2.3.0/gems/activerecord-5.2.3/lib/active_record/reflection.rb:991:in `derive_class_name'
/Library/Ruby/Gems/2.3.0/gems/activerecord-5.2.3/lib/active_record/reflection.rb:162:in `class_name'
/Library/Ruby/Gems/2.3.0/gems/activerecord-5.2.3/lib/active_record/reflection.rb:769:in `klass'
/Library/Ruby/Gems/2.3.0/gems/activerecord-5.2.3/lib/active_record/reflection.rb:790:in `source_reflection'
/Library/Ruby/Gems/2.3.0/gems/activerecord-5.2.3/lib/active_record/reflection.rb:991:in `derive_class_name'
/Library/Ruby/Gems/2.3.0/gems/activerecord-5.2.3/lib/active_record/reflection.rb:162:in `class_name'
/Library/Ruby/Gems/2.3.0/gems/activerecord-5.2.3/lib/active_record/reflection.rb:769:in `klass'
/Library/Ruby/Gems/2.3.0/gems/activerecord-5.2.3/lib/active_record/reflection.rb:790:in `source_reflection'
/Library/Ruby/Gems/2.3.0/gems/activerecord-5.2.3/lib/active_record/reflection.rb:991:in `derive_class_name'
/Library/Ruby/Gems/2.3.0/gems/activerecord-5.2.3/lib/active_record/reflection.rb:162:in `class_name'
/Library/Ruby/Gems/2.3.0/gems/activerecord-5.2.3/lib/active_record/reflection.rb:769:in `klass'
/Library/Ruby/Gems/2.3.0/gems/activerecord-5.2.3/lib/active_record/reflection.rb:790:in `source_reflection'
/Library/Ruby/Gems/2.3.0/gems/activerecord-5.2.3/lib/active_record/reflection.rb:991:in `derive_class_name'
/Library/Ruby/Gems/2.3.0/gems/activerecord-5.2.3/lib/active_record/reflection.rb:162:in `class_name'
/Library/Ruby/Gems/2.3.0/gems/activerecord-5.2.3/lib/active_record/reflection.rb:769:in `klass'
/Library/Ruby/Gems/2.3.0/gems/activerecord-5.2.3/lib/active_record/reflection.rb:790:in `source_reflection'
/Library/Ruby/Gems/2.3.0/gems/activerecord-5.2.3/lib/active_record/reflection.rb:991:in `derive_class_name'
/Library/Ruby/Gems/2.3.0/gems/activerecord-5.2.3/lib/active_record/reflection.rb:162:in `class_name'
/Library/Ruby/Gems/2.3.0/gems/activerecord-5.2.3/lib/active_record/reflection.rb:769:in `klass'
/Library/Ruby/Gems/2.3.0/gems/activerecord-5.2.3/lib/active_record/reflection.rb:790:in `source_reflection'
/Library/Ruby/Gems/2.3.0/gems/activerecord-5.2.3/lib/active_record/reflection.rb:991:in `derive_class_name'
/Library/Ruby/Gems/2.3.0/gems/activerecord-5.2.3/lib/active_record/reflection.rb:162:in `class_name'
/Library/Ruby/Gems/2.3.0/gems/activerecord-5.2.3/lib/active_record/reflection.rb:769:in `klass'
/Library/Ruby/Gems/2.3.0/gems/activerecord-5.2.3/lib/active_record/reflection.rb:790:in `source_reflection'
/Library/Ruby/Gems/2.3.0/gems/activerecord-5.2.3/lib/active_record/reflection.rb:991:in `derive_class_name'
/Library/Ruby/Gems/2.3.0/gems/activerecord-5.2.3/lib/active_record/reflection.rb:162:in `class_name'
/Library/Ruby/Gems/2.3.0/gems/activerecord-5.2.3/lib/active_record/reflection.rb:769:in `klass'
/Library/Ruby/Gems/2.3.0/gems/activerecord-5.2.3/lib/active_record/reflection.rb:790:in `source_reflection'
/Library/Ruby/Gems/2.3.0/gems/activerecord-5.2.3/lib/active_record/reflection.rb:991:in `derive_class_name'
/Library/Ruby/Gems/2.3.0/gems/activerecord-5.2.3/lib/active_record/reflection.rb:162:in `class_name'
/Library/Ruby/Gems/2.3.0/gems/activerecord-5.2.3/lib/active_record/reflection.rb:769:in `klass'
/Library/Ruby/Gems/2.3.0/gems/activerecord-5.2.3/lib/active_record/reflection.rb:790:in `source_reflection'
/Library/Ruby/Gems/2.3.0/gems/activerecord-5.2.3/lib/active_record/reflection.rb:991:in `derive_class_name'
/Library/Ruby/Gems/2.3.0/gems/activerecord-5.2.3/lib/active_record/reflection.rb:162:in `class_name'
/Library/Ruby/Gems/2.3.0/gems/activerecord-5.2.3/lib/active_record/reflection.rb:769:in `klass'
/Library/Ruby/Gems/2.3.0/gems/activerecord-5.2.3/lib/active_record/reflection.rb:790:in `source_reflection'
/Library/Ruby/Gems/2.3.0/gems/activerecord-5.2.3/lib/active_record/reflection.rb:991:in `derive_class_name'
/Library/Ruby/Gems/2.3.0/gems/activerecord-5.2.3/lib/active_record/reflection.rb:162:in `class_name'
/Library/Ruby/Gems/2.3.0/gems/activerecord-5.2.3/lib/active_record/reflection.rb:769:in `klass'
/Library/Ruby/Gems/2.3.0/gems/activerecord-5.2.3/lib/active_record/reflection.rb:790:in `source_reflection'
/Library/Ruby/Gems/2.3.0/gems/activerecord-5.2.3/lib/active_record/reflection.rb:991:in `derive_class_name'
/Library/Ruby/Gems/2.3.0/gems/activerecord-5.2.3/lib/active_record/reflection.rb:162:in `class_name'
/Library/Ruby/Gems/2.3.0/gems/activerecord-5.2.3/lib/active_record/reflection.rb:769:in `klass'
/Library/Ruby/Gems/2.3.0/gems/activerecord-5.2.3/lib/active_record/reflection.rb:790:in `source_reflection'
/Library/Ruby/Gems/2.3.0/gems/activerecord-5.2.3/lib/active_record/reflection.rb:991:in `derive_class_name'
/Library/Ruby/Gems/2.3.0/gems/activerecord-5.2.3/lib/active_record/reflection.rb:162:in `class_name'
/Library/Ruby/Gems/2.3.0/gems/activerecord-5.2.3/lib/active_record/reflection.rb:769:in `klass'
/Library/Ruby/Gems/2.3.0/gems/activerecord-5.2.3/lib/active_record/reflection.rb:790:in `source_reflection'
/Library/Ruby/Gems/2.3.0/gems/activerecord-5.2.3/lib/active_record/reflection.rb:991:in `derive_class_name'
/Library/Ruby/Gems/2.3.0/gems/activerecord-5.2.3/lib/active_record/reflection.rb:162:in `class_name'
/Library/Ruby/Gems/2.3.0/gems/activerecord-5.2.3/lib/active_record/reflection.rb:769:in `klass'
/Library/Ruby/Gems/2.3.0/gems/activerecord-5.2.3/lib/active_record/reflection.rb:790:in `source_reflection'
/Library/Ruby/Gems/2.3.0/gems/activerecord-5.2.3/lib/active_record/reflection.rb:991:in `derive_class_name'
/Library/Ruby/Gems/2.3.0/gems/activerecord-5.2.3/lib/active_record/reflection.rb:162:in `class_name'
/Library/Ruby/Gems/2.3.0/gems/activerecord-5.2.3/lib/active_record/reflection.rb:769:in `klass'
/Library/Ruby/Gems/2.3.0/gems/activerecord-5.2.3/lib/active_record/reflection.rb:790:in `source_reflection'
/Library/Ruby/Gems/2.3.0/gems/activerecord-5.2.3/lib/active_record/reflection.rb:991:in `derive_class_name'
/Library/Ruby/Gems/2.3.0/gems/activerecord-5.2.3/lib/active_record/reflection.rb:162:in `class_name'
/Library/Ruby/Gems/2.3.0/gems/activerecord-5.2.3/lib/active_record/reflection.rb:769:in `klass'
/Library/Ruby/Gems/2.3.0/gems/activerecord-5.2.3/lib/active_record/reflection.rb:790:in `source_reflection'
/Library/Ruby/Gems/2.3.0/gems/activerecord-5.2.3/lib/active_record/reflection.rb:991:in `derive_class_name'
/Library/Ruby/Gems/2.3.0/gems/activerecord-5.2.3/lib/active_record/reflection.rb:162:in `class_name'
/Library/Ruby/Gems/2.3.0/gems/activerecord-5.2.3/lib/active_record/reflection.rb:769:in `klass'
/Library/Ruby/Gems/2.3.0/gems/activerecord-5.2.3/lib/active_record/reflection.rb:790:in `source_reflection'
/Library/Ruby/Gems/2.3.0/gems/activerecord-5.2.3/lib/active_record/reflection.rb:991:in `derive_class_name'
/Library/Ruby/Gems/2.3.0/gems/activerecord-5.2.3/lib/active_record/reflection.rb:162:in `class_name'
/Library/Ruby/Gems/2.3.0/gems/activerecord-5.2.3/lib/active_record/reflection.rb:769:in `klass'
/Library/Ruby/Gems/2.3.0/gems/activerecord-5.2.3/lib/active_record/reflection.rb:790:in `source_reflection'
/Library/Ruby/Gems/2.3.0/gems/activerecord-5.2.3/lib/active_record/reflection.rb:991:in `derive_class_name'
/Library/Ruby/Gems/2.3.0/gems/activerecord-5.2.3/lib/active_record/reflection.rb:162:in `class_name'
/Library/Ruby/Gems/2.3.0/gems/activerecord-5.2.3/lib/active_record/reflection.rb:769:in `klass'
/Library/Ruby/Gems/2.3.0/gems/activerecord-5.2.3/lib/active_record/reflection.rb:790:in `source_reflection'
/Library/Ruby/Gems/2.3.0/gems/activerecord-5.2.3/lib/active_record/reflection.rb:991:in `derive_class_name'
/Library/Ruby/Gems/2.3.0/gems/activerecord-5.2.3/lib/active_record/reflection.rb:162:in `class_name'
/Library/Ruby/Gems/2.3.0/gems/activerecord-5.2.3/lib/active_record/reflection.rb:769:in `klass'
/Library/Ruby/Gems/2.3.0/gems/activerecord-5.2.3/lib/active_record/reflection.rb:790:in `source_reflection'
/Library/Ruby/Gems/2.3.0/gems/activerecord-5.2.3/lib/active_record/reflection.rb:991:in `derive_class_name'
/Library/Ruby/Gems/2.3.0/gems/activerecord-5.2.3/lib/active_record/reflection.rb:162:in `class_name'
/Library/Ruby/Gems/2.3.0/gems/activerecord-5.2.3/lib/active_record/reflection.rb:769:in `klass'
/Library/Ruby/Gems/2.3.0/gems/activerecord-5.2.3/lib/active_record/reflection.rb:790:in `source_reflection'
/Library/Ruby/Gems/2.3.0/gems/activerecord-5.2.3/lib/active_record/reflection.rb:991:in `derive_class_name'
/Library/Ruby/Gems/2.3.0/gems/activerecord-5.2.3/lib/active_record/reflection.rb:162:in `class_name'
/Library/Ruby/Gems/2.3.0/gems/activerecord-5.2.3/lib/active_record/reflection.rb:769:in `klass'
/Library/Ruby/Gems/2.3.0/gems/activerecord-5.2.3/lib/active_record/reflection.rb:790:in `source_reflection'
/Library/Ruby/Gems/2.3.0/gems/activerecord-5.2.3/lib/active_record/reflection.rb:991:in `derive_class_name'
/Library/Ruby/Gems/2.3.0/gems/activerecord-5.2.3/lib/active_record/reflection.rb:162:in `class_name'
/Library/Ruby/Gems/2.3.0/gems/activerecord-5.2.3/lib/active_record/reflection.rb:769:in `klass'
/Library/Ruby/Gems/2.3.0/gems/activerecord-5.2.3/lib/active_record/reflection.rb:790:in `source_reflection'
/Library/Ruby/Gems/2.3.0/gems/activerecord-5.2.3/lib/active_record/reflection.rb:991:in `derive_class_name'
/Library/Ruby/Gems/2.3.0/gems/activerecord-5.2.3/lib/active_record/reflection.rb:162:in `class_name'
/Library/Ruby/Gems/2.3.0/gems/activerecord-5.2.3/lib/active_record/reflection.rb:769:in `klass'
/Library/Ruby/Gems/2.3.0/gems/activerecord-5.2.3/lib/active_record/reflection.rb:790:in `source_reflection'
/Library/Ruby/Gems/2.3.0/gems/activerecord-5.2.3/lib/active_record/reflection.rb:991:in `derive_class_name'
/Library/Ruby/Gems/2.3.0/gems/activerecord-5.2.3/lib/active_record/reflection.rb:162:in `class_name'
/Library/Ruby/Gems/2.3.0/gems/activerecord-5.2.3/lib/active_record/reflection.rb:769:in `klass'
/Library/Ruby/Gems/2.3.0/gems/activerecord-5.2.3/lib/active_record/reflection.rb:790:in `source_reflection'
/Library/Ruby/Gems/2.3.0/gems/activerecord-5.2.3/lib/active_record/reflection.rb:991:in `derive_class_name'
/Library/Ruby/Gems/2.3.0/gems/activerecord-5.2.3/lib/active_record/reflection.rb:162:in `class_name'
/Library/Ruby/Gems/2.3.0/gems/activerecord-5.2.3/lib/active_record/reflection.rb:769:in `klass'
/Library/Ruby/Gems/2.3.0/gems/activerecord-5.2.3/lib/active_record/reflection.rb:790:in `source_reflection'
/Library/Ruby/Gems/2.3.0/gems/activerecord-5.2.3/lib/active_record/reflection.rb:991:in `derive_class_name'
/Library/Ruby/Gems/2.3.0/gems/activerecord-5.2.3/lib/active_record/reflection.rb:162:in `class_name'
/Library/Ruby/Gems/2.3.0/gems/activerecord-5.2.3/lib/active_record/reflection.rb:769:in `klass'
/Library/Ruby/Gems/2.3.0/gems/activerecord-5.2.3/lib/active_record/reflection.rb:790:in `source_reflection'
/Library/Ruby/Gems/2.3.0/gems/activerecord-5.2.3/lib/active_record/reflection.rb:991:in `derive_class_name'
/Library/Ruby/Gems/2.3.0/gems/activerecord-5.2.3/lib/active_record/reflection.rb:162:in `class_name'
/Library/Ruby/Gems/2.3.0/gems/activerecord-5.2.3/lib/active_record/reflection.rb:769:in `klass'
/Library/Ruby/Gems/2.3.0/gems/activerecord-5.2.3/lib/active_record/reflection.rb:790:in `source_reflection'
/Library/Ruby/Gems/2.3.0/gems/activerecord-5.2.3/lib/active_record/reflection.rb:991:in `derive_class_name'
/Library/Ruby/Gems/2.3.0/gems/activerecord-5.2.3/lib/active_record/reflection.rb:162:in `class_name'
/Library/Ruby/Gems/2.3.0/gems/activerecord-5.2.3/lib/active_record/reflection.rb:769:in `klass'
/Library/Ruby/Gems/2.3.0/gems/activerecord-5.2.3/lib/active_record/reflection.rb:790:in `source_reflection'
/Library/Ruby/Gems/2.3.0/gems/activerecord-5.2.3/lib/active_record/reflection.rb:991:in `derive_class_name'
/Library/Ruby/Gems/2.3.0/gems/activerecord-5.2.3/lib/active_record/reflection.rb:162:in `class_name'
/Library/Ruby/Gems/2.3.0/gems/activerecord-5.2.3/lib/active_record/reflection.rb:769:in `klass'
/Library/Ruby/Gems/2.3.0/gems/activerecord-5.2.3/lib/active_record/reflection.rb:790:in `source_reflection'
/Library/Ruby/Gems/2.3.0/gems/activerecord-5.2.3/lib/active_record/reflection.rb:991:in `derive_class_name'
/Library/Ruby/Gems/2.3.0/gems/activerecord-5.2.3/lib/active_record/reflection.rb:162:in `class_name'
/Library/Ruby/Gems/2.3.0/gems/activerecord-5.2.3/lib/active_record/reflection.rb:769:in `klass'
/Library/Ruby/Gems/2.3.0/gems/activerecord-5.2.3/lib/active_record/reflection.rb:790:in `source_reflection'
/Library/Ruby/Gems/2.3.0/gems/activerecord-5.2.3/lib/active_record/reflection.rb:991:in `derive_class_name'
/Library/Ruby/Gems/2.3.0/gems/activerecord-5.2.3/lib/active_record/reflection.rb:162:in `class_name'
/Library/Ruby/Gems/2.3.0/gems/activerecord-5.2.3/lib/active_record/reflection.rb:769:in `klass'
/Library/Ruby/Gems/2.3.0/gems/activerecord-5.2.3/lib/active_record/reflection.rb:790:in `source_reflection'
/Library/Ruby/Gems/2.3.0/gems/activerecord-5.2.3/lib/active_record/reflection.rb:991:in `derive_class_name'
/Library/Ruby/Gems/2.3.0/gems/activerecord-5.2.3/lib/active_record/reflection.rb:162:in `class_name'
/Library/Ruby/Gems/2.3.0/gems/activerecord-5.2.3/lib/active_record/reflection.rb:769:in `klass'
/Library/Ruby/Gems/2.3.0/gems/activerecord-5.2.3/lib/active_record/reflection.rb:790:in `source_reflection'
/Library/Ruby/Gems/2.3.0/gems/activerecord-5.2.3/lib/active_record/reflection.rb:991:in `derive_class_name'
/Library/Ruby/Gems/2.3.0/gems/activerecord-5.2.3/lib/active_record/reflection.rb:162:in `class_name'
/Library/Ruby/Gems/2.3.0/gems/activerecord-5.2.3/lib/active_record/reflection.rb:769:in `klass'
/Library/Ruby/Gems/2.3.0/gems/activerecord-5.2.3/lib/active_record/reflection.rb:790:in `source_reflection'
/Library/Ruby/Gems/2.3.0/gems/activerecord-5.2.3/lib/active_record/reflection.rb:991:in `derive_class_name'
/Library/Ruby/Gems/2.3.0/gems/activerecord-5.2.3/lib/active_record/reflection.rb:162:in `class_name'
/Library/Ruby/Gems/2.3.0/gems/activerecord-5.2.3/lib/active_record/reflection.rb:769:in `klass'
/Library/Ruby/Gems/2.3.0/gems/activerecord-5.2.3/lib/active_record/reflection.rb:790:in `source_reflection'
/Library/Ruby/Gems/2.3.0/gems/activerecord-5.2.3/lib/active_record/reflection.rb:991:in `derive_class_name'
/Library/Ruby/Gems/2.3.0/gems/activerecord-5.2.3/lib/active_record/reflection.rb:162:in `class_name'
/Library/Ruby/Gems/2.3.0/gems/activerecord-5.2.3/lib/active_record/reflection.rb:769:in `klass'
/Library/Ruby/Gems/2.3.0/gems/activerecord-5.2.3/lib/active_record/reflection.rb:790:in `source_reflection'
/Library/Ruby/Gems/2.3.0/gems/activerecord-5.2.3/lib/active_record/reflection.rb:991:in `derive_class_name'
/Library/Ruby/Gems/2.3.0/gems/activerecord-5.2.3/lib/active_record/reflection.rb:162:in `class_name'
/Library/Ruby/Gems/2.3.0/gems/activerecord-5.2.3/lib/active_record/reflection.rb:769:in `klass'
/Library/Ruby/Gems/2.3.0/gems/activerecord-5.2.3/lib/active_record/reflection.rb:790:in `source_reflection'
/Library/Ruby/Gems/2.3.0/gems/activerecord-5.2.3/lib/active_record/reflection.rb:991:in `derive_class_name'
/Library/Ruby/Gems/2.3.0/gems/activerecord-5.2.3/lib/active_record/reflection.rb:162:in `class_name'
/Library/Ruby/Gems/2.3.0/gems/activerecord-5.2.3/lib/active_record/reflection.rb:769:in `klass'
/Library/Ruby/Gems/2.3.0/gems/activerecord-5.2.3/lib/active_record/reflection.rb:790:in `source_reflection'
/Library/Ruby/Gems/2.3.0/gems/activerecord-5.2.3/lib/active_record/reflection.rb:991:in `derive_class_name'
/Library/Ruby/Gems/2.3.0/gems/activerecord-5.2.3/lib/active_record/reflection.rb:162:in `class_name'
/Library/Ruby/Gems/2.3.0/gems/activerecord-5.2.3/lib/active_record/reflection.rb:769:in `klass'
/Library/Ruby/Gems/2.3.0/gems/activerecord-5.2.3/lib/active_record/reflection.rb:790:in `source_reflection'
/Library/Ruby/Gems/2.3.0/gems/activerecord-5.2.3/lib/active_record/reflection.rb:991:in `derive_class_name'
/Library/Ruby/Gems/2.3.0/gems/activerecord-5.2.3/lib/active_record/reflection.rb:162:in `class_name'
/Library/Ruby/Gems/2.3.0/gems/activerecord-5.2.3/lib/active_record/reflection.rb:769:in `klass'
/Library/Ruby/Gems/2.3.0/gems/activerecord-5.2.3/lib/active_record/reflection.rb:790:in `source_reflection'
/Library/Ruby/Gems/2.3.0/gems/activerecord-5.2.3/lib/active_record/reflection.rb:991:in `derive_class_name'
/Library/Ruby/Gems/2.3.0/gems/activerecord-5.2.3/lib/active_record/reflection.rb:162:in `class_name'
/Library/Ruby/Gems/2.3.0/gems/activerecord-5.2.3/lib/active_record/reflection.rb:769:in `klass'
/Library/Ruby/Gems/2.3.0/gems/activerecord-5.2.3/lib/active_record/reflection.rb:790:in `source_reflection'
/Library/Ruby/Gems/2.3.0/gems/activerecord-5.2.3/lib/active_record/reflection.rb:991:in `derive_class_name'
/Library/Ruby/Gems/2.3.0/gems/activerecord-5.2.3/lib/active_record/reflection.rb:162:in `class_name'
/Library/Ruby/Gems/2.3.0/gems/activerecord-5.2.3/lib/active_record/reflection.rb:769:in `klass'
/Library/Ruby/Gems/2.3.0/gems/activerecord-5.2.3/lib/active_record/reflection.rb:790:in `source_reflection'
/Library/Ruby/Gems/2.3.0/gems/activerecord-5.2.3/lib/active_record/reflection.rb:991:in `derive_class_name'
/Library/Ruby/Gems/2.3.0/gems/activerecord-5.2.3/lib/active_record/reflection.rb:162:in `class_name'
/Library/Ruby/Gems/2.3.0/gems/activerecord-5.2.3/lib/active_record/reflection.rb:769:in `klass'
/Library/Ruby/Gems/2.3.0/gems/activerecord-5.2.3/lib/active_record/reflection.rb:790:in `source_reflection'
/Library/Ruby/Gems/2.3.0/gems/activerecord-5.2.3/lib/active_record/reflection.rb:991:in `derive_class_name'
/Library/Ruby/Gems/2.3.0/gems/activerecord-5.2.3/lib/active_record/reflection.rb:162:in `class_name'
/Library/Ruby/Gems/2.3.0/gems/activerecord-5.2.3/lib/active_record/reflection.rb:769:in `klass'
/Library/Ruby/Gems/2.3.0/gems/activerecord-5.2.3/lib/active_record/reflection.rb:790:in `source_reflection'
/Library/Ruby/Gems/2.3.0/gems/activerecord-5.2.3/lib/active_record/reflection.rb:991:in `derive_class_name'
/Library/Ruby/Gems/2.3.0/gems/activerecord-5.2.3/lib/active_record/reflection.rb:162:in `class_name'
/Library/Ruby/Gems/2.3.0/gems/activerecord-5.2.3/lib/active_record/reflection.rb:769:in `klass'
/Library/Ruby/Gems/2.3.0/gems/activerecord-5.2.3/lib/active_record/reflection.rb:790:in `source_reflection'
/Library/Ruby/Gems/2.3.0/gems/activerecord-5.2.3/lib/active_record/reflection.rb:991:in `derive_class_name'
/Library/Ruby/Gems/2.3.0/gems/activerecord-5.2.3/lib/active_record/reflection.rb:162:in `class_name'
/Library/Ruby/Gems/2.3.0/gems/activerecord-5.2.3/lib/active_record/reflection.rb:769:in `klass'
/Library/Ruby/Gems/2.3.0/gems/activerecord-5.2.3/lib/active_record/reflection.rb:790:in `source_reflection'
/Library/Ruby/Gems/2.3.0/gems/activerecord-5.2.3/lib/active_record/reflection.rb:991:in `derive_class_name'
/Library/Ruby/Gems/2.3.0/gems/activerecord-5.2.3/lib/active_record/reflection.rb:162:in `class_name'
/Library/Ruby/Gems/2.3.0/gems/activerecord-5.2.3/lib/active_record/reflection.rb:769:in `klass'
/Library/Ruby/Gems/2.3.0/gems/activerecord-5.2.3/lib/active_record/reflection.rb:790:in `source_reflection'
/Library/Ruby/Gems/2.3.0/gems/activerecord-5.2.3/lib/active_record/reflection.rb:991:in `derive_class_name'
/Library/Ruby/Gems/2.3.0/gems/activerecord-5.2.3/lib/active_record/reflection.rb:162:in `class_name'
/Library/Ruby/Gems/2.3.0/gems/activerecord-5.2.3/lib/active_record/reflection.rb:769:in `klass'
/Library/Ruby/Gems/2.3.0/gems/activerecord-5.2.3/lib/active_record/reflection.rb:790:in `source_reflection'
/Library/Ruby/Gems/2.3.0/gems/activerecord-5.2.3/lib/active_record/reflection.rb:991:in `derive_class_name'
/Library/Ruby/Gems/2.3.0/gems/activerecord-5.2.3/lib/active_record/reflection.rb:162:in `class_name'
/Library/Ruby/Gems/2.3.0/gems/activerecord-5.2.3/lib/active_record/reflection.rb:769:in `klass'
/Library/Ruby/Gems/2.3.0/gems/activerecord-5.2.3/lib/active_record/reflection.rb:790:in `source_reflection'
/Library/Ruby/Gems/2.3.0/gems/activerecord-5.2.3/lib/active_record/reflection.rb:991:in `derive_class_name'
/Library/Ruby/Gems/2.3.0/gems/activerecord-5.2.3/lib/active_record/reflection.rb:162:in `class_name'
/Library/Ruby/Gems/2.3.0/gems/activerecord-5.2.3/lib/active_record/reflection.rb:769:in `klass'
/Library/Ruby/Gems/2.3.0/gems/activerecord-5.2.3/lib/active_record/reflection.rb:790:in `source_reflection'
/Library/Ruby/Gems/2.3.0/gems/activerecord-5.2.3/lib/active_record/reflection.rb:991:in `derive_class_name'
/Library/Ruby/Gems/2.3.0/gems/activerecord-5.2.3/lib/active_record/reflection.rb:162:in `class_name'
/Library/Ruby/Gems/2.3.0/gems/activerecord-5.2.3/lib/active_record/reflection.rb:769:in `klass'
/Library/Ruby/Gems/2.3.0/gems/activerecord-5.2.3/lib/active_record/reflection.rb:790:in `source_reflection'
/Library/Ruby/Gems/2.3.0/gems/activerecord-5.2.3/lib/active_record/reflection.rb:991:in `derive_class_name'
/Library/Ruby/Gems/2.3.0/gems/activerecord-5.2.3/lib/active_record/reflection.rb:162:in `class_name'
/Library/Ruby/Gems/2.3.0/gems/activerecord-5.2.3/lib/active_record/reflection.rb:769:in `klass'
/Library/Ruby/Gems/2.3.0/gems/activerecord-5.2.3/lib/active_record/reflection.rb:790:in `source_reflection'
/Library/Ruby/Gems/2.3.0/gems/activerecord-5.2.3/lib/active_record/reflection.rb:991:in `derive_class_name'
/Library/Ruby/Gems/2.3.0/gems/activerecord-5.2.3/lib/active_record/reflection.rb:162:in `class_name'
/Library/Ruby/Gems/2.3.0/gems/activerecord-5.2.3/lib/active_record/reflection.rb:769:in `klass'
/Library/Ruby/Gems/2.3.0/gems/activerecord-5.2.3/lib/active_record/reflection.rb:790:in `source_reflection'
/Library/Ruby/Gems/2.3.0/gems/activerecord-5.2.3/lib/active_record/reflection.rb:991:in `derive_class_name'
/Library/Ruby/Gems/2.3.0/gems/activerecord-5.2.3/lib/active_record/reflection.rb:162:in `class_name'
/Library/Ruby/Gems/2.3.0/gems/activerecord-5.2.3/lib/active_record/reflection.rb:769:in `klass'
/Library/Ruby/Gems/2.3.0/gems/activerecord-5.2.3/lib/active_record/reflection.rb:790:in `source_reflection'
/Library/Ruby/Gems/2.3.0/gems/activerecord-5.2.3/lib/active_record/reflection.rb:991:in `derive_class_name'
/Library/Ruby/Gems/2.3.0/gems/activerecord-5.2.3/lib/active_record/reflection.rb:162:in `class_name'
/Library/Ruby/Gems/2.3.0/gems/activerecord-5.2.3/lib/active_record/reflection.rb:769:in `klass'
/Library/Ruby/Gems/2.3.0/gems/activerecord-5.2.3/lib/active_record/reflection.rb:790:in `source_reflection'
/Library/Ruby/Gems/2.3.0/gems/activerecord-5.2.3/lib/active_record/reflection.rb:991:in `derive_class_name'
/Library/Ruby/Gems/2.3.0/gems/activerecord-5.2.3/lib/active_record/reflection.rb:162:in `class_name'
/Library/Ruby/Gems/2.3.0/gems/activerecord-5.2.3/lib/active_record/reflection.rb:769:in `klass'
/Library/Ruby/Gems/2.3.0/gems/activerecord-5.2.3/lib/active_record/reflection.rb:790:in `source_reflection'
/Library/Ruby/Gems/2.3.0/gems/activerecord-5.2.3/lib/active_record/reflection.rb:991:in `derive_class_name'
/Library/Ruby/Gems/2.3.0/gems/activerecord-5.2.3/lib/active_record/reflection.rb:162:in `class_name'
/Library/Ruby/Gems/2.3.0/gems/activerecord-5.2.3/lib/active_record/reflection.rb:769:in `klass'
/Library/Ruby/Gems/2.3.0/gems/activerecord-5.2.3/lib/active_record/reflection.rb:790:in `source_reflection'
/Library/Ruby/Gems/2.3.0/gems/activerecord-5.2.3/lib/active_record/reflection.rb:991:in `derive_class_name'
/Library/Ruby/Gems/2.3.0/gems/activerecord-5.2.3/lib/active_record/reflection.rb:162:in `class_name'
/Library/Ruby/Gems/2.3.0/gems/activerecord-5.2.3/lib/active_record/reflection.rb:769:in `klass'
/Library/Ruby/Gems/2.3.0/gems/activerecord-5.2.3/lib/active_record/reflection.rb:790:in `source_reflection'
/Library/Ruby/Gems/2.3.0/gems/activerecord-5.2.3/lib/active_record/reflection.rb:991:in `derive_class_name'
/Library/Ruby/Gems/2.3.0/gems/activerecord-5.2.3/lib/active_record/reflection.rb:162:in `class_name'
/Library/Ruby/Gems/2.3.0/gems/activerecord-5.2.3/lib/active_record/reflection.rb:769:in `klass'
/Library/Ruby/Gems/2.3.0/gems/activerecord-5.2.3/lib/active_record/reflection.rb:790:in `source_reflection'
/Library/Ruby/Gems/2.3.0/gems/activerecord-5.2.3/lib/active_record/reflection.rb:991:in `derive_class_name'
/Library/Ruby/Gems/2.3.0/gems/activerecord-5.2.3/lib/active_record/reflection.rb:162:in `class_name'
/Library/Ruby/Gems/2.3.0/gems/activerecord-5.2.3/lib/active_record/reflection.rb:769:in `klass'
/Library/Ruby/Gems/2.3.0/gems/activerecord-5.2.3/lib/active_record/reflection.rb:790:in `source_reflection'
/Library/Ruby/Gems/2.3.0/gems/activerecord-5.2.3/lib/active_record/reflection.rb:991:in `derive_class_name'
/Library/Ruby/Gems/2.3.0/gems/activerecord-5.2.3/lib/active_record/reflection.rb:162:in `class_name'
/Library/Ruby/Gems/2.3.0/gems/activerecord-5.2.3/lib/active_record/reflection.rb:769:in `klass'
/Library/Ruby/Gems/2.3.0/gems/activerecord-5.2.3/lib/active_record/reflection.rb:790:in `source_reflection'
/Library/Ruby/Gems/2.3.0/gems/activerecord-5.2.3/lib/active_record/reflection.rb:991:in `derive_class_name'
/Library/Ruby/Gems/2.3.0/gems/activerecord-5.2.3/lib/active_record/reflection.rb:162:in `class_name'
/Library/Ruby/Gems/2.3.0/gems/activerecord-5.2.3/lib/active_record/reflection.rb:769:in `klass'
/Library/Ruby/Gems/2.3.0/gems/activerecord-5.2.3/lib/active_record/reflection.rb:790:in `source_reflection'
/Library/Ruby/Gems/2.3.0/gems/activerecord-5.2.3/lib/active_record/reflection.rb:991:in `derive_class_name'
/Library/Ruby/Gems/2.3.0/gems/activerecord-5.2.3/lib/active_record/reflection.rb:162:in `class_name'
/Library/Ruby/Gems/2.3.0/gems/activerecord-5.2.3/lib/active_record/reflection.rb:769:in `klass'
/Library/Ruby/Gems/2.3.0/gems/activerecord-5.2.3/lib/active_record/reflection.rb:790:in `source_reflection'
/Library/Ruby/Gems/2.3.0/gems/activerecord-5.2.3/lib/active_record/reflection.rb:991:in `derive_class_name'
/Library/Ruby/Gems/2.3.0/gems/activerecord-5.2.3/lib/active_record/reflection.rb:162:in `class_name'
/Library/Ruby/Gems/2.3.0/gems/activerecord-5.2.3/lib/active_record/reflection.rb:769:in `klass'
/Library/Ruby/Gems/2.3.0/gems/activerecord-5.2.3/lib/active_record/reflection.rb:790:in `source_reflection'
/Library/Ruby/Gems/2.3.0/gems/activerecord-5.2.3/lib/active_record/reflection.rb:991:in `derive_class_name'
/Library/Ruby/Gems/2.3.0/gems/activerecord-5.2.3/lib/active_record/reflection.rb:162:in `class_name'
/Library/Ruby/Gems/2.3.0/gems/activerecord-5.2.3/lib/active_record/reflection.rb:769:in `klass'
/Library/Ruby/Gems/2.3.0/gems/activerecord-5.2.3/lib/active_record/reflection.rb:790:in `source_reflection'
/Library/Ruby/Gems/2.3.0/gems/activerecord-5.2.3/lib/active_record/reflection.rb:991:in `derive_class_name'
/Library/Ruby/Gems/2.3.0/gems/activerecord-5.2.3/lib/active_record/reflection.rb:162:in `class_name'
/Library/Ruby/Gems/2.3.0/gems/activerecord-5.2.3/lib/active_record/reflection.rb:769:in `klass'
/Library/Ruby/Gems/2.3.0/gems/activerecord-5.2.3/lib/active_record/reflection.rb:790:in `source_reflection'
/Library/Ruby/Gems/2.3.0/gems/activerecord-5.2.3/lib/active_record/reflection.rb:991:in `derive_class_name'
/Library/Ruby/Gems/2.3.0/gems/activerecord-5.2.3/lib/active_record/reflection.rb:162:in `class_name'
/Library/Ruby/Gems/2.3.0/gems/activerecord-5.2.3/lib/active_record/reflection.rb:769:in `klass'
/Library/Ruby/Gems/2.3.0/gems/activerecord-5.2.3/lib/active_record/reflection.rb:790:in `source_reflection'
/Library/Ruby/Gems/2.3.0/gems/activerecord-5.2.3/lib/active_record/reflection.rb:991:in `derive_class_name'
/Library/Ruby/Gems/2.3.0/gems/activerecord-5.2.3/lib/active_record/reflection.rb:162:in `class_name'
/Library/Ruby/Gems/2.3.0/gems/activerecord-5.2.3/lib/active_record/reflection.rb:769:in `klass'
/Library/Ruby/Gems/2.3.0/gems/activerecord-5.2.3/lib/active_record/reflection.rb:790:in `source_reflection'
/Library/Ruby/Gems/2.3.0/gems/activerecord-5.2.3/lib/active_record/reflection.rb:991:in `derive_class_name'
/Library/Ruby/Gems/2.3.0/gems/activerecord-5.2.3/lib/active_record/reflection.rb:162:in `class_name'
/Library/Ruby/Gems/2.3.0/gems/activerecord-5.2.3/lib/active_record/reflection.rb:769:in `klass'
/Library/Ruby/Gems/2.3.0/gems/activerecord-5.2.3/lib/active_record/reflection.rb:790:in `source_reflection'
/Library/Ruby/Gems/2.3.0/gems/activerecord-5.2.3/lib/active_record/reflection.rb:991:in `derive_class_name'
/Library/Ruby/Gems/2.3.0/gems/activerecord-5.2.3/lib/active_record/reflection.rb:162:in `class_name'
/Library/Ruby/Gems/2.3.0/gems/activerecord-5.2.3/lib/active_record/reflection.rb:769:in `klass'
/Library/Ruby/Gems/2.3.0/gems/activerecord-5.2.3/lib/active_record/reflection.rb:790:in `source_reflection'
/Library/Ruby/Gems/2.3.0/gems/activerecord-5.2.3/lib/active_record/reflection.rb:991:in `derive_class_name'
/Library/Ruby/Gems/2.3.0/gems/activerecord-5.2.3/lib/active_record/reflection.rb:162:in `class_name'
/Library/Ruby/Gems/2.3.0/gems/activerecord-5.2.3/lib/active_record/reflection.rb:769:in `klass'
/Library/Ruby/Gems/2.3.0/gems/activerecord-5.2.3/lib/active_record/reflection.rb:790:in `source_reflection'
/Library/Ruby/Gems/2.3.0/gems/activerecord-5.2.3/lib/active_record/reflection.rb:991:in `derive_class_name'
/Library/Ruby/Gems/2.3.0/gems/activerecord-5.2.3/lib/active_record/reflection.rb:162:in `class_name'
/Library/Ruby/Gems/2.3.0/gems/activerecord-5.2.3/lib/active_record/reflection.rb:769:in `klass'
/Library/Ruby/Gems/2.3.0/gems/activerecord-5.2.3/lib/active_record/reflection.rb:790:in `source_reflection'
/Library/Ruby/Gems/2.3.0/gems/activerecord-5.2.3/lib/active_record/reflection.rb:991:in `derive_class_name'
/Library/Ruby/Gems/2.3.0/gems/activerecord-5.2.3/lib/active_record/reflection.rb:162:in `class_name'
/Library/Ruby/Gems/2.3.0/gems/activerecord-5.2.3/lib/active_record/reflection.rb:769:in `klass'
/Library/Ruby/Gems/2.3.0/gems/activerecord-5.2.3/lib/active_record/reflection.rb:790:in `source_reflection'
/Library/Ruby/Gems/2.3.0/gems/activerecord-5.2.3/lib/active_record/reflection.rb:991:in `derive_class_name'
/Library/Ruby/Gems/2.3.0/gems/activerecord-5.2.3/lib/active_record/reflection.rb:162:in `class_name'
/Library/Ruby/Gems/2.3.0/gems/activerecord-5.2.3/lib/active_record/reflection.rb:769:in `klass'
/Library/Ruby/Gems/2.3.0/gems/activerecord-5.2.3/lib/active_record/reflection.rb:790:in `source_reflection'
/Library/Ruby/Gems/2.3.0/gems/activerecord-5.2.3/lib/active_record/reflection.rb:991:in `derive_class_name'
/Library/Ruby/Gems/2.3.0/gems/activerecord-5.2.3/lib/active_record/reflection.rb:162:in `class_name'
/Library/Ruby/Gems/2.3.0/gems/activerecord-5.2.3/lib/active_record/reflection.rb:769:in `klass'
/Library/Ruby/Gems/2.3.0/gems/activerecord-5.2.3/lib/active_record/reflection.rb:790:in `source_reflection'
/Library/Ruby/Gems/2.3.0/gems/activerecord-5.2.3/lib/active_record/reflection.rb:991:in `derive_class_name'
/Library/Ruby/Gems/2.3.0/gems/activerecord-5.2.3/lib/active_record/reflection.rb:162:in `class_name'
/Library/Ruby/Gems/2.3.0/gems/activerecord-5.2.3/lib/active_record/reflection.rb:769:in `klass'
/Library/Ruby/Gems/2.3.0/gems/activerecord-5.2.3/lib/active_record/reflection.rb:790:in `source_reflection'
/Library/Ruby/Gems/2.3.0/gems/activerecord-5.2.3/lib/active_record/reflection.rb:991:in `derive_class_name'
/Library/Ruby/Gems/2.3.0/gems/activerecord-5.2.3/lib/active_record/reflection.rb:162:in `class_name'
/Library/Ruby/Gems/2.3.0/gems/activerecord-5.2.3/lib/active_record/reflection.rb:769:in `klass'
/Library/Ruby/Gems/2.3.0/gems/activerecord-5.2.3/lib/active_record/reflection.rb:790:in `source_reflection'
/Library/Ruby/Gems/2.3.0/gems/activerecord-5.2.3/lib/active_record/reflection.rb:991:in `derive_class_name'
/Library/Ruby/Gems/2.3.0/gems/activerecord-5.2.3/lib/active_record/reflection.rb:162:in `class_name'
/Library/Ruby/Gems/2.3.0/gems/activerecord-5.2.3/lib/active_record/reflection.rb:769:in `klass'
/Library/Ruby/Gems/2.3.0/gems/activerecord-5.2.3/lib/active_record/reflection.rb:790:in `source_reflection'
/Library/Ruby/Gems/2.3.0/gems/activerecord-5.2.3/lib/active_record/reflection.rb:991:in `derive_class_name'
/Library/Ruby/Gems/2.3.0/gems/activerecord-5.2.3/lib/active_record/reflection.rb:162:in `class_name'
/Library/Ruby/Gems/2.3.0/gems/activerecord-5.2.3/lib/active_record/reflection.rb:769:in `klass'
/Library/Ruby/Gems/2.3.0/gems/activerecord-5.2.3/lib/active_record/reflection.rb:790:in `source_reflection'
/Library/Ruby/Gems/2.3.0/gems/activerecord-5.2.3/lib/active_record/reflection.rb:991:in `derive_class_name'
/Library/Ruby/Gems/2.3.0/gems/activerecord-5.2.3/lib/active_record/reflection.rb:162:in `class_name'
/Library/Ruby/Gems/2.3.0/gems/activerecord-5.2.3/lib/active_record/reflection.rb:769:in `klass'
/Library/Ruby/Gems/2.3.0/gems/activerecord-5.2.3/lib/active_record/reflection.rb:790:in `source_reflection'
/Library/Ruby/Gems/2.3.0/gems/activerecord-5.2.3/lib/active_record/reflection.rb:991:in `derive_class_name'
/Library/Ruby/Gems/2.3.0/gems/activerecord-5.2.3/lib/active_record/reflection.rb:162:in `class_name'
/Library/Ruby/Gems/2.3.0/gems/activerecord-5.2.3/lib/active_record/reflection.rb:769:in `klass'
/Library/Ruby/Gems/2.3.0/gems/activerecord-5.2.3/lib/active_record/reflection.rb:790:in `source_reflection'
/Library/Ruby/Gems/2.3.0/gems/activerecord-5.2.3/lib/active_record/reflection.rb:991:in `derive_class_name'
/Library/Ruby/Gems/2.3.0/gems/activerecord-5.2.3/lib/active_record/reflection.rb:162:in `class_name'
/Library/Ruby/Gems/2.3.0/gems/activerecord-5.2.3/lib/active_record/reflection.rb:769:in `klass'
/Library/Ruby/Gems/2.3.0/gems/activerecord-5.2.3/lib/active_record/reflection.rb:790:in `source_reflection'
/Library/Ruby/Gems/2.3.0/gems/activerecord-5.2.3/lib/active_record/reflection.rb:991:in `derive_class_name'
/Library/Ruby/Gems/2.3.0/gems/activerecord-5.2.3/lib/active_record/reflection.rb:162:in `class_name'
/Library/Ruby/Gems/2.3.0/gems/activerecord-5.2.3/lib/active_record/reflection.rb:769:in `klass'
/Library/Ruby/Gems/2.3.0/gems/activerecord-5.2.3/lib/active_record/reflection.rb:790:in `source_reflection'
/Library/Ruby/Gems/2.3.0/gems/activerecord-5.2.3/lib/active_record/reflection.rb:991:in `derive_class_name'
/Library/Ruby/Gems/2.3.0/gems/activerecord-5.2.3/lib/active_record/reflection.rb:162:in `class_name'
/Library/Ruby/Gems/2.3.0/gems/activerecord-5.2.3/lib/active_record/reflection.rb:769:in `klass'
/Library/Ruby/Gems/2.3.0/gems/activerecord-5.2.3/lib/active_record/reflection.rb:790:in `source_reflection'
/Library/Ruby/Gems/2.3.0/gems/activerecord-5.2.3/lib/active_record/reflection.rb:991:in `derive_class_name'
/Library/Ruby/Gems/2.3.0/gems/activerecord-5.2.3/lib/active_record/reflection.rb:162:in `class_name'
/Library/Ruby/Gems/2.3.0/gems/activerecord-5.2.3/lib/active_record/reflection.rb:769:in `klass'
/Library/Ruby/Gems/2.3.0/gems/activerecord-5.2.3/lib/active_record/reflection.rb:790:in `source_reflection'
/Library/Ruby/Gems/2.3.0/gems/activerecord-5.2.3/lib/active_record/reflection.rb:991:in `derive_class_name'
/Library/Ruby/Gems/2.3.0/gems/activerecord-5.2.3/lib/active_record/reflection.rb:162:in `class_name'
/Library/Ruby/Gems/2.3.0/gems/activerecord-5.2.3/lib/active_record/reflection.rb:769:in `klass'
/Library/Ruby/Gems/2.3.0/gems/activerecord-5.2.3/lib/active_record/reflection.rb:790:in `source_reflection'
/Library/Ruby/Gems/2.3.0/gems/activerecord-5.2.3/lib/active_record/reflection.rb:991:in `derive_class_name'
/Library/Ruby/Gems/2.3.0/gems/activerecord-5.2.3/lib/active_record/reflection.rb:162:in `class_name'
/Library/Ruby/Gems/2.3.0/gems/activerecord-5.2.3/lib/active_record/reflection.rb:769:in `klass'
/Library/Ruby/Gems/2.3.0/gems/activerecord-5.2.3/lib/active_record/reflection.rb:790:in `source_reflection'
/Library/Ruby/Gems/2.3.0/gems/activerecord-5.2.3/lib/active_record/reflection.rb:991:in `derive_class_name'
/Library/Ruby/Gems/2.3.0/gems/activerecord-5.2.3/lib/active_record/reflection.rb:162:in `class_name'
/Library/Ruby/Gems/2.3.0/gems/activerecord-5.2.3/lib/active_record/reflection.rb:769:in `klass'
/Library/Ruby/Gems/2.3.0/gems/activerecord-5.2.3/lib/active_record/reflection.rb:790:in `source_reflection'
/Library/Ruby/Gems/2.3.0/gems/activerecord-5.2.3/lib/active_record/reflection.rb:991:in `derive_class_name'
/Library/Ruby/Gems/2.3.0/gems/activerecord-5.2.3/lib/active_record/reflection.rb:162:in `class_name'
/Library/Ruby/Gems/2.3.0/gems/activerecord-5.2.3/lib/active_record/reflection.rb:769:in `klass'
/Library/Ruby/Gems/2.3.0/gems/activerecord-5.2.3/lib/active_record/reflection.rb:790:in `source_reflection'
/Library/Ruby/Gems/2.3.0/gems/activerecord-5.2.3/lib/active_record/reflection.rb:991:in `derive_class_name'
/Library/Ruby/Gems/2.3.0/gems/activerecord-5.2.3/lib/active_record/reflection.rb:162:in `class_name'
/Library/Ruby/Gems/2.3.0/gems/activerecord-5.2.3/lib/active_record/reflection.rb:769:in `klass'
/Library/Ruby/Gems/2.3.0/gems/activerecord-5.2.3/lib/active_record/reflection.rb:790:in `source_reflection'
/Library/Ruby/Gems/2.3.0/gems/activerecord-5.2.3/lib/active_record/reflection.rb:991:in `derive_class_name'
/Library/Ruby/Gems/2.3.0/gems/activerecord-5.2.3/lib/active_record/reflection.rb:162:in `class_name'
/Library/Ruby/Gems/2.3.0/gems/activerecord-5.2.3/lib/active_record/reflection.rb:769:in `klass'
/Library/Ruby/Gems/2.3.0/gems/activerecord-5.2.3/lib/active_record/reflection.rb:790:in `source_reflection'
/Library/Ruby/Gems/2.3.0/gems/activerecord-5.2.3/lib/active_record/reflection.rb:991:in `derive_class_name'
/Library/Ruby/Gems/2.3.0/gems/activerecord-5.2.3/lib/active_record/reflection.rb:162:in `class_name'
/Library/Ruby/Gems/2.3.0/gems/activerecord-5.2.3/lib/active_record/reflection.rb:769:in `klass'
/Library/Ruby/Gems/2.3.0/gems/activerecord-5.2.3/lib/active_record/reflection.rb:790:in `source_reflection'
/Library/Ruby/Gems/2.3.0/gems/activerecord-5.2.3/lib/active_record/reflection.rb:991:in `derive_class_name'
/Library/Ruby/Gems/2.3.0/gems/activerecord-5.2.3/lib/active_record/reflection.rb:162:in `class_name'
/Library/Ruby/Gems/2.3.0/gems/activerecord-5.2.3/lib/active_record/reflection.rb:769:in `klass'
/Library/Ruby/Gems/2.3.0/gems/activerecord-5.2.3/lib/active_record/reflection.rb:790:in `source_reflection'
/Library/Ruby/Gems/2.3.0/gems/activerecord-5.2.3/lib/active_record/reflection.rb:991:in `derive_class_name'
/Library/Ruby/Gems/2.3.0/gems/activerecord-5.2.3/lib/active_record/reflection.rb:162:in `class_name'
/Library/Ruby/Gems/2.3.0/gems/activerecord-5.2.3/lib/active_record/reflection.rb:769:in `klass'
/Library/Ruby/Gems/2.3.0/gems/activerecord-5.2.3/lib/active_record/reflection.rb:790:in `source_reflection'
/Library/Ruby/Gems/2.3.0/gems/activerecord-5.2.3/lib/active_record/reflection.rb:991:in `derive_class_name'
/Library/Ruby/Gems/2.3.0/gems/activerecord-5.2.3/lib/active_record/reflection.rb:162:in `class_name'
/Library/Ruby/Gems/2.3.0/gems/activerecord-5.2.3/lib/active_record/reflection.rb:769:in `klass'
/Library/Ruby/Gems/2.3.0/gems/activerecord-5.2.3/lib/active_record/reflection.rb:790:in `source_reflection'
/Library/Ruby/Gems/2.3.0/gems/activerecord-5.2.3/lib/active_record/reflection.rb:991:in `derive_class_name'
/Library/Ruby/Gems/2.3.0/gems/activerecord-5.2.3/lib/active_record/reflection.rb:162:in `class_name'
/Library/Ruby/Gems/2.3.0/gems/activerecord-5.2.3/lib/active_record/reflection.rb:769:in `klass'
/Library/Ruby/Gems/2.3.0/gems/activerecord-5.2.3/lib/active_record/reflection.rb:790:in `source_reflection'
/Library/Ruby/Gems/2.3.0/gems/activerecord-5.2.3/lib/active_record/reflection.rb:991:in `derive_class_name'
/Library/Ruby/Gems/2.3.0/gems/activerecord-5.2.3/lib/active_record/reflection.rb:162:in `class_name'
/Library/Ruby/Gems/2.3.0/gems/activerecord-5.2.3/lib/active_record/reflection.rb:769:in `klass'
/Library/Ruby/Gems/2.3.0/gems/activerecord-5.2.3/lib/active_record/reflection.rb:790:in `source_reflection'
/Library/Ruby/Gems/2.3.0/gems/activerecord-5.2.3/lib/active_record/reflection.rb:991:in `derive_class_name'
/Library/Ruby/Gems/2.3.0/gems/activerecord-5.2.3/lib/active_record/reflection.rb:162:in `class_name'
/Library/Ruby/Gems/2.3.0/gems/activerecord-5.2.3/lib/active_record/reflection.rb:769:in `klass'
/Library/Ruby/Gems/2.3.0/gems/activerecord-5.2.3/lib/active_record/reflection.rb:790:in `source_reflection'
/Library/Ruby/Gems/2.3.0/gems/activerecord-5.2.3/lib/active_record/reflection.rb:991:in `derive_class_name'
/Library/Ruby/Gems/2.3.0/gems/activerecord-5.2.3/lib/active_record/reflection.rb:162:in `class_name'
/Library/Ruby/Gems/2.3.0/gems/activerecord-5.2.3/lib/active_record/reflection.rb:769:in `klass'
/Library/Ruby/Gems/2.3.0/gems/activerecord-5.2.3/lib/active_record/reflection.rb:790:in `source_reflection'
/Library/Ruby/Gems/2.3.0/gems/activerecord-5.2.3/lib/active_record/reflection.rb:991:in `derive_class_name'
/Library/Ruby/Gems/2.3.0/gems/activerecord-5.2.3/lib/active_record/reflection.rb:162:in `class_name'
/Library/Ruby/Gems/2.3.0/gems/activerecord-5.2.3/lib/active_record/reflection.rb:769:in `klass'
/Library/Ruby/Gems/2.3.0/gems/activerecord-5.2.3/lib/active_record/reflection.rb:790:in `source_reflection'
/Library/Ruby/Gems/2.3.0/gems/activerecord-5.2.3/lib/active_record/reflection.rb:991:in `derive_class_name'
/Library/Ruby/Gems/2.3.0/gems/activerecord-5.2.3/lib/active_record/reflection.rb:162:in `class_name'
/Library/Ruby/Gems/2.3.0/gems/activerecord-5.2.3/lib/active_record/reflection.rb:769:in `klass'
/Library/Ruby/Gems/2.3.0/gems/activerecord-5.2.3/lib/active_record/reflection.rb:790:in `source_reflection'
/Library/Ruby/Gems/2.3.0/gems/activerecord-5.2.3/lib/active_record/reflection.rb:991:in `derive_class_name'
/Library/Ruby/Gems/2.3.0/gems/activerecord-5.2.3/lib/active_record/reflection.rb:162:in `class_name'
/Library/Ruby/Gems/2.3.0/gems/activerecord-5.2.3/lib/active_record/reflection.rb:769:in `klass'
/Library/Ruby/Gems/2.3.0/gems/activerecord-5.2.3/lib/active_record/reflection.rb:790:in `source_reflection'
/Library/Ruby/Gems/2.3.0/gems/activerecord-5.2.3/lib/active_record/reflection.rb:991:in `derive_class_name'
/Library/Ruby/Gems/2.3.0/gems/activerecord-5.2.3/lib/active_record/reflection.rb:162:in `class_name'
/Library/Ruby/Gems/2.3.0/gems/activerecord-5.2.3/lib/active_record/reflection.rb:769:in `klass'
/Library/Ruby/Gems/2.3.0/gems/activerecord-5.2.3/lib/active_record/reflection.rb:790:in `source_reflection'
/Library/Ruby/Gems/2.3.0/gems/activerecord-5.2.3/lib/active_record/reflection.rb:991:in `derive_class_name'
/Library/Ruby/Gems/2.3.0/gems/activerecord-5.2.3/lib/active_record/reflection.rb:162:in `class_name'
/Library/Ruby/Gems/2.3.0/gems/activerecord-5.2.3/lib/active_record/reflection.rb:769:in `klass'
/Library/Ruby/Gems/2.3.0/gems/activerecord-5.2.3/lib/active_record/reflection.rb:790:in `source_reflection'
/Library/Ruby/Gems/2.3.0/gems/activerecord-5.2.3/lib/active_record/reflection.rb:991:in `derive_class_name'
/Library/Ruby/Gems/2.3.0/gems/activerecord-5.2.3/lib/active_record/reflection.rb:162:in `class_name'
/Library/Ruby/Gems/2.3.0/gems/activerecord-5.2.3/lib/active_record/reflection.rb:769:in `klass'
/Library/Ruby/Gems/2.3.0/gems/activerecord-5.2.3/lib/active_record/reflection.rb:790:in `source_reflection'
/Library/Ruby/Gems/2.3.0/gems/activerecord-5.2.3/lib/active_record/reflection.rb:991:in `derive_class_name'
/Library/Ruby/Gems/2.3.0/gems/activerecord-5.2.3/lib/active_record/reflection.rb:162:in `class_name'
/Library/Ruby/Gems/2.3.0/gems/activerecord-5.2.3/lib/active_record/reflection.rb:769:in `klass'
/Library/Ruby/Gems/2.3.0/gems/activerecord-5.2.3/lib/active_record/reflection.rb:790:in `source_reflection'
/Library/Ruby/Gems/2.3.0/gems/activerecord-5.2.3/lib/active_record/reflection.rb:991:in `derive_class_name'
/Library/Ruby/Gems/2.3.0/gems/activerecord-5.2.3/lib/active_record/reflection.rb:162:in `class_name'
/Library/Ruby/Gems/2.3.0/gems/activerecord-5.2.3/lib/active_record/reflection.rb:769:in `klass'
/Library/Ruby/Gems/2.3.0/gems/activerecord-5.2.3/lib/active_record/reflection.rb:790:in `source_reflection'
/Library/Ruby/Gems/2.3.0/gems/activerecord-5.2.3/lib/active_record/reflection.rb:991:in `derive_class_name'
/Library/Ruby/Gems/2.3.0/gems/activerecord-5.2.3/lib/active_record/reflection.rb:162:in `class_name'
/Library/Ruby/Gems/2.3.0/gems/activerecord-5.2.3/lib/active_record/reflection.rb:769:in `klass'
/Library/Ruby/Gems/2.3.0/gems/activerecord-5.2.3/lib/active_record/reflection.rb:790:in `source_reflection'
/Library/Ruby/Gems/2.3.0/gems/activerecord-5.2.3/lib/active_record/reflection.rb:991:in `derive_class_name'
/Library/Ruby/Gems/2.3.0/gems/activerecord-5.2.3/lib/active_record/reflection.rb:162:in `class_name'
/Library/Ruby/Gems/2.3.0/gems/activerecord-5.2.3/lib/active_record/reflection.rb:769:in `klass'
/Library/Ruby/Gems/2.3.0/gems/activerecord-5.2.3/lib/active_record/reflection.rb:790:in `source_reflection'
/Library/Ruby/Gems/2.3.0/gems/activerecord-5.2.3/lib/active_record/reflection.rb:991:in `derive_class_name'
/Library/Ruby/Gems/2.3.0/gems/activerecord-5.2.3/lib/active_record/reflection.rb:162:in `class_name'
/Library/Ruby/Gems/2.3.0/gems/activerecord-5.2.3/lib/active_record/reflection.rb:769:in `klass'
/Library/Ruby/Gems/2.3.0/gems/activerecord-5.2.3/lib/active_record/reflection.rb:790:in `source_reflection'
/Library/Ruby/Gems/2.3.0/gems/activerecord-5.2.3/lib/active_record/reflection.rb:991:in `derive_class_name'
/Library/Ruby/Gems/2.3.0/gems/activerecord-5.2.3/lib/active_record/reflection.rb:162:in `class_name'
/Library/Ruby/Gems/2.3.0/gems/activerecord-5.2.3/lib/active_record/reflection.rb:769:in `klass'
/Library/Ruby/Gems/2.3.0/gems/activerecord-5.2.3/lib/active_record/reflection.rb:790:in `source_reflection'
/Library/Ruby/Gems/2.3.0/gems/activerecord-5.2.3/lib/active_record/reflection.rb:991:in `derive_class_name'
/Library/Ruby/Gems/2.3.0/gems/activerecord-5.2.3/lib/active_record/reflection.rb:162:in `class_name'
/Library/Ruby/Gems/2.3.0/gems/activerecord-5.2.3/lib/active_record/reflection.rb:769:in `klass'
/Library/Ruby/Gems/2.3.0/gems/activerecord-5.2.3/lib/active_record/reflection.rb:790:in `source_reflection'
/Library/Ruby/Gems/2.3.0/gems/activerecord-5.2.3/lib/active_record/reflection.rb:991:in `derive_class_name'
/Library/Ruby/Gems/2.3.0/gems/activerecord-5.2.3/lib/active_record/reflection.rb:162:in `class_name'
/Library/Ruby/Gems/2.3.0/gems/activerecord-5.2.3/lib/active_record/reflection.rb:769:in `klass'
/Library/Ruby/Gems/2.3.0/gems/activerecord-5.2.3/lib/active_record/reflection.rb:790:in `source_reflection'
/Library/Ruby/Gems/2.3.0/gems/activerecord-5.2.3/lib/active_record/reflection.rb:991:in `derive_class_name'
/Library/Ruby/Gems/2.3.0/gems/activerecord-5.2.3/lib/active_record/reflection.rb:162:in `class_name'
/Library/Ruby/Gems/2.3.0/gems/activerecord-5.2.3/lib/active_record/reflection.rb:769:in `klass'
/Library/Ruby/Gems/2.3.0/gems/activerecord-5.2.3/lib/active_record/reflection.rb:790:in `source_reflection'
/Library/Ruby/Gems/2.3.0/gems/activerecord-5.2.3/lib/active_record/reflection.rb:991:in `derive_class_name'
/Library/Ruby/Gems/2.3.0/gems/activerecord-5.2.3/lib/active_record/reflection.rb:162:in `class_name'
/Library/Ruby/Gems/2.3.0/gems/activerecord-5.2.3/lib/active_record/reflection.rb:769:in `klass'
/Library/Ruby/Gems/2.3.0/gems/activerecord-5.2.3/lib/active_record/reflection.rb:790:in `source_reflection'
/Library/Ruby/Gems/2.3.0/gems/activerecord-5.2.3/lib/active_record/reflection.rb:991:in `derive_class_name'
/Library/Ruby/Gems/2.3.0/gems/activerecord-5.2.3/lib/active_record/reflection.rb:162:in `class_name'
/Library/Ruby/Gems/2.3.0/gems/activerecord-5.2.3/lib/active_record/reflection.rb:769:in `klass'
/Library/Ruby/Gems/2.3.0/gems/activerecord-5.2.3/lib/active_record/reflection.rb:790:in `source_reflection'
/Library/Ruby/Gems/2.3.0/gems/activerecord-5.2.3/lib/active_record/reflection.rb:991:in `derive_class_name'
/Library/Ruby/Gems/2.3.0/gems/activerecord-5.2.3/lib/active_record/reflection.rb:162:in `class_name'
/Library/Ruby/Gems/2.3.0/gems/activerecord-5.2.3/lib/active_record/reflection.rb:769:in `klass'
/Library/Ruby/Gems/2.3.0/gems/activerecord-5.2.3/lib/active_record/reflection.rb:790:in `source_reflection'
/Library/Ruby/Gems/2.3.0/gems/activerecord-5.2.3/lib/active_record/reflection.rb:991:in `derive_class_name'
/Library/Ruby/Gems/2.3.0/gems/activerecord-5.2.3/lib/active_record/reflection.rb:162:in `class_name'
/Library/Ruby/Gems/2.3.0/gems/activerecord-5.2.3/lib/active_record/reflection.rb:769:in `klass'
/Library/Ruby/Gems/2.3.0/gems/activerecord-5.2.3/lib/active_record/reflection.rb:790:in `source_reflection'
/Library/Ruby/Gems/2.3.0/gems/activerecord-5.2.3/lib/active_record/reflection.rb:991:in `derive_class_name'
/Library/Ruby/Gems/2.3.0/gems/activerecord-5.2.3/lib/active_record/reflection.rb:162:in `class_name'
/Library/Ruby/Gems/2.3.0/gems/activerecord-5.2.3/lib/active_record/reflection.rb:769:in `klass'
/Library/Ruby/Gems/2.3.0/gems/activerecord-5.2.3/lib/active_record/reflection.rb:790:in `source_reflection'
/Library/Ruby/Gems/2.3.0/gems/activerecord-5.2.3/lib/active_record/reflection.rb:991:in `derive_class_name'
/Library/Ruby/Gems/2.3.0/gems/activerecord-5.2.3/lib/active_record/reflection.rb:162:in `class_name'
/Library/Ruby/Gems/2.3.0/gems/activerecord-5.2.3/lib/active_record/reflection.rb:769:in `klass'
/Library/Ruby/Gems/2.3.0/gems/activerecord-5.2.3/lib/active_record/reflection.rb:790:in `source_reflection'
/Library/Ruby/Gems/2.3.0/gems/activerecord-5.2.3/lib/active_record/reflection.rb:991:in `derive_class_name'
/Library/Ruby/Gems/2.3.0/gems/activerecord-5.2.3/lib/active_record/reflection.rb:162:in `class_name'
/Library/Ruby/Gems/2.3.0/gems/activerecord-5.2.3/lib/active_record/reflection.rb:769:in `klass'
/Library/Ruby/Gems/2.3.0/gems/activerecord-5.2.3/lib/active_record/reflection.rb:790:in `source_reflection'
/Library/Ruby/Gems/2.3.0/gems/activerecord-5.2.3/lib/active_record/reflection.rb:991:in `derive_class_name'
/Library/Ruby/Gems/2.3.0/gems/activerecord-5.2.3/lib/active_record/reflection.rb:162:in `class_name'
/Library/Ruby/Gems/2.3.0/gems/activerecord-5.2.3/lib/active_record/reflection.rb:769:in `klass'
/Library/Ruby/Gems/2.3.0/gems/activerecord-5.2.3/lib/active_record/reflection.rb:790:in `source_reflection'
/Library/Ruby/Gems/2.3.0/gems/activerecord-5.2.3/lib/active_record/reflection.rb:991:in `derive_class_name'
/Library/Ruby/Gems/2.3.0/gems/activerecord-5.2.3/lib/active_record/reflection.rb:162:in `class_name'
/Library/Ruby/Gems/2.3.0/gems/activerecord-5.2.3/lib/active_record/reflection.rb:769:in `klass'
/Library/Ruby/Gems/2.3.0/gems/activerecord-5.2.3/lib/active_record/reflection.rb:790:in `source_reflection'
/Library/Ruby/Gems/2.3.0/gems/activerecord-5.2.3/lib/active_record/reflection.rb:991:in `derive_class_name'
/Library/Ruby/Gems/2.3.0/gems/activerecord-5.2.3/lib/active_record/reflection.rb:162:in `class_name'
/Library/Ruby/Gems/2.3.0/gems/activerecord-5.2.3/lib/active_record/reflection.rb:769:in `klass'
/Library/Ruby/Gems/2.3.0/gems/activerecord-5.2.3/lib/active_record/reflection.rb:790:in `source_reflection'
/Library/Ruby/Gems/2.3.0/gems/activerecord-5.2.3/lib/active_record/reflection.rb:991:in `derive_class_name'
/Library/Ruby/Gems/2.3.0/gems/activerecord-5.2.3/lib/active_record/reflection.rb:162:in `class_name'
/Library/Ruby/Gems/2.3.0/gems/activerecord-5.2.3/lib/active_record/reflection.rb:769:in `klass'
/Library/Ruby/Gems/2.3.0/gems/activerecord-5.2.3/lib/active_record/reflection.rb:790:in `source_reflection'
/Library/Ruby/Gems/2.3.0/gems/activerecord-5.2.3/lib/active_record/reflection.rb:991:in `derive_class_name'
/Library/Ruby/Gems/2.3.0/gems/activerecord-5.2.3/lib/active_record/reflection.rb:162:in `class_name'
/Library/Ruby/Gems/2.3.0/gems/activerecord-5.2.3/lib/active_record/reflection.rb:769:in `klass'
/Library/Ruby/Gems/2.3.0/gems/activerecord-5.2.3/lib/active_record/reflection.rb:790:in `source_reflection'
/Library/Ruby/Gems/2.3.0/gems/activerecord-5.2.3/lib/active_record/reflection.rb:991:in `derive_class_name'
/Library/Ruby/Gems/2.3.0/gems/activerecord-5.2.3/lib/active_record/reflection.rb:162:in `class_name'
/Library/Ruby/Gems/2.3.0/gems/activerecord-5.2.3/lib/active_record/reflection.rb:769:in `klass'
/Library/Ruby/Gems/2.3.0/gems/activerecord-5.2.3/lib/active_record/reflection.rb:790:in `source_reflection'
/Library/Ruby/Gems/2.3.0/gems/activerecord-5.2.3/lib/active_record/reflection.rb:991:in `derive_class_name'
/Library/Ruby/Gems/2.3.0/gems/activerecord-5.2.3/lib/active_record/reflection.rb:162:in `class_name'
/Library/Ruby/Gems/2.3.0/gems/activerecord-5.2.3/lib/active_record/reflection.rb:769:in `klass'
/Library/Ruby/Gems/2.3.0/gems/activerecord-5.2.3/lib/active_record/reflection.rb:790:in `source_reflection'
/Library/Ruby/Gems/2.3.0/gems/activerecord-5.2.3/lib/active_record/reflection.rb:991:in `derive_class_name'
/Library/Ruby/Gems/2.3.0/gems/activerecord-5.2.3/lib/active_record/reflection.rb:162:in `class_name'
/Library/Ruby/Gems/2.3.0/gems/activerecord-5.2.3/lib/active_record/reflection.rb:769:in `klass'
/Library/Ruby/Gems/2.3.0/gems/activerecord-5.2.3/lib/active_record/reflection.rb:790:in `source_reflection'
/Library/Ruby/Gems/2.3.0/gems/activerecord-5.2.3/lib/active_record/reflection.rb:991:in `derive_class_name'
/Library/Ruby/Gems/2.3.0/gems/activerecord-5.2.3/lib/active_record/reflection.rb:162:in `class_name'
/Library/Ruby/Gems/2.3.0/gems/activerecord-5.2.3/lib/active_record/reflection.rb:769:in `klass'
/Library/Ruby/Gems/2.3.0/gems/activerecord-5.2.3/lib/active_record/reflection.rb:790:in `source_reflection'
/Library/Ruby/Gems/2.3.0/gems/activerecord-5.2.3/lib/active_record/reflection.rb:991:in `derive_class_name'
/Library/Ruby/Gems/2.3.0/gems/activerecord-5.2.3/lib/active_record/reflection.rb:162:in `class_name'
/Library/Ruby/Gems/2.3.0/gems/activerecord-5.2.3/lib/active_record/reflection.rb:769:in `klass'
/Library/Ruby/Gems/2.3.0/gems/activerecord-5.2.3/lib/active_record/reflection.rb:790:in `source_reflection'
/Library/Ruby/Gems/2.3.0/gems/activerecord-5.2.3/lib/active_record/reflection.rb:991:in `derive_class_name'
/Library/Ruby/Gems/2.3.0/gems/activerecord-5.2.3/lib/active_record/reflection.rb:162:in `class_name'
/Library/Ruby/Gems/2.3.0/gems/activerecord-5.2.3/lib/active_record/reflection.rb:769:in `klass'
/Library/Ruby/Gems/2.3.0/gems/activerecord-5.2.3/lib/active_record/reflection.rb:790:in `source_reflection'
/Library/Ruby/Gems/2.3.0/gems/activerecord-5.2.3/lib/active_record/reflection.rb:991:in `derive_class_name'
/Library/Ruby/Gems/2.3.0/gems/activerecord-5.2.3/lib/active_record/reflection.rb:162:in `class_name'
/Library/Ruby/Gems/2.3.0/gems/activerecord-5.2.3/lib/active_record/reflection.rb:769:in `klass'
/Library/Ruby/Gems/2.3.0/gems/activerecord-5.2.3/lib/active_record/reflection.rb:790:in `source_reflection'
/Library/Ruby/Gems/2.3.0/gems/activerecord-5.2.3/lib/active_record/reflection.rb:991:in `derive_class_name'
/Library/Ruby/Gems/2.3.0/gems/activerecord-5.2.3/lib/active_record/reflection.rb:162:in `class_name'
/Library/Ruby/Gems/2.3.0/gems/activerecord-5.2.3/lib/active_record/reflection.rb:769:in `klass'
/Library/Ruby/Gems/2.3.0/gems/activerecord-5.2.3/lib/active_record/reflection.rb:790:in `source_reflection'
/Library/Ruby/Gems/2.3.0/gems/activerecord-5.2.3/lib/active_record/reflection.rb:991:in `derive_class_name'
/Library/Ruby/Gems/2.3.0/gems/activerecord-5.2.3/lib/active_record/reflection.rb:162:in `class_name'
/Library/Ruby/Gems/2.3.0/gems/activerecord-5.2.3/lib/active_record/reflection.rb:769:in `klass'
/Library/Ruby/Gems/2.3.0/gems/activerecord-5.2.3/lib/active_record/reflection.rb:790:in `source_reflection'
/Library/Ruby/Gems/2.3.0/gems/activerecord-5.2.3/lib/active_record/reflection.rb:991:in `derive_class_name'
/Library/Ruby/Gems/2.3.0/gems/activerecord-5.2.3/lib/active_record/reflection.rb:162:in `class_name'
/Library/Ruby/Gems/2.3.0/gems/activerecord-5.2.3/lib/active_record/reflection.rb:769:in `klass'
/Library/Ruby/Gems/2.3.0/gems/activerecord-5.2.3/lib/active_record/reflection.rb:790:in `source_reflection'
/Library/Ruby/Gems/2.3.0/gems/activerecord-5.2.3/lib/active_record/reflection.rb:991:in `derive_class_name'
/Library/Ruby/Gems/2.3.0/gems/activerecord-5.2.3/lib/active_record/reflection.rb:162:in `class_name'
/Library/Ruby/Gems/2.3.0/gems/activerecord-5.2.3/lib/active_record/reflection.rb:769:in `klass'
/Library/Ruby/Gems/2.3.0/gems/activerecord-5.2.3/lib/active_record/reflection.rb:790:in `source_reflection'
/Library/Ruby/Gems/2.3.0/gems/activerecord-5.2.3/lib/active_record/reflection.rb:991:in `derive_class_name'
/Library/Ruby/Gems/2.3.0/gems/activerecord-5.2.3/lib/active_record/reflection.rb:162:in `class_name'
/Library/Ruby/Gems/2.3.0/gems/activerecord-5.2.3/lib/active_record/reflection.rb:769:in `klass'
/Library/Ruby/Gems/2.3.0/gems/activerecord-5.2.3/lib/active_record/reflection.rb:790:in `source_reflection'
/Library/Ruby/Gems/2.3.0/gems/activerecord-5.2.3/lib/active_record/reflection.rb:991:in `derive_class_name'
/Library/Ruby/Gems/2.3.0/gems/activerecord-5.2.3/lib/active_record/reflection.rb:162:in `class_name'
/Library/Ruby/Gems/2.3.0/gems/activerecord-5.2.3/lib/active_record/reflection.rb:769:in `klass'
/Library/Ruby/Gems/2.3.0/gems/activerecord-5.2.3/lib/active_record/reflection.rb:790:in `source_reflection'
/Library/Ruby/Gems/2.3.0/gems/activerecord-5.2.3/lib/active_record/reflection.rb:991:in `derive_class_name'
/Library/Ruby/Gems/2.3.0/gems/activerecord-5.2.3/lib/active_record/reflection.rb:162:in `class_name'
/Library/Ruby/Gems/2.3.0/gems/activerecord-5.2.3/lib/active_record/reflection.rb:769:in `klass'
/Library/Ruby/Gems/2.3.0/gems/activerecord-5.2.3/lib/active_record/reflection.rb:790:in `source_reflection'
/Library/Ruby/Gems/2.3.0/gems/activerecord-5.2.3/lib/active_record/reflection.rb:991:in `derive_class_name'
/Library/Ruby/Gems/2.3.0/gems/activerecord-5.2.3/lib/active_record/reflection.rb:162:in `class_name'
/Library/Ruby/Gems/2.3.0/gems/activerecord-5.2.3/lib/active_record/reflection.rb:769:in `klass'
/Library/Ruby/Gems/2.3.0/gems/activerecord-5.2.3/lib/active_record/reflection.rb:790:in `source_reflection'
/Library/Ruby/Gems/2.3.0/gems/activerecord-5.2.3/lib/active_record/reflection.rb:991:in `derive_class_name'
/Library/Ruby/Gems/2.3.0/gems/activerecord-5.2.3/lib/active_record/reflection.rb:162:in `class_name'
/Library/Ruby/Gems/2.3.0/gems/activerecord-5.2.3/lib/active_record/reflection.rb:769:in `klass'
/Library/Ruby/Gems/2.3.0/gems/activerecord-5.2.3/lib/active_record/reflection.rb:790:in `source_reflection'
/Library/Ruby/Gems/2.3.0/gems/activerecord-5.2.3/lib/active_record/reflection.rb:991:in `derive_class_name'
/Library/Ruby/Gems/2.3.0/gems/activerecord-5.2.3/lib/active_record/reflection.rb:162:in `class_name'
/Library/Ruby/Gems/2.3.0/gems/activerecord-5.2.3/lib/active_record/reflection.rb:769:in `klass'
/Library/Ruby/Gems/2.3.0/gems/activerecord-5.2.3/lib/active_record/reflection.rb:790:in `source_reflection'
/Library/Ruby/Gems/2.3.0/gems/activerecord-5.2.3/lib/active_record/reflection.rb:991:in `derive_class_name'
/Library/Ruby/Gems/2.3.0/gems/activerecord-5.2.3/lib/active_record/reflection.rb:162:in `class_name'
/Library/Ruby/Gems/2.3.0/gems/activerecord-5.2.3/lib/active_record/reflection.rb:769:in `klass'
/Library/Ruby/Gems/2.3.0/gems/activerecord-5.2.3/lib/active_record/reflection.rb:790:in `source_reflection'
/Library/Ruby/Gems/2.3.0/gems/activerecord-5.2.3/lib/active_record/reflection.rb:991:in `derive_class_name'
/Library/Ruby/Gems/2.3.0/gems/activerecord-5.2.3/lib/active_record/reflection.rb:162:in `class_name'
/Library/Ruby/Gems/2.3.0/gems/activerecord-5.2.3/lib/active_record/reflection.rb:769:in `klass'
/Library/Ruby/Gems/2.3.0/gems/activerecord-5.2.3/lib/active_record/reflection.rb:790:in `source_reflection'
/Library/Ruby/Gems/2.3.0/gems/activerecord-5.2.3/lib/active_record/reflection.rb:991:in `derive_class_name'
/Library/Ruby/Gems/2.3.0/gems/activerecord-5.2.3/lib/active_record/reflection.rb:162:in `class_name'
/Library/Ruby/Gems/2.3.0/gems/activerecord-5.2.3/lib/active_record/reflection.rb:769:in `klass'
/Library/Ruby/Gems/2.3.0/gems/activerecord-5.2.3/lib/active_record/reflection.rb:790:in `source_reflection'
/Library/Ruby/Gems/2.3.0/gems/activerecord-5.2.3/lib/active_record/reflection.rb:991:in `derive_class_name'
/Library/Ruby/Gems/2.3.0/gems/activerecord-5.2.3/lib/active_record/reflection.rb:162:in `class_name'
/Library/Ruby/Gems/2.3.0/gems/activerecord-5.2.3/lib/active_record/reflection.rb:769:in `klass'
/Library/Ruby/Gems/2.3.0/gems/activerecord-5.2.3/lib/active_record/reflection.rb:790:in `source_reflection'
/Library/Ruby/Gems/2.3.0/gems/activerecord-5.2.3/lib/active_record/reflection.rb:991:in `derive_class_name'
/Library/Ruby/Gems/2.3.0/gems/activerecord-5.2.3/lib/active_record/reflection.rb:162:in `class_name'
/Library/Ruby/Gems/2.3.0/gems/activerecord-5.2.3/lib/active_record/reflection.rb:769:in `klass'
/Library/Ruby/Gems/2.3.0/gems/activerecord-5.2.3/lib/active_record/reflection.rb:790:in `source_reflection'
/Library/Ruby/Gems/2.3.0/gems/activerecord-5.2.3/lib/active_record/reflection.rb:991:in `derive_class_name'
/Library/Ruby/Gems/2.3.0/gems/activerecord-5.2.3/lib/active_record/reflection.rb:162:in `class_name'
/Library/Ruby/Gems/2.3.0/gems/activerecord-5.2.3/lib/active_record/reflection.rb:769:in `klass'
/Library/Ruby/Gems/2.3.0/gems/activerecord-5.2.3/lib/active_record/reflection.rb:790:in `source_reflection'
/Library/Ruby/Gems/2.3.0/gems/activerecord-5.2.3/lib/active_record/reflection.rb:991:in `derive_class_name'
/Library/Ruby/Gems/2.3.0/gems/activerecord-5.2.3/lib/active_record/reflection.rb:162:in `class_name'
/Library/Ruby/Gems/2.3.0/gems/activerecord-5.2.3/lib/active_record/reflection.rb:769:in `klass'
/Library/Ruby/Gems/2.3.0/gems/activerecord-5.2.3/lib/active_record/reflection.rb:790:in `source_reflection'
/Library/Ruby/Gems/2.3.0/gems/activerecord-5.2.3/lib/active_record/reflection.rb:991:in `derive_class_name'
/Library/Ruby/Gems/2.3.0/gems/activerecord-5.2.3/lib/active_record/reflection.rb:162:in `class_name'
/Library/Ruby/Gems/2.3.0/gems/activerecord-5.2.3/lib/active_record/reflection.rb:769:in `klass'
/Library/Ruby/Gems/2.3.0/gems/activerecord-5.2.3/lib/active_record/reflection.rb:790:in `source_reflection'
/Library/Ruby/Gems/2.3.0/gems/activerecord-5.2.3/lib/active_record/reflection.rb:991:in `derive_class_name'
/Library/Ruby/Gems/2.3.0/gems/activerecord-5.2.3/lib/active_record/reflection.rb:162:in `class_name'
/Library/Ruby/Gems/2.3.0/gems/activerecord-5.2.3/lib/active_record/reflection.rb:769:in `klass'
/Library/Ruby/Gems/2.3.0/gems/activerecord-5.2.3/lib/active_record/reflection.rb:790:in `source_reflection'
/Library/Ruby/Gems/2.3.0/gems/activerecord-5.2.3/lib/active_record/reflection.rb:991:in `derive_class_name'
/Library/Ruby/Gems/2.3.0/gems/activerecord-5.2.3/lib/active_record/reflection.rb:162:in `class_name'
/Library/Ruby/Gems/2.3.0/gems/activerecord-5.2.3/lib/active_record/reflection.rb:769:in `klass'
/Library/Ruby/Gems/2.3.0/gems/activerecord-5.2.3/lib/active_record/reflection.rb:790:in `source_reflection'
/Library/Ruby/Gems/2.3.0/gems/activerecord-5.2.3/lib/active_record/reflection.rb:991:in `derive_class_name'
/Library/Ruby/Gems/2.3.0/gems/activerecord-5.2.3/lib/active_record/reflection.rb:162:in `class_name'
/Library/Ruby/Gems/2.3.0/gems/activerecord-5.2.3/lib/active_record/reflection.rb:769:in `klass'
/Library/Ruby/Gems/2.3.0/gems/activerecord-5.2.3/lib/active_record/reflection.rb:790:in `source_reflection'
/Library/Ruby/Gems/2.3.0/gems/activerecord-5.2.3/lib/active_record/reflection.rb:991:in `derive_class_name'
/Library/Ruby/Gems/2.3.0/gems/activerecord-5.2.3/lib/active_record/reflection.rb:162:in `class_name'
/Library/Ruby/Gems/2.3.0/gems/activerecord-5.2.3/lib/active_record/reflection.rb:769:in `klass'
/Library/Ruby/Gems/2.3.0/gems/activerecord-5.2.3/lib/active_record/reflection.rb:790:in `source_reflection'
/Library/Ruby/Gems/2.3.0/gems/activerecord-5.2.3/lib/active_record/reflection.rb:991:in `derive_class_name'
/Library/Ruby/Gems/2.3.0/gems/activerecord-5.2.3/lib/active_record/reflection.rb:162:in `class_name'
/Library/Ruby/Gems/2.3.0/gems/activerecord-5.2.3/lib/active_record/reflection.rb:769:in `klass'
/Library/Ruby/Gems/2.3.0/gems/activerecord-5.2.3/lib/active_record/reflection.rb:790:in `source_reflection'
/Library/Ruby/Gems/2.3.0/gems/activerecord-5.2.3/lib/active_record/reflection.rb:991:in `derive_class_name'
/Library/Ruby/Gems/2.3.0/gems/activerecord-5.2.3/lib/active_record/reflection.rb:162:in `class_name'
/Library/Ruby/Gems/2.3.0/gems/activerecord-5.2.3/lib/active_record/reflection.rb:769:in `klass'
/Library/Ruby/Gems/2.3.0/gems/activerecord-5.2.3/lib/active_record/reflection.rb:790:in `source_reflection'
/Library/Ruby/Gems/2.3.0/gems/activerecord-5.2.3/lib/active_record/reflection.rb:991:in `derive_class_name'
/Library/Ruby/Gems/2.3.0/gems/activerecord-5.2.3/lib/active_record/reflection.rb:162:in `class_name'
/Library/Ruby/Gems/2.3.0/gems/activerecord-5.2.3/lib/active_record/reflection.rb:769:in `klass'
/Library/Ruby/Gems/2.3.0/gems/activerecord-5.2.3/lib/active_record/reflection.rb:790:in `source_reflection'
/Library/Ruby/Gems/2.3.0/gems/activerecord-5.2.3/lib/active_record/reflection.rb:991:in `derive_class_name'
/Library/Ruby/Gems/2.3.0/gems/activerecord-5.2.3/lib/active_record/reflection.rb:162:in `class_name'
/Library/Ruby/Gems/2.3.0/gems/activerecord-5.2.3/lib/active_record/reflection.rb:769:in `klass'
/Library/Ruby/Gems/2.3.0/gems/activerecord-5.2.3/lib/active_record/reflection.rb:790:in `source_reflection'
/Library/Ruby/Gems/2.3.0/gems/activerecord-5.2.3/lib/active_record/reflection.rb:991:in `derive_class_name'
/Library/Ruby/Gems/2.3.0/gems/activerecord-5.2.3/lib/active_record/reflection.rb:162:in `class_name'
/Library/Ruby/Gems/2.3.0/gems/activerecord-5.2.3/lib/active_record/reflection.rb:769:in `klass'
/Library/Ruby/Gems/2.3.0/gems/activerecord-5.2.3/lib/active_record/reflection.rb:790:in `source_reflection'
/Library/Ruby/Gems/2.3.0/gems/activerecord-5.2.3/lib/active_record/reflection.rb:991:in `derive_class_name'
/Library/Ruby/Gems/2.3.0/gems/activerecord-5.2.3/lib/active_record/reflection.rb:162:in `class_name'
/Library/Ruby/Gems/2.3.0/gems/activerecord-5.2.3/lib/active_record/reflection.rb:769:in `klass'
/Library/Ruby/Gems/2.3.0/gems/activerecord-5.2.3/lib/active_record/reflection.rb:790:in `source_reflection'
/Library/Ruby/Gems/2.3.0/gems/activerecord-5.2.3/lib/active_record/reflection.rb:991:in `derive_class_name'
/Library/Ruby/Gems/2.3.0/gems/activerecord-5.2.3/lib/active_record/reflection.rb:162:in `class_name'
/Library/Ruby/Gems/2.3.0/gems/activerecord-5.2.3/lib/active_record/reflection.rb:769:in `klass'
/Library/Ruby/Gems/2.3.0/gems/activerecord-5.2.3/lib/active_record/reflection.rb:790:in `source_reflection'
/Library/Ruby/Gems/2.3.0/gems/activerecord-5.2.3/lib/active_record/reflection.rb:991:in `derive_class_name'
/Library/Ruby/Gems/2.3.0/gems/activerecord-5.2.3/lib/active_record/reflection.rb:162:in `class_name'
/Library/Ruby/Gems/2.3.0/gems/activerecord-5.2.3/lib/active_record/reflection.rb:769:in `klass'
/Library/Ruby/Gems/2.3.0/gems/activerecord-5.2.3/lib/active_record/reflection.rb:790:in `source_reflection'
/Library/Ruby/Gems/2.3.0/gems/activerecord-5.2.3/lib/active_record/reflection.rb:991:in `derive_class_name'
/Library/Ruby/Gems/2.3.0/gems/activerecord-5.2.3/lib/active_record/reflection.rb:162:in `class_name'
/Library/Ruby/Gems/2.3.0/gems/activerecord-5.2.3/lib/active_record/reflection.rb:769:in `klass'
/Library/Ruby/Gems/2.3.0/gems/activerecord-5.2.3/lib/active_record/reflection.rb:790:in `source_reflection'
/Library/Ruby/Gems/2.3.0/gems/activerecord-5.2.3/lib/active_record/reflection.rb:991:in `derive_class_name'
/Library/Ruby/Gems/2.3.0/gems/activerecord-5.2.3/lib/active_record/reflection.rb:162:in `class_name'
/Library/Ruby/Gems/2.3.0/gems/activerecord-5.2.3/lib/active_record/reflection.rb:769:in `klass'
/Library/Ruby/Gems/2.3.0/gems/activerecord-5.2.3/lib/active_record/reflection.rb:790:in `source_reflection'
/Library/Ruby/Gems/2.3.0/gems/activerecord-5.2.3/lib/active_record/reflection.rb:991:in `derive_class_name'
/Library/Ruby/Gems/2.3.0/gems/activerecord-5.2.3/lib/active_record/reflection.rb:162:in `class_name'
/Library/Ruby/Gems/2.3.0/gems/activerecord-5.2.3/lib/active_record/reflection.rb:769:in `klass'
/Library/Ruby/Gems/2.3.0/gems/activerecord-5.2.3/lib/active_record/reflection.rb:790:in `source_reflection'
/Library/Ruby/Gems/2.3.0/gems/activerecord-5.2.3/lib/active_record/reflection.rb:991:in `derive_class_name'
/Library/Ruby/Gems/2.3.0/gems/activerecord-5.2.3/lib/active_record/reflection.rb:162:in `class_name'
/Library/Ruby/Gems/2.3.0/gems/activerecord-5.2.3/lib/active_record/reflection.rb:769:in `klass'
/Library/Ruby/Gems/2.3.0/gems/activerecord-5.2.3/lib/active_record/reflection.rb:790:in `source_reflection'
/Library/Ruby/Gems/2.3.0/gems/activerecord-5.2.3/lib/active_record/reflection.rb:991:in `derive_class_name'
/Library/Ruby/Gems/2.3.0/gems/activerecord-5.2.3/lib/active_record/reflection.rb:162:in `class_name'
/Library/Ruby/Gems/2.3.0/gems/activerecord-5.2.3/lib/active_record/reflection.rb:769:in `klass'
/Library/Ruby/Gems/2.3.0/gems/activerecord-5.2.3/lib/active_record/reflection.rb:790:in `source_reflection'
/Library/Ruby/Gems/2.3.0/gems/activerecord-5.2.3/lib/active_record/reflection.rb:991:in `derive_class_name'
/Library/Ruby/Gems/2.3.0/gems/activerecord-5.2.3/lib/active_record/reflection.rb:162:in `class_name'
/Library/Ruby/Gems/2.3.0/gems/activerecord-5.2.3/lib/active_record/reflection.rb:769:in `klass'
/Library/Ruby/Gems/2.3.0/gems/activerecord-5.2.3/lib/active_record/reflection.rb:790:in `source_reflection'
/Library/Ruby/Gems/2.3.0/gems/activerecord-5.2.3/lib/active_record/reflection.rb:991:in `derive_class_name'
/Library/Ruby/Gems/2.3.0/gems/activerecord-5.2.3/lib/active_record/reflection.rb:162:in `class_name'
/Library/Ruby/Gems/2.3.0/gems/activerecord-5.2.3/lib/active_record/reflection.rb:769:in `klass'
/Library/Ruby/Gems/2.3.0/gems/activerecord-5.2.3/lib/active_record/reflection.rb:790:in `source_reflection'
/Library/Ruby/Gems/2.3.0/gems/activerecord-5.2.3/lib/active_record/reflection.rb:991:in `derive_class_name'
/Library/Ruby/Gems/2.3.0/gems/activerecord-5.2.3/lib/active_record/reflection.rb:162:in `class_name'
/Library/Ruby/Gems/2.3.0/gems/activerecord-5.2.3/lib/active_record/reflection.rb:769:in `klass'
/Library/Ruby/Gems/2.3.0/gems/activerecord-5.2.3/lib/active_record/reflection.rb:790:in `source_reflection'
/Library/Ruby/Gems/2.3.0/gems/activerecord-5.2.3/lib/active_record/reflection.rb:991:in `derive_class_name'
/Library/Ruby/Gems/2.3.0/gems/activerecord-5.2.3/lib/active_record/reflection.rb:162:in `class_name'
/Library/Ruby/Gems/2.3.0/gems/activerecord-5.2.3/lib/active_record/reflection.rb:769:in `klass'
/Library/Ruby/Gems/2.3.0/gems/activerecord-5.2.3/lib/active_record/reflection.rb:790:in `source_reflection'
/Library/Ruby/Gems/2.3.0/gems/activerecord-5.2.3/lib/active_record/reflection.rb:991:in `derive_class_name'
/Library/Ruby/Gems/2.3.0/gems/activerecord-5.2.3/lib/active_record/reflection.rb:162:in `class_name'
/Library/Ruby/Gems/2.3.0/gems/activerecord-5.2.3/lib/active_record/reflection.rb:769:in `klass'
/Library/Ruby/Gems/2.3.0/gems/activerecord-5.2.3/lib/active_record/reflection.rb:790:in `source_reflection'
/Library/Ruby/Gems/2.3.0/gems/activerecord-5.2.3/lib/active_record/reflection.rb:991:in `derive_class_name'
/Library/Ruby/Gems/2.3.0/gems/activerecord-5.2.3/lib/active_record/reflection.rb:162:in `class_name'
/Library/Ruby/Gems/2.3.0/gems/activerecord-5.2.3/lib/active_record/reflection.rb:769:in `klass'
/Library/Ruby/Gems/2.3.0/gems/activerecord-5.2.3/lib/active_record/reflection.rb:790:in `source_reflection'
/Library/Ruby/Gems/2.3.0/gems/activerecord-5.2.3/lib/active_record/reflection.rb:991:in `derive_class_name'
/Library/Ruby/Gems/2.3.0/gems/activerecord-5.2.3/lib/active_record/reflection.rb:162:in `class_name'
/Library/Ruby/Gems/2.3.0/gems/activerecord-5.2.3/lib/active_record/reflection.rb:769:in `klass'
/Library/Ruby/Gems/2.3.0/gems/activerecord-5.2.3/lib/active_record/reflection.rb:790:in `source_reflection'
/Library/Ruby/Gems/2.3.0/gems/activerecord-5.2.3/lib/active_record/reflection.rb:991:in `derive_class_name'
/Library/Ruby/Gems/2.3.0/gems/activerecord-5.2.3/lib/active_record/reflection.rb:162:in `class_name'
/Library/Ruby/Gems/2.3.0/gems/activerecord-5.2.3/lib/active_record/reflection.rb:769:in `klass'
/Library/Ruby/Gems/2.3.0/gems/activerecord-5.2.3/lib/active_record/reflection.rb:790:in `source_reflection'
/Library/Ruby/Gems/2.3.0/gems/activerecord-5.2.3/lib/active_record/reflection.rb:991:in `derive_class_name'
/Library/Ruby/Gems/2.3.0/gems/activerecord-5.2.3/lib/active_record/reflection.rb:162:in `class_name'
/Library/Ruby/Gems/2.3.0/gems/activerecord-5.2.3/lib/active_record/reflection.rb:769:in `klass'
/Library/Ruby/Gems/2.3.0/gems/activerecord-5.2.3/lib/active_record/reflection.rb:790:in `source_reflection'
/Library/Ruby/Gems/2.3.0/gems/activerecord-5.2.3/lib/active_record/reflection.rb:991:in `derive_class_name'
/Library/Ruby/Gems/2.3.0/gems/activerecord-5.2.3/lib/active_record/reflection.rb:162:in `class_name'
/Library/Ruby/Gems/2.3.0/gems/activerecord-5.2.3/lib/active_record/reflection.rb:769:in `klass'
/Library/Ruby/Gems/2.3.0/gems/activerecord-5.2.3/lib/active_record/reflection.rb:790:in `source_reflection'
/Library/Ruby/Gems/2.3.0/gems/activerecord-5.2.3/lib/active_record/reflection.rb:991:in `derive_class_name'
/Library/Ruby/Gems/2.3.0/gems/activerecord-5.2.3/lib/active_record/reflection.rb:162:in `class_name'
/Library/Ruby/Gems/2.3.0/gems/activerecord-5.2.3/lib/active_record/reflection.rb:769:in `klass'
/Library/Ruby/Gems/2.3.0/gems/activerecord-5.2.3/lib/active_record/reflection.rb:790:in `source_reflection'
/Library/Ruby/Gems/2.3.0/gems/activerecord-5.2.3/lib/active_record/reflection.rb:991:in `derive_class_name'
/Library/Ruby/Gems/2.3.0/gems/activerecord-5.2.3/lib/active_record/reflection.rb:162:in `class_name'
/Library/Ruby/Gems/2.3.0/gems/activerecord-5.2.3/lib/active_record/reflection.rb:769:in `klass'
/Library/Ruby/Gems/2.3.0/gems/activerecord-5.2.3/lib/active_record/reflection.rb:790:in `source_reflection'
/Library/Ruby/Gems/2.3.0/gems/activerecord-5.2.3/lib/active_record/reflection.rb:991:in `derive_class_name'
/Library/Ruby/Gems/2.3.0/gems/activerecord-5.2.3/lib/active_record/reflection.rb:162:in `class_name'
/Library/Ruby/Gems/2.3.0/gems/activerecord-5.2.3/lib/active_record/reflection.rb:769:in `klass'
/Library/Ruby/Gems/2.3.0/gems/activerecord-5.2.3/lib/active_record/reflection.rb:790:in `source_reflection'
/Library/Ruby/Gems/2.3.0/gems/activerecord-5.2.3/lib/active_record/reflection.rb:991:in `derive_class_name'
/Library/Ruby/Gems/2.3.0/gems/activerecord-5.2.3/lib/active_record/reflection.rb:162:in `class_name'
/Library/Ruby/Gems/2.3.0/gems/activerecord-5.2.3/lib/active_record/reflection.rb:769:in `klass'
/Library/Ruby/Gems/2.3.0/gems/activerecord-5.2.3/lib/active_record/reflection.rb:790:in `source_reflection'
/Library/Ruby/Gems/2.3.0/gems/activerecord-5.2.3/lib/active_record/reflection.rb:991:in `derive_class_name'
/Library/Ruby/Gems/2.3.0/gems/activerecord-5.2.3/lib/active_record/reflection.rb:162:in `class_name'
/Library/Ruby/Gems/2.3.0/gems/activerecord-5.2.3/lib/active_record/reflection.rb:769:in `klass'
/Library/Ruby/Gems/2.3.0/gems/activerecord-5.2.3/lib/active_record/reflection.rb:790:in `source_reflection'
/Library/Ruby/Gems/2.3.0/gems/activerecord-5.2.3/lib/active_record/reflection.rb:991:in `derive_class_name'
/Library/Ruby/Gems/2.3.0/gems/activerecord-5.2.3/lib/active_record/reflection.rb:162:in `class_name'
/Library/Ruby/Gems/2.3.0/gems/activerecord-5.2.3/lib/active_record/reflection.rb:769:in `klass'
/Library/Ruby/Gems/2.3.0/gems/activerecord-5.2.3/lib/active_record/reflection.rb:790:in `source_reflection'
/Library/Ruby/Gems/2.3.0/gems/activerecord-5.2.3/lib/active_record/reflection.rb:991:in `derive_class_name'
/Library/Ruby/Gems/2.3.0/gems/activerecord-5.2.3/lib/active_record/reflection.rb:162:in `class_name'
/Library/Ruby/Gems/2.3.0/gems/activerecord-5.2.3/lib/active_record/reflection.rb:769:in `klass'
/Library/Ruby/Gems/2.3.0/gems/activerecord-5.2.3/lib/active_record/reflection.rb:790:in `source_reflection'
/Library/Ruby/Gems/2.3.0/gems/activerecord-5.2.3/lib/active_record/reflection.rb:991:in `derive_class_name'
/Library/Ruby/Gems/2.3.0/gems/activerecord-5.2.3/lib/active_record/reflection.rb:162:in `class_name'
/Library/Ruby/Gems/2.3.0/gems/activerecord-5.2.3/lib/active_record/reflection.rb:769:in `klass'
/Library/Ruby/Gems/2.3.0/gems/activerecord-5.2.3/lib/active_record/reflection.rb:790:in `source_reflection'
/Library/Ruby/Gems/2.3.0/gems/activerecord-5.2.3/lib/active_record/reflection.rb:991:in `derive_class_name'
/Library/Ruby/Gems/2.3.0/gems/activerecord-5.2.3/lib/active_record/reflection.rb:162:in `class_name'
/Library/Ruby/Gems/2.3.0/gems/activerecord-5.2.3/lib/active_record/reflection.rb:769:in `klass'
/Library/Ruby/Gems/2.3.0/gems/activerecord-5.2.3/lib/active_record/reflection.rb:790:in `source_reflection'
/Library/Ruby/Gems/2.3.0/gems/activerecord-5.2.3/lib/active_record/reflection.rb:991:in `derive_class_name'
/Library/Ruby/Gems/2.3.0/gems/activerecord-5.2.3/lib/active_record/reflection.rb:162:in `class_name'
/Library/Ruby/Gems/2.3.0/gems/activerecord-5.2.3/lib/active_record/reflection.rb:769:in `klass'
/Library/Ruby/Gems/2.3.0/gems/activerecord-5.2.3/lib/active_record/reflection.rb:790:in `source_reflection'
/Library/Ruby/Gems/2.3.0/gems/activerecord-5.2.3/lib/active_record/reflection.rb:991:in `derive_class_name'
/Library/Ruby/Gems/2.3.0/gems/activerecord-5.2.3/lib/active_record/reflection.rb:162:in `class_name'
/Library/Ruby/Gems/2.3.0/gems/activerecord-5.2.3/lib/active_record/reflection.rb:769:in `klass'
/Library/Ruby/Gems/2.3.0/gems/activerecord-5.2.3/lib/active_record/reflection.rb:790:in `source_reflection'
/Library/Ruby/Gems/2.3.0/gems/activerecord-5.2.3/lib/active_record/reflection.rb:991:in `derive_class_name'
/Library/Ruby/Gems/2.3.0/gems/activerecord-5.2.3/lib/active_record/reflection.rb:162:in `class_name'
/Library/Ruby/Gems/2.3.0/gems/activerecord-5.2.3/lib/active_record/reflection.rb:769:in `klass'
/Library/Ruby/Gems/2.3.0/gems/activerecord-5.2.3/lib/active_record/reflection.rb:790:in `source_reflection'
/Library/Ruby/Gems/2.3.0/gems/activerecord-5.2.3/lib/active_record/reflection.rb:991:in `derive_class_name'
/Library/Ruby/Gems/2.3.0/gems/activerecord-5.2.3/lib/active_record/reflection.rb:162:in `class_name'
/Library/Ruby/Gems/2.3.0/gems/activerecord-5.2.3/lib/active_record/reflection.rb:769:in `klass'
/Library/Ruby/Gems/2.3.0/gems/activerecord-5.2.3/lib/active_record/reflection.rb:790:in `source_reflection'
/Library/Ruby/Gems/2.3.0/gems/activerecord-5.2.3/lib/active_record/reflection.rb:991:in `derive_class_name'
/Library/Ruby/Gems/2.3.0/gems/activerecord-5.2.3/lib/active_record/reflection.rb:162:in `class_name'
/Library/Ruby/Gems/2.3.0/gems/activerecord-5.2.3/lib/active_record/reflection.rb:769:in `klass'
/Library/Ruby/Gems/2.3.0/gems/activerecord-5.2.3/lib/active_record/reflection.rb:790:in `source_reflection'
/Library/Ruby/Gems/2.3.0/gems/activerecord-5.2.3/lib/active_record/reflection.rb:991:in `derive_class_name'
/Library/Ruby/Gems/2.3.0/gems/activerecord-5.2.3/lib/active_record/reflection.rb:162:in `class_name'
/Library/Ruby/Gems/2.3.0/gems/activerecord-5.2.3/lib/active_record/reflection.rb:769:in `klass'
/Library/Ruby/Gems/2.3.0/gems/activerecord-5.2.3/lib/active_record/reflection.rb:790:in `source_reflection'
/Library/Ruby/Gems/2.3.0/gems/activerecord-5.2.3/lib/active_record/reflection.rb:991:in `derive_class_name'
/Library/Ruby/Gems/2.3.0/gems/activerecord-5.2.3/lib/active_record/reflection.rb:162:in `class_name'
/Library/Ruby/Gems/2.3.0/gems/activerecord-5.2.3/lib/active_record/reflection.rb:769:in `klass'
/Library/Ruby/Gems/2.3.0/gems/activerecord-5.2.3/lib/active_record/reflection.rb:790:in `source_reflection'
/Library/Ruby/Gems/2.3.0/gems/activerecord-5.2.3/lib/active_record/reflection.rb:991:in `derive_class_name'
/Library/Ruby/Gems/2.3.0/gems/activerecord-5.2.3/lib/active_record/reflection.rb:162:in `class_name'
/Library/Ruby/Gems/2.3.0/gems/activerecord-5.2.3/lib/active_record/reflection.rb:769:in `klass'
/Library/Ruby/Gems/2.3.0/gems/activerecord-5.2.3/lib/active_record/reflection.rb:790:in `source_reflection'
/Library/Ruby/Gems/2.3.0/gems/activerecord-5.2.3/lib/active_record/reflection.rb:991:in `derive_class_name'
/Library/Ruby/Gems/2.3.0/gems/activerecord-5.2.3/lib/active_record/reflection.rb:162:in `class_name'
/Library/Ruby/Gems/2.3.0/gems/activerecord-5.2.3/lib/active_record/reflection.rb:769:in `klass'
/Library/Ruby/Gems/2.3.0/gems/activerecord-5.2.3/lib/active_record/reflection.rb:790:in `source_reflection'
/Library/Ruby/Gems/2.3.0/gems/activerecord-5.2.3/lib/active_record/reflection.rb:991:in `derive_class_name'
/Library/Ruby/Gems/2.3.0/gems/activerecord-5.2.3/lib/active_record/reflection.rb:162:in `class_name'
/Library/Ruby/Gems/2.3.0/gems/activerecord-5.2.3/lib/active_record/reflection.rb:769:in `klass'
/Library/Ruby/Gems/2.3.0/gems/activerecord-5.2.3/lib/active_record/reflection.rb:790:in `source_reflection'
/Library/Ruby/Gems/2.3.0/gems/activerecord-5.2.3/lib/active_record/reflection.rb:991:in `derive_class_name'
/Library/Ruby/Gems/2.3.0/gems/activerecord-5.2.3/lib/active_record/reflection.rb:162:in `class_name'
/Library/Ruby/Gems/2.3.0/gems/activerecord-5.2.3/lib/active_record/reflection.rb:769:in `klass'
/Library/Ruby/Gems/2.3.0/gems/activerecord-5.2.3/lib/active_record/reflection.rb:790:in `source_reflection'
/Library/Ruby/Gems/2.3.0/gems/activerecord-5.2.3/lib/active_record/reflection.rb:991:in `derive_class_name'
/Library/Ruby/Gems/2.3.0/gems/activerecord-5.2.3/lib/active_record/reflection.rb:162:in `class_name'
/Library/Ruby/Gems/2.3.0/gems/activerecord-5.2.3/lib/active_record/reflection.rb:769:in `klass'
/Library/Ruby/Gems/2.3.0/gems/activerecord-5.2.3/lib/active_record/reflection.rb:790:in `source_reflection'
/Library/Ruby/Gems/2.3.0/gems/activerecord-5.2.3/lib/active_record/reflection.rb:991:in `derive_class_name'
/Library/Ruby/Gems/2.3.0/gems/activerecord-5.2.3/lib/active_record/reflection.rb:162:in `class_name'
/Library/Ruby/Gems/2.3.0/gems/activerecord-5.2.3/lib/active_record/reflection.rb:769:in `klass'
/Library/Ruby/Gems/2.3.0/gems/activerecord-5.2.3/lib/active_record/reflection.rb:790:in `source_reflection'
/Library/Ruby/Gems/2.3.0/gems/activerecord-5.2.3/lib/active_record/reflection.rb:991:in `derive_class_name'
/Library/Ruby/Gems/2.3.0/gems/activerecord-5.2.3/lib/active_record/reflection.rb:162:in `class_name'
/Library/Ruby/Gems/2.3.0/gems/activerecord-5.2.3/lib/active_record/reflection.rb:769:in `klass'
/Library/Ruby/Gems/2.3.0/gems/activerecord-5.2.3/lib/active_record/reflection.rb:790:in `source_reflection'
/Library/Ruby/Gems/2.3.0/gems/activerecord-5.2.3/lib/active_record/reflection.rb:991:in `derive_class_name'
/Library/Ruby/Gems/2.3.0/gems/activerecord-5.2.3/lib/active_record/reflection.rb:162:in `class_name'
/Library/Ruby/Gems/2.3.0/gems/activerecord-5.2.3/lib/active_record/reflection.rb:769:in `klass'
/Library/Ruby/Gems/2.3.0/gems/activerecord-5.2.3/lib/active_record/reflection.rb:790:in `source_reflection'
/Library/Ruby/Gems/2.3.0/gems/activerecord-5.2.3/lib/active_record/reflection.rb:991:in `derive_class_name'
/Library/Ruby/Gems/2.3.0/gems/activerecord-5.2.3/lib/active_record/reflection.rb:162:in `class_name'
/Library/Ruby/Gems/2.3.0/gems/activerecord-5.2.3/lib/active_record/reflection.rb:769:in `klass'
/Library/Ruby/Gems/2.3.0/gems/activerecord-5.2.3/lib/active_record/reflection.rb:790:in `source_reflection'
/Library/Ruby/Gems/2.3.0/gems/activerecord-5.2.3/lib/active_record/reflection.rb:991:in `derive_class_name'
/Library/Ruby/Gems/2.3.0/gems/activerecord-5.2.3/lib/active_record/reflection.rb:162:in `class_name'
/Library/Ruby/Gems/2.3.0/gems/activerecord-5.2.3/lib/active_record/reflection.rb:769:in `klass'
/Library/Ruby/Gems/2.3.0/gems/activerecord-5.2.3/lib/active_record/reflection.rb:790:in `source_reflection'
/Library/Ruby/Gems/2.3.0/gems/activerecord-5.2.3/lib/active_record/reflection.rb:991:in `derive_class_name'
/Library/Ruby/Gems/2.3.0/gems/activerecord-5.2.3/lib/active_record/reflection.rb:162:in `class_name'
/Library/Ruby/Gems/2.3.0/gems/activerecord-5.2.3/lib/active_record/reflection.rb:769:in `klass'
/Library/Ruby/Gems/2.3.0/gems/activerecord-5.2.3/lib/active_record/reflection.rb:790:in `source_reflection'
/Library/Ruby/Gems/2.3.0/gems/activerecord-5.2.3/lib/active_record/reflection.rb:991:in `derive_class_name'
/Library/Ruby/Gems/2.3.0/gems/activerecord-5.2.3/lib/active_record/reflection.rb:162:in `class_name'
/Library/Ruby/Gems/2.3.0/gems/activerecord-5.2.3/lib/active_record/reflection.rb:769:in `klass'
/Library/Ruby/Gems/2.3.0/gems/activerecord-5.2.3/lib/active_record/reflection.rb:790:in `source_reflection'
/Library/Ruby/Gems/2.3.0/gems/activerecord-5.2.3/lib/active_record/reflection.rb:991:in `derive_class_name'
/Library/Ruby/Gems/2.3.0/gems/activerecord-5.2.3/lib/active_record/reflection.rb:162:in `class_name'
/Library/Ruby/Gems/2.3.0/gems/activerecord-5.2.3/lib/active_record/reflection.rb:769:in `klass'
/Library/Ruby/Gems/2.3.0/gems/activerecord-5.2.3/lib/active_record/reflection.rb:790:in `source_reflection'
/Library/Ruby/Gems/2.3.0/gems/activerecord-5.2.3/lib/active_record/reflection.rb:991:in `derive_class_name'
/Library/Ruby/Gems/2.3.0/gems/activerecord-5.2.3/lib/active_record/reflection.rb:162:in `class_name'
/Library/Ruby/Gems/2.3.0/gems/activerecord-5.2.3/lib/active_record/reflection.rb:769:in `klass'
/Library/Ruby/Gems/2.3.0/gems/activerecord-5.2.3/lib/active_record/reflection.rb:790:in `source_reflection'
/Library/Ruby/Gems/2.3.0/gems/activerecord-5.2.3/lib/active_record/reflection.rb:991:in `derive_class_name'
/Library/Ruby/Gems/2.3.0/gems/activerecord-5.2.3/lib/active_record/reflection.rb:162:in `class_name'
/Library/Ruby/Gems/2.3.0/gems/activerecord-5.2.3/lib/active_record/reflection.rb:769:in `klass'
/Library/Ruby/Gems/2.3.0/gems/activerecord-5.2.3/lib/active_record/reflection.rb:790:in `source_reflection'
/Library/Ruby/Gems/2.3.0/gems/activerecord-5.2.3/lib/active_record/reflection.rb:991:in `derive_class_name'
/Library/Ruby/Gems/2.3.0/gems/activerecord-5.2.3/lib/active_record/reflection.rb:162:in `class_name'
/Library/Ruby/Gems/2.3.0/gems/activerecord-5.2.3/lib/active_record/reflection.rb:769:in `klass'
/Library/Ruby/Gems/2.3.0/gems/activerecord-5.2.3/lib/active_record/reflection.rb:790:in `source_reflection'
/Library/Ruby/Gems/2.3.0/gems/activerecord-5.2.3/lib/active_record/reflection.rb:991:in `derive_class_name'
/Library/Ruby/Gems/2.3.0/gems/activerecord-5.2.3/lib/active_record/reflection.rb:162:in `class_name'
/Library/Ruby/Gems/2.3.0/gems/activerecord-5.2.3/lib/active_record/reflection.rb:769:in `klass'
/Library/Ruby/Gems/2.3.0/gems/activerecord-5.2.3/lib/active_record/reflection.rb:790:in `source_reflection'
/Library/Ruby/Gems/2.3.0/gems/activerecord-5.2.3/lib/active_record/reflection.rb:991:in `derive_class_name'
/Library/Ruby/Gems/2.3.0/gems/activerecord-5.2.3/lib/active_record/reflection.rb:162:in `class_name'
/Library/Ruby/Gems/2.3.0/gems/activerecord-5.2.3/lib/active_record/reflection.rb:769:in `klass'
/Library/Ruby/Gems/2.3.0/gems/activerecord-5.2.3/lib/active_record/reflection.rb:790:in `source_reflection'
/Library/Ruby/Gems/2.3.0/gems/activerecord-5.2.3/lib/active_record/reflection.rb:991:in `derive_class_name'
/Library/Ruby/Gems/2.3.0/gems/activerecord-5.2.3/lib/active_record/reflection.rb:162:in `class_name'
/Library/Ruby/Gems/2.3.0/gems/activerecord-5.2.3/lib/active_record/reflection.rb:769:in `klass'
/Library/Ruby/Gems/2.3.0/gems/activerecord-5.2.3/lib/active_record/reflection.rb:790:in `source_reflection'
/Library/Ruby/Gems/2.3.0/gems/activerecord-5.2.3/lib/active_record/reflection.rb:991:in `derive_class_name'
/Library/Ruby/Gems/2.3.0/gems/activerecord-5.2.3/lib/active_record/reflection.rb:162:in `class_name'
/Library/Ruby/Gems/2.3.0/gems/activerecord-5.2.3/lib/active_record/reflection.rb:769:in `klass'
/Library/Ruby/Gems/2.3.0/gems/activerecord-5.2.3/lib/active_record/reflection.rb:790:in `source_reflection'
/Library/Ruby/Gems/2.3.0/gems/activerecord-5.2.3/lib/active_record/reflection.rb:991:in `derive_class_name'
/Library/Ruby/Gems/2.3.0/gems/activerecord-5.2.3/lib/active_record/reflection.rb:162:in `class_name'
/Library/Ruby/Gems/2.3.0/gems/activerecord-5.2.3/lib/active_record/reflection.rb:769:in `klass'
/Library/Ruby/Gems/2.3.0/gems/activerecord-5.2.3/lib/active_record/reflection.rb:790:in `source_reflection'
/Library/Ruby/Gems/2.3.0/gems/activerecord-5.2.3/lib/active_record/reflection.rb:991:in `derive_class_name'
/Library/Ruby/Gems/2.3.0/gems/activerecord-5.2.3/lib/active_record/reflection.rb:162:in `class_name'
/Library/Ruby/Gems/2.3.0/gems/activerecord-5.2.3/lib/active_record/reflection.rb:769:in `klass'
/Library/Ruby/Gems/2.3.0/gems/activerecord-5.2.3/lib/active_record/reflection.rb:790:in `source_reflection'
/Library/Ruby/Gems/2.3.0/gems/activerecord-5.2.3/lib/active_record/reflection.rb:991:in `derive_class_name'
/Library/Ruby/Gems/2.3.0/gems/activerecord-5.2.3/lib/active_record/reflection.rb:162:in `class_name'
/Library/Ruby/Gems/2.3.0/gems/activerecord-5.2.3/lib/active_record/reflection.rb:769:in `klass'
/Library/Ruby/Gems/2.3.0/gems/activerecord-5.2.3/lib/active_record/reflection.rb:790:in `source_reflection'
/Library/Ruby/Gems/2.3.0/gems/activerecord-5.2.3/lib/active_record/reflection.rb:991:in `derive_class_name'
/Library/Ruby/Gems/2.3.0/gems/activerecord-5.2.3/lib/active_record/reflection.rb:162:in `class_name'
/Library/Ruby/Gems/2.3.0/gems/activerecord-5.2.3/lib/active_record/reflection.rb:769:in `klass'
/Library/Ruby/Gems/2.3.0/gems/activerecord-5.2.3/lib/active_record/reflection.rb:790:in `source_reflection'
/Library/Ruby/Gems/2.3.0/gems/activerecord-5.2.3/lib/active_record/reflection.rb:991:in `derive_class_name'
/Library/Ruby/Gems/2.3.0/gems/activerecord-5.2.3/lib/active_record/reflection.rb:162:in `class_name'
/Library/Ruby/Gems/2.3.0/gems/activerecord-5.2.3/lib/active_record/reflection.rb:769:in `klass'
/Library/Ruby/Gems/2.3.0/gems/activerecord-5.2.3/lib/active_record/reflection.rb:790:in `source_reflection'
/Library/Ruby/Gems/2.3.0/gems/activerecord-5.2.3/lib/active_record/reflection.rb:991:in `derive_class_name'
/Library/Ruby/Gems/2.3.0/gems/activerecord-5.2.3/lib/active_record/reflection.rb:162:in `class_name'
/Library/Ruby/Gems/2.3.0/gems/activerecord-5.2.3/lib/active_record/reflection.rb:769:in `klass'
/Library/Ruby/Gems/2.3.0/gems/activerecord-5.2.3/lib/active_record/reflection.rb:790:in `source_reflection'
/Library/Ruby/Gems/2.3.0/gems/activerecord-5.2.3/lib/active_record/reflection.rb:991:in `derive_class_name'
/Library/Ruby/Gems/2.3.0/gems/activerecord-5.2.3/lib/active_record/reflection.rb:162:in `class_name'
/Library/Ruby/Gems/2.3.0/gems/activerecord-5.2.3/lib/active_record/reflection.rb:769:in `klass'
/Library/Ruby/Gems/2.3.0/gems/activerecord-5.2.3/lib/active_record/reflection.rb:790:in `source_reflection'
/Library/Ruby/Gems/2.3.0/gems/activerecord-5.2.3/lib/active_record/reflection.rb:991:in `derive_class_name'
/Library/Ruby/Gems/2.3.0/gems/activerecord-5.2.3/lib/active_record/reflection.rb:162:in `class_name'
/Library/Ruby/Gems/2.3.0/gems/activerecord-5.2.3/lib/active_record/reflection.rb:769:in `klass'
/Library/Ruby/Gems/2.3.0/gems/activerecord-5.2.3/lib/active_record/reflection.rb:790:in `source_reflection'
/Library/Ruby/Gems/2.3.0/gems/activerecord-5.2.3/lib/active_record/reflection.rb:991:in `derive_class_name'
/Library/Ruby/Gems/2.3.0/gems/activerecord-5.2.3/lib/active_record/reflection.rb:162:in `class_name'
/Library/Ruby/Gems/2.3.0/gems/activerecord-5.2.3/lib/active_record/reflection.rb:769:in `klass'
/Library/Ruby/Gems/2.3.0/gems/activerecord-5.2.3/lib/active_record/reflection.rb:790:in `source_reflection'
/Library/Ruby/Gems/2.3.0/gems/activerecord-5.2.3/lib/active_record/reflection.rb:991:in `derive_class_name'
/Library/Ruby/Gems/2.3.0/gems/activerecord-5.2.3/lib/active_record/reflection.rb:162:in `class_name'
/Library/Ruby/Gems/2.3.0/gems/activerecord-5.2.3/lib/active_record/reflection.rb:769:in `klass'
/Library/Ruby/Gems/2.3.0/gems/activerecord-5.2.3/lib/active_record/reflection.rb:790:in `source_reflection'
/Library/Ruby/Gems/2.3.0/gems/activerecord-5.2.3/lib/active_record/reflection.rb:991:in `derive_class_name'
/Library/Ruby/Gems/2.3.0/gems/activerecord-5.2.3/lib/active_record/reflection.rb:162:in `class_name'
/Library/Ruby/Gems/2.3.0/gems/activerecord-5.2.3/lib/active_record/reflection.rb:769:in `klass'
/Library/Ruby/Gems/2.3.0/gems/activerecord-5.2.3/lib/active_record/reflection.rb:790:in `source_reflection'
/Library/Ruby/Gems/2.3.0/gems/activerecord-5.2.3/lib/active_record/reflection.rb:991:in `derive_class_name'
/Library/Ruby/Gems/2.3.0/gems/activerecord-5.2.3/lib/active_record/reflection.rb:162:in `class_name'
/Library/Ruby/Gems/2.3.0/gems/activerecord-5.2.3/lib/active_record/reflection.rb:769:in `klass'
/Library/Ruby/Gems/2.3.0/gems/activerecord-5.2.3/lib/active_record/reflection.rb:790:in `source_reflection'
/Library/Ruby/Gems/2.3.0/gems/activerecord-5.2.3/lib/active_record/reflection.rb:991:in `derive_class_name'
/Library/Ruby/Gems/2.3.0/gems/activerecord-5.2.3/lib/active_record/reflection.rb:162:in `class_name'
/Library/Ruby/Gems/2.3.0/gems/activerecord-5.2.3/lib/active_record/reflection.rb:769:in `klass'
/Library/Ruby/Gems/2.3.0/gems/activerecord-5.2.3/lib/active_record/reflection.rb:790:in `source_reflection'
/Library/Ruby/Gems/2.3.0/gems/activerecord-5.2.3/lib/active_record/reflection.rb:991:in `derive_class_name'
/Library/Ruby/Gems/2.3.0/gems/activerecord-5.2.3/lib/active_record/reflection.rb:162:in `class_name'
/Library/Ruby/Gems/2.3.0/gems/activerecord-5.2.3/lib/active_record/reflection.rb:769:in `klass'
/Library/Ruby/Gems/2.3.0/gems/activerecord-5.2.3/lib/active_record/reflection.rb:790:in `source_reflection'
/Library/Ruby/Gems/2.3.0/gems/activerecord-5.2.3/lib/active_record/reflection.rb:991:in `derive_class_name'
/Library/Ruby/Gems/2.3.0/gems/activerecord-5.2.3/lib/active_record/reflection.rb:162:in `class_name'
/Library/Ruby/Gems/2.3.0/gems/activerecord-5.2.3/lib/active_record/reflection.rb:769:in `klass'
/Library/Ruby/Gems/2.3.0/gems/activerecord-5.2.3/lib/active_record/reflection.rb:790:in `source_reflection'
/Library/Ruby/Gems/2.3.0/gems/activerecord-5.2.3/lib/active_record/reflection.rb:991:in `derive_class_name'
/Library/Ruby/Gems/2.3.0/gems/activerecord-5.2.3/lib/active_record/reflection.rb:162:in `class_name'
/Library/Ruby/Gems/2.3.0/gems/activerecord-5.2.3/lib/active_record/reflection.rb:769:in `klass'
/Library/Ruby/Gems/2.3.0/gems/activerecord-5.2.3/lib/active_record/reflection.rb:790:in `source_reflection'
/Library/Ruby/Gems/2.3.0/gems/activerecord-5.2.3/lib/active_record/reflection.rb:991:in `derive_class_name'
/Library/Ruby/Gems/2.3.0/gems/activerecord-5.2.3/lib/active_record/reflection.rb:162:in `class_name'
/Library/Ruby/Gems/2.3.0/gems/activerecord-5.2.3/lib/active_record/reflection.rb:769:in `klass'
/Library/Ruby/Gems/2.3.0/gems/activerecord-5.2.3/lib/active_record/reflection.rb:790:in `source_reflection'
/Library/Ruby/Gems/2.3.0/gems/activerecord-5.2.3/lib/active_record/reflection.rb:991:in `derive_class_name'
/Library/Ruby/Gems/2.3.0/gems/activerecord-5.2.3/lib/active_record/reflection.rb:162:in `class_name'
/Library/Ruby/Gems/2.3.0/gems/activerecord-5.2.3/lib/active_record/reflection.rb:769:in `klass'
/Library/Ruby/Gems/2.3.0/gems/activerecord-5.2.3/lib/active_record/reflection.rb:790:in `source_reflection'
/Library/Ruby/Gems/2.3.0/gems/activerecord-5.2.3/lib/active_record/reflection.rb:991:in `derive_class_name'
/Library/Ruby/Gems/2.3.0/gems/activerecord-5.2.3/lib/active_record/reflection.rb:162:in `class_name'
/Library/Ruby/Gems/2.3.0/gems/activerecord-5.2.3/lib/active_record/reflection.rb:769:in `klass'
/Library/Ruby/Gems/2.3.0/gems/activerecord-5.2.3/lib/active_record/reflection.rb:790:in `source_reflection'
/Library/Ruby/Gems/2.3.0/gems/activerecord-5.2.3/lib/active_record/reflection.rb:991:in `derive_class_name'
/Library/Ruby/Gems/2.3.0/gems/activerecord-5.2.3/lib/active_record/reflection.rb:162:in `class_name'
/Library/Ruby/Gems/2.3.0/gems/activerecord-5.2.3/lib/active_record/reflection.rb:769:in `klass'
/Library/Ruby/Gems/2.3.0/gems/activerecord-5.2.3/lib/active_record/reflection.rb:790:in `source_reflection'
/Library/Ruby/Gems/2.3.0/gems/activerecord-5.2.3/lib/active_record/reflection.rb:991:in `derive_class_name'
/Library/Ruby/Gems/2.3.0/gems/activerecord-5.2.3/lib/active_record/reflection.rb:162:in `class_name'
/Library/Ruby/Gems/2.3.0/gems/activerecord-5.2.3/lib/active_record/reflection.rb:769:in `klass'
/Library/Ruby/Gems/2.3.0/gems/activerecord-5.2.3/lib/active_record/reflection.rb:790:in `source_reflection'
/Library/Ruby/Gems/2.3.0/gems/activerecord-5.2.3/lib/active_record/reflection.rb:991:in `derive_class_name'
/Library/Ruby/Gems/2.3.0/gems/activerecord-5.2.3/lib/active_record/reflection.rb:162:in `class_name'
/Library/Ruby/Gems/2.3.0/gems/activerecord-5.2.3/lib/active_record/reflection.rb:769:in `klass'
/Library/Ruby/Gems/2.3.0/gems/activerecord-5.2.3/lib/active_record/reflection.rb:790:in `source_reflection'
/Library/Ruby/Gems/2.3.0/gems/activerecord-5.2.3/lib/active_record/reflection.rb:991:in `derive_class_name'
/Library/Ruby/Gems/2.3.0/gems/activerecord-5.2.3/lib/active_record/reflection.rb:162:in `class_name'
/Library/Ruby/Gems/2.3.0/gems/activerecord-5.2.3/lib/active_record/reflection.rb:769:in `klass'
/Library/Ruby/Gems/2.3.0/gems/activerecord-5.2.3/lib/active_record/reflection.rb:790:in `source_reflection'
/Library/Ruby/Gems/2.3.0/gems/activerecord-5.2.3/lib/active_record/reflection.rb:991:in `derive_class_name'
/Library/Ruby/Gems/2.3.0/gems/activerecord-5.2.3/lib/active_record/reflection.rb:162:in `class_name'
/Library/Ruby/Gems/2.3.0/gems/activerecord-5.2.3/lib/active_record/reflection.rb:769:in `klass'
/Library/Ruby/Gems/2.3.0/gems/activerecord-5.2.3/lib/active_record/reflection.rb:790:in `source_reflection'
/Library/Ruby/Gems/2.3.0/gems/activerecord-5.2.3/lib/active_record/reflection.rb:991:in `derive_class_name'
/Library/Ruby/Gems/2.3.0/gems/activerecord-5.2.3/lib/active_record/reflection.rb:162:in `class_name'
/Library/Ruby/Gems/2.3.0/gems/activerecord-5.2.3/lib/active_record/reflection.rb:769:in `klass'
/Library/Ruby/Gems/2.3.0/gems/activerecord-5.2.3/lib/active_record/reflection.rb:790:in `source_reflection'
/Library/Ruby/Gems/2.3.0/gems/activerecord-5.2.3/lib/active_record/reflection.rb:991:in `derive_class_name'
/Library/Ruby/Gems/2.3.0/gems/activerecord-5.2.3/lib/active_record/reflection.rb:162:in `class_name'
/Library/Ruby/Gems/2.3.0/gems/activerecord-5.2.3/lib/active_record/reflection.rb:769:in `klass'
/Library/Ruby/Gems/2.3.0/gems/activerecord-5.2.3/lib/active_record/reflection.rb:790:in `source_reflection'
/Library/Ruby/Gems/2.3.0/gems/activerecord-5.2.3/lib/active_record/reflection.rb:991:in `derive_class_name'
/Library/Ruby/Gems/2.3.0/gems/activerecord-5.2.3/lib/active_record/reflection.rb:162:in `class_name'
/Library/Ruby/Gems/2.3.0/gems/activerecord-5.2.3/lib/active_record/reflection.rb:769:in `klass'
/Library/Ruby/Gems/2.3.0/gems/activerecord-5.2.3/lib/active_record/reflection.rb:790:in `source_reflection'
/Library/Ruby/Gems/2.3.0/gems/activerecord-5.2.3/lib/active_record/reflection.rb:991:in `derive_class_name'
/Library/Ruby/Gems/2.3.0/gems/activerecord-5.2.3/lib/active_record/reflection.rb:162:in `class_name'
/Library/Ruby/Gems/2.3.0/gems/activerecord-5.2.3/lib/active_record/reflection.rb:769:in `klass'
/Library/Ruby/Gems/2.3.0/gems/activerecord-5.2.3/lib/active_record/reflection.rb:790:in `source_reflection'
/Library/Ruby/Gems/2.3.0/gems/activerecord-5.2.3/lib/active_record/reflection.rb:991:in `derive_class_name'
/Library/Ruby/Gems/2.3.0/gems/activerecord-5.2.3/lib/active_record/reflection.rb:162:in `class_name'
/Library/Ruby/Gems/2.3.0/gems/activerecord-5.2.3/lib/active_record/reflection.rb:769:in `klass'
/Library/Ruby/Gems/2.3.0/gems/activerecord-5.2.3/lib/active_record/reflection.rb:790:in `source_reflection'
/Library/Ruby/Gems/2.3.0/gems/activerecord-5.2.3/lib/active_record/reflection.rb:991:in `derive_class_name'
/Library/Ruby/Gems/2.3.0/gems/activerecord-5.2.3/lib/active_record/reflection.rb:162:in `class_name'
/Library/Ruby/Gems/2.3.0/gems/activerecord-5.2.3/lib/active_record/reflection.rb:769:in `klass'
/Library/Ruby/Gems/2.3.0/gems/activerecord-5.2.3/lib/active_record/reflection.rb:790:in `source_reflection'
/Library/Ruby/Gems/2.3.0/gems/activerecord-5.2.3/lib/active_record/reflection.rb:991:in `derive_class_name'
/Library/Ruby/Gems/2.3.0/gems/activerecord-5.2.3/lib/active_record/reflection.rb:162:in `class_name'
/Library/Ruby/Gems/2.3.0/gems/activerecord-5.2.3/lib/active_record/reflection.rb:769:in `klass'
/Library/Ruby/Gems/2.3.0/gems/activerecord-5.2.3/lib/active_record/reflection.rb:790:in `source_reflection'
/Library/Ruby/Gems/2.3.0/gems/activerecord-5.2.3/lib/active_record/reflection.rb:991:in `derive_class_name'
/Library/Ruby/Gems/2.3.0/gems/activerecord-5.2.3/lib/active_record/reflection.rb:162:in `class_name'
/Library/Ruby/Gems/2.3.0/gems/activerecord-5.2.3/lib/active_record/reflection.rb:769:in `klass'
/Library/Ruby/Gems/2.3.0/gems/activerecord-5.2.3/lib/active_record/reflection.rb:790:in `source_reflection'
/Library/Ruby/Gems/2.3.0/gems/activerecord-5.2.3/lib/active_record/reflection.rb:991:in `derive_class_name'
/Library/Ruby/Gems/2.3.0/gems/activerecord-5.2.3/lib/active_record/reflection.rb:162:in `class_name'
/Library/Ruby/Gems/2.3.0/gems/activerecord-5.2.3/lib/active_record/reflection.rb:769:in `klass'
/Library/Ruby/Gems/2.3.0/gems/activerecord-5.2.3/lib/active_record/reflection.rb:790:in `source_reflection'
/Library/Ruby/Gems/2.3.0/gems/activerecord-5.2.3/lib/active_record/reflection.rb:991:in `derive_class_name'
/Library/Ruby/Gems/2.3.0/gems/activerecord-5.2.3/lib/active_record/reflection.rb:162:in `class_name'
/Library/Ruby/Gems/2.3.0/gems/activerecord-5.2.3/lib/active_record/reflection.rb:769:in `klass'
/Library/Ruby/Gems/2.3.0/gems/activerecord-5.2.3/lib/active_record/reflection.rb:790:in `source_reflection'
/Library/Ruby/Gems/2.3.0/gems/activerecord-5.2.3/lib/active_record/reflection.rb:991:in `derive_class_name'
/Library/Ruby/Gems/2.3.0/gems/activerecord-5.2.3/lib/active_record/reflection.rb:162:in `class_name'
/Library/Ruby/Gems/2.3.0/gems/activerecord-5.2.3/lib/active_record/reflection.rb:769:in `klass'
/Library/Ruby/Gems/2.3.0/gems/activerecord-5.2.3/lib/active_record/reflection.rb:790:in `source_reflection'
/Library/Ruby/Gems/2.3.0/gems/activerecord-5.2.3/lib/active_record/reflection.rb:991:in `derive_class_name'
/Library/Ruby/Gems/2.3.0/gems/activerecord-5.2.3/lib/active_record/reflection.rb:162:in `class_name'
/Library/Ruby/Gems/2.3.0/gems/activerecord-5.2.3/lib/active_record/reflection.rb:769:in `klass'
/Library/Ruby/Gems/2.3.0/gems/activerecord-5.2.3/lib/active_record/reflection.rb:790:in `source_reflection'
/Library/Ruby/Gems/2.3.0/gems/activerecord-5.2.3/lib/active_record/reflection.rb:991:in `derive_class_name'
/Library/Ruby/Gems/2.3.0/gems/activerecord-5.2.3/lib/active_record/reflection.rb:162:in `class_name'
/Library/Ruby/Gems/2.3.0/gems/activerecord-5.2.3/lib/active_record/reflection.rb:769:in `klass'
/Library/Ruby/Gems/2.3.0/gems/activerecord-5.2.3/lib/active_record/reflection.rb:790:in `source_reflection'
/Library/Ruby/Gems/2.3.0/gems/activerecord-5.2.3/lib/active_record/reflection.rb:991:in `derive_class_name'
/Library/Ruby/Gems/2.3.0/gems/activerecord-5.2.3/lib/active_record/reflection.rb:162:in `class_name'
/Library/Ruby/Gems/2.3.0/gems/activerecord-5.2.3/lib/active_record/reflection.rb:769:in `klass'
/Library/Ruby/Gems/2.3.0/gems/activerecord-5.2.3/lib/active_record/reflection.rb:790:in `source_reflection'
/Library/Ruby/Gems/2.3.0/gems/activerecord-5.2.3/lib/active_record/reflection.rb:991:in `derive_class_name'
/Library/Ruby/Gems/2.3.0/gems/activerecord-5.2.3/lib/active_record/reflection.rb:162:in `class_name'
/Library/Ruby/Gems/2.3.0/gems/activerecord-5.2.3/lib/active_record/reflection.rb:769:in `klass'
/Library/Ruby/Gems/2.3.0/gems/activerecord-5.2.3/lib/active_record/reflection.rb:790:in `source_reflection'
/Library/Ruby/Gems/2.3.0/gems/activerecord-5.2.3/lib/active_record/reflection.rb:991:in `derive_class_name'
/Library/Ruby/Gems/2.3.0/gems/activerecord-5.2.3/lib/active_record/reflection.rb:162:in `class_name'
/Library/Ruby/Gems/2.3.0/gems/activerecord-5.2.3/lib/active_record/reflection.rb:769:in `klass'
/Library/Ruby/Gems/2.3.0/gems/activerecord-5.2.3/lib/active_record/reflection.rb:790:in `source_reflection'
/Library/Ruby/Gems/2.3.0/gems/activerecord-5.2.3/lib/active_record/reflection.rb:991:in `derive_class_name'
/Library/Ruby/Gems/2.3.0/gems/activerecord-5.2.3/lib/active_record/reflection.rb:162:in `class_name'
/Library/Ruby/Gems/2.3.0/gems/activerecord-5.2.3/lib/active_record/reflection.rb:769:in `klass'
/Library/Ruby/Gems/2.3.0/gems/activerecord-5.2.3/lib/active_record/reflection.rb:790:in `source_reflection'
/Library/Ruby/Gems/2.3.0/gems/activerecord-5.2.3/lib/active_record/reflection.rb:991:in `derive_class_name'
/Library/Ruby/Gems/2.3.0/gems/activerecord-5.2.3/lib/active_record/reflection.rb:162:in `class_name'
/Library/Ruby/Gems/2.3.0/gems/activerecord-5.2.3/lib/active_record/reflection.rb:769:in `klass'
/Library/Ruby/Gems/2.3.0/gems/activerecord-5.2.3/lib/active_record/reflection.rb:790:in `source_reflection'
/Library/Ruby/Gems/2.3.0/gems/activerecord-5.2.3/lib/active_record/reflection.rb:991:in `derive_class_name'
/Library/Ruby/Gems/2.3.0/gems/activerecord-5.2.3/lib/active_record/reflection.rb:162:in `class_name'
/Library/Ruby/Gems/2.3.0/gems/activerecord-5.2.3/lib/active_record/reflection.rb:769:in `klass'
/Library/Ruby/Gems/2.3.0/gems/activerecord-5.2.3/lib/active_record/reflection.rb:790:in `source_reflection'
/Library/Ruby/Gems/2.3.0/gems/activerecord-5.2.3/lib/active_record/reflection.rb:991:in `derive_class_name'
/Library/Ruby/Gems/2.3.0/gems/activerecord-5.2.3/lib/active_record/reflection.rb:162:in `class_name'
/Library/Ruby/Gems/2.3.0/gems/activerecord-5.2.3/lib/active_record/reflection.rb:769:in `klass'
/Library/Ruby/Gems/2.3.0/gems/activerecord-5.2.3/lib/active_record/reflection.rb:790:in `source_reflection'
/Library/Ruby/Gems/2.3.0/gems/activerecord-5.2.3/lib/active_record/reflection.rb:991:in `derive_class_name'
/Library/Ruby/Gems/2.3.0/gems/activerecord-5.2.3/lib/active_record/reflection.rb:162:in `class_name'
/Library/Ruby/Gems/2.3.0/gems/activerecord-5.2.3/lib/active_record/reflection.rb:769:in `klass'
/Library/Ruby/Gems/2.3.0/gems/activerecord-5.2.3/lib/active_record/reflection.rb:790:in `source_reflection'
/Library/Ruby/Gems/2.3.0/gems/activerecord-5.2.3/lib/active_record/reflection.rb:991:in `derive_class_name'
/Library/Ruby/Gems/2.3.0/gems/activerecord-5.2.3/lib/active_record/reflection.rb:162:in `class_name'
/Library/Ruby/Gems/2.3.0/gems/activerecord-5.2.3/lib/active_record/reflection.rb:769:in `klass'
/Library/Ruby/Gems/2.3.0/gems/activerecord-5.2.3/lib/active_record/reflection.rb:790:in `source_reflection'
/Library/Ruby/Gems/2.3.0/gems/activerecord-5.2.3/lib/active_record/reflection.rb:991:in `derive_class_name'
/Library/Ruby/Gems/2.3.0/gems/activerecord-5.2.3/lib/active_record/reflection.rb:162:in `class_name'
/Library/Ruby/Gems/2.3.0/gems/activerecord-5.2.3/lib/active_record/reflection.rb:769:in `klass'
/Library/Ruby/Gems/2.3.0/gems/activerecord-5.2.3/lib/active_record/reflection.rb:790:in `source_reflection'
/Library/Ruby/Gems/2.3.0/gems/activerecord-5.2.3/lib/active_record/reflection.rb:991:in `derive_class_name'
/Library/Ruby/Gems/2.3.0/gems/activerecord-5.2.3/lib/active_record/reflection.rb:162:in `class_name'
/Library/Ruby/Gems/2.3.0/gems/activerecord-5.2.3/lib/active_record/reflection.rb:769:in `klass'
/Library/Ruby/Gems/2.3.0/gems/activerecord-5.2.3/lib/active_record/reflection.rb:790:in `source_reflection'
/Library/Ruby/Gems/2.3.0/gems/activerecord-5.2.3/lib/active_record/reflection.rb:991:in `derive_class_name'
/Library/Ruby/Gems/2.3.0/gems/activerecord-5.2.3/lib/active_record/reflection.rb:162:in `class_name'
/Library/Ruby/Gems/2.3.0/gems/activerecord-5.2.3/lib/active_record/reflection.rb:769:in `klass'
/Library/Ruby/Gems/2.3.0/gems/activerecord-5.2.3/lib/active_record/reflection.rb:790:in `source_reflection'
/Library/Ruby/Gems/2.3.0/gems/activerecord-5.2.3/lib/active_record/reflection.rb:991:in `derive_class_name'
/Library/Ruby/Gems/2.3.0/gems/activerecord-5.2.3/lib/active_record/reflection.rb:162:in `class_name'
/Library/Ruby/Gems/2.3.0/gems/activerecord-5.2.3/lib/active_record/reflection.rb:769:in `klass'
/Library/Ruby/Gems/2.3.0/gems/activerecord-5.2.3/lib/active_record/reflection.rb:790:in `source_reflection'
/Library/Ruby/Gems/2.3.0/gems/activerecord-5.2.3/lib/active_record/reflection.rb:991:in `derive_class_name'
/Library/Ruby/Gems/2.3.0/gems/activerecord-5.2.3/lib/active_record/reflection.rb:162:in `class_name'
/Library/Ruby/Gems/2.3.0/gems/activerecord-5.2.3/lib/active_record/reflection.rb:769:in `klass'
/Library/Ruby/Gems/2.3.0/gems/activerecord-5.2.3/lib/active_record/reflection.rb:790:in `source_reflection'
/Library/Ruby/Gems/2.3.0/gems/activerecord-5.2.3/lib/active_record/reflection.rb:991:in `derive_class_name'
/Library/Ruby/Gems/2.3.0/gems/activerecord-5.2.3/lib/active_record/reflection.rb:162:in `class_name'
/Library/Ruby/Gems/2.3.0/gems/activerecord-5.2.3/lib/active_record/reflection.rb:769:in `klass'
/Library/Ruby/Gems/2.3.0/gems/activerecord-5.2.3/lib/active_record/reflection.rb:790:in `source_reflection'
/Library/Ruby/Gems/2.3.0/gems/activerecord-5.2.3/lib/active_record/reflection.rb:991:in `derive_class_name'
/Library/Ruby/Gems/2.3.0/gems/activerecord-5.2.3/lib/active_record/reflection.rb:162:in `class_name'
/Library/Ruby/Gems/2.3.0/gems/activerecord-5.2.3/lib/active_record/reflection.rb:769:in `klass'
/Library/Ruby/Gems/2.3.0/gems/activerecord-5.2.3/lib/active_record/reflection.rb:790:in `source_reflection'
/Library/Ruby/Gems/2.3.0/gems/activerecord-5.2.3/lib/active_record/reflection.rb:991:in `derive_class_name'
/Library/Ruby/Gems/2.3.0/gems/activerecord-5.2.3/lib/active_record/reflection.rb:162:in `class_name'
/Library/Ruby/Gems/2.3.0/gems/activerecord-5.2.3/lib/active_record/reflection.rb:769:in `klass'
/Library/Ruby/Gems/2.3.0/gems/activerecord-5.2.3/lib/active_record/reflection.rb:790:in `source_reflection'
/Library/Ruby/Gems/2.3.0/gems/activerecord-5.2.3/lib/active_record/reflection.rb:991:in `derive_class_name'
/Library/Ruby/Gems/2.3.0/gems/activerecord-5.2.3/lib/active_record/reflection.rb:162:in `class_name'
/Library/Ruby/Gems/2.3.0/gems/activerecord-5.2.3/lib/active_record/reflection.rb:769:in `klass'
/Library/Ruby/Gems/2.3.0/gems/activerecord-5.2.3/lib/active_record/reflection.rb:790:in `source_reflection'
/Library/Ruby/Gems/2.3.0/gems/activerecord-5.2.3/lib/active_record/reflection.rb:991:in `derive_class_name'
/Library/Ruby/Gems/2.3.0/gems/activerecord-5.2.3/lib/active_record/reflection.rb:162:in `class_name'
/Library/Ruby/Gems/2.3.0/gems/activerecord-5.2.3/lib/active_record/reflection.rb:769:in `klass'
/Library/Ruby/Gems/2.3.0/gems/activerecord-5.2.3/lib/active_record/reflection.rb:790:in `source_reflection'
/Library/Ruby/Gems/2.3.0/gems/activerecord-5.2.3/lib/active_record/reflection.rb:991:in `derive_class_name'
/Library/Ruby/Gems/2.3.0/gems/activerecord-5.2.3/lib/active_record/reflection.rb:162:in `class_name'
/Library/Ruby/Gems/2.3.0/gems/activerecord-5.2.3/lib/active_record/reflection.rb:769:in `klass'
/Library/Ruby/Gems/2.3.0/gems/activerecord-5.2.3/lib/active_record/reflection.rb:790:in `source_reflection'
/Library/Ruby/Gems/2.3.0/gems/activerecord-5.2.3/lib/active_record/reflection.rb:991:in `derive_class_name'
/Library/Ruby/Gems/2.3.0/gems/activerecord-5.2.3/lib/active_record/reflection.rb:162:in `class_name'
/Library/Ruby/Gems/2.3.0/gems/activerecord-5.2.3/lib/active_record/reflection.rb:769:in `klass'
/Library/Ruby/Gems/2.3.0/gems/activerecord-5.2.3/lib/active_record/reflection.rb:790:in `source_reflection'
/Library/Ruby/Gems/2.3.0/gems/activerecord-5.2.3/lib/active_record/reflection.rb:991:in `derive_class_name'
/Library/Ruby/Gems/2.3.0/gems/activerecord-5.2.3/lib/active_record/reflection.rb:162:in `class_name'
/Library/Ruby/Gems/2.3.0/gems/activerecord-5.2.3/lib/active_record/reflection.rb:769:in `klass'
/Library/Ruby/Gems/2.3.0/gems/activerecord-5.2.3/lib/active_record/reflection.rb:790:in `source_reflection'
/Library/Ruby/Gems/2.3.0/gems/activerecord-5.2.3/lib/active_record/reflection.rb:991:in `derive_class_name'
/Library/Ruby/Gems/2.3.0/gems/activerecord-5.2.3/lib/active_record/reflection.rb:162:in `class_name'
/Library/Ruby/Gems/2.3.0/gems/activerecord-5.2.3/lib/active_record/reflection.rb:769:in `klass'
/Library/Ruby/Gems/2.3.0/gems/activerecord-5.2.3/lib/active_record/reflection.rb:790:in `source_reflection'
/Library/Ruby/Gems/2.3.0/gems/activerecord-5.2.3/lib/active_record/reflection.rb:991:in `derive_class_name'
/Library/Ruby/Gems/2.3.0/gems/activerecord-5.2.3/lib/active_record/reflection.rb:162:in `class_name'
/Library/Ruby/Gems/2.3.0/gems/activerecord-5.2.3/lib/active_record/reflection.rb:769:in `klass'
/Library/Ruby/Gems/2.3.0/gems/activerecord-5.2.3/lib/active_record/reflection.rb:790:in `source_reflection'
/Library/Ruby/Gems/2.3.0/gems/activerecord-5.2.3/lib/active_record/reflection.rb:991:in `derive_class_name'
/Library/Ruby/Gems/2.3.0/gems/activerecord-5.2.3/lib/active_record/reflection.rb:162:in `class_name'
/Library/Ruby/Gems/2.3.0/gems/activerecord-5.2.3/lib/active_record/reflection.rb:769:in `klass'
/Library/Ruby/Gems/2.3.0/gems/activerecord-5.2.3/lib/active_record/reflection.rb:790:in `source_reflection'
/Library/Ruby/Gems/2.3.0/gems/activerecord-5.2.3/lib/active_record/reflection.rb:991:in `derive_class_name'
/Library/Ruby/Gems/2.3.0/gems/activerecord-5.2.3/lib/active_record/reflection.rb:162:in `class_name'
/Library/Ruby/Gems/2.3.0/gems/activerecord-5.2.3/lib/active_record/reflection.rb:769:in `klass'
/Library/Ruby/Gems/2.3.0/gems/activerecord-5.2.3/lib/active_record/reflection.rb:790:in `source_reflection'
/Library/Ruby/Gems/2.3.0/gems/activerecord-5.2.3/lib/active_record/reflection.rb:991:in `derive_class_name'
/Library/Ruby/Gems/2.3.0/gems/activerecord-5.2.3/lib/active_record/reflection.rb:162:in `class_name'
/Library/Ruby/Gems/2.3.0/gems/activerecord-5.2.3/lib/active_record/reflection.rb:769:in `klass'
/Library/Ruby/Gems/2.3.0/gems/activerecord-5.2.3/lib/active_record/reflection.rb:790:in `source_reflection'
/Library/Ruby/Gems/2.3.0/gems/activerecord-5.2.3/lib/active_record/reflection.rb:991:in `derive_class_name'
/Library/Ruby/Gems/2.3.0/gems/activerecord-5.2.3/lib/active_record/reflection.rb:162:in `class_name'
/Library/Ruby/Gems/2.3.0/gems/activerecord-5.2.3/lib/active_record/reflection.rb:769:in `klass'
/Library/Ruby/Gems/2.3.0/gems/activerecord-5.2.3/lib/active_record/reflection.rb:790:in `source_reflection'
/Library/Ruby/Gems/2.3.0/gems/activerecord-5.2.3/lib/active_record/reflection.rb:991:in `derive_class_name'
/Library/Ruby/Gems/2.3.0/gems/activerecord-5.2.3/lib/active_record/reflection.rb:162:in `class_name'
/Library/Ruby/Gems/2.3.0/gems/activerecord-5.2.3/lib/active_record/reflection.rb:769:in `klass'
/Library/Ruby/Gems/2.3.0/gems/activerecord-5.2.3/lib/active_record/reflection.rb:790:in `source_reflection'
/Library/Ruby/Gems/2.3.0/gems/activerecord-5.2.3/lib/active_record/reflection.rb:991:in `derive_class_name'
/Library/Ruby/Gems/2.3.0/gems/activerecord-5.2.3/lib/active_record/reflection.rb:162:in `class_name'
/Library/Ruby/Gems/2.3.0/gems/activerecord-5.2.3/lib/active_record/reflection.rb:769:in `klass'
/Library/Ruby/Gems/2.3.0/gems/activerecord-5.2.3/lib/active_record/reflection.rb:790:in `source_reflection'
/Library/Ruby/Gems/2.3.0/gems/activerecord-5.2.3/lib/active_record/reflection.rb:991:in `derive_class_name'
/Library/Ruby/Gems/2.3.0/gems/activerecord-5.2.3/lib/active_record/reflection.rb:162:in `class_name'
/Library/Ruby/Gems/2.3.0/gems/activerecord-5.2.3/lib/active_record/reflection.rb:769:in `klass'
/Library/Ruby/Gems/2.3.0/gems/activerecord-5.2.3/lib/active_record/reflection.rb:790:in `source_reflection'
/Library/Ruby/Gems/2.3.0/gems/activerecord-5.2.3/lib/active_record/reflection.rb:991:in `derive_class_name'
/Library/Ruby/Gems/2.3.0/gems/activerecord-5.2.3/lib/active_record/reflection.rb:162:in `class_name'
/Library/Ruby/Gems/2.3.0/gems/activerecord-5.2.3/lib/active_record/reflection.rb:769:in `klass'
/Library/Ruby/Gems/2.3.0/gems/activerecord-5.2.3/lib/active_record/reflection.rb:790:in `source_reflection'
/Library/Ruby/Gems/2.3.0/gems/activerecord-5.2.3/lib/active_record/reflection.rb:991:in `derive_class_name'
/Library/Ruby/Gems/2.3.0/gems/activerecord-5.2.3/lib/active_record/reflection.rb:162:in `class_name'
/Library/Ruby/Gems/2.3.0/gems/activerecord-5.2.3/lib/active_record/reflection.rb:769:in `klass'
/Library/Ruby/Gems/2.3.0/gems/activerecord-5.2.3/lib/active_record/reflection.rb:790:in `source_reflection'
/Library/Ruby/Gems/2.3.0/gems/activerecord-5.2.3/lib/active_record/reflection.rb:991:in `derive_class_name'
/Library/Ruby/Gems/2.3.0/gems/activerecord-5.2.3/lib/active_record/reflection.rb:162:in `class_name'
/Library/Ruby/Gems/2.3.0/gems/activerecord-5.2.3/lib/active_record/reflection.rb:769:in `klass'
/Library/Ruby/Gems/2.3.0/gems/activerecord-5.2.3/lib/active_record/reflection.rb:790:in `source_reflection'
/Library/Ruby/Gems/2.3.0/gems/activerecord-5.2.3/lib/active_record/reflection.rb:991:in `derive_class_name'
/Library/Ruby/Gems/2.3.0/gems/activerecord-5.2.3/lib/active_record/reflection.rb:162:in `class_name'
/Library/Ruby/Gems/2.3.0/gems/activerecord-5.2.3/lib/active_record/reflection.rb:769:in `klass'
/Library/Ruby/Gems/2.3.0/gems/activerecord-5.2.3/lib/active_record/reflection.rb:790:in `source_reflection'
/Library/Ruby/Gems/2.3.0/gems/activerecord-5.2.3/lib/active_record/reflection.rb:991:in `derive_class_name'
/Library/Ruby/Gems/2.3.0/gems/activerecord-5.2.3/lib/active_record/reflection.rb:162:in `class_name'
/Library/Ruby/Gems/2.3.0/gems/activerecord-5.2.3/lib/active_record/reflection.rb:769:in `klass'
/Library/Ruby/Gems/2.3.0/gems/activerecord-5.2.3/lib/active_record/reflection.rb:790:in `source_reflection'
/Library/Ruby/Gems/2.3.0/gems/activerecord-5.2.3/lib/active_record/reflection.rb:991:in `derive_class_name'
/Library/Ruby/Gems/2.3.0/gems/activerecord-5.2.3/lib/active_record/reflection.rb:162:in `class_name'
/Library/Ruby/Gems/2.3.0/gems/activerecord-5.2.3/lib/active_record/reflection.rb:769:in `klass'
/Library/Ruby/Gems/2.3.0/gems/activerecord-5.2.3/lib/active_record/reflection.rb:790:in `source_reflection'
/Library/Ruby/Gems/2.3.0/gems/activerecord-5.2.3/lib/active_record/reflection.rb:991:in `derive_class_name'
/Library/Ruby/Gems/2.3.0/gems/activerecord-5.2.3/lib/active_record/reflection.rb:162:in `class_name'
/Library/Ruby/Gems/2.3.0/gems/activerecord-5.2.3/lib/active_record/reflection.rb:769:in `klass'
/Library/Ruby/Gems/2.3.0/gems/activerecord-5.2.3/lib/active_record/reflection.rb:790:in `source_reflection'
/Library/Ruby/Gems/2.3.0/gems/activerecord-5.2.3/lib/active_record/reflection.rb:991:in `derive_class_name'
/Library/Ruby/Gems/2.3.0/gems/activerecord-5.2.3/lib/active_record/reflection.rb:162:in `class_name'
/Library/Ruby/Gems/2.3.0/gems/activerecord-5.2.3/lib/active_record/reflection.rb:769:in `klass'
/Library/Ruby/Gems/2.3.0/gems/activerecord-5.2.3/lib/active_record/reflection.rb:790:in `source_reflection'
/Library/Ruby/Gems/2.3.0/gems/activerecord-5.2.3/lib/active_record/reflection.rb:991:in `derive_class_name'
/Library/Ruby/Gems/2.3.0/gems/activerecord-5.2.3/lib/active_record/reflection.rb:162:in `class_name'
/Library/Ruby/Gems/2.3.0/gems/activerecord-5.2.3/lib/active_record/reflection.rb:769:in `klass'
/Library/Ruby/Gems/2.3.0/gems/activerecord-5.2.3/lib/active_record/reflection.rb:790:in `source_reflection'
/Library/Ruby/Gems/2.3.0/gems/activerecord-5.2.3/lib/active_record/reflection.rb:991:in `derive_class_name'
/Library/Ruby/Gems/2.3.0/gems/activerecord-5.2.3/lib/active_record/reflection.rb:162:in `class_name'
/Library/Ruby/Gems/2.3.0/gems/activerecord-5.2.3/lib/active_record/reflection.rb:769:in `klass'
/Library/Ruby/Gems/2.3.0/gems/activerecord-5.2.3/lib/active_record/reflection.rb:790:in `source_reflection'
/Library/Ruby/Gems/2.3.0/gems/activerecord-5.2.3/lib/active_record/reflection.rb:991:in `derive_class_name'
/Library/Ruby/Gems/2.3.0/gems/activerecord-5.2.3/lib/active_record/reflection.rb:162:in `class_name'
/Library/Ruby/Gems/2.3.0/gems/activerecord-5.2.3/lib/active_record/reflection.rb:769:in `klass'
/Library/Ruby/Gems/2.3.0/gems/activerecord-5.2.3/lib/active_record/reflection.rb:790:in `source_reflection'
/Library/Ruby/Gems/2.3.0/gems/activerecord-5.2.3/lib/active_record/reflection.rb:991:in `derive_class_name'
/Library/Ruby/Gems/2.3.0/gems/activerecord-5.2.3/lib/active_record/reflection.rb:162:in `class_name'
/Library/Ruby/Gems/2.3.0/gems/activerecord-5.2.3/lib/active_record/reflection.rb:769:in `klass'
/Library/Ruby/Gems/2.3.0/gems/activerecord-5.2.3/lib/active_record/reflection.rb:790:in `source_reflection'
/Library/Ruby/Gems/2.3.0/gems/activerecord-5.2.3/lib/active_record/reflection.rb:991:in `derive_class_name'
/Library/Ruby/Gems/2.3.0/gems/activerecord-5.2.3/lib/active_record/reflection.rb:162:in `class_name'
/Library/Ruby/Gems/2.3.0/gems/activerecord-5.2.3/lib/active_record/reflection.rb:769:in `klass'
/Library/Ruby/Gems/2.3.0/gems/activerecord-5.2.3/lib/active_record/reflection.rb:790:in `source_reflection'
/Library/Ruby/Gems/2.3.0/gems/activerecord-5.2.3/lib/active_record/reflection.rb:991:in `derive_class_name'
/Library/Ruby/Gems/2.3.0/gems/activerecord-5.2.3/lib/active_record/reflection.rb:162:in `class_name'
/Library/Ruby/Gems/2.3.0/gems/activerecord-5.2.3/lib/active_record/reflection.rb:769:in `klass'
/Library/Ruby/Gems/2.3.0/gems/activerecord-5.2.3/lib/active_record/reflection.rb:790:in `source_reflection'
/Library/Ruby/Gems/2.3.0/gems/activerecord-5.2.3/lib/active_record/reflection.rb:991:in `derive_class_name'
/Library/Ruby/Gems/2.3.0/gems/activerecord-5.2.3/lib/active_record/reflection.rb:162:in `class_name'
/Library/Ruby/Gems/2.3.0/gems/activerecord-5.2.3/lib/active_record/reflection.rb:769:in `klass'
/Library/Ruby/Gems/2.3.0/gems/activerecord-5.2.3/lib/active_record/reflection.rb:790:in `source_reflection'
/Library/Ruby/Gems/2.3.0/gems/activerecord-5.2.3/lib/active_record/reflection.rb:991:in `derive_class_name'
/Library/Ruby/Gems/2.3.0/gems/activerecord-5.2.3/lib/active_record/reflection.rb:162:in `class_name'
/Library/Ruby/Gems/2.3.0/gems/activerecord-5.2.3/lib/active_record/reflection.rb:769:in `klass'
/Library/Ruby/Gems/2.3.0/gems/activerecord-5.2.3/lib/active_record/reflection.rb:790:in `source_reflection'
/Library/Ruby/Gems/2.3.0/gems/activerecord-5.2.3/lib/active_record/reflection.rb:991:in `derive_class_name'
/Library/Ruby/Gems/2.3.0/gems/activerecord-5.2.3/lib/active_record/reflection.rb:162:in `class_name'
/Library/Ruby/Gems/2.3.0/gems/activerecord-5.2.3/lib/active_record/reflection.rb:769:in `klass'
/Library/Ruby/Gems/2.3.0/gems/activerecord-5.2.3/lib/active_record/reflection.rb:790:in `source_reflection'
/Library/Ruby/Gems/2.3.0/gems/activerecord-5.2.3/lib/active_record/reflection.rb:991:in `derive_class_name'
/Library/Ruby/Gems/2.3.0/gems/activerecord-5.2.3/lib/active_record/reflection.rb:162:in `class_name'
/Library/Ruby/Gems/2.3.0/gems/activerecord-5.2.3/lib/active_record/reflection.rb:769:in `klass'
/Library/Ruby/Gems/2.3.0/gems/activerecord-5.2.3/lib/active_record/reflection.rb:790:in `source_reflection'
/Library/Ruby/Gems/2.3.0/gems/activerecord-5.2.3/lib/active_record/reflection.rb:991:in `derive_class_name'
/Library/Ruby/Gems/2.3.0/gems/activerecord-5.2.3/lib/active_record/reflection.rb:162:in `class_name'
/Library/Ruby/Gems/2.3.0/gems/activerecord-5.2.3/lib/active_record/reflection.rb:769:in `klass'
/Library/Ruby/Gems/2.3.0/gems/activerecord-5.2.3/lib/active_record/reflection.rb:790:in `source_reflection'
/Library/Ruby/Gems/2.3.0/gems/activerecord-5.2.3/lib/active_record/reflection.rb:991:in `derive_class_name'
/Library/Ruby/Gems/2.3.0/gems/activerecord-5.2.3/lib/active_record/reflection.rb:162:in `class_name'
/Library/Ruby/Gems/2.3.0/gems/activerecord-5.2.3/lib/active_record/reflection.rb:769:in `klass'
/Library/Ruby/Gems/2.3.0/gems/activerecord-5.2.3/lib/active_record/reflection.rb:790:in `source_reflection'
/Library/Ruby/Gems/2.3.0/gems/activerecord-5.2.3/lib/active_record/reflection.rb:991:in `derive_class_name'
/Library/Ruby/Gems/2.3.0/gems/activerecord-5.2.3/lib/active_record/reflection.rb:162:in `class_name'
/Library/Ruby/Gems/2.3.0/gems/activerecord-5.2.3/lib/active_record/reflection.rb:769:in `klass'
/Library/Ruby/Gems/2.3.0/gems/activerecord-5.2.3/lib/active_record/reflection.rb:790:in `source_reflection'
/Library/Ruby/Gems/2.3.0/gems/activerecord-5.2.3/lib/active_record/reflection.rb:991:in `derive_class_name'
/Library/Ruby/Gems/2.3.0/gems/activerecord-5.2.3/lib/active_record/reflection.rb:162:in `class_name'
/Library/Ruby/Gems/2.3.0/gems/activerecord-5.2.3/lib/active_record/reflection.rb:769:in `klass'
/Library/Ruby/Gems/2.3.0/gems/activerecord-5.2.3/lib/active_record/reflection.rb:790:in `source_reflection'
/Library/Ruby/Gems/2.3.0/gems/activerecord-5.2.3/lib/active_record/reflection.rb:991:in `derive_class_name'
/Library/Ruby/Gems/2.3.0/gems/activerecord-5.2.3/lib/active_record/reflection.rb:162:in `class_name'
/Library/Ruby/Gems/2.3.0/gems/activerecord-5.2.3/lib/active_record/reflection.rb:769:in `klass'
/Library/Ruby/Gems/2.3.0/gems/activerecord-5.2.3/lib/active_record/reflection.rb:790:in `source_reflection'
/Library/Ruby/Gems/2.3.0/gems/activerecord-5.2.3/lib/active_record/reflection.rb:991:in `derive_class_name'
/Library/Ruby/Gems/2.3.0/gems/activerecord-5.2.3/lib/active_record/reflection.rb:162:in `class_name'
/Library/Ruby/Gems/2.3.0/gems/activerecord-5.2.3/lib/active_record/reflection.rb:769:in `klass'
/Library/Ruby/Gems/2.3.0/gems/activerecord-5.2.3/lib/active_record/reflection.rb:790:in `source_reflection'
/Library/Ruby/Gems/2.3.0/gems/activerecord-5.2.3/lib/active_record/reflection.rb:991:in `derive_class_name'
/Library/Ruby/Gems/2.3.0/gems/activerecord-5.2.3/lib/active_record/reflection.rb:162:in `class_name'
/Library/Ruby/Gems/2.3.0/gems/activerecord-5.2.3/lib/active_record/reflection.rb:769:in `klass'
/Library/Ruby/Gems/2.3.0/gems/activerecord-5.2.3/lib/active_record/reflection.rb:790:in `source_reflection'
/Library/Ruby/Gems/2.3.0/gems/activerecord-5.2.3/lib/active_record/reflection.rb:991:in `derive_class_name'
/Library/Ruby/Gems/2.3.0/gems/activerecord-5.2.3/lib/active_record/reflection.rb:162:in `class_name'
/Library/Ruby/Gems/2.3.0/gems/activerecord-5.2.3/lib/active_record/reflection.rb:769:in `klass'
/Library/Ruby/Gems/2.3.0/gems/activerecord-5.2.3/lib/active_record/reflection.rb:790:in `source_reflection'
/Library/Ruby/Gems/2.3.0/gems/activerecord-5.2.3/lib/active_record/reflection.rb:991:in `derive_class_name'
/Library/Ruby/Gems/2.3.0/gems/activerecord-5.2.3/lib/active_record/reflection.rb:162:in `class_name'
/Library/Ruby/Gems/2.3.0/gems/activerecord-5.2.3/lib/active_record/reflection.rb:769:in `klass'
/Library/Ruby/Gems/2.3.0/gems/activerecord-5.2.3/lib/active_record/reflection.rb:790:in `source_reflection'
/Library/Ruby/Gems/2.3.0/gems/activerecord-5.2.3/lib/active_record/reflection.rb:991:in `derive_class_name'
/Library/Ruby/Gems/2.3.0/gems/activerecord-5.2.3/lib/active_record/reflection.rb:162:in `class_name'
/Library/Ruby/Gems/2.3.0/gems/activerecord-5.2.3/lib/active_record/reflection.rb:769:in `klass'
/Library/Ruby/Gems/2.3.0/gems/activerecord-5.2.3/lib/active_record/reflection.rb:790:in `source_reflection'
/Library/Ruby/Gems/2.3.0/gems/activerecord-5.2.3/lib/active_record/reflection.rb:991:in `derive_class_name'
/Library/Ruby/Gems/2.3.0/gems/activerecord-5.2.3/lib/active_record/reflection.rb:162:in `class_name'
/Library/Ruby/Gems/2.3.0/gems/activerecord-5.2.3/lib/active_record/reflection.rb:769:in `klass'
/Library/Ruby/Gems/2.3.0/gems/activerecord-5.2.3/lib/active_record/reflection.rb:790:in `source_reflection'
/Library/Ruby/Gems/2.3.0/gems/activerecord-5.2.3/lib/active_record/reflection.rb:991:in `derive_class_name'
/Library/Ruby/Gems/2.3.0/gems/activerecord-5.2.3/lib/active_record/reflection.rb:162:in `class_name'
/Library/Ruby/Gems/2.3.0/gems/activerecord-5.2.3/lib/active_record/reflection.rb:769:in `klass'
/Library/Ruby/Gems/2.3.0/gems/activerecord-5.2.3/lib/active_record/reflection.rb:790:in `source_reflection'
/Library/Ruby/Gems/2.3.0/gems/activerecord-5.2.3/lib/active_record/reflection.rb:991:in `derive_class_name'
/Library/Ruby/Gems/2.3.0/gems/activerecord-5.2.3/lib/active_record/reflection.rb:162:in `class_name'
/Library/Ruby/Gems/2.3.0/gems/activerecord-5.2.3/lib/active_record/reflection.rb:769:in `klass'
/Library/Ruby/Gems/2.3.0/gems/activerecord-5.2.3/lib/active_record/reflection.rb:790:in `source_reflection'
/Library/Ruby/Gems/2.3.0/gems/activerecord-5.2.3/lib/active_record/reflection.rb:991:in `derive_class_name'
/Library/Ruby/Gems/2.3.0/gems/activerecord-5.2.3/lib/active_record/reflection.rb:162:in `class_name'
/Library/Ruby/Gems/2.3.0/gems/activerecord-5.2.3/lib/active_record/reflection.rb:769:in `klass'
/Library/Ruby/Gems/2.3.0/gems/activerecord-5.2.3/lib/active_record/reflection.rb:790:in `source_reflection'
/Library/Ruby/Gems/2.3.0/gems/activerecord-5.2.3/lib/active_record/reflection.rb:991:in `derive_class_name'
/Library/Ruby/Gems/2.3.0/gems/activerecord-5.2.3/lib/active_record/reflection.rb:162:in `class_name'
/Library/Ruby/Gems/2.3.0/gems/activerecord-5.2.3/lib/active_record/reflection.rb:769:in `klass'
/Library/Ruby/Gems/2.3.0/gems/activerecord-5.2.3/lib/active_record/reflection.rb:790:in `source_reflection'
/Library/Ruby/Gems/2.3.0/gems/activerecord-5.2.3/lib/active_record/reflection.rb:991:in `derive_class_name'
/Library/Ruby/Gems/2.3.0/gems/activerecord-5.2.3/lib/active_record/reflection.rb:162:in `class_name'
/Library/Ruby/Gems/2.3.0/gems/activerecord-5.2.3/lib/active_record/reflection.rb:769:in `klass'
/Library/Ruby/Gems/2.3.0/gems/activerecord-5.2.3/lib/active_record/reflection.rb:790:in `source_reflection'
/Library/Ruby/Gems/2.3.0/gems/activerecord-5.2.3/lib/active_record/reflection.rb:991:in `derive_class_name'
/Library/Ruby/Gems/2.3.0/gems/activerecord-5.2.3/lib/active_record/reflection.rb:162:in `class_name'
/Library/Ruby/Gems/2.3.0/gems/activerecord-5.2.3/lib/active_record/reflection.rb:769:in `klass'
/Library/Ruby/Gems/2.3.0/gems/activerecord-5.2.3/lib/active_record/reflection.rb:790:in `source_reflection'
/Library/Ruby/Gems/2.3.0/gems/activerecord-5.2.3/lib/active_record/reflection.rb:991:in `derive_class_name'
/Library/Ruby/Gems/2.3.0/gems/activerecord-5.2.3/lib/active_record/reflection.rb:162:in `class_name'
/Library/Ruby/Gems/2.3.0/gems/activerecord-5.2.3/lib/active_record/reflection.rb:769:in `klass'
/Library/Ruby/Gems/2.3.0/gems/activerecord-5.2.3/lib/active_record/reflection.rb:790:in `source_reflection'
/Library/Ruby/Gems/2.3.0/gems/activerecord-5.2.3/lib/active_record/reflection.rb:991:in `derive_class_name'
/Library/Ruby/Gems/2.3.0/gems/activerecord-5.2.3/lib/active_record/reflection.rb:162:in `class_name'
/Library/Ruby/Gems/2.3.0/gems/activerecord-5.2.3/lib/active_record/reflection.rb:769:in `klass'
/Library/Ruby/Gems/2.3.0/gems/activerecord-5.2.3/lib/active_record/reflection.rb:790:in `source_reflection'
/Library/Ruby/Gems/2.3.0/gems/activerecord-5.2.3/lib/active_record/reflection.rb:991:in `derive_class_name'
/Library/Ruby/Gems/2.3.0/gems/activerecord-5.2.3/lib/active_record/reflection.rb:162:in `class_name'
/Library/Ruby/Gems/2.3.0/gems/activerecord-5.2.3/lib/active_record/reflection.rb:769:in `klass'
/Library/Ruby/Gems/2.3.0/gems/activerecord-5.2.3/lib/active_record/reflection.rb:790:in `source_reflection'
/Library/Ruby/Gems/2.3.0/gems/activerecord-5.2.3/lib/active_record/reflection.rb:991:in `derive_class_name'
/Library/Ruby/Gems/2.3.0/gems/activerecord-5.2.3/lib/active_record/reflection.rb:162:in `class_name'
/Library/Ruby/Gems/2.3.0/gems/activerecord-5.2.3/lib/active_record/reflection.rb:769:in `klass'
/Library/Ruby/Gems/2.3.0/gems/activerecord-5.2.3/lib/active_record/reflection.rb:790:in `source_reflection'
/Library/Ruby/Gems/2.3.0/gems/activerecord-5.2.3/lib/active_record/reflection.rb:991:in `derive_class_name'
/Library/Ruby/Gems/2.3.0/gems/activerecord-5.2.3/lib/active_record/reflection.rb:162:in `class_name'
/Library/Ruby/Gems/2.3.0/gems/activerecord-5.2.3/lib/active_record/reflection.rb:769:in `klass'
/Library/Ruby/Gems/2.3.0/gems/activerecord-5.2.3/lib/active_record/reflection.rb:790:in `source_reflection'
/Library/Ruby/Gems/2.3.0/gems/activerecord-5.2.3/lib/active_record/reflection.rb:991:in `derive_class_name'
/Library/Ruby/Gems/2.3.0/gems/activerecord-5.2.3/lib/active_record/reflection.rb:162:in `class_name'
/Library/Ruby/Gems/2.3.0/gems/activerecord-5.2.3/lib/active_record/reflection.rb:769:in `klass'
/Library/Ruby/Gems/2.3.0/gems/activerecord-5.2.3/lib/active_record/reflection.rb:790:in `source_reflection'
/Library/Ruby/Gems/2.3.0/gems/activerecord-5.2.3/lib/active_record/reflection.rb:991:in `derive_class_name'
/Library/Ruby/Gems/2.3.0/gems/activerecord-5.2.3/lib/active_record/reflection.rb:162:in `class_name'
/Library/Ruby/Gems/2.3.0/gems/activerecord-5.2.3/lib/active_record/reflection.rb:769:in `klass'
/Library/Ruby/Gems/2.3.0/gems/activerecord-5.2.3/lib/active_record/reflection.rb:790:in `source_reflection'
/Library/Ruby/Gems/2.3.0/gems/activerecord-5.2.3/lib/active_record/reflection.rb:991:in `derive_class_name'
/Library/Ruby/Gems/2.3.0/gems/activerecord-5.2.3/lib/active_record/reflection.rb:162:in `class_name'
/Library/Ruby/Gems/2.3.0/gems/activerecord-5.2.3/lib/active_record/reflection.rb:769:in `klass'
/Library/Ruby/Gems/2.3.0/gems/activerecord-5.2.3/lib/active_record/reflection.rb:790:in `source_reflection'
/Library/Ruby/Gems/2.3.0/gems/activerecord-5.2.3/lib/active_record/reflection.rb:991:in `derive_class_name'
/Library/Ruby/Gems/2.3.0/gems/activerecord-5.2.3/lib/active_record/reflection.rb:162:in `class_name'
/Library/Ruby/Gems/2.3.0/gems/activerecord-5.2.3/lib/active_record/reflection.rb:769:in `klass'
/Library/Ruby/Gems/2.3.0/gems/activerecord-5.2.3/lib/active_record/reflection.rb:790:in `source_reflection'
/Library/Ruby/Gems/2.3.0/gems/activerecord-5.2.3/lib/active_record/reflection.rb:991:in `derive_class_name'
/Library/Ruby/Gems/2.3.0/gems/activerecord-5.2.3/lib/active_record/reflection.rb:162:in `class_name'
/Library/Ruby/Gems/2.3.0/gems/activerecord-5.2.3/lib/active_record/reflection.rb:769:in `klass'
/Library/Ruby/Gems/2.3.0/gems/activerecord-5.2.3/lib/active_record/reflection.rb:790:in `source_reflection'
/Library/Ruby/Gems/2.3.0/gems/activerecord-5.2.3/lib/active_record/reflection.rb:991:in `derive_class_name'
/Library/Ruby/Gems/2.3.0/gems/activerecord-5.2.3/lib/active_record/reflection.rb:162:in `class_name'
/Library/Ruby/Gems/2.3.0/gems/activerecord-5.2.3/lib/active_record/reflection.rb:769:in `klass'
/Library/Ruby/Gems/2.3.0/gems/activerecord-5.2.3/lib/active_record/reflection.rb:790:in `source_reflection'
/Library/Ruby/Gems/2.3.0/gems/activerecord-5.2.3/lib/active_record/reflection.rb:991:in `derive_class_name'
/Library/Ruby/Gems/2.3.0/gems/activerecord-5.2.3/lib/active_record/reflection.rb:162:in `class_name'
/Library/Ruby/Gems/2.3.0/gems/activerecord-5.2.3/lib/active_record/reflection.rb:769:in `klass'
/Library/Ruby/Gems/2.3.0/gems/activerecord-5.2.3/lib/active_record/reflection.rb:790:in `source_reflection'
/Library/Ruby/Gems/2.3.0/gems/activerecord-5.2.3/lib/active_record/reflection.rb:991:in `derive_class_name'
/Library/Ruby/Gems/2.3.0/gems/activerecord-5.2.3/lib/active_record/reflection.rb:162:in `class_name'
/Library/Ruby/Gems/2.3.0/gems/activerecord-5.2.3/lib/active_record/reflection.rb:769:in `klass'
/Library/Ruby/Gems/2.3.0/gems/activerecord-5.2.3/lib/active_record/reflection.rb:790:in `source_reflection'
/Library/Ruby/Gems/2.3.0/gems/activerecord-5.2.3/lib/active_record/reflection.rb:991:in `derive_class_name'
/Library/Ruby/Gems/2.3.0/gems/activerecord-5.2.3/lib/active_record/reflection.rb:162:in `class_name'
/Library/Ruby/Gems/2.3.0/gems/activerecord-5.2.3/lib/active_record/reflection.rb:769:in `klass'
/Library/Ruby/Gems/2.3.0/gems/activerecord-5.2.3/lib/active_record/reflection.rb:790:in `source_reflection'
/Library/Ruby/Gems/2.3.0/gems/activerecord-5.2.3/lib/active_record/reflection.rb:991:in `derive_class_name'
/Library/Ruby/Gems/2.3.0/gems/activerecord-5.2.3/lib/active_record/reflection.rb:162:in `class_name'
/Library/Ruby/Gems/2.3.0/gems/activerecord-5.2.3/lib/active_record/reflection.rb:769:in `klass'
/Library/Ruby/Gems/2.3.0/gems/activerecord-5.2.3/lib/active_record/reflection.rb:790:in `source_reflection'
/Library/Ruby/Gems/2.3.0/gems/activerecord-5.2.3/lib/active_record/reflection.rb:991:in `derive_class_name'
/Library/Ruby/Gems/2.3.0/gems/activerecord-5.2.3/lib/active_record/reflection.rb:162:in `class_name'
/Library/Ruby/Gems/2.3.0/gems/activerecord-5.2.3/lib/active_record/reflection.rb:769:in `klass'
/Library/Ruby/Gems/2.3.0/gems/activerecord-5.2.3/lib/active_record/reflection.rb:790:in `source_reflection'
/Library/Ruby/Gems/2.3.0/gems/activerecord-5.2.3/lib/active_record/reflection.rb:991:in `derive_class_name'
/Library/Ruby/Gems/2.3.0/gems/activerecord-5.2.3/lib/active_record/reflection.rb:162:in `class_name'
/Library/Ruby/Gems/2.3.0/gems/activerecord-5.2.3/lib/active_record/reflection.rb:769:in `klass'
/Library/Ruby/Gems/2.3.0/gems/activerecord-5.2.3/lib/active_record/reflection.rb:790:in `source_reflection'
/Library/Ruby/Gems/2.3.0/gems/activerecord-5.2.3/lib/active_record/reflection.rb:991:in `derive_class_name'
/Library/Ruby/Gems/2.3.0/gems/activerecord-5.2.3/lib/active_record/reflection.rb:162:in `class_name'
/Library/Ruby/Gems/2.3.0/gems/activerecord-5.2.3/lib/active_record/reflection.rb:769:in `klass'
/Library/Ruby/Gems/2.3.0/gems/activerecord-5.2.3/lib/active_record/reflection.rb:790:in `source_reflection'
/Library/Ruby/Gems/2.3.0/gems/activerecord-5.2.3/lib/active_record/reflection.rb:991:in `derive_class_name'
/Library/Ruby/Gems/2.3.0/gems/activerecord-5.2.3/lib/active_record/reflection.rb:162:in `class_name'
/Library/Ruby/Gems/2.3.0/gems/activerecord-5.2.3/lib/active_record/reflection.rb:769:in `klass'
/Library/Ruby/Gems/2.3.0/gems/activerecord-5.2.3/lib/active_record/reflection.rb:790:in `source_reflection'
/Library/Ruby/Gems/2.3.0/gems/activerecord-5.2.3/lib/active_record/reflection.rb:991:in `derive_class_name'
/Library/Ruby/Gems/2.3.0/gems/activerecord-5.2.3/lib/active_record/reflection.rb:162:in `class_name'
/Library/Ruby/Gems/2.3.0/gems/activerecord-5.2.3/lib/active_record/reflection.rb:769:in `klass'
/Library/Ruby/Gems/2.3.0/gems/activerecord-5.2.3/lib/active_record/reflection.rb:790:in `source_reflection'
/Library/Ruby/Gems/2.3.0/gems/activerecord-5.2.3/lib/active_record/reflection.rb:991:in `derive_class_name'
/Library/Ruby/Gems/2.3.0/gems/activerecord-5.2.3/lib/active_record/reflection.rb:162:in `class_name'
/Library/Ruby/Gems/2.3.0/gems/activerecord-5.2.3/lib/active_record/reflection.rb:769:in `klass'
/Library/Ruby/Gems/2.3.0/gems/activerecord-5.2.3/lib/active_record/reflection.rb:790:in `source_reflection'
/Library/Ruby/Gems/2.3.0/gems/activerecord-5.2.3/lib/active_record/reflection.rb:991:in `derive_class_name'
/Library/Ruby/Gems/2.3.0/gems/activerecord-5.2.3/lib/active_record/reflection.rb:162:in `class_name'
/Library/Ruby/Gems/2.3.0/gems/activerecord-5.2.3/lib/active_record/reflection.rb:769:in `klass'
/Library/Ruby/Gems/2.3.0/gems/activerecord-5.2.3/lib/active_record/reflection.rb:790:in `source_reflection'
/Library/Ruby/Gems/2.3.0/gems/activerecord-5.2.3/lib/active_record/reflection.rb:991:in `derive_class_name'
/Library/Ruby/Gems/2.3.0/gems/activerecord-5.2.3/lib/active_record/reflection.rb:162:in `class_name'
/Library/Ruby/Gems/2.3.0/gems/activerecord-5.2.3/lib/active_record/reflection.rb:769:in `klass'
/Library/Ruby/Gems/2.3.0/gems/activerecord-5.2.3/lib/active_record/reflection.rb:790:in `source_reflection'
/Library/Ruby/Gems/2.3.0/gems/activerecord-5.2.3/lib/active_record/reflection.rb:991:in `derive_class_name'
/Library/Ruby/Gems/2.3.0/gems/activerecord-5.2.3/lib/active_record/reflection.rb:162:in `class_name'
/Library/Ruby/Gems/2.3.0/gems/activerecord-5.2.3/lib/active_record/reflection.rb:769:in `klass'
/Library/Ruby/Gems/2.3.0/gems/activerecord-5.2.3/lib/active_record/reflection.rb:790:in `source_reflection'
/Library/Ruby/Gems/2.3.0/gems/activerecord-5.2.3/lib/active_record/reflection.rb:991:in `derive_class_name'
/Library/Ruby/Gems/2.3.0/gems/activerecord-5.2.3/lib/active_record/reflection.rb:162:in `class_name'
/Library/Ruby/Gems/2.3.0/gems/activerecord-5.2.3/lib/active_record/reflection.rb:769:in `klass'
/Library/Ruby/Gems/2.3.0/gems/activerecord-5.2.3/lib/active_record/reflection.rb:790:in `source_reflection'
/Library/Ruby/Gems/2.3.0/gems/activerecord-5.2.3/lib/active_record/reflection.rb:991:in `derive_class_name'
/Library/Ruby/Gems/2.3.0/gems/activerecord-5.2.3/lib/active_record/reflection.rb:162:in `class_name'
/Library/Ruby/Gems/2.3.0/gems/activerecord-5.2.3/lib/active_record/reflection.rb:769:in `klass'
/Library/Ruby/Gems/2.3.0/gems/activerecord-5.2.3/lib/active_record/reflection.rb:790:in `source_reflection'
/Library/Ruby/Gems/2.3.0/gems/activerecord-5.2.3/lib/active_record/reflection.rb:991:in `derive_class_name'
/Library/Ruby/Gems/2.3.0/gems/activerecord-5.2.3/lib/active_record/reflection.rb:162:in `class_name'
/Library/Ruby/Gems/2.3.0/gems/activerecord-5.2.3/lib/active_record/reflection.rb:769:in `klass'
/Library/Ruby/Gems/2.3.0/gems/activerecord-5.2.3/lib/active_record/reflection.rb:790:in `source_reflection'
/Library/Ruby/Gems/2.3.0/gems/activerecord-5.2.3/lib/active_record/reflection.rb:991:in `derive_class_name'
/Library/Ruby/Gems/2.3.0/gems/activerecord-5.2.3/lib/active_record/reflection.rb:162:in `class_name'
/Library/Ruby/Gems/2.3.0/gems/activerecord-5.2.3/lib/active_record/reflection.rb:769:in `klass'
/Library/Ruby/Gems/2.3.0/gems/activerecord-5.2.3/lib/active_record/reflection.rb:790:in `source_reflection'
/Library/Ruby/Gems/2.3.0/gems/activerecord-5.2.3/lib/active_record/reflection.rb:991:in `derive_class_name'
/Library/Ruby/Gems/2.3.0/gems/activerecord-5.2.3/lib/active_record/reflection.rb:162:in `class_name'
/Library/Ruby/Gems/2.3.0/gems/activerecord-5.2.3/lib/active_record/reflection.rb:769:in `klass'
/Library/Ruby/Gems/2.3.0/gems/activerecord-5.2.3/lib/active_record/reflection.rb:790:in `source_reflection'
/Library/Ruby/Gems/2.3.0/gems/activerecord-5.2.3/lib/active_record/reflection.rb:991:in `derive_class_name'
/Library/Ruby/Gems/2.3.0/gems/activerecord-5.2.3/lib/active_record/reflection.rb:162:in `class_name'
/Library/Ruby/Gems/2.3.0/gems/activerecord-5.2.3/lib/active_record/reflection.rb:769:in `klass'
/Library/Ruby/Gems/2.3.0/gems/activerecord-5.2.3/lib/active_record/reflection.rb:790:in `source_reflection'
/Library/Ruby/Gems/2.3.0/gems/activerecord-5.2.3/lib/active_record/reflection.rb:991:in `derive_class_name'
/Library/Ruby/Gems/2.3.0/gems/activerecord-5.2.3/lib/active_record/reflection.rb:162:in `class_name'
/Library/Ruby/Gems/2.3.0/gems/activerecord-5.2.3/lib/active_record/reflection.rb:769:in `klass'
/Library/Ruby/Gems/2.3.0/gems/activerecord-5.2.3/lib/active_record/reflection.rb:790:in `source_reflection'
/Library/Ruby/Gems/2.3.0/gems/activerecord-5.2.3/lib/active_record/reflection.rb:991:in `derive_class_name'
/Library/Ruby/Gems/2.3.0/gems/activerecord-5.2.3/lib/active_record/reflection.rb:162:in `class_name'
/Library/Ruby/Gems/2.3.0/gems/activerecord-5.2.3/lib/active_record/reflection.rb:769:in `klass'
/Library/Ruby/Gems/2.3.0/gems/activerecord-5.2.3/lib/active_record/reflection.rb:790:in `source_reflection'
/Library/Ruby/Gems/2.3.0/gems/activerecord-5.2.3/lib/active_record/reflection.rb:991:in `derive_class_name'
/Library/Ruby/Gems/2.3.0/gems/activerecord-5.2.3/lib/active_record/reflection.rb:162:in `class_name'
/Library/Ruby/Gems/2.3.0/gems/activerecord-5.2.3/lib/active_record/reflection.rb:769:in `klass'
/Library/Ruby/Gems/2.3.0/gems/activerecord-5.2.3/lib/active_record/reflection.rb:790:in `source_reflection'
/Library/Ruby/Gems/2.3.0/gems/activerecord-5.2.3/lib/active_record/reflection.rb:991:in `derive_class_name'
/Library/Ruby/Gems/2.3.0/gems/activerecord-5.2.3/lib/active_record/reflection.rb:162:in `class_name'
/Library/Ruby/Gems/2.3.0/gems/activerecord-5.2.3/lib/active_record/reflection.rb:769:in `klass'
/Library/Ruby/Gems/2.3.0/gems/activerecord-5.2.3/lib/active_record/reflection.rb:790:in `source_reflection'
/Library/Ruby/Gems/2.3.0/gems/activerecord-5.2.3/lib/active_record/reflection.rb:991:in `derive_class_name'
/Library/Ruby/Gems/2.3.0/gems/activerecord-5.2.3/lib/active_record/reflection.rb:162:in `class_name'
/Library/Ruby/Gems/2.3.0/gems/activerecord-5.2.3/lib/active_record/reflection.rb:769:in `klass'
/Library/Ruby/Gems/2.3.0/gems/activerecord-5.2.3/lib/active_record/reflection.rb:790:in `source_reflection'
/Library/Ruby/Gems/2.3.0/gems/activerecord-5.2.3/lib/active_record/reflection.rb:991:in `derive_class_name'
/Library/Ruby/Gems/2.3.0/gems/activerecord-5.2.3/lib/active_record/reflection.rb:162:in `class_name'
/Library/Ruby/Gems/2.3.0/gems/activerecord-5.2.3/lib/active_record/reflection.rb:769:in `klass'
/Library/Ruby/Gems/2.3.0/gems/activerecord-5.2.3/lib/active_record/reflection.rb:790:in `source_reflection'
/Library/Ruby/Gems/2.3.0/gems/activerecord-5.2.3/lib/active_record/reflection.rb:991:in `derive_class_name'
/Library/Ruby/Gems/2.3.0/gems/activerecord-5.2.3/lib/active_record/reflection.rb:162:in `class_name'
/Library/Ruby/Gems/2.3.0/gems/activerecord-5.2.3/lib/active_record/reflection.rb:769:in `klass'
/Library/Ruby/Gems/2.3.0/gems/activerecord-5.2.3/lib/active_record/reflection.rb:790:in `source_reflection'
/Library/Ruby/Gems/2.3.0/gems/activerecord-5.2.3/lib/active_record/reflection.rb:991:in `derive_class_name'
/Library/Ruby/Gems/2.3.0/gems/activerecord-5.2.3/lib/active_record/reflection.rb:162:in `class_name'
/Library/Ruby/Gems/2.3.0/gems/activerecord-5.2.3/lib/active_record/reflection.rb:769:in `klass'
/Library/Ruby/Gems/2.3.0/gems/activerecord-5.2.3/lib/active_record/reflection.rb:790:in `source_reflection'
/Library/Ruby/Gems/2.3.0/gems/activerecord-5.2.3/lib/active_record/reflection.rb:991:in `derive_class_name'
/Library/Ruby/Gems/2.3.0/gems/activerecord-5.2.3/lib/active_record/reflection.rb:162:in `class_name'
/Library/Ruby/Gems/2.3.0/gems/activerecord-5.2.3/lib/active_record/reflection.rb:769:in `klass'
/Library/Ruby/Gems/2.3.0/gems/activerecord-5.2.3/lib/active_record/reflection.rb:790:in `source_reflection'
/Library/Ruby/Gems/2.3.0/gems/activerecord-5.2.3/lib/active_record/reflection.rb:991:in `derive_class_name'
/Library/Ruby/Gems/2.3.0/gems/activerecord-5.2.3/lib/active_record/reflection.rb:162:in `class_name'
/Library/Ruby/Gems/2.3.0/gems/activerecord-5.2.3/lib/active_record/reflection.rb:769:in `klass'
/Library/Ruby/Gems/2.3.0/gems/activerecord-5.2.3/lib/active_record/reflection.rb:790:in `source_reflection'
/Library/Ruby/Gems/2.3.0/gems/activerecord-5.2.3/lib/active_record/reflection.rb:991:in `derive_class_name'
/Library/Ruby/Gems/2.3.0/gems/activerecord-5.2.3/lib/active_record/reflection.rb:162:in `class_name'
/Library/Ruby/Gems/2.3.0/gems/activerecord-5.2.3/lib/active_record/reflection.rb:769:in `klass'
/Library/Ruby/Gems/2.3.0/gems/activerecord-5.2.3/lib/active_record/reflection.rb:790:in `source_reflection'
/Library/Ruby/Gems/2.3.0/gems/activerecord-5.2.3/lib/active_record/reflection.rb:991:in `derive_class_name'
/Library/Ruby/Gems/2.3.0/gems/activerecord-5.2.3/lib/active_record/reflection.rb:162:in `class_name'
/Library/Ruby/Gems/2.3.0/gems/activerecord-5.2.3/lib/active_record/reflection.rb:769:in `klass'
/Library/Ruby/Gems/2.3.0/gems/activerecord-5.2.3/lib/active_record/reflection.rb:790:in `source_reflection'
/Library/Ruby/Gems/2.3.0/gems/activerecord-5.2.3/lib/active_record/reflection.rb:991:in `derive_class_name'
/Library/Ruby/Gems/2.3.0/gems/activerecord-5.2.3/lib/active_record/reflection.rb:162:in `class_name'
/Library/Ruby/Gems/2.3.0/gems/activerecord-5.2.3/lib/active_record/reflection.rb:769:in `klass'
/Library/Ruby/Gems/2.3.0/gems/activerecord-5.2.3/lib/active_record/reflection.rb:790:in `source_reflection'
/Library/Ruby/Gems/2.3.0/gems/activerecord-5.2.3/lib/active_record/reflection.rb:991:in `derive_class_name'
/Library/Ruby/Gems/2.3.0/gems/activerecord-5.2.3/lib/active_record/reflection.rb:162:in `class_name'
/Library/Ruby/Gems/2.3.0/gems/activerecord-5.2.3/lib/active_record/reflection.rb:769:in `klass'
/Library/Ruby/Gems/2.3.0/gems/activerecord-5.2.3/lib/active_record/reflection.rb:790:in `source_reflection'
/Library/Ruby/Gems/2.3.0/gems/activerecord-5.2.3/lib/active_record/reflection.rb:991:in `derive_class_name'
/Library/Ruby/Gems/2.3.0/gems/activerecord-5.2.3/lib/active_record/reflection.rb:162:in `class_name'
/Library/Ruby/Gems/2.3.0/gems/activerecord-5.2.3/lib/active_record/reflection.rb:769:in `klass'
/Library/Ruby/Gems/2.3.0/gems/activerecord-5.2.3/lib/active_record/reflection.rb:790:in `source_reflection'
/Library/Ruby/Gems/2.3.0/gems/activerecord-5.2.3/lib/active_record/reflection.rb:991:in `derive_class_name'
/Library/Ruby/Gems/2.3.0/gems/activerecord-5.2.3/lib/active_record/reflection.rb:162:in `class_name'
/Library/Ruby/Gems/2.3.0/gems/activerecord-5.2.3/lib/active_record/reflection.rb:769:in `klass'
/Library/Ruby/Gems/2.3.0/gems/activerecord-5.2.3/lib/active_record/reflection.rb:790:in `source_reflection'
/Library/Ruby/Gems/2.3.0/gems/activerecord-5.2.3/lib/active_record/reflection.rb:991:in `derive_class_name'
/Library/Ruby/Gems/2.3.0/gems/activerecord-5.2.3/lib/active_record/reflection.rb:162:in `class_name'
/Library/Ruby/Gems/2.3.0/gems/activerecord-5.2.3/lib/active_record/reflection.rb:769:in `klass'
/Library/Ruby/Gems/2.3.0/gems/activerecord-5.2.3/lib/active_record/reflection.rb:790:in `source_reflection'
/Library/Ruby/Gems/2.3.0/gems/activerecord-5.2.3/lib/active_record/reflection.rb:991:in `derive_class_name'
/Library/Ruby/Gems/2.3.0/gems/activerecord-5.2.3/lib/active_record/reflection.rb:162:in `class_name'
/Library/Ruby/Gems/2.3.0/gems/activerecord-5.2.3/lib/active_record/reflection.rb:769:in `klass'
/Library/Ruby/Gems/2.3.0/gems/activerecord-5.2.3/lib/active_record/reflection.rb:790:in `source_reflection'
/Library/Ruby/Gems/2.3.0/gems/activerecord-5.2.3/lib/active_record/reflection.rb:991:in `derive_class_name'
/Library/Ruby/Gems/2.3.0/gems/activerecord-5.2.3/lib/active_record/reflection.rb:162:in `class_name'
/Library/Ruby/Gems/2.3.0/gems/activerecord-5.2.3/lib/active_record/reflection.rb:769:in `klass'
/Library/Ruby/Gems/2.3.0/gems/activerecord-5.2.3/lib/active_record/reflection.rb:790:in `source_reflection'
/Library/Ruby/Gems/2.3.0/gems/activerecord-5.2.3/lib/active_record/reflection.rb:991:in `derive_class_name'
/Library/Ruby/Gems/2.3.0/gems/activerecord-5.2.3/lib/active_record/reflection.rb:162:in `class_name'
/Library/Ruby/Gems/2.3.0/gems/activerecord-5.2.3/lib/active_record/reflection.rb:769:in `klass'
/Library/Ruby/Gems/2.3.0/gems/activerecord-5.2.3/lib/active_record/reflection.rb:790:in `source_reflection'
/Library/Ruby/Gems/2.3.0/gems/activerecord-5.2.3/lib/active_record/reflection.rb:991:in `derive_class_name'
/Library/Ruby/Gems/2.3.0/gems/activerecord-5.2.3/lib/active_record/reflection.rb:162:in `class_name'
/Library/Ruby/Gems/2.3.0/gems/activerecord-5.2.3/lib/active_record/reflection.rb:769:in `klass'
/Library/Ruby/Gems/2.3.0/gems/activerecord-5.2.3/lib/active_record/reflection.rb:790:in `source_reflection'
/Library/Ruby/Gems/2.3.0/gems/activerecord-5.2.3/lib/active_record/reflection.rb:991:in `derive_class_name'
/Library/Ruby/Gems/2.3.0/gems/activerecord-5.2.3/lib/active_record/reflection.rb:162:in `class_name'
/Library/Ruby/Gems/2.3.0/gems/activerecord-5.2.3/lib/active_record/reflection.rb:769:in `klass'
/Library/Ruby/Gems/2.3.0/gems/activerecord-5.2.3/lib/active_record/reflection.rb:790:in `source_reflection'
/Library/Ruby/Gems/2.3.0/gems/activerecord-5.2.3/lib/active_record/reflection.rb:991:in `derive_class_name'
/Library/Ruby/Gems/2.3.0/gems/activerecord-5.2.3/lib/active_record/reflection.rb:162:in `class_name'
/Library/Ruby/Gems/2.3.0/gems/activerecord-5.2.3/lib/active_record/reflection.rb:769:in `klass'
/Library/Ruby/Gems/2.3.0/gems/activerecord-5.2.3/lib/active_record/reflection.rb:790:in `source_reflection'
/Library/Ruby/Gems/2.3.0/gems/activerecord-5.2.3/lib/active_record/reflection.rb:991:in `derive_class_name'
/Library/Ruby/Gems/2.3.0/gems/activerecord-5.2.3/lib/active_record/reflection.rb:162:in `class_name'
/Library/Ruby/Gems/2.3.0/gems/activerecord-5.2.3/lib/active_record/reflection.rb:769:in `klass'
/Library/Ruby/Gems/2.3.0/gems/activerecord-5.2.3/lib/active_record/reflection.rb:790:in `source_reflection'
/Library/Ruby/Gems/2.3.0/gems/activerecord-5.2.3/lib/active_record/reflection.rb:991:in `derive_class_name'
/Library/Ruby/Gems/2.3.0/gems/activerecord-5.2.3/lib/active_record/reflection.rb:162:in `class_name'
/Library/Ruby/Gems/2.3.0/gems/activerecord-5.2.3/lib/active_record/reflection.rb:769:in `klass'
/Library/Ruby/Gems/2.3.0/gems/activerecord-5.2.3/lib/active_record/reflection.rb:790:in `source_reflection'
/Library/Ruby/Gems/2.3.0/gems/activerecord-5.2.3/lib/active_record/reflection.rb:991:in `derive_class_name'
/Library/Ruby/Gems/2.3.0/gems/activerecord-5.2.3/lib/active_record/reflection.rb:162:in `class_name'
/Library/Ruby/Gems/2.3.0/gems/activerecord-5.2.3/lib/active_record/reflection.rb:769:in `klass'
/Library/Ruby/Gems/2.3.0/gems/activerecord-5.2.3/lib/active_record/reflection.rb:790:in `source_reflection'
/Library/Ruby/Gems/2.3.0/gems/activerecord-5.2.3/lib/active_record/reflection.rb:991:in `derive_class_name'
/Library/Ruby/Gems/2.3.0/gems/activerecord-5.2.3/lib/active_record/reflection.rb:162:in `class_name'
/Library/Ruby/Gems/2.3.0/gems/activerecord-5.2.3/lib/active_record/reflection.rb:769:in `klass'
/Library/Ruby/Gems/2.3.0/gems/activerecord-5.2.3/lib/active_record/reflection.rb:790:in `source_reflection'
/Library/Ruby/Gems/2.3.0/gems/activerecord-5.2.3/lib/active_record/reflection.rb:991:in `derive_class_name'
/Library/Ruby/Gems/2.3.0/gems/activerecord-5.2.3/lib/active_record/reflection.rb:162:in `class_name'
/Library/Ruby/Gems/2.3.0/gems/activerecord-5.2.3/lib/active_record/reflection.rb:769:in `klass'
/Library/Ruby/Gems/2.3.0/gems/activerecord-5.2.3/lib/active_record/reflection.rb:790:in `source_reflection'
/Library/Ruby/Gems/2.3.0/gems/activerecord-5.2.3/lib/active_record/reflection.rb:991:in `derive_class_name'
/Library/Ruby/Gems/2.3.0/gems/activerecord-5.2.3/lib/active_record/reflection.rb:162:in `class_name'
/Library/Ruby/Gems/2.3.0/gems/activerecord-5.2.3/lib/active_record/reflection.rb:769:in `klass'
/Library/Ruby/Gems/2.3.0/gems/activerecord-5.2.3/lib/active_record/reflection.rb:790:in `source_reflection'
/Library/Ruby/Gems/2.3.0/gems/activerecord-5.2.3/lib/active_record/reflection.rb:991:in `derive_class_name'
/Library/Ruby/Gems/2.3.0/gems/activerecord-5.2.3/lib/active_record/reflection.rb:162:in `class_name'
/Library/Ruby/Gems/2.3.0/gems/activerecord-5.2.3/lib/active_record/reflection.rb:769:in `klass'
/Library/Ruby/Gems/2.3.0/gems/activerecord-5.2.3/lib/active_record/reflection.rb:790:in `source_reflection'
/Library/Ruby/Gems/2.3.0/gems/activerecord-5.2.3/lib/active_record/reflection.rb:991:in `derive_class_name'
/Library/Ruby/Gems/2.3.0/gems/activerecord-5.2.3/lib/active_record/reflection.rb:162:in `class_name'
/Library/Ruby/Gems/2.3.0/gems/activerecord-5.2.3/lib/active_record/reflection.rb:769:in `klass'
/Library/Ruby/Gems/2.3.0/gems/activerecord-5.2.3/lib/active_record/reflection.rb:790:in `source_reflection'
/Library/Ruby/Gems/2.3.0/gems/activerecord-5.2.3/lib/active_record/reflection.rb:991:in `derive_class_name'
/Library/Ruby/Gems/2.3.0/gems/activerecord-5.2.3/lib/active_record/reflection.rb:162:in `class_name'
/Library/Ruby/Gems/2.3.0/gems/activerecord-5.2.3/lib/active_record/reflection.rb:769:in `klass'
/Library/Ruby/Gems/2.3.0/gems/activerecord-5.2.3/lib/active_record/reflection.rb:790:in `source_reflection'
/Library/Ruby/Gems/2.3.0/gems/activerecord-5.2.3/lib/active_record/reflection.rb:991:in `derive_class_name'
/Library/Ruby/Gems/2.3.0/gems/activerecord-5.2.3/lib/active_record/reflection.rb:162:in `class_name'
/Library/Ruby/Gems/2.3.0/gems/activerecord-5.2.3/lib/active_record/reflection.rb:769:in `klass'
/Library/Ruby/Gems/2.3.0/gems/activerecord-5.2.3/lib/active_record/reflection.rb:790:in `source_reflection'
/Library/Ruby/Gems/2.3.0/gems/activerecord-5.2.3/lib/active_record/reflection.rb:991:in `derive_class_name'
/Library/Ruby/Gems/2.3.0/gems/activerecord-5.2.3/lib/active_record/reflection.rb:162:in `class_name'
/Library/Ruby/Gems/2.3.0/gems/activerecord-5.2.3/lib/active_record/reflection.rb:769:in `klass'
/Library/Ruby/Gems/2.3.0/gems/activerecord-5.2.3/lib/active_record/reflection.rb:790:in `source_reflection'
/Library/Ruby/Gems/2.3.0/gems/activerecord-5.2.3/lib/active_record/reflection.rb:991:in `derive_class_name'
/Library/Ruby/Gems/2.3.0/gems/activerecord-5.2.3/lib/active_record/reflection.rb:162:in `class_name'
/Library/Ruby/Gems/2.3.0/gems/activerecord-5.2.3/lib/active_record/reflection.rb:769:in `klass'
/Library/Ruby/Gems/2.3.0/gems/activerecord-5.2.3/lib/active_record/reflection.rb:790:in `source_reflection'
/Library/Ruby/Gems/2.3.0/gems/activerecord-5.2.3/lib/active_record/reflection.rb:991:in `derive_class_name'
/Library/Ruby/Gems/2.3.0/gems/activerecord-5.2.3/lib/active_record/reflection.rb:162:in `class_name'
/Library/Ruby/Gems/2.3.0/gems/activerecord-5.2.3/lib/active_record/reflection.rb:769:in `klass'
/Library/Ruby/Gems/2.3.0/gems/activerecord-5.2.3/lib/active_record/reflection.rb:790:in `source_reflection'
/Library/Ruby/Gems/2.3.0/gems/activerecord-5.2.3/lib/active_record/reflection.rb:991:in `derive_class_name'
/Library/Ruby/Gems/2.3.0/gems/activerecord-5.2.3/lib/active_record/reflection.rb:162:in `class_name'
/Library/Ruby/Gems/2.3.0/gems/activerecord-5.2.3/lib/active_record/reflection.rb:769:in `klass'
/Library/Ruby/Gems/2.3.0/gems/activerecord-5.2.3/lib/active_record/reflection.rb:790:in `source_reflection'
/Library/Ruby/Gems/2.3.0/gems/activerecord-5.2.3/lib/active_record/reflection.rb:991:in `derive_class_name'
/Library/Ruby/Gems/2.3.0/gems/activerecord-5.2.3/lib/active_record/reflection.rb:162:in `class_name'
/Library/Ruby/Gems/2.3.0/gems/activerecord-5.2.3/lib/active_record/reflection.rb:769:in `klass'
/Library/Ruby/Gems/2.3.0/gems/activerecord-5.2.3/lib/active_record/reflection.rb:790:in `source_reflection'
/Library/Ruby/Gems/2.3.0/gems/activerecord-5.2.3/lib/active_record/reflection.rb:991:in `derive_class_name'
/Library/Ruby/Gems/2.3.0/gems/activerecord-5.2.3/lib/active_record/reflection.rb:162:in `class_name'
/Library/Ruby/Gems/2.3.0/gems/activerecord-5.2.3/lib/active_record/reflection.rb:769:in `klass'
/Library/Ruby/Gems/2.3.0/gems/activerecord-5.2.3/lib/active_record/reflection.rb:790:in `source_reflection'
/Library/Ruby/Gems/2.3.0/gems/activerecord-5.2.3/lib/active_record/reflection.rb:991:in `derive_class_name'
/Library/Ruby/Gems/2.3.0/gems/activerecord-5.2.3/lib/active_record/reflection.rb:162:in `class_name'
/Library/Ruby/Gems/2.3.0/gems/activerecord-5.2.3/lib/active_record/reflection.rb:769:in `klass'
/Library/Ruby/Gems/2.3.0/gems/activerecord-5.2.3/lib/active_record/reflection.rb:790:in `source_reflection'
/Library/Ruby/Gems/2.3.0/gems/activerecord-5.2.3/lib/active_record/reflection.rb:991:in `derive_class_name'
/Library/Ruby/Gems/2.3.0/gems/activerecord-5.2.3/lib/active_record/reflection.rb:162:in `class_name'
/Library/Ruby/Gems/2.3.0/gems/activerecord-5.2.3/lib/active_record/reflection.rb:769:in `klass'
/Library/Ruby/Gems/2.3.0/gems/activerecord-5.2.3/lib/active_record/reflection.rb:790:in `source_reflection'
/Library/Ruby/Gems/2.3.0/gems/activerecord-5.2.3/lib/active_record/reflection.rb:991:in `derive_class_name'
/Library/Ruby/Gems/2.3.0/gems/activerecord-5.2.3/lib/active_record/reflection.rb:162:in `class_name'
/Library/Ruby/Gems/2.3.0/gems/activerecord-5.2.3/lib/active_record/reflection.rb:769:in `klass'
/Library/Ruby/Gems/2.3.0/gems/activerecord-5.2.3/lib/active_record/reflection.rb:790:in `source_reflection'
/Library/Ruby/Gems/2.3.0/gems/activerecord-5.2.3/lib/active_record/reflection.rb:991:in `derive_class_name'
/Library/Ruby/Gems/2.3.0/gems/activerecord-5.2.3/lib/active_record/reflection.rb:162:in `class_name'
/Library/Ruby/Gems/2.3.0/gems/activerecord-5.2.3/lib/active_record/reflection.rb:769:in `klass'
/Library/Ruby/Gems/2.3.0/gems/activerecord-5.2.3/lib/active_record/reflection.rb:790:in `source_reflection'
/Library/Ruby/Gems/2.3.0/gems/activerecord-5.2.3/lib/active_record/reflection.rb:991:in `derive_class_name'
/Library/Ruby/Gems/2.3.0/gems/activerecord-5.2.3/lib/active_record/reflection.rb:162:in `class_name'
/Library/Ruby/Gems/2.3.0/gems/activerecord-5.2.3/lib/active_record/reflection.rb:769:in `klass'
/Library/Ruby/Gems/2.3.0/gems/activerecord-5.2.3/lib/active_record/reflection.rb:790:in `source_reflection'
/Library/Ruby/Gems/2.3.0/gems/activerecord-5.2.3/lib/active_record/reflection.rb:991:in `derive_class_name'
/Library/Ruby/Gems/2.3.0/gems/activerecord-5.2.3/lib/active_record/reflection.rb:162:in `class_name'
/Library/Ruby/Gems/2.3.0/gems/activerecord-5.2.3/lib/active_record/reflection.rb:769:in `klass'
/Library/Ruby/Gems/2.3.0/gems/activerecord-5.2.3/lib/active_record/reflection.rb:790:in `source_reflection'
/Library/Ruby/Gems/2.3.0/gems/activerecord-5.2.3/lib/active_record/reflection.rb:991:in `derive_class_name'
/Library/Ruby/Gems/2.3.0/gems/activerecord-5.2.3/lib/active_record/reflection.rb:162:in `class_name'
/Library/Ruby/Gems/2.3.0/gems/activerecord-5.2.3/lib/active_record/reflection.rb:769:in `klass'
/Library/Ruby/Gems/2.3.0/gems/activerecord-5.2.3/lib/active_record/reflection.rb:790:in `source_reflection'
/Library/Ruby/Gems/2.3.0/gems/activerecord-5.2.3/lib/active_record/reflection.rb:991:in `derive_class_name'
/Library/Ruby/Gems/2.3.0/gems/activerecord-5.2.3/lib/active_record/reflection.rb:162:in `class_name'
/Library/Ruby/Gems/2.3.0/gems/activerecord-5.2.3/lib/active_record/reflection.rb:769:in `klass'
/Library/Ruby/Gems/2.3.0/gems/activerecord-5.2.3/lib/active_record/reflection.rb:790:in `source_reflection'
/Library/Ruby/Gems/2.3.0/gems/activerecord-5.2.3/lib/active_record/reflection.rb:991:in `derive_class_name'
/Library/Ruby/Gems/2.3.0/gems/activerecord-5.2.3/lib/active_record/reflection.rb:162:in `class_name'
/Library/Ruby/Gems/2.3.0/gems/activerecord-5.2.3/lib/active_record/reflection.rb:769:in `klass'
/Library/Ruby/Gems/2.3.0/gems/activerecord-5.2.3/lib/active_record/reflection.rb:790:in `source_reflection'
/Library/Ruby/Gems/2.3.0/gems/activerecord-5.2.3/lib/active_record/reflection.rb:991:in `derive_class_name'
/Library/Ruby/Gems/2.3.0/gems/activerecord-5.2.3/lib/active_record/reflection.rb:162:in `class_name'
/Library/Ruby/Gems/2.3.0/gems/activerecord-5.2.3/lib/active_record/reflection.rb:769:in `klass'
/Library/Ruby/Gems/2.3.0/gems/activerecord-5.2.3/lib/active_record/reflection.rb:790:in `source_reflection'
/Library/Ruby/Gems/2.3.0/gems/activerecord-5.2.3/lib/active_record/reflection.rb:991:in `derive_class_name'
/Library/Ruby/Gems/2.3.0/gems/activerecord-5.2.3/lib/active_record/reflection.rb:162:in `class_name'
/Library/Ruby/Gems/2.3.0/gems/activerecord-5.2.3/lib/active_record/reflection.rb:769:in `klass'
/Library/Ruby/Gems/2.3.0/gems/activerecord-5.2.3/lib/active_record/reflection.rb:790:in `source_reflection'
/Library/Ruby/Gems/2.3.0/gems/activerecord-5.2.3/lib/active_record/reflection.rb:991:in `derive_class_name'
/Library/Ruby/Gems/2.3.0/gems/activerecord-5.2.3/lib/active_record/reflection.rb:162:in `class_name'
/Library/Ruby/Gems/2.3.0/gems/activerecord-5.2.3/lib/active_record/reflection.rb:769:in `klass'
/Library/Ruby/Gems/2.3.0/gems/activerecord-5.2.3/lib/active_record/reflection.rb:790:in `source_reflection'
/Library/Ruby/Gems/2.3.0/gems/activerecord-5.2.3/lib/active_record/reflection.rb:991:in `derive_class_name'
/Library/Ruby/Gems/2.3.0/gems/activerecord-5.2.3/lib/active_record/reflection.rb:162:in `class_name'
/Library/Ruby/Gems/2.3.0/gems/activerecord-5.2.3/lib/active_record/reflection.rb:769:in `klass'
/Library/Ruby/Gems/2.3.0/gems/activerecord-5.2.3/lib/active_record/reflection.rb:790:in `source_reflection'
/Library/Ruby/Gems/2.3.0/gems/activerecord-5.2.3/lib/active_record/reflection.rb:991:in `derive_class_name'
/Library/Ruby/Gems/2.3.0/gems/activerecord-5.2.3/lib/active_record/reflection.rb:162:in `class_name'
/Library/Ruby/Gems/2.3.0/gems/activerecord-5.2.3/lib/active_record/reflection.rb:769:in `klass'
/Library/Ruby/Gems/2.3.0/gems/activerecord-5.2.3/lib/active_record/reflection.rb:790:in `source_reflection'
/Library/Ruby/Gems/2.3.0/gems/activerecord-5.2.3/lib/active_record/reflection.rb:991:in `derive_class_name'
/Library/Ruby/Gems/2.3.0/gems/activerecord-5.2.3/lib/active_record/reflection.rb:162:in `class_name'
/Library/Ruby/Gems/2.3.0/gems/activerecord-5.2.3/lib/active_record/reflection.rb:769:in `klass'
/Library/Ruby/Gems/2.3.0/gems/activerecord-5.2.3/lib/active_record/reflection.rb:790:in `source_reflection'
/Library/Ruby/Gems/2.3.0/gems/activerecord-5.2.3/lib/active_record/reflection.rb:991:in `derive_class_name'
/Library/Ruby/Gems/2.3.0/gems/activerecord-5.2.3/lib/active_record/reflection.rb:162:in `class_name'
/Library/Ruby/Gems/2.3.0/gems/activerecord-5.2.3/lib/active_record/reflection.rb:769:in `klass'
/Library/Ruby/Gems/2.3.0/gems/activerecord-5.2.3/lib/active_record/reflection.rb:790:in `source_reflection'
/Library/Ruby/Gems/2.3.0/gems/activerecord-5.2.3/lib/active_record/reflection.rb:991:in `derive_class_name'
/Library/Ruby/Gems/2.3.0/gems/activerecord-5.2.3/lib/active_record/reflection.rb:162:in `class_name'
/Library/Ruby/Gems/2.3.0/gems/activerecord-5.2.3/lib/active_record/reflection.rb:769:in `klass'
/Library/Ruby/Gems/2.3.0/gems/activerecord-5.2.3/lib/active_record/reflection.rb:790:in `source_reflection'
/Library/Ruby/Gems/2.3.0/gems/activerecord-5.2.3/lib/active_record/reflection.rb:991:in `derive_class_name'
/Library/Ruby/Gems/2.3.0/gems/activerecord-5.2.3/lib/active_record/reflection.rb:162:in `class_name'
/Library/Ruby/Gems/2.3.0/gems/activerecord-5.2.3/lib/active_record/reflection.rb:769:in `klass'
/Library/Ruby/Gems/2.3.0/gems/activerecord-5.2.3/lib/active_record/reflection.rb:790:in `source_reflection'
/Library/Ruby/Gems/2.3.0/gems/activerecord-5.2.3/lib/active_record/reflection.rb:991:in `derive_class_name'
/Library/Ruby/Gems/2.3.0/gems/activerecord-5.2.3/lib/active_record/reflection.rb:162:in `class_name'
/Library/Ruby/Gems/2.3.0/gems/activerecord-5.2.3/lib/active_record/reflection.rb:769:in `klass'
/Library/Ruby/Gems/2.3.0/gems/activerecord-5.2.3/lib/active_record/reflection.rb:790:in `source_reflection'
/Library/Ruby/Gems/2.3.0/gems/activerecord-5.2.3/lib/active_record/reflection.rb:991:in `derive_class_name'
/Library/Ruby/Gems/2.3.0/gems/activerecord-5.2.3/lib/active_record/reflection.rb:162:in `class_name'
/Library/Ruby/Gems/2.3.0/gems/activerecord-5.2.3/lib/active_record/reflection.rb:769:in `klass'
/Library/Ruby/Gems/2.3.0/gems/activerecord-5.2.3/lib/active_record/reflection.rb:790:in `source_reflection'
/Library/Ruby/Gems/2.3.0/gems/activerecord-5.2.3/lib/active_record/reflection.rb:991:in `derive_class_name'
/Library/Ruby/Gems/2.3.0/gems/activerecord-5.2.3/lib/active_record/reflection.rb:162:in `class_name'
/Library/Ruby/Gems/2.3.0/gems/activerecord-5.2.3/lib/active_record/reflection.rb:769:in `klass'
/Library/Ruby/Gems/2.3.0/gems/activerecord-5.2.3/lib/active_record/reflection.rb:790:in `source_reflection'
/Library/Ruby/Gems/2.3.0/gems/activerecord-5.2.3/lib/active_record/reflection.rb:991:in `derive_class_name'
/Library/Ruby/Gems/2.3.0/gems/activerecord-5.2.3/lib/active_record/reflection.rb:162:in `class_name'
/Library/Ruby/Gems/2.3.0/gems/activerecord-5.2.3/lib/active_record/reflection.rb:769:in `klass'
/Library/Ruby/Gems/2.3.0/gems/activerecord-5.2.3/lib/active_record/reflection.rb:790:in `source_reflection'
/Library/Ruby/Gems/2.3.0/gems/activerecord-5.2.3/lib/active_record/reflection.rb:991:in `derive_class_name'
/Library/Ruby/Gems/2.3.0/gems/activerecord-5.2.3/lib/active_record/reflection.rb:162:in `class_name'
/Library/Ruby/Gems/2.3.0/gems/activerecord-5.2.3/lib/active_record/reflection.rb:769:in `klass'
/Library/Ruby/Gems/2.3.0/gems/activerecord-5.2.3/lib/active_record/reflection.rb:790:in `source_reflection'
/Library/Ruby/Gems/2.3.0/gems/activerecord-5.2.3/lib/active_record/reflection.rb:991:in `derive_class_name'
/Library/Ruby/Gems/2.3.0/gems/activerecord-5.2.3/lib/active_record/reflection.rb:162:in `class_name'
/Library/Ruby/Gems/2.3.0/gems/activerecord-5.2.3/lib/active_record/reflection.rb:769:in `klass'
/Library/Ruby/Gems/2.3.0/gems/activerecord-5.2.3/lib/active_record/reflection.rb:790:in `source_reflection'
/Library/Ruby/Gems/2.3.0/gems/activerecord-5.2.3/lib/active_record/reflection.rb:991:in `derive_class_name'
/Library/Ruby/Gems/2.3.0/gems/activerecord-5.2.3/lib/active_record/reflection.rb:162:in `class_name'
/Library/Ruby/Gems/2.3.0/gems/activerecord-5.2.3/lib/active_record/reflection.rb:769:in `klass'
/Library/Ruby/Gems/2.3.0/gems/activerecord-5.2.3/lib/active_record/reflection.rb:790:in `source_reflection'
/Library/Ruby/Gems/2.3.0/gems/activerecord-5.2.3/lib/active_record/reflection.rb:991:in `derive_class_name'
/Library/Ruby/Gems/2.3.0/gems/activerecord-5.2.3/lib/active_record/reflection.rb:162:in `class_name'
/Library/Ruby/Gems/2.3.0/gems/activerecord-5.2.3/lib/active_record/reflection.rb:769:in `klass'
/Library/Ruby/Gems/2.3.0/gems/activerecord-5.2.3/lib/active_record/reflection.rb:790:in `source_reflection'
/Library/Ruby/Gems/2.3.0/gems/activerecord-5.2.3/lib/active_record/reflection.rb:991:in `derive_class_name'
/Library/Ruby/Gems/2.3.0/gems/activerecord-5.2.3/lib/active_record/reflection.rb:162:in `class_name'
/Library/Ruby/Gems/2.3.0/gems/activerecord-5.2.3/lib/active_record/reflection.rb:769:in `klass'
/Library/Ruby/Gems/2.3.0/gems/activerecord-5.2.3/lib/active_record/reflection.rb:790:in `source_reflection'
/Library/Ruby/Gems/2.3.0/gems/activerecord-5.2.3/lib/active_record/reflection.rb:991:in `derive_class_name'
/Library/Ruby/Gems/2.3.0/gems/activerecord-5.2.3/lib/active_record/reflection.rb:162:in `class_name'
/Library/Ruby/Gems/2.3.0/gems/activerecord-5.2.3/lib/active_record/reflection.rb:769:in `klass'
/Library/Ruby/Gems/2.3.0/gems/activerecord-5.2.3/lib/active_record/reflection.rb:790:in `source_reflection'
/Library/Ruby/Gems/2.3.0/gems/activerecord-5.2.3/lib/active_record/reflection.rb:991:in `derive_class_name'
/Library/Ruby/Gems/2.3.0/gems/activerecord-5.2.3/lib/active_record/reflection.rb:162:in `class_name'
/Library/Ruby/Gems/2.3.0/gems/activerecord-5.2.3/lib/active_record/reflection.rb:769:in `klass'
/Library/Ruby/Gems/2.3.0/gems/activerecord-5.2.3/lib/active_record/reflection.rb:790:in `source_reflection'
/Library/Ruby/Gems/2.3.0/gems/activerecord-5.2.3/lib/active_record/reflection.rb:991:in `derive_class_name'
/Library/Ruby/Gems/2.3.0/gems/activerecord-5.2.3/lib/active_record/reflection.rb:162:in `class_name'
/Library/Ruby/Gems/2.3.0/gems/activerecord-5.2.3/lib/active_record/reflection.rb:769:in `klass'
/Library/Ruby/Gems/2.3.0/gems/activerecord-5.2.3/lib/active_record/reflection.rb:790:in `source_reflection'
/Library/Ruby/Gems/2.3.0/gems/activerecord-5.2.3/lib/active_record/reflection.rb:991:in `derive_class_name'
/Library/Ruby/Gems/2.3.0/gems/activerecord-5.2.3/lib/active_record/reflection.rb:162:in `class_name'
/Library/Ruby/Gems/2.3.0/gems/activerecord-5.2.3/lib/active_record/reflection.rb:769:in `klass'
/Library/Ruby/Gems/2.3.0/gems/activerecord-5.2.3/lib/active_record/reflection.rb:790:in `source_reflection'
/Library/Ruby/Gems/2.3.0/gems/activerecord-5.2.3/lib/active_record/reflection.rb:991:in `derive_class_name'
/Library/Ruby/Gems/2.3.0/gems/activerecord-5.2.3/lib/active_record/reflection.rb:162:in `class_name'
/Library/Ruby/Gems/2.3.0/gems/activerecord-5.2.3/lib/active_record/reflection.rb:769:in `klass'
/Library/Ruby/Gems/2.3.0/gems/activerecord-5.2.3/lib/active_record/reflection.rb:790:in `source_reflection'
/Library/Ruby/Gems/2.3.0/gems/activerecord-5.2.3/lib/active_record/reflection.rb:991:in `derive_class_name'
/Library/Ruby/Gems/2.3.0/gems/activerecord-5.2.3/lib/active_record/reflection.rb:162:in `class_name'
/Library/Ruby/Gems/2.3.0/gems/activerecord-5.2.3/lib/active_record/reflection.rb:769:in `klass'
/Library/Ruby/Gems/2.3.0/gems/activerecord-5.2.3/lib/active_record/reflection.rb:790:in `source_reflection'
/Library/Ruby/Gems/2.3.0/gems/activerecord-5.2.3/lib/active_record/reflection.rb:991:in `derive_class_name'
/Library/Ruby/Gems/2.3.0/gems/activerecord-5.2.3/lib/active_record/reflection.rb:162:in `class_name'
/Library/Ruby/Gems/2.3.0/gems/activerecord-5.2.3/lib/active_record/reflection.rb:769:in `klass'
/Library/Ruby/Gems/2.3.0/gems/activerecord-5.2.3/lib/active_record/reflection.rb:790:in `source_reflection'
/Library/Ruby/Gems/2.3.0/gems/activerecord-5.2.3/lib/active_record/reflection.rb:991:in `derive_class_name'
/Library/Ruby/Gems/2.3.0/gems/activerecord-5.2.3/lib/active_record/reflection.rb:162:in `class_name'
/Library/Ruby/Gems/2.3.0/gems/activerecord-5.2.3/lib/active_record/reflection.rb:769:in `klass'
/Library/Ruby/Gems/2.3.0/gems/activerecord-5.2.3/lib/active_record/reflection.rb:790:in `source_reflection'
/Library/Ruby/Gems/2.3.0/gems/activerecord-5.2.3/lib/active_record/reflection.rb:991:in `derive_class_name'
/Library/Ruby/Gems/2.3.0/gems/activerecord-5.2.3/lib/active_record/reflection.rb:162:in `class_name'
/Library/Ruby/Gems/2.3.0/gems/activerecord-5.2.3/lib/active_record/reflection.rb:769:in `klass'
/Library/Ruby/Gems/2.3.0/gems/activerecord-5.2.3/lib/active_record/reflection.rb:790:in `source_reflection'
/Library/Ruby/Gems/2.3.0/gems/activerecord-5.2.3/lib/active_record/reflection.rb:991:in `derive_class_name'
/Library/Ruby/Gems/2.3.0/gems/activerecord-5.2.3/lib/active_record/reflection.rb:162:in `class_name'
/Library/Ruby/Gems/2.3.0/gems/activerecord-5.2.3/lib/active_record/reflection.rb:769:in `klass'
/Library/Ruby/Gems/2.3.0/gems/activerecord-5.2.3/lib/active_record/reflection.rb:790:in `source_reflection'
/Library/Ruby/Gems/2.3.0/gems/activerecord-5.2.3/lib/active_record/reflection.rb:991:in `derive_class_name'
/Library/Ruby/Gems/2.3.0/gems/activerecord-5.2.3/lib/active_record/reflection.rb:162:in `class_name'
/Library/Ruby/Gems/2.3.0/gems/activerecord-5.2.3/lib/active_record/reflection.rb:769:in `klass'
/Library/Ruby/Gems/2.3.0/gems/activerecord-5.2.3/lib/active_record/reflection.rb:790:in `source_reflection'
/Library/Ruby/Gems/2.3.0/gems/activerecord-5.2.3/lib/active_record/reflection.rb:991:in `derive_class_name'
/Library/Ruby/Gems/2.3.0/gems/activerecord-5.2.3/lib/active_record/reflection.rb:162:in `class_name'
/Library/Ruby/Gems/2.3.0/gems/activerecord-5.2.3/lib/active_record/reflection.rb:769:in `klass'
/Library/Ruby/Gems/2.3.0/gems/activerecord-5.2.3/lib/active_record/reflection.rb:790:in `source_reflection'
/Library/Ruby/Gems/2.3.0/gems/activerecord-5.2.3/lib/active_record/reflection.rb:991:in `derive_class_name'
/Library/Ruby/Gems/2.3.0/gems/activerecord-5.2.3/lib/active_record/reflection.rb:162:in `class_name'
/Library/Ruby/Gems/2.3.0/gems/activerecord-5.2.3/lib/active_record/reflection.rb:769:in `klass'
/Library/Ruby/Gems/2.3.0/gems/activerecord-5.2.3/lib/active_record/reflection.rb:790:in `source_reflection'
/Library/Ruby/Gems/2.3.0/gems/activerecord-5.2.3/lib/active_record/reflection.rb:991:in `derive_class_name'
/Library/Ruby/Gems/2.3.0/gems/activerecord-5.2.3/lib/active_record/reflection.rb:162:in `class_name'
/Library/Ruby/Gems/2.3.0/gems/activerecord-5.2.3/lib/active_record/reflection.rb:769:in `klass'
/Library/Ruby/Gems/2.3.0/gems/activerecord-5.2.3/lib/active_record/reflection.rb:790:in `source_reflection'
/Library/Ruby/Gems/2.3.0/gems/activerecord-5.2.3/lib/active_record/reflection.rb:991:in `derive_class_name'
/Library/Ruby/Gems/2.3.0/gems/activerecord-5.2.3/lib/active_record/reflection.rb:162:in `class_name'
/Library/Ruby/Gems/2.3.0/gems/activerecord-5.2.3/lib/active_record/reflection.rb:769:in `klass'
/Library/Ruby/Gems/2.3.0/gems/activerecord-5.2.3/lib/active_record/reflection.rb:790:in `source_reflection'
/Library/Ruby/Gems/2.3.0/gems/activerecord-5.2.3/lib/active_record/reflection.rb:991:in `derive_class_name'
/Library/Ruby/Gems/2.3.0/gems/activerecord-5.2.3/lib/active_record/reflection.rb:162:in `class_name'
/Library/Ruby/Gems/2.3.0/gems/activerecord-5.2.3/lib/active_record/reflection.rb:769:in `klass'
/Library/Ruby/Gems/2.3.0/gems/activerecord-5.2.3/lib/active_record/reflection.rb:790:in `source_reflection'
/Library/Ruby/Gems/2.3.0/gems/activerecord-5.2.3/lib/active_record/reflection.rb:991:in `derive_class_name'
/Library/Ruby/Gems/2.3.0/gems/activerecord-5.2.3/lib/active_record/reflection.rb:162:in `class_name'
/Library/Ruby/Gems/2.3.0/gems/activerecord-5.2.3/lib/active_record/reflection.rb:769:in `klass'
/Library/Ruby/Gems/2.3.0/gems/activerecord-5.2.3/lib/active_record/reflection.rb:790:in `source_reflection'
/Library/Ruby/Gems/2.3.0/gems/activerecord-5.2.3/lib/active_record/reflection.rb:991:in `derive_class_name'
/Library/Ruby/Gems/2.3.0/gems/activerecord-5.2.3/lib/active_record/reflection.rb:162:in `class_name'
/Library/Ruby/Gems/2.3.0/gems/activerecord-5.2.3/lib/active_record/reflection.rb:769:in `klass'
/Library/Ruby/Gems/2.3.0/gems/activerecord-5.2.3/lib/active_record/reflection.rb:790:in `source_reflection'
/Library/Ruby/Gems/2.3.0/gems/activerecord-5.2.3/lib/active_record/reflection.rb:991:in `derive_class_name'
/Library/Ruby/Gems/2.3.0/gems/activerecord-5.2.3/lib/active_record/reflection.rb:162:in `class_name'
/Library/Ruby/Gems/2.3.0/gems/activerecord-5.2.3/lib/active_record/reflection.rb:769:in `klass'
/Library/Ruby/Gems/2.3.0/gems/activerecord-5.2.3/lib/active_record/reflection.rb:790:in `source_reflection'
/Library/Ruby/Gems/2.3.0/gems/activerecord-5.2.3/lib/active_record/reflection.rb:991:in `derive_class_name'
/Library/Ruby/Gems/2.3.0/gems/activerecord-5.2.3/lib/active_record/reflection.rb:162:in `class_name'
/Library/Ruby/Gems/2.3.0/gems/activerecord-5.2.3/lib/active_record/reflection.rb:769:in `klass'
/Library/Ruby/Gems/2.3.0/gems/activerecord-5.2.3/lib/active_record/reflection.rb:790:in `source_reflection'
/Library/Ruby/Gems/2.3.0/gems/activerecord-5.2.3/lib/active_record/reflection.rb:991:in `derive_class_name'
/Library/Ruby/Gems/2.3.0/gems/activerecord-5.2.3/lib/active_record/reflection.rb:162:in `class_name'
/Library/Ruby/Gems/2.3.0/gems/activerecord-5.2.3/lib/active_record/reflection.rb:769:in `klass'
/Library/Ruby/Gems/2.3.0/gems/activerecord-5.2.3/lib/active_record/reflection.rb:790:in `source_reflection'
/Library/Ruby/Gems/2.3.0/gems/activerecord-5.2.3/lib/active_record/reflection.rb:991:in `derive_class_name'
/Library/Ruby/Gems/2.3.0/gems/activerecord-5.2.3/lib/active_record/reflection.rb:162:in `class_name'
/Library/Ruby/Gems/2.3.0/gems/activerecord-5.2.3/lib/active_record/reflection.rb:769:in `klass'
/Library/Ruby/Gems/2.3.0/gems/activerecord-5.2.3/lib/active_record/reflection.rb:790:in `source_reflection'
/Library/Ruby/Gems/2.3.0/gems/activerecord-5.2.3/lib/active_record/reflection.rb:991:in `derive_class_name'
/Library/Ruby/Gems/2.3.0/gems/activerecord-5.2.3/lib/active_record/reflection.rb:162:in `class_name'
/Library/Ruby/Gems/2.3.0/gems/activerecord-5.2.3/lib/active_record/reflection.rb:769:in `klass'
/Library/Ruby/Gems/2.3.0/gems/activerecord-5.2.3/lib/active_record/reflection.rb:790:in `source_reflection'
/Library/Ruby/Gems/2.3.0/gems/activerecord-5.2.3/lib/active_record/reflection.rb:991:in `derive_class_name'
/Library/Ruby/Gems/2.3.0/gems/activerecord-5.2.3/lib/active_record/reflection.rb:162:in `class_name'
/Library/Ruby/Gems/2.3.0/gems/activerecord-5.2.3/lib/active_record/reflection.rb:769:in `klass'
/Library/Ruby/Gems/2.3.0/gems/activerecord-5.2.3/lib/active_record/reflection.rb:790:in `source_reflection'
/Library/Ruby/Gems/2.3.0/gems/activerecord-5.2.3/lib/active_record/reflection.rb:991:in `derive_class_name'
/Library/Ruby/Gems/2.3.0/gems/activerecord-5.2.3/lib/active_record/reflection.rb:162:in `class_name'
/Library/Ruby/Gems/2.3.0/gems/activerecord-5.2.3/lib/active_record/reflection.rb:769:in `klass'
/Library/Ruby/Gems/2.3.0/gems/activerecord-5.2.3/lib/active_record/reflection.rb:790:in `source_reflection'
/Library/Ruby/Gems/2.3.0/gems/activerecord-5.2.3/lib/active_record/reflection.rb:991:in `derive_class_name'
/Library/Ruby/Gems/2.3.0/gems/activerecord-5.2.3/lib/active_record/reflection.rb:162:in `class_name'
/Library/Ruby/Gems/2.3.0/gems/activerecord-5.2.3/lib/active_record/reflection.rb:769:in `klass'
/Library/Ruby/Gems/2.3.0/gems/activerecord-5.2.3/lib/active_record/reflection.rb:790:in `source_reflection'
/Library/Ruby/Gems/2.3.0/gems/activerecord-5.2.3/lib/active_record/reflection.rb:991:in `derive_class_name'
/Library/Ruby/Gems/2.3.0/gems/activerecord-5.2.3/lib/active_record/reflection.rb:162:in `class_name'
/Library/Ruby/Gems/2.3.0/gems/activerecord-5.2.3/lib/active_record/reflection.rb:769:in `klass'
/Library/Ruby/Gems/2.3.0/gems/activerecord-5.2.3/lib/active_record/reflection.rb:790:in `source_reflection'
/Library/Ruby/Gems/2.3.0/gems/activerecord-5.2.3/lib/active_record/reflection.rb:991:in `derive_class_name'
/Library/Ruby/Gems/2.3.0/gems/activerecord-5.2.3/lib/active_record/reflection.rb:162:in `class_name'
/Library/Ruby/Gems/2.3.0/gems/activerecord-5.2.3/lib/active_record/reflection.rb:769:in `klass'
/Library/Ruby/Gems/2.3.0/gems/activerecord-5.2.3/lib/active_record/reflection.rb:790:in `source_reflection'
/Library/Ruby/Gems/2.3.0/gems/activerecord-5.2.3/lib/active_record/reflection.rb:991:in `derive_class_name'
/Library/Ruby/Gems/2.3.0/gems/activerecord-5.2.3/lib/active_record/reflection.rb:162:in `class_name'
/Library/Ruby/Gems/2.3.0/gems/activerecord-5.2.3/lib/active_record/reflection.rb:769:in `klass'
/Library/Ruby/Gems/2.3.0/gems/activerecord-5.2.3/lib/active_record/reflection.rb:790:in `source_reflection'
/Library/Ruby/Gems/2.3.0/gems/activerecord-5.2.3/lib/active_record/reflection.rb:991:in `derive_class_name'
/Library/Ruby/Gems/2.3.0/gems/activerecord-5.2.3/lib/active_record/reflection.rb:162:in `class_name'
/Library/Ruby/Gems/2.3.0/gems/activerecord-5.2.3/lib/active_record/reflection.rb:769:in `klass'
/Library/Ruby/Gems/2.3.0/gems/activerecord-5.2.3/lib/active_record/reflection.rb:790:in `source_reflection'
/Library/Ruby/Gems/2.3.0/gems/activerecord-5.2.3/lib/active_record/reflection.rb:991:in `derive_class_name'
/Library/Ruby/Gems/2.3.0/gems/activerecord-5.2.3/lib/active_record/reflection.rb:162:in `class_name'
/Library/Ruby/Gems/2.3.0/gems/activerecord-5.2.3/lib/active_record/reflection.rb:769:in `klass'
/Library/Ruby/Gems/2.3.0/gems/activerecord-5.2.3/lib/active_record/reflection.rb:790:in `source_reflection'
/Library/Ruby/Gems/2.3.0/gems/activerecord-5.2.3/lib/active_record/reflection.rb:991:in `derive_class_name'
/Library/Ruby/Gems/2.3.0/gems/activerecord-5.2.3/lib/active_record/reflection.rb:162:in `class_name'
/Library/Ruby/Gems/2.3.0/gems/activerecord-5.2.3/lib/active_record/reflection.rb:769:in `klass'
/Library/Ruby/Gems/2.3.0/gems/activerecord-5.2.3/lib/active_record/reflection.rb:790:in `source_reflection'
/Library/Ruby/Gems/2.3.0/gems/activerecord-5.2.3/lib/active_record/reflection.rb:991:in `derive_class_name'
/Library/Ruby/Gems/2.3.0/gems/activerecord-5.2.3/lib/active_record/reflection.rb:162:in `class_name'
/Library/Ruby/Gems/2.3.0/gems/activerecord-5.2.3/lib/active_record/reflection.rb:769:in `klass'
/Library/Ruby/Gems/2.3.0/gems/activerecord-5.2.3/lib/active_record/reflection.rb:790:in `source_reflection'
/Library/Ruby/Gems/2.3.0/gems/activerecord-5.2.3/lib/active_record/reflection.rb:991:in `derive_class_name'
/Library/Ruby/Gems/2.3.0/gems/activerecord-5.2.3/lib/active_record/reflection.rb:162:in `class_name'
/Library/Ruby/Gems/2.3.0/gems/activerecord-5.2.3/lib/active_record/reflection.rb:769:in `klass'
/Library/Ruby/Gems/2.3.0/gems/activerecord-5.2.3/lib/active_record/reflection.rb:790:in `source_reflection'
/Library/Ruby/Gems/2.3.0/gems/activerecord-5.2.3/lib/active_record/reflection.rb:991:in `derive_class_name'
/Library/Ruby/Gems/2.3.0/gems/activerecord-5.2.3/lib/active_record/reflection.rb:162:in `class_name'
/Library/Ruby/Gems/2.3.0/gems/activerecord-5.2.3/lib/active_record/reflection.rb:769:in `klass'
/Library/Ruby/Gems/2.3.0/gems/activerecord-5.2.3/lib/active_record/reflection.rb:790:in `source_reflection'
/Library/Ruby/Gems/2.3.0/gems/activerecord-5.2.3/lib/active_record/reflection.rb:991:in `derive_class_name'
/Library/Ruby/Gems/2.3.0/gems/activerecord-5.2.3/lib/active_record/reflection.rb:162:in `class_name'
/Library/Ruby/Gems/2.3.0/gems/activerecord-5.2.3/lib/active_record/reflection.rb:769:in `klass'
/Library/Ruby/Gems/2.3.0/gems/activerecord-5.2.3/lib/active_record/reflection.rb:790:in `source_reflection'
/Library/Ruby/Gems/2.3.0/gems/activerecord-5.2.3/lib/active_record/reflection.rb:991:in `derive_class_name'
/Library/Ruby/Gems/2.3.0/gems/activerecord-5.2.3/lib/active_record/reflection.rb:162:in `class_name'
/Library/Ruby/Gems/2.3.0/gems/activerecord-5.2.3/lib/active_record/reflection.rb:769:in `klass'
/Library/Ruby/Gems/2.3.0/gems/activerecord-5.2.3/lib/active_record/reflection.rb:790:in `source_reflection'
/Library/Ruby/Gems/2.3.0/gems/activerecord-5.2.3/lib/active_record/reflection.rb:991:in `derive_class_name'
/Library/Ruby/Gems/2.3.0/gems/activerecord-5.2.3/lib/active_record/reflection.rb:162:in `class_name'
/Library/Ruby/Gems/2.3.0/gems/activerecord-5.2.3/lib/active_record/reflection.rb:769:in `klass'
/Library/Ruby/Gems/2.3.0/gems/activerecord-5.2.3/lib/active_record/reflection.rb:790:in `source_reflection'
/Library/Ruby/Gems/2.3.0/gems/activerecord-5.2.3/lib/active_record/reflection.rb:991:in `derive_class_name'
/Library/Ruby/Gems/2.3.0/gems/activerecord-5.2.3/lib/active_record/reflection.rb:162:in `class_name'
/Library/Ruby/Gems/2.3.0/gems/activerecord-5.2.3/lib/active_record/reflection.rb:769:in `klass'
/Library/Ruby/Gems/2.3.0/gems/activerecord-5.2.3/lib/active_record/reflection.rb:790:in `source_reflection'
/Library/Ruby/Gems/2.3.0/gems/activerecord-5.2.3/lib/active_record/reflection.rb:991:in `derive_class_name'
/Library/Ruby/Gems/2.3.0/gems/activerecord-5.2.3/lib/active_record/reflection.rb:162:in `class_name'
/Library/Ruby/Gems/2.3.0/gems/activerecord-5.2.3/lib/active_record/reflection.rb:769:in `klass'
/Library/Ruby/Gems/2.3.0/gems/activerecord-5.2.3/lib/active_record/reflection.rb:790:in `source_reflection'
/Library/Ruby/Gems/2.3.0/gems/activerecord-5.2.3/lib/active_record/reflection.rb:991:in `derive_class_name'
/Library/Ruby/Gems/2.3.0/gems/activerecord-5.2.3/lib/active_record/reflection.rb:162:in `class_name'
/Library/Ruby/Gems/2.3.0/gems/activerecord-5.2.3/lib/active_record/reflection.rb:769:in `klass'
/Library/Ruby/Gems/2.3.0/gems/activerecord-5.2.3/lib/active_record/reflection.rb:790:in `source_reflection'
/Library/Ruby/Gems/2.3.0/gems/activerecord-5.2.3/lib/active_record/reflection.rb:991:in `derive_class_name'
/Library/Ruby/Gems/2.3.0/gems/activerecord-5.2.3/lib/active_record/reflection.rb:162:in `class_name'
/Library/Ruby/Gems/2.3.0/gems/activerecord-5.2.3/lib/active_record/reflection.rb:769:in `klass'
/Library/Ruby/Gems/2.3.0/gems/activerecord-5.2.3/lib/active_record/reflection.rb:790:in `source_reflection'
/Library/Ruby/Gems/2.3.0/gems/activerecord-5.2.3/lib/active_record/reflection.rb:991:in `derive_class_name'
/Library/Ruby/Gems/2.3.0/gems/activerecord-5.2.3/lib/active_record/reflection.rb:162:in `class_name'
/Library/Ruby/Gems/2.3.0/gems/activerecord-5.2.3/lib/active_record/reflection.rb:769:in `klass'
/Library/Ruby/Gems/2.3.0/gems/activerecord-5.2.3/lib/active_record/reflection.rb:790:in `source_reflection'
/Library/Ruby/Gems/2.3.0/gems/activerecord-5.2.3/lib/active_record/reflection.rb:991:in `derive_class_name'
/Library/Ruby/Gems/2.3.0/gems/activerecord-5.2.3/lib/active_record/reflection.rb:162:in `class_name'
/Library/Ruby/Gems/2.3.0/gems/activerecord-5.2.3/lib/active_record/reflection.rb:769:in `klass'
/Library/Ruby/Gems/2.3.0/gems/activerecord-5.2.3/lib/active_record/reflection.rb:790:in `source_reflection'
/Library/Ruby/Gems/2.3.0/gems/activerecord-5.2.3/lib/active_record/reflection.rb:991:in `derive_class_name'
/Library/Ruby/Gems/2.3.0/gems/activerecord-5.2.3/lib/active_record/reflection.rb:162:in `class_name'
/Library/Ruby/Gems/2.3.0/gems/activerecord-5.2.3/lib/active_record/reflection.rb:769:in `klass'
/Library/Ruby/Gems/2.3.0/gems/activerecord-5.2.3/lib/active_record/reflection.rb:790:in `source_reflection'
/Library/Ruby/Gems/2.3.0/gems/activerecord-5.2.3/lib/active_record/reflection.rb:991:in `derive_class_name'
/Library/Ruby/Gems/2.3.0/gems/activerecord-5.2.3/lib/active_record/reflection.rb:162:in `class_name'
/Library/Ruby/Gems/2.3.0/gems/activerecord-5.2.3/lib/active_record/reflection.rb:769:in `klass'
/Library/Ruby/Gems/2.3.0/gems/activerecord-5.2.3/lib/active_record/reflection.rb:790:in `source_reflection'
/Library/Ruby/Gems/2.3.0/gems/activerecord-5.2.3/lib/active_record/reflection.rb:991:in `derive_class_name'
/Library/Ruby/Gems/2.3.0/gems/activerecord-5.2.3/lib/active_record/reflection.rb:162:in `class_name'
/Library/Ruby/Gems/2.3.0/gems/activerecord-5.2.3/lib/active_record/reflection.rb:769:in `klass'
/Library/Ruby/Gems/2.3.0/gems/activerecord-5.2.3/lib/active_record/reflection.rb:790:in `source_reflection'
/Library/Ruby/Gems/2.3.0/gems/activerecord-5.2.3/lib/active_record/reflection.rb:991:in `derive_class_name'
/Library/Ruby/Gems/2.3.0/gems/activerecord-5.2.3/lib/active_record/reflection.rb:162:in `class_name'
/Library/Ruby/Gems/2.3.0/gems/activerecord-5.2.3/lib/active_record/reflection.rb:769:in `klass'
/Library/Ruby/Gems/2.3.0/gems/activerecord-5.2.3/lib/active_record/reflection.rb:790:in `source_reflection'
/Library/Ruby/Gems/2.3.0/gems/activerecord-5.2.3/lib/active_record/reflection.rb:991:in `derive_class_name'
/Library/Ruby/Gems/2.3.0/gems/activerecord-5.2.3/lib/active_record/reflection.rb:162:in `class_name'
/Library/Ruby/Gems/2.3.0/gems/activerecord-5.2.3/lib/active_record/reflection.rb:769:in `klass'
/Library/Ruby/Gems/2.3.0/gems/activerecord-5.2.3/lib/active_record/reflection.rb:790:in `source_reflection'
/Library/Ruby/Gems/2.3.0/gems/activerecord-5.2.3/lib/active_record/reflection.rb:991:in `derive_class_name'
/Library/Ruby/Gems/2.3.0/gems/activerecord-5.2.3/lib/active_record/reflection.rb:162:in `class_name'
/Library/Ruby/Gems/2.3.0/gems/activerecord-5.2.3/lib/active_record/reflection.rb:769:in `klass'
/Library/Ruby/Gems/2.3.0/gems/activerecord-5.2.3/lib/active_record/reflection.rb:790:in `source_reflection'
/Library/Ruby/Gems/2.3.0/gems/activerecord-5.2.3/lib/active_record/reflection.rb:991:in `derive_class_name'
/Library/Ruby/Gems/2.3.0/gems/activerecord-5.2.3/lib/active_record/reflection.rb:162:in `class_name'
/Library/Ruby/Gems/2.3.0/gems/activerecord-5.2.3/lib/active_record/reflection.rb:769:in `klass'
/Library/Ruby/Gems/2.3.0/gems/activerecord-5.2.3/lib/active_record/reflection.rb:790:in `source_reflection'
/Library/Ruby/Gems/2.3.0/gems/activerecord-5.2.3/lib/active_record/reflection.rb:991:in `derive_class_name'
/Library/Ruby/Gems/2.3.0/gems/activerecord-5.2.3/lib/active_record/reflection.rb:162:in `class_name'
/Library/Ruby/Gems/2.3.0/gems/activerecord-5.2.3/lib/active_record/reflection.rb:769:in `klass'
/Library/Ruby/Gems/2.3.0/gems/activerecord-5.2.3/lib/active_record/reflection.rb:790:in `source_reflection'
/Library/Ruby/Gems/2.3.0/gems/activerecord-5.2.3/lib/active_record/reflection.rb:991:in `derive_class_name'
/Library/Ruby/Gems/2.3.0/gems/activerecord-5.2.3/lib/active_record/reflection.rb:162:in `class_name'
/Library/Ruby/Gems/2.3.0/gems/activerecord-5.2.3/lib/active_record/reflection.rb:769:in `klass'
/Library/Ruby/Gems/2.3.0/gems/activerecord-5.2.3/lib/active_record/reflection.rb:790:in `source_reflection'
/Library/Ruby/Gems/2.3.0/gems/activerecord-5.2.3/lib/active_record/reflection.rb:991:in `derive_class_name'
/Library/Ruby/Gems/2.3.0/gems/activerecord-5.2.3/lib/active_record/reflection.rb:162:in `class_name'
/Library/Ruby/Gems/2.3.0/gems/activerecord-5.2.3/lib/active_record/reflection.rb:769:in `klass'
/Library/Ruby/Gems/2.3.0/gems/activerecord-5.2.3/lib/active_record/reflection.rb:790:in `source_reflection'
/Library/Ruby/Gems/2.3.0/gems/activerecord-5.2.3/lib/active_record/reflection.rb:991:in `derive_class_name'
/Library/Ruby/Gems/2.3.0/gems/activerecord-5.2.3/lib/active_record/reflection.rb:162:in `class_name'
/Library/Ruby/Gems/2.3.0/gems/activerecord-5.2.3/lib/active_record/reflection.rb:769:in `klass'
/Library/Ruby/Gems/2.3.0/gems/activerecord-5.2.3/lib/active_record/reflection.rb:790:in `source_reflection'
/Library/Ruby/Gems/2.3.0/gems/activerecord-5.2.3/lib/active_record/reflection.rb:991:in `derive_class_name'
/Library/Ruby/Gems/2.3.0/gems/activerecord-5.2.3/lib/active_record/reflection.rb:162:in `class_name'
/Library/Ruby/Gems/2.3.0/gems/activerecord-5.2.3/lib/active_record/reflection.rb:769:in `klass'
/Library/Ruby/Gems/2.3.0/gems/activerecord-5.2.3/lib/active_record/reflection.rb:790:in `source_reflection'
/Library/Ruby/Gems/2.3.0/gems/activerecord-5.2.3/lib/active_record/reflection.rb:991:in `derive_class_name'
/Library/Ruby/Gems/2.3.0/gems/activerecord-5.2.3/lib/active_record/reflection.rb:162:in `class_name'
/Library/Ruby/Gems/2.3.0/gems/activerecord-5.2.3/lib/active_record/reflection.rb:769:in `klass'
/Library/Ruby/Gems/2.3.0/gems/activerecord-5.2.3/lib/active_record/reflection.rb:790:in `source_reflection'
/Library/Ruby/Gems/2.3.0/gems/activerecord-5.2.3/lib/active_record/reflection.rb:991:in `derive_class_name'
/Library/Ruby/Gems/2.3.0/gems/activerecord-5.2.3/lib/active_record/reflection.rb:162:in `class_name'
/Library/Ruby/Gems/2.3.0/gems/activerecord-5.2.3/lib/active_record/reflection.rb:769:in `klass'
/Library/Ruby/Gems/2.3.0/gems/activerecord-5.2.3/lib/active_record/reflection.rb:790:in `source_reflection'
/Library/Ruby/Gems/2.3.0/gems/activerecord-5.2.3/lib/active_record/reflection.rb:991:in `derive_class_name'
/Library/Ruby/Gems/2.3.0/gems/activerecord-5.2.3/lib/active_record/reflection.rb:162:in `class_name'
/Library/Ruby/Gems/2.3.0/gems/activerecord-5.2.3/lib/active_record/reflection.rb:769:in `klass'
/Library/Ruby/Gems/2.3.0/gems/activerecord-5.2.3/lib/active_record/reflection.rb:790:in `source_reflection'
/Library/Ruby/Gems/2.3.0/gems/activerecord-5.2.3/lib/active_record/reflection.rb:991:in `derive_class_name'
/Library/Ruby/Gems/2.3.0/gems/activerecord-5.2.3/lib/active_record/reflection.rb:162:in `class_name'
/Library/Ruby/Gems/2.3.0/gems/activerecord-5.2.3/lib/active_record/reflection.rb:769:in `klass'
/Library/Ruby/Gems/2.3.0/gems/activerecord-5.2.3/lib/active_record/reflection.rb:790:in `source_reflection'
/Library/Ruby/Gems/2.3.0/gems/activerecord-5.2.3/lib/active_record/reflection.rb:991:in `derive_class_name'
/Library/Ruby/Gems/2.3.0/gems/activerecord-5.2.3/lib/active_record/reflection.rb:162:in `class_name'
/Library/Ruby/Gems/2.3.0/gems/activerecord-5.2.3/lib/active_record/reflection.rb:769:in `klass'
/Library/Ruby/Gems/2.3.0/gems/activerecord-5.2.3/lib/active_record/reflection.rb:790:in `source_reflection'
/Library/Ruby/Gems/2.3.0/gems/activerecord-5.2.3/lib/active_record/reflection.rb:991:in `derive_class_name'
/Library/Ruby/Gems/2.3.0/gems/activerecord-5.2.3/lib/active_record/reflection.rb:162:in `class_name'
/Library/Ruby/Gems/2.3.0/gems/activerecord-5.2.3/lib/active_record/reflection.rb:769:in `klass'
/Library/Ruby/Gems/2.3.0/gems/activerecord-5.2.3/lib/active_record/reflection.rb:790:in `source_reflection'
/Library/Ruby/Gems/2.3.0/gems/activerecord-5.2.3/lib/active_record/reflection.rb:991:in `derive_class_name'
/Library/Ruby/Gems/2.3.0/gems/activerecord-5.2.3/lib/active_record/reflection.rb:162:in `class_name'
/Library/Ruby/Gems/2.3.0/gems/activerecord-5.2.3/lib/active_record/reflection.rb:769:in `klass'
/Library/Ruby/Gems/2.3.0/gems/activerecord-5.2.3/lib/active_record/reflection.rb:790:in `source_reflection'
/Library/Ruby/Gems/2.3.0/gems/activerecord-5.2.3/lib/active_record/reflection.rb:991:in `derive_class_name'
/Library/Ruby/Gems/2.3.0/gems/activerecord-5.2.3/lib/active_record/reflection.rb:162:in `class_name'
/Library/Ruby/Gems/2.3.0/gems/activerecord-5.2.3/lib/active_record/reflection.rb:769:in `klass'
/Library/Ruby/Gems/2.3.0/gems/activerecord-5.2.3/lib/active_record/reflection.rb:790:in `source_reflection'
/Library/Ruby/Gems/2.3.0/gems/activerecord-5.2.3/lib/active_record/reflection.rb:991:in `derive_class_name'
/Library/Ruby/Gems/2.3.0/gems/activerecord-5.2.3/lib/active_record/reflection.rb:162:in `class_name'
/Library/Ruby/Gems/2.3.0/gems/activerecord-5.2.3/lib/active_record/reflection.rb:769:in `klass'
/Library/Ruby/Gems/2.3.0/gems/activerecord-5.2.3/lib/active_record/reflection.rb:790:in `source_reflection'
/Library/Ruby/Gems/2.3.0/gems/activerecord-5.2.3/lib/active_record/reflection.rb:991:in `derive_class_name'
/Library/Ruby/Gems/2.3.0/gems/activerecord-5.2.3/lib/active_record/reflection.rb:162:in `class_name'
/Library/Ruby/Gems/2.3.0/gems/activerecord-5.2.3/lib/active_record/reflection.rb:769:in `klass'
/Library/Ruby/Gems/2.3.0/gems/activerecord-5.2.3/lib/active_record/reflection.rb:790:in `source_reflection'
/Library/Ruby/Gems/2.3.0/gems/activerecord-5.2.3/lib/active_record/reflection.rb:991:in `derive_class_name'
/Library/Ruby/Gems/2.3.0/gems/activerecord-5.2.3/lib/active_record/reflection.rb:162:in `class_name'
/Library/Ruby/Gems/2.3.0/gems/activerecord-5.2.3/lib/active_record/reflection.rb:769:in `klass'
/Library/Ruby/Gems/2.3.0/gems/activerecord-5.2.3/lib/active_record/reflection.rb:790:in `source_reflection'
/Library/Ruby/Gems/2.3.0/gems/activerecord-5.2.3/lib/active_record/reflection.rb:991:in `derive_class_name'
/Library/Ruby/Gems/2.3.0/gems/activerecord-5.2.3/lib/active_record/reflection.rb:162:in `class_name'
/Library/Ruby/Gems/2.3.0/gems/activerecord-5.2.3/lib/active_record/reflection.rb:769:in `klass'
/Library/Ruby/Gems/2.3.0/gems/activerecord-5.2.3/lib/active_record/reflection.rb:790:in `source_reflection'
/Library/Ruby/Gems/2.3.0/gems/activerecord-5.2.3/lib/active_record/reflection.rb:991:in `derive_class_name'
/Library/Ruby/Gems/2.3.0/gems/activerecord-5.2.3/lib/active_record/reflection.rb:162:in `class_name'
/Library/Ruby/Gems/2.3.0/gems/activerecord-5.2.3/lib/active_record/reflection.rb:769:in `klass'
/Library/Ruby/Gems/2.3.0/gems/activerecord-5.2.3/lib/active_record/reflection.rb:790:in `source_reflection'
/Library/Ruby/Gems/2.3.0/gems/activerecord-5.2.3/lib/active_record/reflection.rb:991:in `derive_class_name'
/Library/Ruby/Gems/2.3.0/gems/activerecord-5.2.3/lib/active_record/reflection.rb:162:in `class_name'
/Library/Ruby/Gems/2.3.0/gems/activerecord-5.2.3/lib/active_record/reflection.rb:769:in `klass'
/Library/Ruby/Gems/2.3.0/gems/activerecord-5.2.3/lib/active_record/reflection.rb:790:in `source_reflection'
/Library/Ruby/Gems/2.3.0/gems/activerecord-5.2.3/lib/active_record/reflection.rb:991:in `derive_class_name'
/Library/Ruby/Gems/2.3.0/gems/activerecord-5.2.3/lib/active_record/reflection.rb:162:in `class_name'
/Library/Ruby/Gems/2.3.0/gems/activerecord-5.2.3/lib/active_record/reflection.rb:769:in `klass'
/Library/Ruby/Gems/2.3.0/gems/activerecord-5.2.3/lib/active_record/reflection.rb:790:in `source_reflection'
/Library/Ruby/Gems/2.3.0/gems/activerecord-5.2.3/lib/active_record/reflection.rb:991:in `derive_class_name'
/Library/Ruby/Gems/2.3.0/gems/activerecord-5.2.3/lib/active_record/reflection.rb:162:in `class_name'
/Library/Ruby/Gems/2.3.0/gems/activerecord-5.2.3/lib/active_record/reflection.rb:769:in `klass'
/Library/Ruby/Gems/2.3.0/gems/activerecord-5.2.3/lib/active_record/reflection.rb:790:in `source_reflection'
/Library/Ruby/Gems/2.3.0/gems/activerecord-5.2.3/lib/active_record/reflection.rb:991:in `derive_class_name'
/Library/Ruby/Gems/2.3.0/gems/activerecord-5.2.3/lib/active_record/reflection.rb:162:in `class_name'
/Library/Ruby/Gems/2.3.0/gems/activerecord-5.2.3/lib/active_record/reflection.rb:769:in `klass'
/Library/Ruby/Gems/2.3.0/gems/activerecord-5.2.3/lib/active_record/reflection.rb:790:in `source_reflection'
/Library/Ruby/Gems/2.3.0/gems/activerecord-5.2.3/lib/active_record/reflection.rb:991:in `derive_class_name'
/Library/Ruby/Gems/2.3.0/gems/activerecord-5.2.3/lib/active_record/reflection.rb:162:in `class_name'
/Library/Ruby/Gems/2.3.0/gems/activerecord-5.2.3/lib/active_record/reflection.rb:769:in `klass'
/Library/Ruby/Gems/2.3.0/gems/activerecord-5.2.3/lib/active_record/reflection.rb:790:in `source_reflection'
/Library/Ruby/Gems/2.3.0/gems/activerecord-5.2.3/lib/active_record/reflection.rb:991:in `derive_class_name'
/Library/Ruby/Gems/2.3.0/gems/activerecord-5.2.3/lib/active_record/reflection.rb:162:in `class_name'
/Library/Ruby/Gems/2.3.0/gems/activerecord-5.2.3/lib/active_record/reflection.rb:769:in `klass'
/Library/Ruby/Gems/2.3.0/gems/activerecord-5.2.3/lib/active_record/reflection.rb:790:in `source_reflection'
/Library/Ruby/Gems/2.3.0/gems/activerecord-5.2.3/lib/active_record/reflection.rb:991:in `derive_class_name'
/Library/Ruby/Gems/2.3.0/gems/activerecord-5.2.3/lib/active_record/reflection.rb:162:in `class_name'
/Library/Ruby/Gems/2.3.0/gems/activerecord-5.2.3/lib/active_record/reflection.rb:769:in `klass'
/Library/Ruby/Gems/2.3.0/gems/activerecord-5.2.3/lib/active_record/reflection.rb:790:in `source_reflection'
/Library/Ruby/Gems/2.3.0/gems/activerecord-5.2.3/lib/active_record/reflection.rb:991:in `derive_class_name'
/Library/Ruby/Gems/2.3.0/gems/activerecord-5.2.3/lib/active_record/reflection.rb:162:in `class_name'
/Library/Ruby/Gems/2.3.0/gems/activerecord-5.2.3/lib/active_record/reflection.rb:769:in `klass'
/Library/Ruby/Gems/2.3.0/gems/activerecord-5.2.3/lib/active_record/reflection.rb:790:in `source_reflection'
/Library/Ruby/Gems/2.3.0/gems/activerecord-5.2.3/lib/active_record/reflection.rb:991:in `derive_class_name'
/Library/Ruby/Gems/2.3.0/gems/activerecord-5.2.3/lib/active_record/reflection.rb:162:in `class_name'
/Library/Ruby/Gems/2.3.0/gems/activerecord-5.2.3/lib/active_record/reflection.rb:769:in `klass'
/Library/Ruby/Gems/2.3.0/gems/activerecord-5.2.3/lib/active_record/reflection.rb:790:in `source_reflection'
/Library/Ruby/Gems/2.3.0/gems/activerecord-5.2.3/lib/active_record/reflection.rb:991:in `derive_class_name'
/Library/Ruby/Gems/2.3.0/gems/activerecord-5.2.3/lib/active_record/reflection.rb:162:in `class_name'
/Library/Ruby/Gems/2.3.0/gems/activerecord-5.2.3/lib/active_record/reflection.rb:769:in `klass'
/Library/Ruby/Gems/2.3.0/gems/activerecord-5.2.3/lib/active_record/reflection.rb:790:in `source_reflection'
/Library/Ruby/Gems/2.3.0/gems/activerecord-5.2.3/lib/active_record/reflection.rb:991:in `derive_class_name'
/Library/Ruby/Gems/2.3.0/gems/activerecord-5.2.3/lib/active_record/reflection.rb:162:in `class_name'
/Library/Ruby/Gems/2.3.0/gems/activerecord-5.2.3/lib/active_record/reflection.rb:769:in `klass'
/Library/Ruby/Gems/2.3.0/gems/activerecord-5.2.3/lib/active_record/reflection.rb:790:in `source_reflection'
/Library/Ruby/Gems/2.3.0/gems/activerecord-5.2.3/lib/active_record/reflection.rb:991:in `derive_class_name'
/Library/Ruby/Gems/2.3.0/gems/activerecord-5.2.3/lib/active_record/reflection.rb:162:in `class_name'
/Library/Ruby/Gems/2.3.0/gems/activerecord-5.2.3/lib/active_record/reflection.rb:769:in `klass'
/Library/Ruby/Gems/2.3.0/gems/activerecord-5.2.3/lib/active_record/reflection.rb:790:in `source_reflection'
/Library/Ruby/Gems/2.3.0/gems/activerecord-5.2.3/lib/active_record/reflection.rb:991:in `derive_class_name'
/Library/Ruby/Gems/2.3.0/gems/activerecord-5.2.3/lib/active_record/reflection.rb:162:in `class_name'
/Library/Ruby/Gems/2.3.0/gems/activerecord-5.2.3/lib/active_record/reflection.rb:769:in `klass'
/Library/Ruby/Gems/2.3.0/gems/activerecord-5.2.3/lib/active_record/reflection.rb:790:in `source_reflection'
/Library/Ruby/Gems/2.3.0/gems/activerecord-5.2.3/lib/active_record/reflection.rb:991:in `derive_class_name'
/Library/Ruby/Gems/2.3.0/gems/activerecord-5.2.3/lib/active_record/reflection.rb:162:in `class_name'
/Library/Ruby/Gems/2.3.0/gems/activerecord-5.2.3/lib/active_record/reflection.rb:769:in `klass'
/Library/Ruby/Gems/2.3.0/gems/activerecord-5.2.3/lib/active_record/reflection.rb:790:in `source_reflection'
/Library/Ruby/Gems/2.3.0/gems/activerecord-5.2.3/lib/active_record/reflection.rb:991:in `derive_class_name'
/Library/Ruby/Gems/2.3.0/gems/activerecord-5.2.3/lib/active_record/reflection.rb:162:in `class_name'
/Library/Ruby/Gems/2.3.0/gems/activerecord-5.2.3/lib/active_record/reflection.rb:769:in `klass'
/Library/Ruby/Gems/2.3.0/gems/activerecord-5.2.3/lib/active_record/reflection.rb:790:in `source_reflection'
/Library/Ruby/Gems/2.3.0/gems/activerecord-5.2.3/lib/active_record/reflection.rb:991:in `derive_class_name'
/Library/Ruby/Gems/2.3.0/gems/activerecord-5.2.3/lib/active_record/reflection.rb:162:in `class_name'
/Library/Ruby/Gems/2.3.0/gems/activerecord-5.2.3/lib/active_record/reflection.rb:769:in `klass'
/Library/Ruby/Gems/2.3.0/gems/activerecord-5.2.3/lib/active_record/reflection.rb:790:in `source_reflection'
/Library/Ruby/Gems/2.3.0/gems/activerecord-5.2.3/lib/active_record/reflection.rb:991:in `derive_class_name'
/Library/Ruby/Gems/2.3.0/gems/activerecord-5.2.3/lib/active_record/reflection.rb:162:in `class_name'
/Library/Ruby/Gems/2.3.0/gems/activerecord-5.2.3/lib/active_record/reflection.rb:769:in `klass'
/Library/Ruby/Gems/2.3.0/gems/activerecord-5.2.3/lib/active_record/reflection.rb:790:in `source_reflection'
/Library/Ruby/Gems/2.3.0/gems/activerecord-5.2.3/lib/active_record/reflection.rb:991:in `derive_class_name'
/Library/Ruby/Gems/2.3.0/gems/activerecord-5.2.3/lib/active_record/reflection.rb:162:in `class_name'
/Library/Ruby/Gems/2.3.0/gems/activerecord-5.2.3/lib/active_record/reflection.rb:769:in `klass'
/Library/Ruby/Gems/2.3.0/gems/activerecord-5.2.3/lib/active_record/reflection.rb:790:in `source_reflection'
/Library/Ruby/Gems/2.3.0/gems/activerecord-5.2.3/lib/active_record/reflection.rb:991:in `derive_class_name'
/Library/Ruby/Gems/2.3.0/gems/activerecord-5.2.3/lib/active_record/reflection.rb:162:in `class_name'
/Library/Ruby/Gems/2.3.0/gems/activerecord-5.2.3/lib/active_record/reflection.rb:769:in `klass'
/Library/Ruby/Gems/2.3.0/gems/activerecord-5.2.3/lib/active_record/reflection.rb:790:in `source_reflection'
/Library/Ruby/Gems/2.3.0/gems/activerecord-5.2.3/lib/active_record/reflection.rb:991:in `derive_class_name'
/Library/Ruby/Gems/2.3.0/gems/activerecord-5.2.3/lib/active_record/reflection.rb:162:in `class_name'
/Library/Ruby/Gems/2.3.0/gems/activerecord-5.2.3/lib/active_record/reflection.rb:769:in `klass'
/Library/Ruby/Gems/2.3.0/gems/activerecord-5.2.3/lib/active_record/reflection.rb:790:in `source_reflection'
/Library/Ruby/Gems/2.3.0/gems/activerecord-5.2.3/lib/active_record/reflection.rb:991:in `derive_class_name'
/Library/Ruby/Gems/2.3.0/gems/activerecord-5.2.3/lib/active_record/reflection.rb:162:in `class_name'
/Library/Ruby/Gems/2.3.0/gems/activerecord-5.2.3/lib/active_record/reflection.rb:769:in `klass'
/Library/Ruby/Gems/2.3.0/gems/activerecord-5.2.3/lib/active_record/reflection.rb:790:in `source_reflection'
/Library/Ruby/Gems/2.3.0/gems/activerecord-5.2.3/lib/active_record/reflection.rb:991:in `derive_class_name'
/Library/Ruby/Gems/2.3.0/gems/activerecord-5.2.3/lib/active_record/reflection.rb:162:in `class_name'
/Library/Ruby/Gems/2.3.0/gems/activerecord-5.2.3/lib/active_record/reflection.rb:769:in `klass'
/Library/Ruby/Gems/2.3.0/gems/activerecord-5.2.3/lib/active_record/reflection.rb:790:in `source_reflection'
/Library/Ruby/Gems/2.3.0/gems/activerecord-5.2.3/lib/active_record/reflection.rb:991:in `derive_class_name'
/Library/Ruby/Gems/2.3.0/gems/activerecord-5.2.3/lib/active_record/reflection.rb:162:in `class_name'
/Library/Ruby/Gems/2.3.0/gems/activerecord-5.2.3/lib/active_record/reflection.rb:769:in `klass'
/Library/Ruby/Gems/2.3.0/gems/activerecord-5.2.3/lib/active_record/reflection.rb:790:in `source_reflection'
/Library/Ruby/Gems/2.3.0/gems/activerecord-5.2.3/lib/active_record/reflection.rb:991:in `derive_class_name'
/Library/Ruby/Gems/2.3.0/gems/activerecord-5.2.3/lib/active_record/reflection.rb:162:in `class_name'
/Library/Ruby/Gems/2.3.0/gems/activerecord-5.2.3/lib/active_record/reflection.rb:769:in `klass'
/Library/Ruby/Gems/2.3.0/gems/activerecord-5.2.3/lib/active_record/reflection.rb:790:in `source_reflection'
/Library/Ruby/Gems/2.3.0/gems/activerecord-5.2.3/lib/active_record/reflection.rb:991:in `derive_class_name'
/Library/Ruby/Gems/2.3.0/gems/activerecord-5.2.3/lib/active_record/reflection.rb:162:in `class_name'
/Library/Ruby/Gems/2.3.0/gems/activerecord-5.2.3/lib/active_record/reflection.rb:769:in `klass'
/Library/Ruby/Gems/2.3.0/gems/activerecord-5.2.3/lib/active_record/reflection.rb:790:in `source_reflection'
/Library/Ruby/Gems/2.3.0/gems/activerecord-5.2.3/lib/active_record/reflection.rb:991:in `derive_class_name'
/Library/Ruby/Gems/2.3.0/gems/activerecord-5.2.3/lib/active_record/reflection.rb:162:in `class_name'
/Library/Ruby/Gems/2.3.0/gems/activerecord-5.2.3/lib/active_record/reflection.rb:769:in `klass'
/Library/Ruby/Gems/2.3.0/gems/activerecord-5.2.3/lib/active_record/reflection.rb:790:in `source_reflection'
/Library/Ruby/Gems/2.3.0/gems/activerecord-5.2.3/lib/active_record/reflection.rb:991:in `derive_class_name'
/Library/Ruby/Gems/2.3.0/gems/activerecord-5.2.3/lib/active_record/reflection.rb:162:in `class_name'
/Library/Ruby/Gems/2.3.0/gems/activerecord-5.2.3/lib/active_record/reflection.rb:769:in `klass'
/Library/Ruby/Gems/2.3.0/gems/activerecord-5.2.3/lib/active_record/reflection.rb:790:in `source_reflection'
/Library/Ruby/Gems/2.3.0/gems/activerecord-5.2.3/lib/active_record/reflection.rb:991:in `derive_class_name'
/Library/Ruby/Gems/2.3.0/gems/activerecord-5.2.3/lib/active_record/reflection.rb:162:in `class_name'
/Library/Ruby/Gems/2.3.0/gems/activerecord-5.2.3/lib/active_record/reflection.rb:769:in `klass'
/Library/Ruby/Gems/2.3.0/gems/activerecord-5.2.3/lib/active_record/reflection.rb:790:in `source_reflection'
/Library/Ruby/Gems/2.3.0/gems/activerecord-5.2.3/lib/active_record/reflection.rb:991:in `derive_class_name'
/Library/Ruby/Gems/2.3.0/gems/activerecord-5.2.3/lib/active_record/reflection.rb:162:in `class_name'
/Library/Ruby/Gems/2.3.0/gems/activerecord-5.2.3/lib/active_record/reflection.rb:769:in `klass'
/Library/Ruby/Gems/2.3.0/gems/activerecord-5.2.3/lib/active_record/reflection.rb:790:in `source_reflection'
/Library/Ruby/Gems/2.3.0/gems/activerecord-5.2.3/lib/active_record/reflection.rb:991:in `derive_class_name'
/Library/Ruby/Gems/2.3.0/gems/activerecord-5.2.3/lib/active_record/reflection.rb:162:in `class_name'
/Library/Ruby/Gems/2.3.0/gems/activerecord-5.2.3/lib/active_record/reflection.rb:769:in `klass'
/Library/Ruby/Gems/2.3.0/gems/activerecord-5.2.3/lib/active_record/reflection.rb:790:in `source_reflection'
/Library/Ruby/Gems/2.3.0/gems/activerecord-5.2.3/lib/active_record/reflection.rb:991:in `derive_class_name'
/Library/Ruby/Gems/2.3.0/gems/activerecord-5.2.3/lib/active_record/reflection.rb:162:in `class_name'
/Library/Ruby/Gems/2.3.0/gems/activerecord-5.2.3/lib/active_record/reflection.rb:769:in `klass'
/Library/Ruby/Gems/2.3.0/gems/activerecord-5.2.3/lib/active_record/reflection.rb:790:in `source_reflection'
/Library/Ruby/Gems/2.3.0/gems/activerecord-5.2.3/lib/active_record/reflection.rb:991:in `derive_class_name'
/Library/Ruby/Gems/2.3.0/gems/activerecord-5.2.3/lib/active_record/reflection.rb:162:in `class_name'
/Library/Ruby/Gems/2.3.0/gems/activerecord-5.2.3/lib/active_record/reflection.rb:769:in `klass'
/Library/Ruby/Gems/2.3.0/gems/activerecord-5.2.3/lib/active_record/reflection.rb:790:in `source_reflection'
/Library/Ruby/Gems/2.3.0/gems/activerecord-5.2.3/lib/active_record/reflection.rb:991:in `derive_class_name'
/Library/Ruby/Gems/2.3.0/gems/activerecord-5.2.3/lib/active_record/reflection.rb:162:in `class_name'
/Library/Ruby/Gems/2.3.0/gems/activerecord-5.2.3/lib/active_record/reflection.rb:769:in `klass'
/Library/Ruby/Gems/2.3.0/gems/activerecord-5.2.3/lib/active_record/reflection.rb:790:in `source_reflection'
/Library/Ruby/Gems/2.3.0/gems/activerecord-5.2.3/lib/active_record/reflection.rb:991:in `derive_class_name'
/Library/Ruby/Gems/2.3.0/gems/activerecord-5.2.3/lib/active_record/reflection.rb:162:in `class_name'
/Library/Ruby/Gems/2.3.0/gems/activerecord-5.2.3/lib/active_record/reflection.rb:769:in `klass'
/Library/Ruby/Gems/2.3.0/gems/activerecord-5.2.3/lib/active_record/reflection.rb:790:in `source_reflection'
/Library/Ruby/Gems/2.3.0/gems/activerecord-5.2.3/lib/active_record/reflection.rb:991:in `derive_class_name'
/Library/Ruby/Gems/2.3.0/gems/activerecord-5.2.3/lib/active_record/reflection.rb:162:in `class_name'
/Library/Ruby/Gems/2.3.0/gems/activerecord-5.2.3/lib/active_record/reflection.rb:769:in `klass'
/Library/Ruby/Gems/2.3.0/gems/activerecord-5.2.3/lib/active_record/reflection.rb:790:in `source_reflection'
/Library/Ruby/Gems/2.3.0/gems/activerecord-5.2.3/lib/active_record/reflection.rb:991:in `derive_class_name'
/Library/Ruby/Gems/2.3.0/gems/activerecord-5.2.3/lib/active_record/reflection.rb:162:in `class_name'
/Library/Ruby/Gems/2.3.0/gems/activerecord-5.2.3/lib/active_record/reflection.rb:769:in `klass'
/Library/Ruby/Gems/2.3.0/gems/activerecord-5.2.3/lib/active_record/reflection.rb:790:in `source_reflection'
/Library/Ruby/Gems/2.3.0/gems/activerecord-5.2.3/lib/active_record/reflection.rb:991:in `derive_class_name'
/Library/Ruby/Gems/2.3.0/gems/activerecord-5.2.3/lib/active_record/reflection.rb:162:in `class_name'
/Library/Ruby/Gems/2.3.0/gems/activerecord-5.2.3/lib/active_record/reflection.rb:769:in `klass'
/Library/Ruby/Gems/2.3.0/gems/activerecord-5.2.3/lib/active_record/reflection.rb:790:in `source_reflection'
/Library/Ruby/Gems/2.3.0/gems/activerecord-5.2.3/lib/active_record/reflection.rb:991:in `derive_class_name'
/Library/Ruby/Gems/2.3.0/gems/activerecord-5.2.3/lib/active_record/reflection.rb:162:in `class_name'
/Library/Ruby/Gems/2.3.0/gems/activerecord-5.2.3/lib/active_record/reflection.rb:769:in `klass'
/Library/Ruby/Gems/2.3.0/gems/activerecord-5.2.3/lib/active_record/reflection.rb:790:in `source_reflection'
/Library/Ruby/Gems/2.3.0/gems/activerecord-5.2.3/lib/active_record/reflection.rb:991:in `derive_class_name'
/Library/Ruby/Gems/2.3.0/gems/activerecord-5.2.3/lib/active_record/reflection.rb:162:in `class_name'
/Library/Ruby/Gems/2.3.0/gems/activerecord-5.2.3/lib/active_record/reflection.rb:769:in `klass'
/Library/Ruby/Gems/2.3.0/gems/activerecord-5.2.3/lib/active_record/reflection.rb:790:in `source_reflection'
/Library/Ruby/Gems/2.3.0/gems/activerecord-5.2.3/lib/active_record/reflection.rb:991:in `derive_class_name'
/Library/Ruby/Gems/2.3.0/gems/activerecord-5.2.3/lib/active_record/reflection.rb:162:in `class_name'
/Library/Ruby/Gems/2.3.0/gems/activerecord-5.2.3/lib/active_record/reflection.rb:769:in `klass'
/Library/Ruby/Gems/2.3.0/gems/activerecord-5.2.3/lib/active_record/reflection.rb:790:in `source_reflection'
/Library/Ruby/Gems/2.3.0/gems/activerecord-5.2.3/lib/active_record/reflection.rb:991:in `derive_class_name'
/Library/Ruby/Gems/2.3.0/gems/activerecord-5.2.3/lib/active_record/reflection.rb:162:in `class_name'
/Library/Ruby/Gems/2.3.0/gems/activerecord-5.2.3/lib/active_record/reflection.rb:769:in `klass'
/Library/Ruby/Gems/2.3.0/gems/activerecord-5.2.3/lib/active_record/reflection.rb:790:in `source_reflection'
/Library/Ruby/Gems/2.3.0/gems/activerecord-5.2.3/lib/active_record/reflection.rb:991:in `derive_class_name'
/Library/Ruby/Gems/2.3.0/gems/activerecord-5.2.3/lib/active_record/reflection.rb:162:in `class_name'
/Library/Ruby/Gems/2.3.0/gems/activerecord-5.2.3/lib/active_record/reflection.rb:769:in `klass'
/Library/Ruby/Gems/2.3.0/gems/activerecord-5.2.3/lib/active_record/reflection.rb:790:in `source_reflection'
/Library/Ruby/Gems/2.3.0/gems/activerecord-5.2.3/lib/active_record/reflection.rb:991:in `derive_class_name'
/Library/Ruby/Gems/2.3.0/gems/activerecord-5.2.3/lib/active_record/reflection.rb:162:in `class_name'
/Library/Ruby/Gems/2.3.0/gems/activerecord-5.2.3/lib/active_record/reflection.rb:769:in `klass'
/Library/Ruby/Gems/2.3.0/gems/activerecord-5.2.3/lib/active_record/reflection.rb:790:in `source_reflection'
/Library/Ruby/Gems/2.3.0/gems/activerecord-5.2.3/lib/active_record/reflection.rb:991:in `derive_class_name'
/Library/Ruby/Gems/2.3.0/gems/activerecord-5.2.3/lib/active_record/reflection.rb:162:in `class_name'
/Library/Ruby/Gems/2.3.0/gems/activerecord-5.2.3/lib/active_record/reflection.rb:769:in `klass'
/Library/Ruby/Gems/2.3.0/gems/activerecord-5.2.3/lib/active_record/reflection.rb:790:in `source_reflection'
/Library/Ruby/Gems/2.3.0/gems/activerecord-5.2.3/lib/active_record/reflection.rb:991:in `derive_class_name'
/Library/Ruby/Gems/2.3.0/gems/activerecord-5.2.3/lib/active_record/reflection.rb:162:in `class_name'
/Library/Ruby/Gems/2.3.0/gems/activerecord-5.2.3/lib/active_record/reflection.rb:769:in `klass'
/Library/Ruby/Gems/2.3.0/gems/activerecord-5.2.3/lib/active_record/reflection.rb:790:in `source_reflection'
/Library/Ruby/Gems/2.3.0/gems/activerecord-5.2.3/lib/active_record/reflection.rb:991:in `derive_class_name'
/Library/Ruby/Gems/2.3.0/gems/activerecord-5.2.3/lib/active_record/reflection.rb:162:in `class_name'
/Library/Ruby/Gems/2.3.0/gems/activerecord-5.2.3/lib/active_record/reflection.rb:769:in `klass'
/Library/Ruby/Gems/2.3.0/gems/activerecord-5.2.3/lib/active_record/reflection.rb:790:in `source_reflection'
/Library/Ruby/Gems/2.3.0/gems/activerecord-5.2.3/lib/active_record/reflection.rb:991:in `derive_class_name'
/Library/Ruby/Gems/2.3.0/gems/activerecord-5.2.3/lib/active_record/reflection.rb:162:in `class_name'
/Library/Ruby/Gems/2.3.0/gems/activerecord-5.2.3/lib/active_record/reflection.rb:769:in `klass'
/Library/Ruby/Gems/2.3.0/gems/activerecord-5.2.3/lib/active_record/reflection.rb:790:in `source_reflection'
/Library/Ruby/Gems/2.3.0/gems/activerecord-5.2.3/lib/active_record/reflection.rb:991:in `derive_class_name'
/Library/Ruby/Gems/2.3.0/gems/activerecord-5.2.3/lib/active_record/reflection.rb:162:in `class_name'
/Library/Ruby/Gems/2.3.0/gems/activerecord-5.2.3/lib/active_record/reflection.rb:769:in `klass'
/Library/Ruby/Gems/2.3.0/gems/activerecord-5.2.3/lib/active_record/reflection.rb:790:in `source_reflection'
/Library/Ruby/Gems/2.3.0/gems/activerecord-5.2.3/lib/active_record/reflection.rb:991:in `derive_class_name'
/Library/Ruby/Gems/2.3.0/gems/activerecord-5.2.3/lib/active_record/reflection.rb:162:in `class_name'
/Library/Ruby/Gems/2.3.0/gems/activerecord-5.2.3/lib/active_record/reflection.rb:769:in `klass'
/Library/Ruby/Gems/2.3.0/gems/activerecord-5.2.3/lib/active_record/reflection.rb:790:in `source_reflection'
/Library/Ruby/Gems/2.3.0/gems/activerecord-5.2.3/lib/active_record/reflection.rb:991:in `derive_class_name'
/Library/Ruby/Gems/2.3.0/gems/activerecord-5.2.3/lib/active_record/reflection.rb:162:in `class_name'
/Library/Ruby/Gems/2.3.0/gems/activerecord-5.2.3/lib/active_record/reflection.rb:769:in `klass'
/Library/Ruby/Gems/2.3.0/gems/activerecord-5.2.3/lib/active_record/reflection.rb:790:in `source_reflection'
/Library/Ruby/Gems/2.3.0/gems/activerecord-5.2.3/lib/active_record/reflection.rb:991:in `derive_class_name'
/Library/Ruby/Gems/2.3.0/gems/activerecord-5.2.3/lib/active_record/reflection.rb:162:in `class_name'
/Library/Ruby/Gems/2.3.0/gems/activerecord-5.2.3/lib/active_record/reflection.rb:769:in `klass'
/Library/Ruby/Gems/2.3.0/gems/activerecord-5.2.3/lib/active_record/reflection.rb:790:in `source_reflection'
/Library/Ruby/Gems/2.3.0/gems/activerecord-5.2.3/lib/active_record/reflection.rb:991:in `derive_class_name'
/Library/Ruby/Gems/2.3.0/gems/activerecord-5.2.3/lib/active_record/reflection.rb:162:in `class_name'
/Library/Ruby/Gems/2.3.0/gems/activerecord-5.2.3/lib/active_record/reflection.rb:769:in `klass'
/Library/Ruby/Gems/2.3.0/gems/activerecord-5.2.3/lib/active_record/reflection.rb:790:in `source_reflection'
/Library/Ruby/Gems/2.3.0/gems/activerecord-5.2.3/lib/active_record/reflection.rb:991:in `derive_class_name'
/Library/Ruby/Gems/2.3.0/gems/activerecord-5.2.3/lib/active_record/reflection.rb:162:in `class_name'
/Library/Ruby/Gems/2.3.0/gems/activerecord-5.2.3/lib/active_record/reflection.rb:769:in `klass'
/Library/Ruby/Gems/2.3.0/gems/activerecord-5.2.3/lib/active_record/reflection.rb:790:in `source_reflection'
/Library/Ruby/Gems/2.3.0/gems/activerecord-5.2.3/lib/active_record/reflection.rb:991:in `derive_class_name'
/Library/Ruby/Gems/2.3.0/gems/activerecord-5.2.3/lib/active_record/reflection.rb:162:in `class_name'
/Library/Ruby/Gems/2.3.0/gems/activerecord-5.2.3/lib/active_record/reflection.rb:769:in `klass'
/Library/Ruby/Gems/2.3.0/gems/activerecord-5.2.3/lib/active_record/reflection.rb:790:in `source_reflection'
/Library/Ruby/Gems/2.3.0/gems/activerecord-5.2.3/lib/active_record/reflection.rb:991:in `derive_class_name'
/Library/Ruby/Gems/2.3.0/gems/activerecord-5.2.3/lib/active_record/reflection.rb:162:in `class_name'
/Library/Ruby/Gems/2.3.0/gems/activerecord-5.2.3/lib/active_record/reflection.rb:769:in `klass'
/Library/Ruby/Gems/2.3.0/gems/activerecord-5.2.3/lib/active_record/reflection.rb:790:in `source_reflection'
/Library/Ruby/Gems/2.3.0/gems/activerecord-5.2.3/lib/active_record/reflection.rb:991:in `derive_class_name'
/Library/Ruby/Gems/2.3.0/gems/activerecord-5.2.3/lib/active_record/reflection.rb:162:in `class_name'
/Library/Ruby/Gems/2.3.0/gems/activerecord-5.2.3/lib/active_record/reflection.rb:769:in `klass'
/Library/Ruby/Gems/2.3.0/gems/activerecord-5.2.3/lib/active_record/reflection.rb:790:in `source_reflection'
/Library/Ruby/Gems/2.3.0/gems/activerecord-5.2.3/lib/active_record/reflection.rb:991:in `derive_class_name'
/Library/Ruby/Gems/2.3.0/gems/activerecord-5.2.3/lib/active_record/reflection.rb:162:in `class_name'
/Library/Ruby/Gems/2.3.0/gems/activerecord-5.2.3/lib/active_record/reflection.rb:769:in `klass'
/Library/Ruby/Gems/2.3.0/gems/activerecord-5.2.3/lib/active_record/reflection.rb:790:in `source_reflection'
/Library/Ruby/Gems/2.3.0/gems/activerecord-5.2.3/lib/active_record/reflection.rb:991:in `derive_class_name'
/Library/Ruby/Gems/2.3.0/gems/activerecord-5.2.3/lib/active_record/reflection.rb:162:in `class_name'
/Library/Ruby/Gems/2.3.0/gems/activerecord-5.2.3/lib/active_record/reflection.rb:769:in `klass'
/Library/Ruby/Gems/2.3.0/gems/activerecord-5.2.3/lib/active_record/reflection.rb:790:in `source_reflection'
/Library/Ruby/Gems/2.3.0/gems/activerecord-5.2.3/lib/active_record/reflection.rb:991:in `derive_class_name'
/Library/Ruby/Gems/2.3.0/gems/activerecord-5.2.3/lib/active_record/reflection.rb:162:in `class_name'
/Library/Ruby/Gems/2.3.0/gems/activerecord-5.2.3/lib/active_record/reflection.rb:769:in `klass'
/Library/Ruby/Gems/2.3.0/gems/activerecord-5.2.3/lib/active_record/reflection.rb:790:in `source_reflection'
/Library/Ruby/Gems/2.3.0/gems/activerecord-5.2.3/lib/active_record/reflection.rb:991:in `derive_class_name'
/Library/Ruby/Gems/2.3.0/gems/activerecord-5.2.3/lib/active_record/reflection.rb:162:in `class_name'
/Library/Ruby/Gems/2.3.0/gems/activerecord-5.2.3/lib/active_record/reflection.rb:769:in `klass'
/Library/Ruby/Gems/2.3.0/gems/activerecord-5.2.3/lib/active_record/reflection.rb:790:in `source_reflection'
/Library/Ruby/Gems/2.3.0/gems/activerecord-5.2.3/lib/active_record/reflection.rb:991:in `derive_class_name'
/Library/Ruby/Gems/2.3.0/gems/activerecord-5.2.3/lib/active_record/reflection.rb:162:in `class_name'
/Library/Ruby/Gems/2.3.0/gems/activerecord-5.2.3/lib/active_record/reflection.rb:769:in `klass'
/Library/Ruby/Gems/2.3.0/gems/activerecord-5.2.3/lib/active_record/reflection.rb:790:in `source_reflection'
/Library/Ruby/Gems/2.3.0/gems/activerecord-5.2.3/lib/active_record/reflection.rb:991:in `derive_class_name'
/Library/Ruby/Gems/2.3.0/gems/activerecord-5.2.3/lib/active_record/reflection.rb:162:in `class_name'
/Library/Ruby/Gems/2.3.0/gems/activerecord-5.2.3/lib/active_record/reflection.rb:769:in `klass'
/Library/Ruby/Gems/2.3.0/gems/activerecord-5.2.3/lib/active_record/reflection.rb:790:in `source_reflection'
/Library/Ruby/Gems/2.3.0/gems/activerecord-5.2.3/lib/active_record/reflection.rb:991:in `derive_class_name'
/Library/Ruby/Gems/2.3.0/gems/activerecord-5.2.3/lib/active_record/reflection.rb:162:in `class_name'
/Library/Ruby/Gems/2.3.0/gems/activerecord-5.2.3/lib/active_record/reflection.rb:769:in `klass'
/Library/Ruby/Gems/2.3.0/gems/activerecord-5.2.3/lib/active_record/reflection.rb:790:in `source_reflection'
/Library/Ruby/Gems/2.3.0/gems/activerecord-5.2.3/lib/active_record/reflection.rb:991:in `derive_class_name'
/Library/Ruby/Gems/2.3.0/gems/activerecord-5.2.3/lib/active_record/reflection.rb:162:in `class_name'
/Library/Ruby/Gems/2.3.0/gems/activerecord-5.2.3/lib/active_record/reflection.rb:769:in `klass'
/Library/Ruby/Gems/2.3.0/gems/activerecord-5.2.3/lib/active_record/reflection.rb:790:in `source_reflection'
/Library/Ruby/Gems/2.3.0/gems/activerecord-5.2.3/lib/active_record/reflection.rb:991:in `derive_class_name'
/Library/Ruby/Gems/2.3.0/gems/activerecord-5.2.3/lib/active_record/reflection.rb:162:in `class_name'
/Library/Ruby/Gems/2.3.0/gems/activerecord-5.2.3/lib/active_record/reflection.rb:769:in `klass'
/Library/Ruby/Gems/2.3.0/gems/activerecord-5.2.3/lib/active_record/reflection.rb:790:in `source_reflection'
/Library/Ruby/Gems/2.3.0/gems/activerecord-5.2.3/lib/active_record/reflection.rb:991:in `derive_class_name'
/Library/Ruby/Gems/2.3.0/gems/activerecord-5.2.3/lib/active_record/reflection.rb:162:in `class_name'
/Library/Ruby/Gems/2.3.0/gems/activerecord-5.2.3/lib/active_record/reflection.rb:769:in `klass'
/Library/Ruby/Gems/2.3.0/gems/activerecord-5.2.3/lib/active_record/reflection.rb:790:in `source_reflection'
/Library/Ruby/Gems/2.3.0/gems/activerecord-5.2.3/lib/active_record/reflection.rb:991:in `derive_class_name'
/Library/Ruby/Gems/2.3.0/gems/activerecord-5.2.3/lib/active_record/reflection.rb:162:in `class_name'
/Library/Ruby/Gems/2.3.0/gems/activerecord-5.2.3/lib/active_record/reflection.rb:769:in `klass'
/Library/Ruby/Gems/2.3.0/gems/activerecord-5.2.3/lib/active_record/reflection.rb:790:in `source_reflection'
/Library/Ruby/Gems/2.3.0/gems/activerecord-5.2.3/lib/active_record/reflection.rb:991:in `derive_class_name'
/Library/Ruby/Gems/2.3.0/gems/activerecord-5.2.3/lib/active_record/reflection.rb:162:in `class_name'
/Library/Ruby/Gems/2.3.0/gems/activerecord-5.2.3/lib/active_record/reflection.rb:769:in `klass'
/Library/Ruby/Gems/2.3.0/gems/activerecord-5.2.3/lib/active_record/reflection.rb:790:in `source_reflection'
/Library/Ruby/Gems/2.3.0/gems/activerecord-5.2.3/lib/active_record/reflection.rb:991:in `derive_class_name'
/Library/Ruby/Gems/2.3.0/gems/activerecord-5.2.3/lib/active_record/reflection.rb:162:in `class_name'
/Library/Ruby/Gems/2.3.0/gems/activerecord-5.2.3/lib/active_record/reflection.rb:769:in `klass'
/Library/Ruby/Gems/2.3.0/gems/activerecord-5.2.3/lib/active_record/reflection.rb:790:in `source_reflection'
/Library/Ruby/Gems/2.3.0/gems/activerecord-5.2.3/lib/active_record/reflection.rb:991:in `derive_class_name'
/Library/Ruby/Gems/2.3.0/gems/activerecord-5.2.3/lib/active_record/reflection.rb:162:in `class_name'
/Library/Ruby/Gems/2.3.0/gems/activerecord-5.2.3/lib/active_record/reflection.rb:769:in `klass'
/Library/Ruby/Gems/2.3.0/gems/activerecord-5.2.3/lib/active_record/reflection.rb:790:in `source_reflection'
/Library/Ruby/Gems/2.3.0/gems/activerecord-5.2.3/lib/active_record/reflection.rb:991:in `derive_class_name'
/Library/Ruby/Gems/2.3.0/gems/activerecord-5.2.3/lib/active_record/reflection.rb:162:in `class_name'
/Library/Ruby/Gems/2.3.0/gems/activerecord-5.2.3/lib/active_record/reflection.rb:769:in `klass'
/Library/Ruby/Gems/2.3.0/gems/activerecord-5.2.3/lib/active_record/reflection.rb:790:in `source_reflection'
/Library/Ruby/Gems/2.3.0/gems/activerecord-5.2.3/lib/active_record/reflection.rb:991:in `derive_class_name'
/Library/Ruby/Gems/2.3.0/gems/activerecord-5.2.3/lib/active_record/reflection.rb:162:in `class_name'
/Library/Ruby/Gems/2.3.0/gems/activerecord-5.2.3/lib/active_record/reflection.rb:769:in `klass'
/Library/Ruby/Gems/2.3.0/gems/activerecord-5.2.3/lib/active_record/reflection.rb:790:in `source_reflection'
/Library/Ruby/Gems/2.3.0/gems/activerecord-5.2.3/lib/active_record/reflection.rb:991:in `derive_class_name'
/Library/Ruby/Gems/2.3.0/gems/activerecord-5.2.3/lib/active_record/reflection.rb:162:in `class_name'
/Library/Ruby/Gems/2.3.0/gems/activerecord-5.2.3/lib/active_record/reflection.rb:769:in `klass'
/Library/Ruby/Gems/2.3.0/gems/activerecord-5.2.3/lib/active_record/reflection.rb:790:in `source_reflection'
/Library/Ruby/Gems/2.3.0/gems/activerecord-5.2.3/lib/active_record/reflection.rb:991:in `derive_class_name'
/Library/Ruby/Gems/2.3.0/gems/activerecord-5.2.3/lib/active_record/reflection.rb:162:in `class_name'
/Library/Ruby/Gems/2.3.0/gems/activerecord-5.2.3/lib/active_record/reflection.rb:769:in `klass'
/Library/Ruby/Gems/2.3.0/gems/activerecord-5.2.3/lib/active_record/reflection.rb:790:in `source_reflection'
/Library/Ruby/Gems/2.3.0/gems/activerecord-5.2.3/lib/active_record/reflection.rb:991:in `derive_class_name'
/Library/Ruby/Gems/2.3.0/gems/activerecord-5.2.3/lib/active_record/reflection.rb:162:in `class_name'
/Library/Ruby/Gems/2.3.0/gems/activerecord-5.2.3/lib/active_record/reflection.rb:769:in `klass'
/Library/Ruby/Gems/2.3.0/gems/activerecord-5.2.3/lib/active_record/reflection.rb:790:in `source_reflection'
/Library/Ruby/Gems/2.3.0/gems/activerecord-5.2.3/lib/active_record/reflection.rb:991:in `derive_class_name'
/Library/Ruby/Gems/2.3.0/gems/activerecord-5.2.3/lib/active_record/reflection.rb:162:in `class_name'
/Library/Ruby/Gems/2.3.0/gems/activerecord-5.2.3/lib/active_record/reflection.rb:769:in `klass'
/Library/Ruby/Gems/2.3.0/gems/activerecord-5.2.3/lib/active_record/reflection.rb:790:in `source_reflection'
/Library/Ruby/Gems/2.3.0/gems/activerecord-5.2.3/lib/active_record/reflection.rb:991:in `derive_class_name'
/Library/Ruby/Gems/2.3.0/gems/activerecord-5.2.3/lib/active_record/reflection.rb:162:in `class_name'
/Library/Ruby/Gems/2.3.0/gems/activerecord-5.2.3/lib/active_record/reflection.rb:769:in `klass'
/Library/Ruby/Gems/2.3.0/gems/activerecord-5.2.3/lib/active_record/reflection.rb:790:in `source_reflection'
/Library/Ruby/Gems/2.3.0/gems/activerecord-5.2.3/lib/active_record/reflection.rb:991:in `derive_class_name'
/Library/Ruby/Gems/2.3.0/gems/activerecord-5.2.3/lib/active_record/reflection.rb:162:in `class_name'
/Library/Ruby/Gems/2.3.0/gems/activerecord-5.2.3/lib/active_record/reflection.rb:769:in `klass'
/Library/Ruby/Gems/2.3.0/gems/activerecord-5.2.3/lib/active_record/reflection.rb:790:in `source_reflection'
/Library/Ruby/Gems/2.3.0/gems/activerecord-5.2.3/lib/active_record/reflection.rb:991:in `derive_class_name'
/Library/Ruby/Gems/2.3.0/gems/activerecord-5.2.3/lib/active_record/reflection.rb:162:in `class_name'
/Library/Ruby/Gems/2.3.0/gems/activerecord-5.2.3/lib/active_record/reflection.rb:769:in `klass'
/Library/Ruby/Gems/2.3.0/gems/activerecord-5.2.3/lib/active_record/reflection.rb:790:in `source_reflection'
/Library/Ruby/Gems/2.3.0/gems/activerecord-5.2.3/lib/active_record/reflection.rb:991:in `derive_class_name'
/Library/Ruby/Gems/2.3.0/gems/activerecord-5.2.3/lib/active_record/reflection.rb:162:in `class_name'
/Library/Ruby/Gems/2.3.0/gems/activerecord-5.2.3/lib/active_record/reflection.rb:769:in `klass'
/Library/Ruby/Gems/2.3.0/gems/activerecord-5.2.3/lib/active_record/reflection.rb:790:in `source_reflection'
/Library/Ruby/Gems/2.3.0/gems/activerecord-5.2.3/lib/active_record/reflection.rb:991:in `derive_class_name'
/Library/Ruby/Gems/2.3.0/gems/activerecord-5.2.3/lib/active_record/reflection.rb:162:in `class_name'
/Library/Ruby/Gems/2.3.0/gems/activerecord-5.2.3/lib/active_record/reflection.rb:769:in `klass'
/Library/Ruby/Gems/2.3.0/gems/activerecord-5.2.3/lib/active_record/reflection.rb:790:in `source_reflection'
/Library/Ruby/Gems/2.3.0/gems/activerecord-5.2.3/lib/active_record/reflection.rb:991:in `derive_class_name'
/Library/Ruby/Gems/2.3.0/gems/activerecord-5.2.3/lib/active_record/reflection.rb:162:in `class_name'
/Library/Ruby/Gems/2.3.0/gems/activerecord-5.2.3/lib/active_record/reflection.rb:769:in `klass'
/Library/Ruby/Gems/2.3.0/gems/activerecord-5.2.3/lib/active_record/reflection.rb:790:in `source_reflection'
/Library/Ruby/Gems/2.3.0/gems/activerecord-5.2.3/lib/active_record/reflection.rb:991:in `derive_class_name'
/Library/Ruby/Gems/2.3.0/gems/activerecord-5.2.3/lib/active_record/reflection.rb:162:in `class_name'
/Library/Ruby/Gems/2.3.0/gems/activerecord-5.2.3/lib/active_record/reflection.rb:769:in `klass'
/Library/Ruby/Gems/2.3.0/gems/activerecord-5.2.3/lib/active_record/reflection.rb:790:in `source_reflection'
/Library/Ruby/Gems/2.3.0/gems/activerecord-5.2.3/lib/active_record/reflection.rb:991:in `derive_class_name'
/Library/Ruby/Gems/2.3.0/gems/activerecord-5.2.3/lib/active_record/reflection.rb:162:in `class_name'
/Library/Ruby/Gems/2.3.0/gems/activerecord-5.2.3/lib/active_record/reflection.rb:769:in `klass'
/Library/Ruby/Gems/2.3.0/gems/activerecord-5.2.3/lib/active_record/reflection.rb:790:in `source_reflection'
/Library/Ruby/Gems/2.3.0/gems/activerecord-5.2.3/lib/active_record/reflection.rb:991:in `derive_class_name'
/Library/Ruby/Gems/2.3.0/gems/activerecord-5.2.3/lib/active_record/reflection.rb:162:in `class_name'
/Library/Ruby/Gems/2.3.0/gems/activerecord-5.2.3/lib/active_record/reflection.rb:769:in `klass'
/Library/Ruby/Gems/2.3.0/gems/activerecord-5.2.3/lib/active_record/reflection.rb:790:in `source_reflection'
/Library/Ruby/Gems/2.3.0/gems/activerecord-5.2.3/lib/active_record/reflection.rb:991:in `derive_class_name'
/Library/Ruby/Gems/2.3.0/gems/activerecord-5.2.3/lib/active_record/reflection.rb:162:in `class_name'
/Library/Ruby/Gems/2.3.0/gems/activerecord-5.2.3/lib/active_record/reflection.rb:769:in `klass'
/Library/Ruby/Gems/2.3.0/gems/activerecord-5.2.3/lib/active_record/reflection.rb:790:in `source_reflection'
/Library/Ruby/Gems/2.3.0/gems/activerecord-5.2.3/lib/active_record/reflection.rb:991:in `derive_class_name'
/Library/Ruby/Gems/2.3.0/gems/activerecord-5.2.3/lib/active_record/reflection.rb:162:in `class_name'
/Library/Ruby/Gems/2.3.0/gems/activerecord-5.2.3/lib/active_record/reflection.rb:769:in `klass'
/Library/Ruby/Gems/2.3.0/gems/activerecord-5.2.3/lib/active_record/reflection.rb:790:in `source_reflection'
/Library/Ruby/Gems/2.3.0/gems/activerecord-5.2.3/lib/active_record/reflection.rb:991:in `derive_class_name'
/Library/Ruby/Gems/2.3.0/gems/activerecord-5.2.3/lib/active_record/reflection.rb:162:in `class_name'
/Library/Ruby/Gems/2.3.0/gems/activerecord-5.2.3/lib/active_record/reflection.rb:769:in `klass'
/Library/Ruby/Gems/2.3.0/gems/activerecord-5.2.3/lib/active_record/reflection.rb:790:in `source_reflection'
/Library/Ruby/Gems/2.3.0/gems/activerecord-5.2.3/lib/active_record/reflection.rb:991:in `derive_class_name'
/Library/Ruby/Gems/2.3.0/gems/activerecord-5.2.3/lib/active_record/reflection.rb:162:in `class_name'
/Library/Ruby/Gems/2.3.0/gems/activerecord-5.2.3/lib/active_record/reflection.rb:769:in `klass'
/Library/Ruby/Gems/2.3.0/gems/activerecord-5.2.3/lib/active_record/reflection.rb:790:in `source_reflection'
/Library/Ruby/Gems/2.3.0/gems/activerecord-5.2.3/lib/active_record/reflection.rb:991:in `derive_class_name'
/Library/Ruby/Gems/2.3.0/gems/activerecord-5.2.3/lib/active_record/reflection.rb:162:in `class_name'
/Library/Ruby/Gems/2.3.0/gems/activerecord-5.2.3/lib/active_record/reflection.rb:769:in `klass'
/Library/Ruby/Gems/2.3.0/gems/activerecord-5.2.3/lib/active_record/reflection.rb:790:in `source_reflection'
/Library/Ruby/Gems/2.3.0/gems/activerecord-5.2.3/lib/active_record/reflection.rb:991:in `derive_class_name'
/Library/Ruby/Gems/2.3.0/gems/activerecord-5.2.3/lib/active_record/reflection.rb:162:in `class_name'
/Library/Ruby/Gems/2.3.0/gems/activerecord-5.2.3/lib/active_record/reflection.rb:769:in `klass'
/Library/Ruby/Gems/2.3.0/gems/activerecord-5.2.3/lib/active_record/reflection.rb:790:in `source_reflection'
/Library/Ruby/Gems/2.3.0/gems/activerecord-5.2.3/lib/active_record/reflection.rb:991:in `derive_class_name'
/Library/Ruby/Gems/2.3.0/gems/activerecord-5.2.3/lib/active_record/reflection.rb:162:in `class_name'
/Library/Ruby/Gems/2.3.0/gems/activerecord-5.2.3/lib/active_record/reflection.rb:769:in `klass'
/Library/Ruby/Gems/2.3.0/gems/activerecord-5.2.3/lib/active_record/reflection.rb:790:in `source_reflection'
/Library/Ruby/Gems/2.3.0/gems/activerecord-5.2.3/lib/active_record/reflection.rb:991:in `derive_class_name'
/Library/Ruby/Gems/2.3.0/gems/activerecord-5.2.3/lib/active_record/reflection.rb:162:in `class_name'
/Library/Ruby/Gems/2.3.0/gems/activerecord-5.2.3/lib/active_record/reflection.rb:769:in `klass'
/Library/Ruby/Gems/2.3.0/gems/activerecord-5.2.3/lib/active_record/reflection.rb:790:in `source_reflection'
/Library/Ruby/Gems/2.3.0/gems/activerecord-5.2.3/lib/active_record/reflection.rb:991:in `derive_class_name'
/Library/Ruby/Gems/2.3.0/gems/activerecord-5.2.3/lib/active_record/reflection.rb:162:in `class_name'
/Library/Ruby/Gems/2.3.0/gems/activerecord-5.2.3/lib/active_record/reflection.rb:769:in `klass'
/Library/Ruby/Gems/2.3.0/gems/activerecord-5.2.3/lib/active_record/reflection.rb:790:in `source_reflection'
/Library/Ruby/Gems/2.3.0/gems/activerecord-5.2.3/lib/active_record/reflection.rb:991:in `derive_class_name'
/Library/Ruby/Gems/2.3.0/gems/activerecord-5.2.3/lib/active_record/reflection.rb:162:in `class_name'
/Library/Ruby/Gems/2.3.0/gems/activerecord-5.2.3/lib/active_record/reflection.rb:769:in `klass'
/Library/Ruby/Gems/2.3.0/gems/activerecord-5.2.3/lib/active_record/reflection.rb:790:in `source_reflection'
/Library/Ruby/Gems/2.3.0/gems/activerecord-5.2.3/lib/active_record/reflection.rb:991:in `derive_class_name'
/Library/Ruby/Gems/2.3.0/gems/activerecord-5.2.3/lib/active_record/reflection.rb:162:in `class_name'
/Library/Ruby/Gems/2.3.0/gems/activerecord-5.2.3/lib/active_record/reflection.rb:769:in `klass'
/Library/Ruby/Gems/2.3.0/gems/activerecord-5.2.3/lib/active_record/reflection.rb:790:in `source_reflection'
/Library/Ruby/Gems/2.3.0/gems/activerecord-5.2.3/lib/active_record/reflection.rb:991:in `derive_class_name'
/Library/Ruby/Gems/2.3.0/gems/activerecord-5.2.3/lib/active_record/reflection.rb:162:in `class_name'
/Library/Ruby/Gems/2.3.0/gems/activerecord-5.2.3/lib/active_record/reflection.rb:769:in `klass'
/Library/Ruby/Gems/2.3.0/gems/activerecord-5.2.3/lib/active_record/reflection.rb:790:in `source_reflection'
/Library/Ruby/Gems/2.3.0/gems/activerecord-5.2.3/lib/active_record/reflection.rb:991:in `derive_class_name'
/Library/Ruby/Gems/2.3.0/gems/activerecord-5.2.3/lib/active_record/reflection.rb:162:in `class_name'
/Library/Ruby/Gems/2.3.0/gems/activerecord-5.2.3/lib/active_record/reflection.rb:769:in `klass'
/Library/Ruby/Gems/2.3.0/gems/activerecord-5.2.3/lib/active_record/reflection.rb:790:in `source_reflection'
/Library/Ruby/Gems/2.3.0/gems/activerecord-5.2.3/lib/active_record/reflection.rb:991:in `derive_class_name'
/Library/Ruby/Gems/2.3.0/gems/activerecord-5.2.3/lib/active_record/reflection.rb:162:in `class_name'
/Library/Ruby/Gems/2.3.0/gems/activerecord-5.2.3/lib/active_record/reflection.rb:769:in `klass'
/Library/Ruby/Gems/2.3.0/gems/activerecord-5.2.3/lib/active_record/reflection.rb:790:in `source_reflection'
/Library/Ruby/Gems/2.3.0/gems/activerecord-5.2.3/lib/active_record/reflection.rb:991:in `derive_class_name'
/Library/Ruby/Gems/2.3.0/gems/activerecord-5.2.3/lib/active_record/reflection.rb:162:in `class_name'
/Library/Ruby/Gems/2.3.0/gems/activerecord-5.2.3/lib/active_record/reflection.rb:769:in `klass'
/Library/Ruby/Gems/2.3.0/gems/activerecord-5.2.3/lib/active_record/reflection.rb:790:in `source_reflection'
/Library/Ruby/Gems/2.3.0/gems/activerecord-5.2.3/lib/active_record/reflection.rb:991:in `derive_class_name'
/Library/Ruby/Gems/2.3.0/gems/activerecord-5.2.3/lib/active_record/reflection.rb:162:in `class_name'
/Library/Ruby/Gems/2.3.0/gems/activerecord-5.2.3/lib/active_record/reflection.rb:769:in `klass'
/Library/Ruby/Gems/2.3.0/gems/activerecord-5.2.3/lib/active_record/reflection.rb:790:in `source_reflection'
/Library/Ruby/Gems/2.3.0/gems/activerecord-5.2.3/lib/active_record/reflection.rb:991:in `derive_class_name'
/Library/Ruby/Gems/2.3.0/gems/activerecord-5.2.3/lib/active_record/reflection.rb:162:in `class_name'
/Library/Ruby/Gems/2.3.0/gems/activerecord-5.2.3/lib/active_record/reflection.rb:769:in `klass'
/Library/Ruby/Gems/2.3.0/gems/activerecord-5.2.3/lib/active_record/reflection.rb:790:in `source_reflection'
/Library/Ruby/Gems/2.3.0/gems/activerecord-5.2.3/lib/active_record/reflection.rb:991:in `derive_class_name'
/Library/Ruby/Gems/2.3.0/gems/activerecord-5.2.3/lib/active_record/reflection.rb:162:in `class_name'
/Library/Ruby/Gems/2.3.0/gems/activerecord-5.2.3/lib/active_record/reflection.rb:769:in `klass'
/Library/Ruby/Gems/2.3.0/gems/activerecord-5.2.3/lib/active_record/reflection.rb:790:in `source_reflection'
/Library/Ruby/Gems/2.3.0/gems/activerecord-5.2.3/lib/active_record/reflection.rb:991:in `derive_class_name'
/Library/Ruby/Gems/2.3.0/gems/activerecord-5.2.3/lib/active_record/reflection.rb:162:in `class_name'
/Library/Ruby/Gems/2.3.0/gems/activerecord-5.2.3/lib/active_record/reflection.rb:769:in `klass'
/Library/Ruby/Gems/2.3.0/gems/activerecord-5.2.3/lib/active_record/reflection.rb:790:in `source_reflection'
/Library/Ruby/Gems/2.3.0/gems/activerecord-5.2.3/lib/active_record/reflection.rb:991:in `derive_class_name'
/Library/Ruby/Gems/2.3.0/gems/activerecord-5.2.3/lib/active_record/reflection.rb:162:in `class_name'
/Library/Ruby/Gems/2.3.0/gems/activerecord-5.2.3/lib/active_record/reflection.rb:769:in `klass'
/Library/Ruby/Gems/2.3.0/gems/activerecord-5.2.3/lib/active_record/reflection.rb:790:in `source_reflection'
/Library/Ruby/Gems/2.3.0/gems/activerecord-5.2.3/lib/active_record/reflection.rb:991:in `derive_class_name'
/Library/Ruby/Gems/2.3.0/gems/activerecord-5.2.3/lib/active_record/reflection.rb:162:in `class_name'
/Library/Ruby/Gems/2.3.0/gems/activerecord-5.2.3/lib/active_record/reflection.rb:769:in `klass'
/Library/Ruby/Gems/2.3.0/gems/activerecord-5.2.3/lib/active_record/reflection.rb:790:in `source_reflection'
/Library/Ruby/Gems/2.3.0/gems/activerecord-5.2.3/lib/active_record/reflection.rb:991:in `derive_class_name'
/Library/Ruby/Gems/2.3.0/gems/activerecord-5.2.3/lib/active_record/reflection.rb:162:in `class_name'
/Library/Ruby/Gems/2.3.0/gems/activerecord-5.2.3/lib/active_record/reflection.rb:769:in `klass'
/Library/Ruby/Gems/2.3.0/gems/activerecord-5.2.3/lib/active_record/reflection.rb:790:in `source_reflection'
/Library/Ruby/Gems/2.3.0/gems/activerecord-5.2.3/lib/active_record/reflection.rb:991:in `derive_class_name'
/Library/Ruby/Gems/2.3.0/gems/activerecord-5.2.3/lib/active_record/reflection.rb:162:in `class_name'
/Library/Ruby/Gems/2.3.0/gems/activerecord-5.2.3/lib/active_record/reflection.rb:769:in `klass'
/Library/Ruby/Gems/2.3.0/gems/activerecord-5.2.3/lib/active_record/reflection.rb:790:in `source_reflection'
/Library/Ruby/Gems/2.3.0/gems/activerecord-5.2.3/lib/active_record/reflection.rb:991:in `derive_class_name'
/Library/Ruby/Gems/2.3.0/gems/activerecord-5.2.3/lib/active_record/reflection.rb:162:in `class_name'
/Library/Ruby/Gems/2.3.0/gems/activerecord-5.2.3/lib/active_record/reflection.rb:769:in `klass'
/Library/Ruby/Gems/2.3.0/gems/activerecord-5.2.3/lib/active_record/reflection.rb:790:in `source_reflection'
/Library/Ruby/Gems/2.3.0/gems/activerecord-5.2.3/lib/active_record/reflection.rb:991:in `derive_class_name'
/Library/Ruby/Gems/2.3.0/gems/activerecord-5.2.3/lib/active_record/reflection.rb:162:in `class_name'
/Library/Ruby/Gems/2.3.0/gems/activerecord-5.2.3/lib/active_record/reflection.rb:769:in `klass'
/Library/Ruby/Gems/2.3.0/gems/activerecord-5.2.3/lib/active_record/reflection.rb:790:in `source_reflection'
/Library/Ruby/Gems/2.3.0/gems/activerecord-5.2.3/lib/active_record/reflection.rb:991:in `derive_class_name'
/Library/Ruby/Gems/2.3.0/gems/activerecord-5.2.3/lib/active_record/reflection.rb:162:in `class_name'
/Library/Ruby/Gems/2.3.0/gems/activerecord-5.2.3/lib/active_record/reflection.rb:769:in `klass'
/Library/Ruby/Gems/2.3.0/gems/activerecord-5.2.3/lib/active_record/reflection.rb:790:in `source_reflection'
/Library/Ruby/Gems/2.3.0/gems/activerecord-5.2.3/lib/active_record/reflection.rb:991:in `derive_class_name'
/Library/Ruby/Gems/2.3.0/gems/activerecord-5.2.3/lib/active_record/reflection.rb:162:in `class_name'
/Library/Ruby/Gems/2.3.0/gems/activerecord-5.2.3/lib/active_record/reflection.rb:769:in `klass'
/Library/Ruby/Gems/2.3.0/gems/activerecord-5.2.3/lib/active_record/reflection.rb:790:in `source_reflection'
/Library/Ruby/Gems/2.3.0/gems/activerecord-5.2.3/lib/active_record/reflection.rb:991:in `derive_class_name'
/Library/Ruby/Gems/2.3.0/gems/activerecord-5.2.3/lib/active_record/reflection.rb:162:in `class_name'
/Library/Ruby/Gems/2.3.0/gems/activerecord-5.2.3/lib/active_record/reflection.rb:769:in `klass'
/Library/Ruby/Gems/2.3.0/gems/activerecord-5.2.3/lib/active_record/reflection.rb:790:in `source_reflection'
/Library/Ruby/Gems/2.3.0/gems/activerecord-5.2.3/lib/active_record/reflection.rb:991:in `derive_class_name'
/Library/Ruby/Gems/2.3.0/gems/activerecord-5.2.3/lib/active_record/reflection.rb:162:in `class_name'
/Library/Ruby/Gems/2.3.0/gems/activerecord-5.2.3/lib/active_record/reflection.rb:769:in `klass'
/Library/Ruby/Gems/2.3.0/gems/activerecord-5.2.3/lib/active_record/reflection.rb:790:in `source_reflection'
/Library/Ruby/Gems/2.3.0/gems/activerecord-5.2.3/lib/active_record/reflection.rb:991:in `derive_class_name'
/Library/Ruby/Gems/2.3.0/gems/activerecord-5.2.3/lib/active_record/reflection.rb:162:in `class_name'
/Library/Ruby/Gems/2.3.0/gems/activerecord-5.2.3/lib/active_record/reflection.rb:769:in `klass'
/Library/Ruby/Gems/2.3.0/gems/activerecord-5.2.3/lib/active_record/reflection.rb:790:in `source_reflection'
/Library/Ruby/Gems/2.3.0/gems/activerecord-5.2.3/lib/active_record/reflection.rb:991:in `derive_class_name'
/Library/Ruby/Gems/2.3.0/gems/activerecord-5.2.3/lib/active_record/reflection.rb:162:in `class_name'
/Library/Ruby/Gems/2.3.0/gems/activerecord-5.2.3/lib/active_record/reflection.rb:769:in `klass'
/Library/Ruby/Gems/2.3.0/gems/activerecord-5.2.3/lib/active_record/reflection.rb:790:in `source_reflection'
/Library/Ruby/Gems/2.3.0/gems/activerecord-5.2.3/lib/active_record/reflection.rb:991:in `derive_class_name'
/Library/Ruby/Gems/2.3.0/gems/activerecord-5.2.3/lib/active_record/reflection.rb:162:in `class_name'
/Library/Ruby/Gems/2.3.0/gems/activerecord-5.2.3/lib/active_record/reflection.rb:769:in `klass'
/Library/Ruby/Gems/2.3.0/gems/activerecord-5.2.3/lib/active_record/reflection.rb:790:in `source_reflection'
/Library/Ruby/Gems/2.3.0/gems/activerecord-5.2.3/lib/active_record/reflection.rb:991:in `derive_class_name'
/Library/Ruby/Gems/2.3.0/gems/activerecord-5.2.3/lib/active_record/reflection.rb:162:in `class_name'
/Library/Ruby/Gems/2.3.0/gems/activerecord-5.2.3/lib/active_record/reflection.rb:769:in `klass'
/Library/Ruby/Gems/2.3.0/gems/activerecord-5.2.3/lib/active_record/reflection.rb:790:in `source_reflection'
/Library/Ruby/Gems/2.3.0/gems/activerecord-5.2.3/lib/active_record/reflection.rb:991:in `derive_class_name'
/Library/Ruby/Gems/2.3.0/gems/activerecord-5.2.3/lib/active_record/reflection.rb:162:in `class_name'
/Library/Ruby/Gems/2.3.0/gems/activerecord-5.2.3/lib/active_record/reflection.rb:769:in `klass'
/Library/Ruby/Gems/2.3.0/gems/activerecord-5.2.3/lib/active_record/reflection.rb:790:in `source_reflection'
/Library/Ruby/Gems/2.3.0/gems/activerecord-5.2.3/lib/active_record/reflection.rb:991:in `derive_class_name'
/Library/Ruby/Gems/2.3.0/gems/activerecord-5.2.3/lib/active_record/reflection.rb:162:in `class_name'
/Library/Ruby/Gems/2.3.0/gems/activerecord-5.2.3/lib/active_record/reflection.rb:769:in `klass'
/Library/Ruby/Gems/2.3.0/gems/activerecord-5.2.3/lib/active_record/reflection.rb:790:in `source_reflection'
/Library/Ruby/Gems/2.3.0/gems/activerecord-5.2.3/lib/active_record/reflection.rb:991:in `derive_class_name'
/Library/Ruby/Gems/2.3.0/gems/activerecord-5.2.3/lib/active_record/reflection.rb:162:in `class_name'
/Library/Ruby/Gems/2.3.0/gems/activerecord-5.2.3/lib/active_record/reflection.rb:769:in `klass'
/Library/Ruby/Gems/2.3.0/gems/activerecord-5.2.3/lib/active_record/reflection.rb:790:in `source_reflection'
/Library/Ruby/Gems/2.3.0/gems/activerecord-5.2.3/lib/active_record/reflection.rb:991:in `derive_class_name'
/Library/Ruby/Gems/2.3.0/gems/activerecord-5.2.3/lib/active_record/reflection.rb:162:in `class_name'
/Library/Ruby/Gems/2.3.0/gems/activerecord-5.2.3/lib/active_record/reflection.rb:769:in `klass'
/Library/Ruby/Gems/2.3.0/gems/activerecord-5.2.3/lib/active_record/reflection.rb:790:in `source_reflection'
/Library/Ruby/Gems/2.3.0/gems/activerecord-5.2.3/lib/active_record/reflection.rb:991:in `derive_class_name'
/Library/Ruby/Gems/2.3.0/gems/activerecord-5.2.3/lib/active_record/reflection.rb:162:in `class_name'
/Library/Ruby/Gems/2.3.0/gems/activerecord-5.2.3/lib/active_record/reflection.rb:769:in `klass'
/Library/Ruby/Gems/2.3.0/gems/activerecord-5.2.3/lib/active_record/reflection.rb:790:in `source_reflection'
/Library/Ruby/Gems/2.3.0/gems/activerecord-5.2.3/lib/active_record/reflection.rb:991:in `derive_class_name'
/Library/Ruby/Gems/2.3.0/gems/activerecord-5.2.3/lib/active_record/reflection.rb:162:in `class_name'
/Library/Ruby/Gems/2.3.0/gems/activerecord-5.2.3/lib/active_record/reflection.rb:769:in `klass'
/Library/Ruby/Gems/2.3.0/gems/activerecord-5.2.3/lib/active_record/reflection.rb:790:in `source_reflection'
/Library/Ruby/Gems/2.3.0/gems/activerecord-5.2.3/lib/active_record/reflection.rb:991:in `derive_class_name'
/Library/Ruby/Gems/2.3.0/gems/activerecord-5.2.3/lib/active_record/reflection.rb:162:in `class_name'
/Library/Ruby/Gems/2.3.0/gems/activerecord-5.2.3/lib/active_record/reflection.rb:769:in `klass'
/Library/Ruby/Gems/2.3.0/gems/activerecord-5.2.3/lib/active_record/reflection.rb:790:in `source_reflection'
/Library/Ruby/Gems/2.3.0/gems/activerecord-5.2.3/lib/active_record/reflection.rb:991:in `derive_class_name'
/Library/Ruby/Gems/2.3.0/gems/activerecord-5.2.3/lib/active_record/reflection.rb:162:in `class_name'
/Library/Ruby/Gems/2.3.0/gems/activerecord-5.2.3/lib/active_record/reflection.rb:769:in `klass'
/Library/Ruby/Gems/2.3.0/gems/activerecord-5.2.3/lib/active_record/reflection.rb:790:in `source_reflection'
/Library/Ruby/Gems/2.3.0/gems/activerecord-5.2.3/lib/active_record/reflection.rb:991:in `derive_class_name'
/Library/Ruby/Gems/2.3.0/gems/activerecord-5.2.3/lib/active_record/reflection.rb:162:in `class_name'
/Library/Ruby/Gems/2.3.0/gems/activerecord-5.2.3/lib/active_record/reflection.rb:769:in `klass'
/Library/Ruby/Gems/2.3.0/gems/activerecord-5.2.3/lib/active_record/reflection.rb:790:in `source_reflection'
/Library/Ruby/Gems/2.3.0/gems/activerecord-5.2.3/lib/active_record/reflection.rb:991:in `derive_class_name'
/Library/Ruby/Gems/2.3.0/gems/activerecord-5.2.3/lib/active_record/reflection.rb:162:in `class_name'
/Library/Ruby/Gems/2.3.0/gems/activerecord-5.2.3/lib/active_record/reflection.rb:769:in `klass'
/Library/Ruby/Gems/2.3.0/gems/activerecord-5.2.3/lib/active_record/reflection.rb:790:in `source_reflection'
/Library/Ruby/Gems/2.3.0/gems/activerecord-5.2.3/lib/active_record/reflection.rb:991:in `derive_class_name'
/Library/Ruby/Gems/2.3.0/gems/activerecord-5.2.3/lib/active_record/reflection.rb:162:in `class_name'
/Library/Ruby/Gems/2.3.0/gems/activerecord-5.2.3/lib/active_record/reflection.rb:769:in `klass'
/Library/Ruby/Gems/2.3.0/gems/activerecord-5.2.3/lib/active_record/reflection.rb:790:in `source_reflection'
/Library/Ruby/Gems/2.3.0/gems/activerecord-5.2.3/lib/active_record/reflection.rb:991:in `derive_class_name'
/Library/Ruby/Gems/2.3.0/gems/activerecord-5.2.3/lib/active_record/reflection.rb:162:in `class_name'
/Library/Ruby/Gems/2.3.0/gems/activerecord-5.2.3/lib/active_record/reflection.rb:769:in `klass'
/Library/Ruby/Gems/2.3.0/gems/activerecord-5.2.3/lib/active_record/reflection.rb:790:in `source_reflection'
/Library/Ruby/Gems/2.3.0/gems/activerecord-5.2.3/lib/active_record/reflection.rb:991:in `derive_class_name'
/Library/Ruby/Gems/2.3.0/gems/activerecord-5.2.3/lib/active_record/reflection.rb:162:in `class_name'
/Library/Ruby/Gems/2.3.0/gems/activerecord-5.2.3/lib/active_record/reflection.rb:769:in `klass'
/Library/Ruby/Gems/2.3.0/gems/activerecord-5.2.3/lib/active_record/reflection.rb:790:in `source_reflection'
/Library/Ruby/Gems/2.3.0/gems/activerecord-5.2.3/lib/active_record/reflection.rb:991:in `derive_class_name'
/Library/Ruby/Gems/2.3.0/gems/activerecord-5.2.3/lib/active_record/reflection.rb:162:in `class_name'
/Library/Ruby/Gems/2.3.0/gems/activerecord-5.2.3/lib/active_record/reflection.rb:769:in `klass'
/Library/Ruby/Gems/2.3.0/gems/activerecord-5.2.3/lib/active_record/reflection.rb:790:in `source_reflection'
/Library/Ruby/Gems/2.3.0/gems/activerecord-5.2.3/lib/active_record/reflection.rb:991:in `derive_class_name'
/Library/Ruby/Gems/2.3.0/gems/activerecord-5.2.3/lib/active_record/reflection.rb:162:in `class_name'
/Library/Ruby/Gems/2.3.0/gems/activerecord-5.2.3/lib/active_record/reflection.rb:769:in `klass'
/Library/Ruby/Gems/2.3.0/gems/activerecord-5.2.3/lib/active_record/reflection.rb:790:in `source_reflection'
/Library/Ruby/Gems/2.3.0/gems/activerecord-5.2.3/lib/active_record/reflection.rb:991:in `derive_class_name'
/Library/Ruby/Gems/2.3.0/gems/activerecord-5.2.3/lib/active_record/reflection.rb:162:in `class_name'
/Library/Ruby/Gems/2.3.0/gems/activerecord-5.2.3/lib/active_record/reflection.rb:769:in `klass'
/Library/Ruby/Gems/2.3.0/gems/activerecord-5.2.3/lib/active_record/reflection.rb:790:in `source_reflection'
/Library/Ruby/Gems/2.3.0/gems/activerecord-5.2.3/lib/active_record/reflection.rb:991:in `derive_class_name'
/Library/Ruby/Gems/2.3.0/gems/activerecord-5.2.3/lib/active_record/reflection.rb:162:in `class_name'
/Library/Ruby/Gems/2.3.0/gems/activerecord-5.2.3/lib/active_record/reflection.rb:769:in `klass'
/Library/Ruby/Gems/2.3.0/gems/activerecord-5.2.3/lib/active_record/reflection.rb:790:in `source_reflection'
/Library/Ruby/Gems/2.3.0/gems/activerecord-5.2.3/lib/active_record/reflection.rb:991:in `derive_class_name'
/Library/Ruby/Gems/2.3.0/gems/activerecord-5.2.3/lib/active_record/reflection.rb:162:in `class_name'
/Library/Ruby/Gems/2.3.0/gems/activerecord-5.2.3/lib/active_record/reflection.rb:769:in `klass'
/Library/Ruby/Gems/2.3.0/gems/activerecord-5.2.3/lib/active_record/reflection.rb:790:in `source_reflection'
/Library/Ruby/Gems/2.3.0/gems/activerecord-5.2.3/lib/active_record/reflection.rb:991:in `derive_class_name'
/Library/Ruby/Gems/2.3.0/gems/activerecord-5.2.3/lib/active_record/reflection.rb:162:in `class_name'
/Library/Ruby/Gems/2.3.0/gems/activerecord-5.2.3/lib/active_record/reflection.rb:769:in `klass'
/Library/Ruby/Gems/2.3.0/gems/activerecord-5.2.3/lib/active_record/reflection.rb:790:in `source_reflection'
/Library/Ruby/Gems/2.3.0/gems/activerecord-5.2.3/lib/active_record/reflection.rb:991:in `derive_class_name'
/Library/Ruby/Gems/2.3.0/gems/activerecord-5.2.3/lib/active_record/reflection.rb:162:in `class_name'
/Library/Ruby/Gems/2.3.0/gems/activerecord-5.2.3/lib/active_record/reflection.rb:769:in `klass'
/Library/Ruby/Gems/2.3.0/gems/activerecord-5.2.3/lib/active_record/reflection.rb:790:in `source_reflection'
/Library/Ruby/Gems/2.3.0/gems/activerecord-5.2.3/lib/active_record/reflection.rb:991:in `derive_class_name'
/Library/Ruby/Gems/2.3.0/gems/activerecord-5.2.3/lib/active_record/reflection.rb:162:in `class_name'
/Library/Ruby/Gems/2.3.0/gems/activerecord-5.2.3/lib/active_record/reflection.rb:769:in `klass'
/Library/Ruby/Gems/2.3.0/gems/activerecord-5.2.3/lib/active_record/reflection.rb:790:in `source_reflection'
/Library/Ruby/Gems/2.3.0/gems/activerecord-5.2.3/lib/active_record/reflection.rb:991:in `derive_class_name'
/Library/Ruby/Gems/2.3.0/gems/activerecord-5.2.3/lib/active_record/reflection.rb:162:in `class_name'
/Library/Ruby/Gems/2.3.0/gems/activerecord-5.2.3/lib/active_record/reflection.rb:769:in `klass'
/Library/Ruby/Gems/2.3.0/gems/activerecord-5.2.3/lib/active_record/reflection.rb:790:in `source_reflection'
/Library/Ruby/Gems/2.3.0/gems/activerecord-5.2.3/lib/active_record/reflection.rb:991:in `derive_class_name'
/Library/Ruby/Gems/2.3.0/gems/activerecord-5.2.3/lib/active_record/reflection.rb:162:in `class_name'
/Library/Ruby/Gems/2.3.0/gems/activerecord-5.2.3/lib/active_record/reflection.rb:769:in `klass'
/Library/Ruby/Gems/2.3.0/gems/activerecord-5.2.3/lib/active_record/reflection.rb:790:in `source_reflection'
/Library/Ruby/Gems/2.3.0/gems/activerecord-5.2.3/lib/active_record/reflection.rb:991:in `derive_class_name'
/Library/Ruby/Gems/2.3.0/gems/activerecord-5.2.3/lib/active_record/reflection.rb:162:in `class_name'
/Library/Ruby/Gems/2.3.0/gems/activerecord-5.2.3/lib/active_record/reflection.rb:769:in `klass'
/Library/Ruby/Gems/2.3.0/gems/activerecord-5.2.3/lib/active_record/reflection.rb:790:in `source_reflection'
/Library/Ruby/Gems/2.3.0/gems/activerecord-5.2.3/lib/active_record/reflection.rb:991:in `derive_class_name'
/Library/Ruby/Gems/2.3.0/gems/activerecord-5.2.3/lib/active_record/reflection.rb:162:in `class_name'
/Library/Ruby/Gems/2.3.0/gems/activerecord-5.2.3/lib/active_record/reflection.rb:769:in `klass'
/Library/Ruby/Gems/2.3.0/gems/activerecord-5.2.3/lib/active_record/reflection.rb:790:in `source_reflection'
/Library/Ruby/Gems/2.3.0/gems/activerecord-5.2.3/lib/active_record/reflection.rb:991:in `derive_class_name'
/Library/Ruby/Gems/2.3.0/gems/activerecord-5.2.3/lib/active_record/reflection.rb:162:in `class_name'
/Library/Ruby/Gems/2.3.0/gems/activerecord-5.2.3/lib/active_record/reflection.rb:769:in `klass'
/Library/Ruby/Gems/2.3.0/gems/activerecord-5.2.3/lib/active_record/reflection.rb:790:in `source_reflection'
/Library/Ruby/Gems/2.3.0/gems/activerecord-5.2.3/lib/active_record/reflection.rb:991:in `derive_class_name'
/Library/Ruby/Gems/2.3.0/gems/activerecord-5.2.3/lib/active_record/reflection.rb:162:in `class_name'
/Library/Ruby/Gems/2.3.0/gems/activerecord-5.2.3/lib/active_record/reflection.rb:769:in `klass'
/Library/Ruby/Gems/2.3.0/gems/activerecord-5.2.3/lib/active_record/reflection.rb:790:in `source_reflection'
/Library/Ruby/Gems/2.3.0/gems/activerecord-5.2.3/lib/active_record/reflection.rb:991:in `derive_class_name'
/Library/Ruby/Gems/2.3.0/gems/activerecord-5.2.3/lib/active_record/reflection.rb:162:in `class_name'
/Library/Ruby/Gems/2.3.0/gems/activerecord-5.2.3/lib/active_record/reflection.rb:769:in `klass'
/Library/Ruby/Gems/2.3.0/gems/activerecord-5.2.3/lib/active_record/reflection.rb:790:in `source_reflection'
/Library/Ruby/Gems/2.3.0/gems/activerecord-5.2.3/lib/active_record/reflection.rb:991:in `derive_class_name'
/Library/Ruby/Gems/2.3.0/gems/activerecord-5.2.3/lib/active_record/reflection.rb:162:in `class_name'
/Library/Ruby/Gems/2.3.0/gems/activerecord-5.2.3/lib/active_record/reflection.rb:769:in `klass'
/Library/Ruby/Gems/2.3.0/gems/activerecord-5.2.3/lib/active_record/reflection.rb:790:in `source_reflection'
/Library/Ruby/Gems/2.3.0/gems/activerecord-5.2.3/lib/active_record/reflection.rb:991:in `derive_class_name'
/Library/Ruby/Gems/2.3.0/gems/activerecord-5.2.3/lib/active_record/reflection.rb:162:in `class_name'
/Library/Ruby/Gems/2.3.0/gems/activerecord-5.2.3/lib/active_record/reflection.rb:769:in `klass'
/Library/Ruby/Gems/2.3.0/gems/activerecord-5.2.3/lib/active_record/reflection.rb:790:in `source_reflection'
/Library/Ruby/Gems/2.3.0/gems/activerecord-5.2.3/lib/active_record/reflection.rb:991:in `derive_class_name'
/Library/Ruby/Gems/2.3.0/gems/activerecord-5.2.3/lib/active_record/reflection.rb:162:in `class_name'
/Library/Ruby/Gems/2.3.0/gems/activerecord-5.2.3/lib/active_record/reflection.rb:769:in `klass'
/Library/Ruby/Gems/2.3.0/gems/activerecord-5.2.3/lib/active_record/reflection.rb:790:in `source_reflection'
/Library/Ruby/Gems/2.3.0/gems/activerecord-5.2.3/lib/active_record/reflection.rb:991:in `derive_class_name'
/Library/Ruby/Gems/2.3.0/gems/activerecord-5.2.3/lib/active_record/reflection.rb:162:in `class_name'
/Library/Ruby/Gems/2.3.0/gems/activerecord-5.2.3/lib/active_record/reflection.rb:769:in `klass'
/Library/Ruby/Gems/2.3.0/gems/activerecord-5.2.3/lib/active_record/reflection.rb:790:in `source_reflection'
/Library/Ruby/Gems/2.3.0/gems/activerecord-5.2.3/lib/active_record/reflection.rb:991:in `derive_class_name'
/Library/Ruby/Gems/2.3.0/gems/activerecord-5.2.3/lib/active_record/reflection.rb:162:in `class_name'
/Library/Ruby/Gems/2.3.0/gems/activerecord-5.2.3/lib/active_record/reflection.rb:769:in `klass'
/Library/Ruby/Gems/2.3.0/gems/activerecord-5.2.3/lib/active_record/reflection.rb:790:in `source_reflection'
/Library/Ruby/Gems/2.3.0/gems/activerecord-5.2.3/lib/active_record/reflection.rb:991:in `derive_class_name'
/Library/Ruby/Gems/2.3.0/gems/activerecord-5.2.3/lib/active_record/reflection.rb:162:in `class_name'
/Library/Ruby/Gems/2.3.0/gems/activerecord-5.2.3/lib/active_record/reflection.rb:769:in `klass'
/Library/Ruby/Gems/2.3.0/gems/activerecord-5.2.3/lib/active_record/reflection.rb:790:in `source_reflection'
/Library/Ruby/Gems/2.3.0/gems/activerecord-5.2.3/lib/active_record/reflection.rb:991:in `derive_class_name'
/Library/Ruby/Gems/2.3.0/gems/activerecord-5.2.3/lib/active_record/reflection.rb:162:in `class_name'
/Library/Ruby/Gems/2.3.0/gems/activerecord-5.2.3/lib/active_record/reflection.rb:769:in `klass'
/Library/Ruby/Gems/2.3.0/gems/activerecord-5.2.3/lib/active_record/reflection.rb:790:in `source_reflection'
/Library/Ruby/Gems/2.3.0/gems/activerecord-5.2.3/lib/active_record/reflection.rb:991:in `derive_class_name'
/Library/Ruby/Gems/2.3.0/gems/activerecord-5.2.3/lib/active_record/reflection.rb:162:in `class_name'
/Library/Ruby/Gems/2.3.0/gems/activerecord-5.2.3/lib/active_record/reflection.rb:769:in `klass'
/Library/Ruby/Gems/2.3.0/gems/activerecord-5.2.3/lib/active_record/reflection.rb:790:in `source_reflection'
/Library/Ruby/Gems/2.3.0/gems/activerecord-5.2.3/lib/active_record/reflection.rb:991:in `derive_class_name'
/Library/Ruby/Gems/2.3.0/gems/activerecord-5.2.3/lib/active_record/reflection.rb:162:in `class_name'
/Library/Ruby/Gems/2.3.0/gems/activerecord-5.2.3/lib/active_record/reflection.rb:769:in `klass'
/Library/Ruby/Gems/2.3.0/gems/activerecord-5.2.3/lib/active_record/reflection.rb:790:in `source_reflection'
/Library/Ruby/Gems/2.3.0/gems/activerecord-5.2.3/lib/active_record/reflection.rb:991:in `derive_class_name'
/Library/Ruby/Gems/2.3.0/gems/activerecord-5.2.3/lib/active_record/reflection.rb:162:in `class_name'
/Library/Ruby/Gems/2.3.0/gems/activerecord-5.2.3/lib/active_record/reflection.rb:769:in `klass'
/Library/Ruby/Gems/2.3.0/gems/activerecord-5.2.3/lib/active_record/reflection.rb:790:in `source_reflection'
/Library/Ruby/Gems/2.3.0/gems/activerecord-5.2.3/lib/active_record/reflection.rb:991:in `derive_class_name'
/Library/Ruby/Gems/2.3.0/gems/activerecord-5.2.3/lib/active_record/reflection.rb:162:in `class_name'
/Library/Ruby/Gems/2.3.0/gems/activerecord-5.2.3/lib/active_record/reflection.rb:769:in `klass'
/Library/Ruby/Gems/2.3.0/gems/activerecord-5.2.3/lib/active_record/reflection.rb:790:in `source_reflection'
/Library/Ruby/Gems/2.3.0/gems/activerecord-5.2.3/lib/active_record/reflection.rb:991:in `derive_class_name'
/Library/Ruby/Gems/2.3.0/gems/activerecord-5.2.3/lib/active_record/reflection.rb:162:in `class_name'
/Library/Ruby/Gems/2.3.0/gems/activerecord-5.2.3/lib/active_record/reflection.rb:769:in `klass'
/Library/Ruby/Gems/2.3.0/gems/activerecord-5.2.3/lib/active_record/reflection.rb:790:in `source_reflection'
/Library/Ruby/Gems/2.3.0/gems/activerecord-5.2.3/lib/active_record/reflection.rb:991:in `derive_class_name'
/Library/Ruby/Gems/2.3.0/gems/activerecord-5.2.3/lib/active_record/reflection.rb:162:in `class_name'
/Library/Ruby/Gems/2.3.0/gems/activerecord-5.2.3/lib/active_record/reflection.rb:769:in `klass'
/Library/Ruby/Gems/2.3.0/gems/activerecord-5.2.3/lib/active_record/reflection.rb:790:in `source_reflection'
/Library/Ruby/Gems/2.3.0/gems/activerecord-5.2.3/lib/active_record/reflection.rb:991:in `derive_class_name'
/Library/Ruby/Gems/2.3.0/gems/activerecord-5.2.3/lib/active_record/reflection.rb:162:in `class_name'
/Library/Ruby/Gems/2.3.0/gems/activerecord-5.2.3/lib/active_record/reflection.rb:769:in `klass'
/Library/Ruby/Gems/2.3.0/gems/activerecord-5.2.3/lib/active_record/reflection.rb:790:in `source_reflection'
/Library/Ruby/Gems/2.3.0/gems/activerecord-5.2.3/lib/active_record/reflection.rb:991:in `derive_class_name'
/Library/Ruby/Gems/2.3.0/gems/activerecord-5.2.3/lib/active_record/reflection.rb:162:in `class_name'
/Library/Ruby/Gems/2.3.0/gems/activerecord-5.2.3/lib/active_record/reflection.rb:769:in `klass'
/Library/Ruby/Gems/2.3.0/gems/activerecord-5.2.3/lib/active_record/reflection.rb:790:in `source_reflection'
/Library/Ruby/Gems/2.3.0/gems/activerecord-5.2.3/lib/active_record/reflection.rb:991:in `derive_class_name'
/Library/Ruby/Gems/2.3.0/gems/activerecord-5.2.3/lib/active_record/reflection.rb:162:in `class_name'
/Library/Ruby/Gems/2.3.0/gems/activerecord-5.2.3/lib/active_record/reflection.rb:769:in `klass'
/Library/Ruby/Gems/2.3.0/gems/activerecord-5.2.3/lib/active_record/reflection.rb:790:in `source_reflection'
/Library/Ruby/Gems/2.3.0/gems/activerecord-5.2.3/lib/active_record/reflection.rb:991:in `derive_class_name'
/Library/Ruby/Gems/2.3.0/gems/activerecord-5.2.3/lib/active_record/reflection.rb:162:in `class_name'
/Library/Ruby/Gems/2.3.0/gems/activerecord-5.2.3/lib/active_record/reflection.rb:769:in `klass'
/Library/Ruby/Gems/2.3.0/gems/activerecord-5.2.3/lib/active_record/reflection.rb:790:in `source_reflection'
/Library/Ruby/Gems/2.3.0/gems/activerecord-5.2.3/lib/active_record/reflection.rb:991:in `derive_class_name'
/Library/Ruby/Gems/2.3.0/gems/activerecord-5.2.3/lib/active_record/reflection.rb:162:in `class_name'
/Library/Ruby/Gems/2.3.0/gems/activerecord-5.2.3/lib/active_record/reflection.rb:769:in `klass'
/Library/Ruby/Gems/2.3.0/gems/activerecord-5.2.3/lib/active_record/reflection.rb:790:in `source_reflection'
/Library/Ruby/Gems/2.3.0/gems/activerecord-5.2.3/lib/active_record/reflection.rb:991:in `derive_class_name'
/Library/Ruby/Gems/2.3.0/gems/activerecord-5.2.3/lib/active_record/reflection.rb:162:in `class_name'
/Library/Ruby/Gems/2.3.0/gems/activerecord-5.2.3/lib/active_record/reflection.rb:769:in `klass'
/Library/Ruby/Gems/2.3.0/gems/activerecord-5.2.3/lib/active_record/reflection.rb:790:in `source_reflection'
/Library/Ruby/Gems/2.3.0/gems/activerecord-5.2.3/lib/active_record/reflection.rb:991:in `derive_class_name'
/Library/Ruby/Gems/2.3.0/gems/activerecord-5.2.3/lib/active_record/reflection.rb:162:in `class_name'
/Library/Ruby/Gems/2.3.0/gems/activerecord-5.2.3/lib/active_record/reflection.rb:769:in `klass'
/Library/Ruby/Gems/2.3.0/gems/activerecord-5.2.3/lib/active_record/reflection.rb:790:in `source_reflection'
/Library/Ruby/Gems/2.3.0/gems/activerecord-5.2.3/lib/active_record/reflection.rb:991:in `derive_class_name'
/Library/Ruby/Gems/2.3.0/gems/activerecord-5.2.3/lib/active_record/reflection.rb:162:in `class_name'
/Library/Ruby/Gems/2.3.0/gems/activerecord-5.2.3/lib/active_record/reflection.rb:769:in `klass'
/Library/Ruby/Gems/2.3.0/gems/activerecord-5.2.3/lib/active_record/reflection.rb:790:in `source_reflection'
/Library/Ruby/Gems/2.3.0/gems/activerecord-5.2.3/lib/active_record/reflection.rb:991:in `derive_class_name'
/Library/Ruby/Gems/2.3.0/gems/activerecord-5.2.3/lib/active_record/reflection.rb:162:in `class_name'
/Library/Ruby/Gems/2.3.0/gems/activerecord-5.2.3/lib/active_record/reflection.rb:769:in `klass'
/Library/Ruby/Gems/2.3.0/gems/activerecord-5.2.3/lib/active_record/reflection.rb:790:in `source_reflection'
/Library/Ruby/Gems/2.3.0/gems/activerecord-5.2.3/lib/active_record/reflection.rb:991:in `derive_class_name'
/Library/Ruby/Gems/2.3.0/gems/activerecord-5.2.3/lib/active_record/reflection.rb:162:in `class_name'
/Library/Ruby/Gems/2.3.0/gems/activerecord-5.2.3/lib/active_record/reflection.rb:769:in `klass'
/Library/Ruby/Gems/2.3.0/gems/activerecord-5.2.3/lib/active_record/reflection.rb:790:in `source_reflection'
/Library/Ruby/Gems/2.3.0/gems/activerecord-5.2.3/lib/active_record/reflection.rb:991:in `derive_class_name'
/Library/Ruby/Gems/2.3.0/gems/activerecord-5.2.3/lib/active_record/reflection.rb:162:in `class_name'
/Library/Ruby/Gems/2.3.0/gems/activerecord-5.2.3/lib/active_record/reflection.rb:769:in `klass'
/Library/Ruby/Gems/2.3.0/gems/activerecord-5.2.3/lib/active_record/reflection.rb:790:in `source_reflection'
/Library/Ruby/Gems/2.3.0/gems/activerecord-5.2.3/lib/active_record/reflection.rb:991:in `derive_class_name'
/Library/Ruby/Gems/2.3.0/gems/activerecord-5.2.3/lib/active_record/reflection.rb:162:in `class_name'
/Library/Ruby/Gems/2.3.0/gems/activerecord-5.2.3/lib/active_record/reflection.rb:769:in `klass'
/Library/Ruby/Gems/2.3.0/gems/activerecord-5.2.3/lib/active_record/reflection.rb:790:in `source_reflection'
/Library/Ruby/Gems/2.3.0/gems/activerecord-5.2.3/lib/active_record/reflection.rb:991:in `derive_class_name'
/Library/Ruby/Gems/2.3.0/gems/activerecord-5.2.3/lib/active_record/reflection.rb:162:in `class_name'
/Library/Ruby/Gems/2.3.0/gems/activerecord-5.2.3/lib/active_record/reflection.rb:769:in `klass'
/Library/Ruby/Gems/2.3.0/gems/activerecord-5.2.3/lib/active_record/reflection.rb:790:in `source_reflection'
/Library/Ruby/Gems/2.3.0/gems/activerecord-5.2.3/lib/active_record/reflection.rb:991:in `derive_class_name'
/Library/Ruby/Gems/2.3.0/gems/activerecord-5.2.3/lib/active_record/reflection.rb:162:in `class_name'
/Library/Ruby/Gems/2.3.0/gems/activerecord-5.2.3/lib/active_record/reflection.rb:769:in `klass'
/Library/Ruby/Gems/2.3.0/gems/activerecord-5.2.3/lib/active_record/reflection.rb:790:in `source_reflection'
/Library/Ruby/Gems/2.3.0/gems/activerecord-5.2.3/lib/active_record/reflection.rb:991:in `derive_class_name'
/Library/Ruby/Gems/2.3.0/gems/activerecord-5.2.3/lib/active_record/reflection.rb:162:in `class_name'
/Library/Ruby/Gems/2.3.0/gems/activerecord-5.2.3/lib/active_record/reflection.rb:769:in `klass'
/Library/Ruby/Gems/2.3.0/gems/activerecord-5.2.3/lib/active_record/reflection.rb:790:in `source_reflection'
/Library/Ruby/Gems/2.3.0/gems/activerecord-5.2.3/lib/active_record/reflection.rb:991:in `derive_class_name'
/Library/Ruby/Gems/2.3.0/gems/activerecord-5.2.3/lib/active_record/reflection.rb:162:in `class_name'
/Library/Ruby/Gems/2.3.0/gems/activerecord-5.2.3/lib/active_record/reflection.rb:769:in `klass'
/Library/Ruby/Gems/2.3.0/gems/activerecord-5.2.3/lib/active_record/reflection.rb:790:in `source_reflection'
/Library/Ruby/Gems/2.3.0/gems/activerecord-5.2.3/lib/active_record/reflection.rb:991:in `derive_class_name'
/Library/Ruby/Gems/2.3.0/gems/activerecord-5.2.3/lib/active_record/reflection.rb:162:in `class_name'
/Library/Ruby/Gems/2.3.0/gems/activerecord-5.2.3/lib/active_record/reflection.rb:769:in `klass'
/Library/Ruby/Gems/2.3.0/gems/activerecord-5.2.3/lib/active_record/reflection.rb:790:in `source_reflection'
/Library/Ruby/Gems/2.3.0/gems/activerecord-5.2.3/lib/active_record/reflection.rb:991:in `derive_class_name'
/Library/Ruby/Gems/2.3.0/gems/activerecord-5.2.3/lib/active_record/reflection.rb:162:in `class_name'
/Library/Ruby/Gems/2.3.0/gems/activerecord-5.2.3/lib/active_record/reflection.rb:769:in `klass'
/Library/Ruby/Gems/2.3.0/gems/activerecord-5.2.3/lib/active_record/reflection.rb:790:in `source_reflection'
/Library/Ruby/Gems/2.3.0/gems/activerecord-5.2.3/lib/active_record/reflection.rb:991:in `derive_class_name'
/Library/Ruby/Gems/2.3.0/gems/activerecord-5.2.3/lib/active_record/reflection.rb:162:in `class_name'
/Library/Ruby/Gems/2.3.0/gems/activerecord-5.2.3/lib/active_record/reflection.rb:769:in `klass'
/Library/Ruby/Gems/2.3.0/gems/activerecord-5.2.3/lib/active_record/reflection.rb:790:in `source_reflection'
/Library/Ruby/Gems/2.3.0/gems/activerecord-5.2.3/lib/active_record/reflection.rb:991:in `derive_class_name'
/Library/Ruby/Gems/2.3.0/gems/activerecord-5.2.3/lib/active_record/reflection.rb:162:in `class_name'
/Library/Ruby/Gems/2.3.0/gems/activerecord-5.2.3/lib/active_record/reflection.rb:769:in `klass'
/Library/Ruby/Gems/2.3.0/gems/activerecord-5.2.3/lib/active_record/reflection.rb:790:in `source_reflection'
/Library/Ruby/Gems/2.3.0/gems/activerecord-5.2.3/lib/active_record/reflection.rb:991:in `derive_class_name'
/Library/Ruby/Gems/2.3.0/gems/activerecord-5.2.3/lib/active_record/reflection.rb:162:in `class_name'
/Library/Ruby/Gems/2.3.0/gems/activerecord-5.2.3/lib/active_record/reflection.rb:769:in `klass'
/Library/Ruby/Gems/2.3.0/gems/activerecord-5.2.3/lib/active_record/reflection.rb:790:in `source_reflection'
/Library/Ruby/Gems/2.3.0/gems/activerecord-5.2.3/lib/active_record/reflection.rb:991:in `derive_class_name'
/Library/Ruby/Gems/2.3.0/gems/activerecord-5.2.3/lib/active_record/reflection.rb:162:in `class_name'
/Library/Ruby/Gems/2.3.0/gems/activerecord-5.2.3/lib/active_record/reflection.rb:769:in `klass'
/Library/Ruby/Gems/2.3.0/gems/activerecord-5.2.3/lib/active_record/reflection.rb:790:in `source_reflection'
/Library/Ruby/Gems/2.3.0/gems/activerecord-5.2.3/lib/active_record/reflection.rb:991:in `derive_class_name'
/Library/Ruby/Gems/2.3.0/gems/activerecord-5.2.3/lib/active_record/reflection.rb:162:in `class_name'
/Library/Ruby/Gems/2.3.0/gems/activerecord-5.2.3/lib/active_record/reflection.rb:769:in `klass'
/Library/Ruby/Gems/2.3.0/gems/activerecord-5.2.3/lib/active_record/reflection.rb:790:in `source_reflection'
/Library/Ruby/Gems/2.3.0/gems/activerecord-5.2.3/lib/active_record/reflection.rb:991:in `derive_class_name'
/Library/Ruby/Gems/2.3.0/gems/activerecord-5.2.3/lib/active_record/reflection.rb:162:in `class_name'
/Library/Ruby/Gems/2.3.0/gems/activerecord-5.2.3/lib/active_record/reflection.rb:769:in `klass'
/Library/Ruby/Gems/2.3.0/gems/activerecord-5.2.3/lib/active_record/reflection.rb:790:in `source_reflection'
/Library/Ruby/Gems/2.3.0/gems/activerecord-5.2.3/lib/active_record/reflection.rb:991:in `derive_class_name'
/Library/Ruby/Gems/2.3.0/gems/activerecord-5.2.3/lib/active_record/reflection.rb:162:in `class_name'
/Library/Ruby/Gems/2.3.0/gems/activerecord-5.2.3/lib/active_record/reflection.rb:769:in `klass'
/Library/Ruby/Gems/2.3.0/gems/activerecord-5.2.3/lib/active_record/reflection.rb:790:in `source_reflection'
/Library/Ruby/Gems/2.3.0/gems/activerecord-5.2.3/lib/active_record/reflection.rb:991:in `derive_class_name'
/Library/Ruby/Gems/2.3.0/gems/activerecord-5.2.3/lib/active_record/reflection.rb:162:in `class_name'
/Library/Ruby/Gems/2.3.0/gems/activerecord-5.2.3/lib/active_record/reflection.rb:769:in `klass'
/Library/Ruby/Gems/2.3.0/gems/activerecord-5.2.3/lib/active_record/reflection.rb:790:in `source_reflection'
/Library/Ruby/Gems/2.3.0/gems/activerecord-5.2.3/lib/active_record/reflection.rb:991:in `derive_class_name'
/Library/Ruby/Gems/2.3.0/gems/activerecord-5.2.3/lib/active_record/reflection.rb:162:in `class_name'
/Library/Ruby/Gems/2.3.0/gems/activerecord-5.2.3/lib/active_record/reflection.rb:769:in `klass'
/Library/Ruby/Gems/2.3.0/gems/activerecord-5.2.3/lib/active_record/reflection.rb:790:in `source_reflection'
/Library/Ruby/Gems/2.3.0/gems/activerecord-5.2.3/lib/active_record/reflection.rb:991:in `derive_class_name'
/Library/Ruby/Gems/2.3.0/gems/activerecord-5.2.3/lib/active_record/reflection.rb:162:in `class_name'
/Library/Ruby/Gems/2.3.0/gems/activerecord-5.2.3/lib/active_record/reflection.rb:769:in `klass'
/Library/Ruby/Gems/2.3.0/gems/activerecord-5.2.3/lib/active_record/reflection.rb:790:in `source_reflection'
/Library/Ruby/Gems/2.3.0/gems/activerecord-5.2.3/lib/active_record/reflection.rb:991:in `derive_class_name'
/Library/Ruby/Gems/2.3.0/gems/activerecord-5.2.3/lib/active_record/reflection.rb:162:in `class_name'
/Library/Ruby/Gems/2.3.0/gems/activerecord-5.2.3/lib/active_record/reflection.rb:769:in `klass'
/Library/Ruby/Gems/2.3.0/gems/activerecord-5.2.3/lib/active_record/reflection.rb:790:in `source_reflection'
/Library/Ruby/Gems/2.3.0/gems/activerecord-5.2.3/lib/active_record/reflection.rb:991:in `derive_class_name'
/Library/Ruby/Gems/2.3.0/gems/activerecord-5.2.3/lib/active_record/reflection.rb:162:in `class_name'
/Library/Ruby/Gems/2.3.0/gems/activerecord-5.2.3/lib/active_record/reflection.rb:769:in `klass'
/Library/Ruby/Gems/2.3.0/gems/activerecord-5.2.3/lib/active_record/reflection.rb:790:in `source_reflection'
/Library/Ruby/Gems/2.3.0/gems/activerecord-5.2.3/lib/active_record/reflection.rb:991:in `derive_class_name'
/Library/Ruby/Gems/2.3.0/gems/activerecord-5.2.3/lib/active_record/reflection.rb:162:in `class_name'
/Library/Ruby/Gems/2.3.0/gems/activerecord-5.2.3/lib/active_record/reflection.rb:769:in `klass'
/Library/Ruby/Gems/2.3.0/gems/activerecord-5.2.3/lib/active_record/reflection.rb:790:in `source_reflection'
/Library/Ruby/Gems/2.3.0/gems/activerecord-5.2.3/lib/active_record/reflection.rb:991:in `derive_class_name'
/Library/Ruby/Gems/2.3.0/gems/activerecord-5.2.3/lib/active_record/reflection.rb:162:in `class_name'
/Library/Ruby/Gems/2.3.0/gems/activerecord-5.2.3/lib/active_record/reflection.rb:769:in `klass'
/Library/Ruby/Gems/2.3.0/gems/activerecord-5.2.3/lib/active_record/reflection.rb:790:in `source_reflection'
/Library/Ruby/Gems/2.3.0/gems/activerecord-5.2.3/lib/active_record/reflection.rb:991:in `derive_class_name'
/Library/Ruby/Gems/2.3.0/gems/activerecord-5.2.3/lib/active_record/reflection.rb:162:in `class_name'
/Library/Ruby/Gems/2.3.0/gems/activerecord-5.2.3/lib/active_record/reflection.rb:769:in `klass'
/Library/Ruby/Gems/2.3.0/gems/activerecord-5.2.3/lib/active_record/reflection.rb:790:in `source_reflection'
/Library/Ruby/Gems/2.3.0/gems/activerecord-5.2.3/lib/active_record/reflection.rb:991:in `derive_class_name'
/Library/Ruby/Gems/2.3.0/gems/activerecord-5.2.3/lib/active_record/reflection.rb:162:in `class_name'
/Library/Ruby/Gems/2.3.0/gems/activerecord-5.2.3/lib/active_record/reflection.rb:769:in `klass'
/Library/Ruby/Gems/2.3.0/gems/activerecord-5.2.3/lib/active_record/reflection.rb:790:in `source_reflection'
/Library/Ruby/Gems/2.3.0/gems/activerecord-5.2.3/lib/active_record/reflection.rb:991:in `derive_class_name'
/Library/Ruby/Gems/2.3.0/gems/activerecord-5.2.3/lib/active_record/reflection.rb:162:in `class_name'
/Library/Ruby/Gems/2.3.0/gems/activerecord-5.2.3/lib/active_record/reflection.rb:769:in `klass'
/Library/Ruby/Gems/2.3.0/gems/activerecord-5.2.3/lib/active_record/reflection.rb:790:in `source_reflection'
/Library/Ruby/Gems/2.3.0/gems/activerecord-5.2.3/lib/active_record/reflection.rb:991:in `derive_class_name'
/Library/Ruby/Gems/2.3.0/gems/activerecord-5.2.3/lib/active_record/reflection.rb:162:in `class_name'
/Library/Ruby/Gems/2.3.0/gems/activerecord-5.2.3/lib/active_record/reflection.rb:769:in `klass'
/Library/Ruby/Gems/2.3.0/gems/activerecord-5.2.3/lib/active_record/reflection.rb:790:in `source_reflection'
/Library/Ruby/Gems/2.3.0/gems/activerecord-5.2.3/lib/active_record/reflection.rb:991:in `derive_class_name'
/Library/Ruby/Gems/2.3.0/gems/activerecord-5.2.3/lib/active_record/reflection.rb:162:in `class_name'
/Library/Ruby/Gems/2.3.0/gems/activerecord-5.2.3/lib/active_record/reflection.rb:769:in `klass'
/Library/Ruby/Gems/2.3.0/gems/activerecord-5.2.3/lib/active_record/reflection.rb:790:in `source_reflection'
/Library/Ruby/Gems/2.3.0/gems/activerecord-5.2.3/lib/active_record/reflection.rb:991:in `derive_class_name'
/Library/Ruby/Gems/2.3.0/gems/activerecord-5.2.3/lib/active_record/reflection.rb:162:in `class_name'
/Library/Ruby/Gems/2.3.0/gems/activerecord-5.2.3/lib/active_record/reflection.rb:769:in `klass'
/Library/Ruby/Gems/2.3.0/gems/activerecord-5.2.3/lib/active_record/reflection.rb:790:in `source_reflection'
/Library/Ruby/Gems/2.3.0/gems/activerecord-5.2.3/lib/active_record/reflection.rb:991:in `derive_class_name'
/Library/Ruby/Gems/2.3.0/gems/activerecord-5.2.3/lib/active_record/reflection.rb:162:in `class_name'
/Library/Ruby/Gems/2.3.0/gems/activerecord-5.2.3/lib/active_record/reflection.rb:769:in `klass'
/Library/Ruby/Gems/2.3.0/gems/activerecord-5.2.3/lib/active_record/reflection.rb:790:in `source_reflection'
/Library/Ruby/Gems/2.3.0/gems/activerecord-5.2.3/lib/active_record/reflection.rb:991:in `derive_class_name'
/Library/Ruby/Gems/2.3.0/gems/activerecord-5.2.3/lib/active_record/reflection.rb:162:in `class_name'
/Library/Ruby/Gems/2.3.0/gems/activerecord-5.2.3/lib/active_record/reflection.rb:769:in `klass'
/Library/Ruby/Gems/2.3.0/gems/activerecord-5.2.3/lib/active_record/reflection.rb:790:in `source_reflection'
/Library/Ruby/Gems/2.3.0/gems/activerecord-5.2.3/lib/active_record/reflection.rb:991:in `derive_class_name'
/Library/Ruby/Gems/2.3.0/gems/activerecord-5.2.3/lib/active_record/reflection.rb:162:in `class_name'
/Library/Ruby/Gems/2.3.0/gems/activerecord-5.2.3/lib/active_record/reflection.rb:769:in `klass'
/Library/Ruby/Gems/2.3.0/gems/activerecord-5.2.3/lib/active_record/reflection.rb:790:in `source_reflection'
/Library/Ruby/Gems/2.3.0/gems/activerecord-5.2.3/lib/active_record/reflection.rb:991:in `derive_class_name'
/Library/Ruby/Gems/2.3.0/gems/activerecord-5.2.3/lib/active_record/reflection.rb:162:in `class_name'
/Library/Ruby/Gems/2.3.0/gems/activerecord-5.2.3/lib/active_record/reflection.rb:769:in `klass'
/Library/Ruby/Gems/2.3.0/gems/activerecord-5.2.3/lib/active_record/reflection.rb:790:in `source_reflection'
/Library/Ruby/Gems/2.3.0/gems/activerecord-5.2.3/lib/active_record/reflection.rb:991:in `derive_class_name'
/Library/Ruby/Gems/2.3.0/gems/activerecord-5.2.3/lib/active_record/reflection.rb:162:in `class_name'
/Library/Ruby/Gems/2.3.0/gems/activerecord-5.2.3/lib/active_record/reflection.rb:769:in `klass'
/Library/Ruby/Gems/2.3.0/gems/activerecord-5.2.3/lib/active_record/reflection.rb:790:in `source_reflection'
/Library/Ruby/Gems/2.3.0/gems/activerecord-5.2.3/lib/active_record/reflection.rb:991:in `derive_class_name'
/Library/Ruby/Gems/2.3.0/gems/activerecord-5.2.3/lib/active_record/reflection.rb:162:in `class_name'
/Library/Ruby/Gems/2.3.0/gems/activerecord-5.2.3/lib/active_record/reflection.rb:769:in `klass'
/Library/Ruby/Gems/2.3.0/gems/activerecord-5.2.3/lib/active_record/reflection.rb:790:in `source_reflection'
/Library/Ruby/Gems/2.3.0/gems/activerecord-5.2.3/lib/active_record/reflection.rb:991:in `derive_class_name'
/Library/Ruby/Gems/2.3.0/gems/activerecord-5.2.3/lib/active_record/reflection.rb:162:in `class_name'
/Library/Ruby/Gems/2.3.0/gems/activerecord-5.2.3/lib/active_record/reflection.rb:769:in `klass'
/Library/Ruby/Gems/2.3.0/gems/activerecord-5.2.3/lib/active_record/reflection.rb:790:in `source_reflection'
/Library/Ruby/Gems/2.3.0/gems/activerecord-5.2.3/lib/active_record/reflection.rb:991:in `derive_class_name'
/Library/Ruby/Gems/2.3.0/gems/activerecord-5.2.3/lib/active_record/reflection.rb:162:in `class_name'
/Library/Ruby/Gems/2.3.0/gems/activerecord-5.2.3/lib/active_record/reflection.rb:769:in `klass'
/Library/Ruby/Gems/2.3.0/gems/activerecord-5.2.3/lib/active_record/reflection.rb:790:in `source_reflection'
/Library/Ruby/Gems/2.3.0/gems/activerecord-5.2.3/lib/active_record/reflection.rb:991:in `derive_class_name'
/Library/Ruby/Gems/2.3.0/gems/activerecord-5.2.3/lib/active_record/reflection.rb:162:in `class_name'
/Library/Ruby/Gems/2.3.0/gems/activerecord-5.2.3/lib/active_record/reflection.rb:769:in `klass'
/Library/Ruby/Gems/2.3.0/gems/activerecord-5.2.3/lib/active_record/reflection.rb:790:in `source_reflection'
/Library/Ruby/Gems/2.3.0/gems/activerecord-5.2.3/lib/active_record/reflection.rb:991:in `derive_class_name'
/Library/Ruby/Gems/2.3.0/gems/activerecord-5.2.3/lib/active_record/reflection.rb:162:in `class_name'
/Library/Ruby/Gems/2.3.0/gems/activerecord-5.2.3/lib/active_record/reflection.rb:769:in `klass'
/Library/Ruby/Gems/2.3.0/gems/activerecord-5.2.3/lib/active_record/reflection.rb:790:in `source_reflection'
/Library/Ruby/Gems/2.3.0/gems/activerecord-5.2.3/lib/active_record/reflection.rb:991:in `derive_class_name'
/Library/Ruby/Gems/2.3.0/gems/activerecord-5.2.3/lib/active_record/reflection.rb:162:in `class_name'
/Library/Ruby/Gems/2.3.0/gems/activerecord-5.2.3/lib/active_record/reflection.rb:769:in `klass'
/Library/Ruby/Gems/2.3.0/gems/activerecord-5.2.3/lib/active_record/reflection.rb:790:in `source_reflection'
/Library/Ruby/Gems/2.3.0/gems/activerecord-5.2.3/lib/active_record/reflection.rb:991:in `derive_class_name'
/Library/Ruby/Gems/2.3.0/gems/activerecord-5.2.3/lib/active_record/reflection.rb:162:in `class_name'
/Library/Ruby/Gems/2.3.0/gems/activerecord-5.2.3/lib/active_record/reflection.rb:769:in `klass'
/Library/Ruby/Gems/2.3.0/gems/activerecord-5.2.3/lib/active_record/reflection.rb:790:in `source_reflection'
/Library/Ruby/Gems/2.3.0/gems/activerecord-5.2.3/lib/active_record/reflection.rb:991:in `derive_class_name'
/Library/Ruby/Gems/2.3.0/gems/activerecord-5.2.3/lib/active_record/reflection.rb:162:in `class_name'
/Library/Ruby/Gems/2.3.0/gems/activerecord-5.2.3/lib/active_record/reflection.rb:769:in `klass'
/Library/Ruby/Gems/2.3.0/gems/activerecord-5.2.3/lib/active_record/reflection.rb:790:in `source_reflection'
/Library/Ruby/Gems/2.3.0/gems/activerecord-5.2.3/lib/active_record/reflection.rb:991:in `derive_class_name'
/Library/Ruby/Gems/2.3.0/gems/activerecord-5.2.3/lib/active_record/reflection.rb:162:in `class_name'
/Library/Ruby/Gems/2.3.0/gems/activerecord-5.2.3/lib/active_record/reflection.rb:769:in `klass'
/Library/Ruby/Gems/2.3.0/gems/activerecord-5.2.3/lib/active_record/reflection.rb:790:in `source_reflection'
/Library/Ruby/Gems/2.3.0/gems/activerecord-5.2.3/lib/active_record/reflection.rb:991:in `derive_class_name'
/Library/Ruby/Gems/2.3.0/gems/activerecord-5.2.3/lib/active_record/reflection.rb:162:in `class_name'
/Library/Ruby/Gems/2.3.0/gems/activerecord-5.2.3/lib/active_record/reflection.rb:769:in `klass'
/Library/Ruby/Gems/2.3.0/gems/activerecord-5.2.3/lib/active_record/reflection.rb:790:in `source_reflection'
/Library/Ruby/Gems/2.3.0/gems/activerecord-5.2.3/lib/active_record/reflection.rb:991:in `derive_class_name'
/Library/Ruby/Gems/2.3.0/gems/activerecord-5.2.3/lib/active_record/reflection.rb:162:in `class_name'
/Library/Ruby/Gems/2.3.0/gems/activerecord-5.2.3/lib/active_record/reflection.rb:769:in `klass'
/Library/Ruby/Gems/2.3.0/gems/activerecord-5.2.3/lib/active_record/reflection.rb:790:in `source_reflection'
/Library/Ruby/Gems/2.3.0/gems/activerecord-5.2.3/lib/active_record/reflection.rb:991:in `derive_class_name'
/Library/Ruby/Gems/2.3.0/gems/activerecord-5.2.3/lib/active_record/reflection.rb:162:in `class_name'
/Library/Ruby/Gems/2.3.0/gems/activerecord-5.2.3/lib/active_record/reflection.rb:769:in `klass'
/Library/Ruby/Gems/2.3.0/gems/activerecord-5.2.3/lib/active_record/reflection.rb:790:in `source_reflection'
/Library/Ruby/Gems/2.3.0/gems/activerecord-5.2.3/lib/active_record/reflection.rb:991:in `derive_class_name'
/Library/Ruby/Gems/2.3.0/gems/activerecord-5.2.3/lib/active_record/reflection.rb:162:in `class_name'
/Library/Ruby/Gems/2.3.0/gems/activerecord-5.2.3/lib/active_record/reflection.rb:769:in `klass'
/Library/Ruby/Gems/2.3.0/gems/activerecord-5.2.3/lib/active_record/reflection.rb:790:in `source_reflection'
/Library/Ruby/Gems/2.3.0/gems/activerecord-5.2.3/lib/active_record/reflection.rb:991:in `derive_class_name'
/Library/Ruby/Gems/2.3.0/gems/activerecord-5.2.3/lib/active_record/reflection.rb:162:in `class_name'
/Library/Ruby/Gems/2.3.0/gems/activerecord-5.2.3/lib/active_record/reflection.rb:769:in `klass'
/Library/Ruby/Gems/2.3.0/gems/activerecord-5.2.3/lib/active_record/reflection.rb:790:in `source_reflection'
/Library/Ruby/Gems/2.3.0/gems/activerecord-5.2.3/lib/active_record/reflection.rb:991:in `derive_class_name'
/Library/Ruby/Gems/2.3.0/gems/activerecord-5.2.3/lib/active_record/reflection.rb:162:in `class_name'
/Library/Ruby/Gems/2.3.0/gems/activerecord-5.2.3/lib/active_record/reflection.rb:769:in `klass'
/Library/Ruby/Gems/2.3.0/gems/activerecord-5.2.3/lib/active_record/reflection.rb:790:in `source_reflection'
/Library/Ruby/Gems/2.3.0/gems/activerecord-5.2.3/lib/active_record/reflection.rb:991:in `derive_class_name'
/Library/Ruby/Gems/2.3.0/gems/activerecord-5.2.3/lib/active_record/reflection.rb:162:in `class_name'
/Library/Ruby/Gems/2.3.0/gems/activerecord-5.2.3/lib/active_record/reflection.rb:769:in `klass'
/Library/Ruby/Gems/2.3.0/gems/activerecord-5.2.3/lib/active_record/reflection.rb:790:in `source_reflection'
/Library/Ruby/Gems/2.3.0/gems/activerecord-5.2.3/lib/active_record/reflection.rb:991:in `derive_class_name'
/Library/Ruby/Gems/2.3.0/gems/activerecord-5.2.3/lib/active_record/reflection.rb:162:in `class_name'
/Library/Ruby/Gems/2.3.0/gems/activerecord-5.2.3/lib/active_record/reflection.rb:769:in `klass'
/Library/Ruby/Gems/2.3.0/gems/activerecord-5.2.3/lib/active_record/reflection.rb:790:in `source_reflection'
/Library/Ruby/Gems/2.3.0/gems/activerecord-5.2.3/lib/active_record/reflection.rb:991:in `derive_class_name'
/Library/Ruby/Gems/2.3.0/gems/activerecord-5.2.3/lib/active_record/reflection.rb:162:in `class_name'
/Library/Ruby/Gems/2.3.0/gems/activerecord-5.2.3/lib/active_record/reflection.rb:769:in `klass'
/Library/Ruby/Gems/2.3.0/gems/activerecord-5.2.3/lib/active_record/reflection.rb:790:in `source_reflection'
/Library/Ruby/Gems/2.3.0/gems/activerecord-5.2.3/lib/active_record/reflection.rb:991:in `derive_class_name'
/Library/Ruby/Gems/2.3.0/gems/activerecord-5.2.3/lib/active_record/reflection.rb:162:in `class_name'
/Library/Ruby/Gems/2.3.0/gems/activerecord-5.2.3/lib/active_record/reflection.rb:769:in `klass'
/Library/Ruby/Gems/2.3.0/gems/activerecord-5.2.3/lib/active_record/reflection.rb:790:in `source_reflection'
/Library/Ruby/Gems/2.3.0/gems/activerecord-5.2.3/lib/active_record/reflection.rb:991:in `derive_class_name'
/Library/Ruby/Gems/2.3.0/gems/activerecord-5.2.3/lib/active_record/reflection.rb:162:in `class_name'
/Library/Ruby/Gems/2.3.0/gems/activerecord-5.2.3/lib/active_record/reflection.rb:769:in `klass'
/Library/Ruby/Gems/2.3.0/gems/activerecord-5.2.3/lib/active_record/reflection.rb:790:in `source_reflection'
/Library/Ruby/Gems/2.3.0/gems/activerecord-5.2.3/lib/active_record/reflection.rb:991:in `derive_class_name'
/Library/Ruby/Gems/2.3.0/gems/activerecord-5.2.3/lib/active_record/reflection.rb:162:in `class_name'
/Library/Ruby/Gems/2.3.0/gems/activerecord-5.2.3/lib/active_record/reflection.rb:769:in `klass'
/Library/Ruby/Gems/2.3.0/gems/activerecord-5.2.3/lib/active_record/reflection.rb:790:in `source_reflection'
/Library/Ruby/Gems/2.3.0/gems/activerecord-5.2.3/lib/active_record/reflection.rb:991:in `derive_class_name'
/Library/Ruby/Gems/2.3.0/gems/activerecord-5.2.3/lib/active_record/reflection.rb:162:in `class_name'
/Library/Ruby/Gems/2.3.0/gems/activerecord-5.2.3/lib/active_record/reflection.rb:769:in `klass'
/Library/Ruby/Gems/2.3.0/gems/activerecord-5.2.3/lib/active_record/reflection.rb:790:in `source_reflection'
/Library/Ruby/Gems/2.3.0/gems/activerecord-5.2.3/lib/active_record/reflection.rb:991:in `derive_class_name'
/Library/Ruby/Gems/2.3.0/gems/activerecord-5.2.3/lib/active_record/reflection.rb:162:in `class_name'
/Library/Ruby/Gems/2.3.0/gems/activerecord-5.2.3/lib/active_record/reflection.rb:769:in `klass'
/Library/Ruby/Gems/2.3.0/gems/activerecord-5.2.3/lib/active_record/reflection.rb:790:in `source_reflection'
/Library/Ruby/Gems/2.3.0/gems/activerecord-5.2.3/lib/active_record/reflection.rb:991:in `derive_class_name'
/Library/Ruby/Gems/2.3.0/gems/activerecord-5.2.3/lib/active_record/reflection.rb:162:in `class_name'
/Library/Ruby/Gems/2.3.0/gems/activerecord-5.2.3/lib/active_record/reflection.rb:769:in `klass'
/Library/Ruby/Gems/2.3.0/gems/activerecord-5.2.3/lib/active_record/reflection.rb:790:in `source_reflection'
/Library/Ruby/Gems/2.3.0/gems/activerecord-5.2.3/lib/active_record/reflection.rb:991:in `derive_class_name'
/Library/Ruby/Gems/2.3.0/gems/activerecord-5.2.3/lib/active_record/reflection.rb:162:in `class_name'
/Library/Ruby/Gems/2.3.0/gems/activerecord-5.2.3/lib/active_record/reflection.rb:769:in `klass'
/Library/Ruby/Gems/2.3.0/gems/activerecord-5.2.3/lib/active_record/reflection.rb:790:in `source_reflection'
/Library/Ruby/Gems/2.3.0/gems/activerecord-5.2.3/lib/active_record/reflection.rb:991:in `derive_class_name'
/Library/Ruby/Gems/2.3.0/gems/activerecord-5.2.3/lib/active_record/reflection.rb:162:in `class_name'
/Library/Ruby/Gems/2.3.0/gems/activerecord-5.2.3/lib/active_record/reflection.rb:769:in `klass'
/Library/Ruby/Gems/2.3.0/gems/activerecord-5.2.3/lib/active_record/reflection.rb:790:in `source_reflection'
/Library/Ruby/Gems/2.3.0/gems/activerecord-5.2.3/lib/active_record/reflection.rb:991:in `derive_class_name'
/Library/Ruby/Gems/2.3.0/gems/activerecord-5.2.3/lib/active_record/reflection.rb:162:in `class_name'
/Library/Ruby/Gems/2.3.0/gems/activerecord-5.2.3/lib/active_record/reflection.rb:769:in `klass'
/Library/Ruby/Gems/2.3.0/gems/activerecord-5.2.3/lib/active_record/reflection.rb:790:in `source_reflection'
/Library/Ruby/Gems/2.3.0/gems/activerecord-5.2.3/lib/active_record/reflection.rb:991:in `derive_class_name'
/Library/Ruby/Gems/2.3.0/gems/activerecord-5.2.3/lib/active_record/reflection.rb:162:in `class_name'
/Library/Ruby/Gems/2.3.0/gems/activerecord-5.2.3/lib/active_record/reflection.rb:769:in `klass'
/Library/Ruby/Gems/2.3.0/gems/activerecord-5.2.3/lib/active_record/reflection.rb:790:in `source_reflection'
/Library/Ruby/Gems/2.3.0/gems/activerecord-5.2.3/lib/active_record/reflection.rb:991:in `derive_class_name'
/Library/Ruby/Gems/2.3.0/gems/activerecord-5.2.3/lib/active_record/reflection.rb:162:in `class_name'
/Library/Ruby/Gems/2.3.0/gems/activerecord-5.2.3/lib/active_record/reflection.rb:769:in `klass'
/Library/Ruby/Gems/2.3.0/gems/activerecord-5.2.3/lib/active_record/reflection.rb:790:in `source_reflection'
/Library/Ruby/Gems/2.3.0/gems/activerecord-5.2.3/lib/active_record/reflection.rb:991:in `derive_class_name'
/Library/Ruby/Gems/2.3.0/gems/activerecord-5.2.3/lib/active_record/reflection.rb:162:in `class_name'
/Library/Ruby/Gems/2.3.0/gems/activerecord-5.2.3/lib/active_record/reflection.rb:769:in `klass'
/Library/Ruby/Gems/2.3.0/gems/activerecord-5.2.3/lib/active_record/reflection.rb:790:in `source_reflection'
/Library/Ruby/Gems/2.3.0/gems/activerecord-5.2.3/lib/active_record/reflection.rb:991:in `derive_class_name'
/Library/Ruby/Gems/2.3.0/gems/activerecord-5.2.3/lib/active_record/reflection.rb:162:in `class_name'
/Library/Ruby/Gems/2.3.0/gems/activerecord-5.2.3/lib/active_record/reflection.rb:769:in `klass'
/Library/Ruby/Gems/2.3.0/gems/activerecord-5.2.3/lib/active_record/reflection.rb:790:in `source_reflection'
/Library/Ruby/Gems/2.3.0/gems/activerecord-5.2.3/lib/active_record/reflection.rb:991:in `derive_class_name'
/Library/Ruby/Gems/2.3.0/gems/activerecord-5.2.3/lib/active_record/reflection.rb:162:in `class_name'
/Library/Ruby/Gems/2.3.0/gems/activerecord-5.2.3/lib/active_record/reflection.rb:769:in `klass'
/Library/Ruby/Gems/2.3.0/gems/activerecord-5.2.3/lib/active_record/reflection.rb:790:in `source_reflection'
/Library/Ruby/Gems/2.3.0/gems/activerecord-5.2.3/lib/active_record/reflection.rb:991:in `derive_class_name'
/Library/Ruby/Gems/2.3.0/gems/activerecord-5.2.3/lib/active_record/reflection.rb:162:in `class_name'
/Library/Ruby/Gems/2.3.0/gems/activerecord-5.2.3/lib/active_record/reflection.rb:769:in `klass'
/Library/Ruby/Gems/2.3.0/gems/activerecord-5.2.3/lib/active_record/reflection.rb:790:in `source_reflection'
/Library/Ruby/Gems/2.3.0/gems/activerecord-5.2.3/lib/active_record/reflection.rb:991:in `derive_class_name'
/Library/Ruby/Gems/2.3.0/gems/activerecord-5.2.3/lib/active_record/reflection.rb:162:in `class_name'
/Library/Ruby/Gems/2.3.0/gems/activerecord-5.2.3/lib/active_record/reflection.rb:769:in `klass'
/Library/Ruby/Gems/2.3.0/gems/activerecord-5.2.3/lib/active_record/reflection.rb:790:in `source_reflection'
/Library/Ruby/Gems/2.3.0/gems/activerecord-5.2.3/lib/active_record/reflection.rb:991:in `derive_class_name'
/Library/Ruby/Gems/2.3.0/gems/activerecord-5.2.3/lib/active_record/reflection.rb:162:in `class_name'
/Library/Ruby/Gems/2.3.0/gems/activerecord-5.2.3/lib/active_record/reflection.rb:769:in `klass'
/Library/Ruby/Gems/2.3.0/gems/activerecord-5.2.3/lib/active_record/reflection.rb:790:in `source_reflection'
/Library/Ruby/Gems/2.3.0/gems/activerecord-5.2.3/lib/active_record/reflection.rb:991:in `derive_class_name'
/Library/Ruby/Gems/2.3.0/gems/activerecord-5.2.3/lib/active_record/reflection.rb:162:in `class_name'
/Library/Ruby/Gems/2.3.0/gems/activerecord-5.2.3/lib/active_record/reflection.rb:769:in `klass'
/Library/Ruby/Gems/2.3.0/gems/activerecord-5.2.3/lib/active_record/reflection.rb:790:in `source_reflection'
/Library/Ruby/Gems/2.3.0/gems/activerecord-5.2.3/lib/active_record/reflection.rb:991:in `derive_class_name'
/Library/Ruby/Gems/2.3.0/gems/activerecord-5.2.3/lib/active_record/reflection.rb:162:in `class_name'
/Library/Ruby/Gems/2.3.0/gems/activerecord-5.2.3/lib/active_record/reflection.rb:769:in `klass'
/Library/Ruby/Gems/2.3.0/gems/activerecord-5.2.3/lib/active_record/reflection.rb:790:in `source_reflection'
/Library/Ruby/Gems/2.3.0/gems/activerecord-5.2.3/lib/active_record/reflection.rb:991:in `derive_class_name'
/Library/Ruby/Gems/2.3.0/gems/activerecord-5.2.3/lib/active_record/reflection.rb:162:in `class_name'
/Library/Ruby/Gems/2.3.0/gems/activerecord-5.2.3/lib/active_record/reflection.rb:769:in `klass'
/Library/Ruby/Gems/2.3.0/gems/activerecord-5.2.3/lib/active_record/reflection.rb:790:in `source_reflection'
/Library/Ruby/Gems/2.3.0/gems/activerecord-5.2.3/lib/active_record/reflection.rb:991:in `derive_class_name'
/Library/Ruby/Gems/2.3.0/gems/activerecord-5.2.3/lib/active_record/reflection.rb:162:in `class_name'
/Library/Ruby/Gems/2.3.0/gems/activerecord-5.2.3/lib/active_record/reflection.rb:769:in `klass'
/Library/Ruby/Gems/2.3.0/gems/activerecord-5.2.3/lib/active_record/reflection.rb:790:in `source_reflection'
/Library/Ruby/Gems/2.3.0/gems/activerecord-5.2.3/lib/active_record/reflection.rb:991:in `derive_class_name'
/Library/Ruby/Gems/2.3.0/gems/activerecord-5.2.3/lib/active_record/reflection.rb:162:in `class_name'
/Library/Ruby/Gems/2.3.0/gems/activerecord-5.2.3/lib/active_record/reflection.rb:769:in `klass'
/Library/Ruby/Gems/2.3.0/gems/activerecord-5.2.3/lib/active_record/reflection.rb:790:in `source_reflection'
/Library/Ruby/Gems/2.3.0/gems/activerecord-5.2.3/lib/active_record/reflection.rb:991:in `derive_class_name'
/Library/Ruby/Gems/2.3.0/gems/activerecord-5.2.3/lib/active_record/reflection.rb:162:in `class_name'
/Library/Ruby/Gems/2.3.0/gems/activerecord-5.2.3/lib/active_record/reflection.rb:769:in `klass'
/Library/Ruby/Gems/2.3.0/gems/activerecord-5.2.3/lib/active_record/reflection.rb:790:in `source_reflection'
/Library/Ruby/Gems/2.3.0/gems/activerecord-5.2.3/lib/active_record/reflection.rb:991:in `derive_class_name'
/Library/Ruby/Gems/2.3.0/gems/activerecord-5.2.3/lib/active_record/reflection.rb:162:in `class_name'
/Library/Ruby/Gems/2.3.0/gems/activerecord-5.2.3/lib/active_record/reflection.rb:769:in `klass'
/Library/Ruby/Gems/2.3.0/gems/activerecord-5.2.3/lib/active_record/reflection.rb:790:in `source_reflection'
/Library/Ruby/Gems/2.3.0/gems/activerecord-5.2.3/lib/active_record/reflection.rb:991:in `derive_class_name'
/Library/Ruby/Gems/2.3.0/gems/activerecord-5.2.3/lib/active_record/reflection.rb:162:in `class_name'
/Library/Ruby/Gems/2.3.0/gems/activerecord-5.2.3/lib/active_record/reflection.rb:769:in `klass'
/Library/Ruby/Gems/2.3.0/gems/activerecord-5.2.3/lib/active_record/reflection.rb:790:in `source_reflection'
/Library/Ruby/Gems/2.3.0/gems/activerecord-5.2.3/lib/active_record/reflection.rb:991:in `derive_class_name'
/Library/Ruby/Gems/2.3.0/gems/activerecord-5.2.3/lib/active_record/reflection.rb:162:in `class_name'
/Library/Ruby/Gems/2.3.0/gems/activerecord-5.2.3/lib/active_record/reflection.rb:769:in `klass'
/Library/Ruby/Gems/2.3.0/gems/activerecord-5.2.3/lib/active_record/reflection.rb:790:in `source_reflection'
/Library/Ruby/Gems/2.3.0/gems/activerecord-5.2.3/lib/active_record/reflection.rb:991:in `derive_class_name'
/Library/Ruby/Gems/2.3.0/gems/activerecord-5.2.3/lib/active_record/reflection.rb:162:in `class_name'
/Library/Ruby/Gems/2.3.0/gems/activerecord-5.2.3/lib/active_record/reflection.rb:769:in `klass'
/Library/Ruby/Gems/2.3.0/gems/activerecord-5.2.3/lib/active_record/reflection.rb:790:in `source_reflection'
/Library/Ruby/Gems/2.3.0/gems/activerecord-5.2.3/lib/active_record/reflection.rb:991:in `derive_class_name'
/Library/Ruby/Gems/2.3.0/gems/activerecord-5.2.3/lib/active_record/reflection.rb:162:in `class_name'
/Library/Ruby/Gems/2.3.0/gems/activerecord-5.2.3/lib/active_record/reflection.rb:769:in `klass'
/Library/Ruby/Gems/2.3.0/gems/activerecord-5.2.3/lib/active_record/reflection.rb:790:in `source_reflection'
/Library/Ruby/Gems/2.3.0/gems/activerecord-5.2.3/lib/active_record/reflection.rb:991:in `derive_class_name'
/Library/Ruby/Gems/2.3.0/gems/activerecord-5.2.3/lib/active_record/reflection.rb:162:in `class_name'
/Library/Ruby/Gems/2.3.0/gems/activerecord-5.2.3/lib/active_record/reflection.rb:769:in `klass'
/Library/Ruby/Gems/2.3.0/gems/activerecord-5.2.3/lib/active_record/reflection.rb:790:in `source_reflection'
/Library/Ruby/Gems/2.3.0/gems/activerecord-5.2.3/lib/active_record/reflection.rb:991:in `derive_class_name'
/Library/Ruby/Gems/2.3.0/gems/activerecord-5.2.3/lib/active_record/reflection.rb:162:in `class_name'
/Library/Ruby/Gems/2.3.0/gems/activerecord-5.2.3/lib/active_record/reflection.rb:769:in `klass'
/Library/Ruby/Gems/2.3.0/gems/activerecord-5.2.3/lib/active_record/reflection.rb:790:in `source_reflection'
/Library/Ruby/Gems/2.3.0/gems/activerecord-5.2.3/lib/active_record/reflection.rb:991:in `derive_class_name'
/Library/Ruby/Gems/2.3.0/gems/activerecord-5.2.3/lib/active_record/reflection.rb:162:in `class_name'
/Library/Ruby/Gems/2.3.0/gems/activerecord-5.2.3/lib/active_record/reflection.rb:769:in `klass'
/Library/Ruby/Gems/2.3.0/gems/activerecord-5.2.3/lib/active_record/reflection.rb:790:in `source_reflection'
/Library/Ruby/Gems/2.3.0/gems/activerecord-5.2.3/lib/active_record/reflection.rb:991:in `derive_class_name'
/Library/Ruby/Gems/2.3.0/gems/activerecord-5.2.3/lib/active_record/reflection.rb:162:in `class_name'
/Library/Ruby/Gems/2.3.0/gems/activerecord-5.2.3/lib/active_record/reflection.rb:769:in `klass'
/Library/Ruby/Gems/2.3.0/gems/activerecord-5.2.3/lib/active_record/reflection.rb:790:in `source_reflection'
/Library/Ruby/Gems/2.3.0/gems/activerecord-5.2.3/lib/active_record/reflection.rb:991:in `derive_class_name'
/Library/Ruby/Gems/2.3.0/gems/activerecord-5.2.3/lib/active_record/reflection.rb:162:in `class_name'
/Library/Ruby/Gems/2.3.0/gems/activerecord-5.2.3/lib/active_record/reflection.rb:769:in `klass'
/Library/Ruby/Gems/2.3.0/gems/activerecord-5.2.3/lib/active_record/reflection.rb:790:in `source_reflection'
/Library/Ruby/Gems/2.3.0/gems/activerecord-5.2.3/lib/active_record/reflection.rb:991:in `derive_class_name'
/Library/Ruby/Gems/2.3.0/gems/activerecord-5.2.3/lib/active_record/reflection.rb:162:in `class_name'
/Library/Ruby/Gems/2.3.0/gems/activerecord-5.2.3/lib/active_record/reflection.rb:769:in `klass'
/Library/Ruby/Gems/2.3.0/gems/activerecord-5.2.3/lib/active_record/reflection.rb:790:in `source_reflection'
/Library/Ruby/Gems/2.3.0/gems/activerecord-5.2.3/lib/active_record/reflection.rb:991:in `derive_class_name'
/Library/Ruby/Gems/2.3.0/gems/activerecord-5.2.3/lib/active_record/reflection.rb:162:in `class_name'
/Library/Ruby/Gems/2.3.0/gems/activerecord-5.2.3/lib/active_record/reflection.rb:769:in `klass'
/Library/Ruby/Gems/2.3.0/gems/activerecord-5.2.3/lib/active_record/reflection.rb:790:in `source_reflection'
/Library/Ruby/Gems/2.3.0/gems/activerecord-5.2.3/lib/active_record/reflection.rb:991:in `derive_class_name'
/Library/Ruby/Gems/2.3.0/gems/activerecord-5.2.3/lib/active_record/reflection.rb:162:in `class_name'
/Library/Ruby/Gems/2.3.0/gems/activerecord-5.2.3/lib/active_record/reflection.rb:769:in `klass'
/Library/Ruby/Gems/2.3.0/gems/activerecord-5.2.3/lib/active_record/reflection.rb:790:in `source_reflection'
/Library/Ruby/Gems/2.3.0/gems/activerecord-5.2.3/lib/active_record/reflection.rb:991:in `derive_class_name'
/Library/Ruby/Gems/2.3.0/gems/activerecord-5.2.3/lib/active_record/reflection.rb:162:in `class_name'
/Library/Ruby/Gems/2.3.0/gems/activerecord-5.2.3/lib/active_record/reflection.rb:769:in `klass'
/Library/Ruby/Gems/2.3.0/gems/activerecord-5.2.3/lib/active_record/reflection.rb:790:in `source_reflection'
/Library/Ruby/Gems/2.3.0/gems/activerecord-5.2.3/lib/active_record/reflection.rb:991:in `derive_class_name'
/Library/Ruby/Gems/2.3.0/gems/activerecord-5.2.3/lib/active_record/reflection.rb:162:in `class_name'
/Library/Ruby/Gems/2.3.0/gems/activerecord-5.2.3/lib/active_record/reflection.rb:769:in `klass'
/Library/Ruby/Gems/2.3.0/gems/activerecord-5.2.3/lib/active_record/reflection.rb:790:in `source_reflection'
/Library/Ruby/Gems/2.3.0/gems/activerecord-5.2.3/lib/active_record/reflection.rb:991:in `derive_class_name'
/Library/Ruby/Gems/2.3.0/gems/activerecord-5.2.3/lib/active_record/reflection.rb:162:in `class_name'
/Library/Ruby/Gems/2.3.0/gems/activerecord-5.2.3/lib/active_record/reflection.rb:769:in `klass'
/Library/Ruby/Gems/2.3.0/gems/activerecord-5.2.3/lib/active_record/reflection.rb:790:in `source_reflection'
/Library/Ruby/Gems/2.3.0/gems/activerecord-5.2.3/lib/active_record/reflection.rb:991:in `derive_class_name'
/Library/Ruby/Gems/2.3.0/gems/activerecord-5.2.3/lib/active_record/reflection.rb:162:in `class_name'
/Library/Ruby/Gems/2.3.0/gems/activerecord-5.2.3/lib/active_record/reflection.rb:769:in `klass'
/Library/Ruby/Gems/2.3.0/gems/activerecord-5.2.3/lib/active_record/reflection.rb:790:in `source_reflection'
/Library/Ruby/Gems/2.3.0/gems/activerecord-5.2.3/lib/active_record/reflection.rb:991:in `derive_class_name'
/Library/Ruby/Gems/2.3.0/gems/activerecord-5.2.3/lib/active_record/reflection.rb:162:in `class_name'
/Library/Ruby/Gems/2.3.0/gems/activerecord-5.2.3/lib/active_record/reflection.rb:769:in `klass'
/Library/Ruby/Gems/2.3.0/gems/activerecord-5.2.3/lib/active_record/reflection.rb:790:in `source_reflection'
/Library/Ruby/Gems/2.3.0/gems/activerecord-5.2.3/lib/active_record/reflection.rb:991:in `derive_class_name'
/Library/Ruby/Gems/2.3.0/gems/activerecord-5.2.3/lib/active_record/reflection.rb:162:in `class_name'
/Library/Ruby/Gems/2.3.0/gems/activerecord-5.2.3/lib/active_record/reflection.rb:769:in `klass'
/Library/Ruby/Gems/2.3.0/gems/activerecord-5.2.3/lib/active_record/reflection.rb:790:in `source_reflection'
/Library/Ruby/Gems/2.3.0/gems/activerecord-5.2.3/lib/active_record/reflection.rb:991:in `derive_class_name'
/Library/Ruby/Gems/2.3.0/gems/activerecord-5.2.3/lib/active_record/reflection.rb:162:in `class_name'
/Library/Ruby/Gems/2.3.0/gems/activerecord-5.2.3/lib/active_record/reflection.rb:769:in `klass'
/Library/Ruby/Gems/2.3.0/gems/activerecord-5.2.3/lib/active_record/reflection.rb:790:in `source_reflection'
/Library/Ruby/Gems/2.3.0/gems/activerecord-5.2.3/lib/active_record/reflection.rb:991:in `derive_class_name'
/Library/Ruby/Gems/2.3.0/gems/activerecord-5.2.3/lib/active_record/reflection.rb:162:in `class_name'
/Library/Ruby/Gems/2.3.0/gems/activerecord-5.2.3/lib/active_record/reflection.rb:769:in `klass'
/Library/Ruby/Gems/2.3.0/gems/activerecord-5.2.3/lib/active_record/reflection.rb:790:in `source_reflection'
/Library/Ruby/Gems/2.3.0/gems/activerecord-5.2.3/lib/active_record/reflection.rb:991:in `derive_class_name'
/Library/Ruby/Gems/2.3.0/gems/activerecord-5.2.3/lib/active_record/reflection.rb:162:in `class_name'
/Library/Ruby/Gems/2.3.0/gems/activerecord-5.2.3/lib/active_record/reflection.rb:769:in `klass'
/Library/Ruby/Gems/2.3.0/gems/activerecord-5.2.3/lib/active_record/reflection.rb:790:in `source_reflection'
/Library/Ruby/Gems/2.3.0/gems/activerecord-5.2.3/lib/active_record/reflection.rb:991:in `derive_class_name'
/Library/Ruby/Gems/2.3.0/gems/activerecord-5.2.3/lib/active_record/reflection.rb:162:in `class_name'
/Library/Ruby/Gems/2.3.0/gems/activerecord-5.2.3/lib/active_record/reflection.rb:769:in `klass'
/Library/Ruby/Gems/2.3.0/gems/activerecord-5.2.3/lib/active_record/reflection.rb:790:in `source_reflection'
/Library/Ruby/Gems/2.3.0/gems/activerecord-5.2.3/lib/active_record/reflection.rb:991:in `derive_class_name'
/Library/Ruby/Gems/2.3.0/gems/activerecord-5.2.3/lib/active_record/reflection.rb:162:in `class_name'
/Library/Ruby/Gems/2.3.0/gems/activerecord-5.2.3/lib/active_record/reflection.rb:769:in `klass'
/Library/Ruby/Gems/2.3.0/gems/activerecord-5.2.3/lib/active_record/reflection.rb:790:in `source_reflection'
/Library/Ruby/Gems/2.3.0/gems/activerecord-5.2.3/lib/active_record/reflection.rb:991:in `derive_class_name'
/Library/Ruby/Gems/2.3.0/gems/activerecord-5.2.3/lib/active_record/reflection.rb:162:in `class_name'
/Library/Ruby/Gems/2.3.0/gems/activerecord-5.2.3/lib/active_record/reflection.rb:769:in `klass'
/Library/Ruby/Gems/2.3.0/gems/activerecord-5.2.3/lib/active_record/reflection.rb:790:in `source_reflection'
/Library/Ruby/Gems/2.3.0/gems/activerecord-5.2.3/lib/active_record/reflection.rb:991:in `derive_class_name'
/Library/Ruby/Gems/2.3.0/gems/activerecord-5.2.3/lib/active_record/reflection.rb:162:in `class_name'
/Library/Ruby/Gems/2.3.0/gems/activerecord-5.2.3/lib/active_record/reflection.rb:769:in `klass'
/Library/Ruby/Gems/2.3.0/gems/activerecord-5.2.3/lib/active_record/reflection.rb:790:in `source_reflection'
/Library/Ruby/Gems/2.3.0/gems/activerecord-5.2.3/lib/active_record/reflection.rb:991:in `derive_class_name'
/Library/Ruby/Gems/2.3.0/gems/activerecord-5.2.3/lib/active_record/reflection.rb:162:in `class_name'
/Library/Ruby/Gems/2.3.0/gems/activerecord-5.2.3/lib/active_record/reflection.rb:769:in `klass'
/Library/Ruby/Gems/2.3.0/gems/activerecord-5.2.3/lib/active_record/reflection.rb:790:in `source_reflection'
/Library/Ruby/Gems/2.3.0/gems/activerecord-5.2.3/lib/active_record/reflection.rb:991:in `derive_class_name'
/Library/Ruby/Gems/2.3.0/gems/activerecord-5.2.3/lib/active_record/reflection.rb:162:in `class_name'
/Library/Ruby/Gems/2.3.0/gems/activerecord-5.2.3/lib/active_record/reflection.rb:769:in `klass'
/Library/Ruby/Gems/2.3.0/gems/activerecord-5.2.3/lib/active_record/reflection.rb:790:in `source_reflection'
/Library/Ruby/Gems/2.3.0/gems/activerecord-5.2.3/lib/active_record/reflection.rb:991:in `derive_class_name'
/Library/Ruby/Gems/2.3.0/gems/activerecord-5.2.3/lib/active_record/reflection.rb:162:in `class_name'
/Library/Ruby/Gems/2.3.0/gems/activerecord-5.2.3/lib/active_record/reflection.rb:769:in `klass'
/Library/Ruby/Gems/2.3.0/gems/activerecord-5.2.3/lib/active_record/reflection.rb:790:in `source_reflection'
/Library/Ruby/Gems/2.3.0/gems/activerecord-5.2.3/lib/active_record/reflection.rb:991:in `derive_class_name'
/Library/Ruby/Gems/2.3.0/gems/activerecord-5.2.3/lib/active_record/reflection.rb:162:in `class_name'
/Library/Ruby/Gems/2.3.0/gems/activerecord-5.2.3/lib/active_record/reflection.rb:769:in `klass'
/Library/Ruby/Gems/2.3.0/gems/activerecord-5.2.3/lib/active_record/reflection.rb:790:in `source_reflection'
/Library/Ruby/Gems/2.3.0/gems/activerecord-5.2.3/lib/active_record/reflection.rb:991:in `derive_class_name'
/Library/Ruby/Gems/2.3.0/gems/activerecord-5.2.3/lib/active_record/reflection.rb:162:in `class_name'
/Library/Ruby/Gems/2.3.0/gems/activerecord-5.2.3/lib/active_record/reflection.rb:769:in `klass'
/Library/Ruby/Gems/2.3.0/gems/activerecord-5.2.3/lib/active_record/reflection.rb:790:in `source_reflection'
/Library/Ruby/Gems/2.3.0/gems/activerecord-5.2.3/lib/active_record/reflection.rb:991:in `derive_class_name'
/Library/Ruby/Gems/2.3.0/gems/activerecord-5.2.3/lib/active_record/reflection.rb:162:in `class_name'
/Library/Ruby/Gems/2.3.0/gems/activerecord-5.2.3/lib/active_record/reflection.rb:769:in `klass'
/Library/Ruby/Gems/2.3.0/gems/activerecord-5.2.3/lib/active_record/reflection.rb:790:in `source_reflection'
/Library/Ruby/Gems/2.3.0/gems/activerecord-5.2.3/lib/active_record/reflection.rb:991:in `derive_class_name'
/Library/Ruby/Gems/2.3.0/gems/activerecord-5.2.3/lib/active_record/reflection.rb:162:in `class_name'
/Library/Ruby/Gems/2.3.0/gems/activerecord-5.2.3/lib/active_record/reflection.rb:769:in `klass'
/Library/Ruby/Gems/2.3.0/gems/activerecord-5.2.3/lib/active_record/reflection.rb:790:in `source_reflection'
/Library/Ruby/Gems/2.3.0/gems/activerecord-5.2.3/lib/active_record/reflection.rb:991:in `derive_class_name'
/Library/Ruby/Gems/2.3.0/gems/activerecord-5.2.3/lib/active_record/reflection.rb:162:in `class_name'
/Library/Ruby/Gems/2.3.0/gems/activerecord-5.2.3/lib/active_record/reflection.rb:769:in `klass'
/Library/Ruby/Gems/2.3.0/gems/activerecord-5.2.3/lib/active_record/reflection.rb:790:in `source_reflection'
/Library/Ruby/Gems/2.3.0/gems/activerecord-5.2.3/lib/active_record/reflection.rb:991:in `derive_class_name'
/Library/Ruby/Gems/2.3.0/gems/activerecord-5.2.3/lib/active_record/reflection.rb:162:in `class_name'
/Library/Ruby/Gems/2.3.0/gems/activerecord-5.2.3/lib/active_record/reflection.rb:769:in `klass'
/Library/Ruby/Gems/2.3.0/gems/activerecord-5.2.3/lib/active_record/reflection.rb:790:in `source_reflection'
/Library/Ruby/Gems/2.3.0/gems/activerecord-5.2.3/lib/active_record/reflection.rb:991:in `derive_class_name'
/Library/Ruby/Gems/2.3.0/gems/activerecord-5.2.3/lib/active_record/reflection.rb:162:in `class_name'
/Library/Ruby/Gems/2.3.0/gems/activerecord-5.2.3/lib/active_record/reflection.rb:769:in `klass'
/Library/Ruby/Gems/2.3.0/gems/activerecord-5.2.3/lib/active_record/reflection.rb:790:in `source_reflection'
/Library/Ruby/Gems/2.3.0/gems/activerecord-5.2.3/lib/active_record/reflection.rb:991:in `derive_class_name'
/Library/Ruby/Gems/2.3.0/gems/activerecord-5.2.3/lib/active_record/reflection.rb:162:in `class_name'
/Library/Ruby/Gems/2.3.0/gems/activerecord-5.2.3/lib/active_record/reflection.rb:769:in `klass'
/Library/Ruby/Gems/2.3.0/gems/activerecord-5.2.3/lib/active_record/reflection.rb:790:in `source_reflection'
/Library/Ruby/Gems/2.3.0/gems/activerecord-5.2.3/lib/active_record/reflection.rb:991:in `derive_class_name'
/Library/Ruby/Gems/2.3.0/gems/activerecord-5.2.3/lib/active_record/reflection.rb:162:in `class_name'
/Library/Ruby/Gems/2.3.0/gems/activerecord-5.2.3/lib/active_record/reflection.rb:769:in `klass'
/Library/Ruby/Gems/2.3.0/gems/activerecord-5.2.3/lib/active_record/reflection.rb:790:in `source_reflection'
/Library/Ruby/Gems/2.3.0/gems/activerecord-5.2.3/lib/active_record/reflection.rb:991:in `derive_class_name'
/Library/Ruby/Gems/2.3.0/gems/activerecord-5.2.3/lib/active_record/reflection.rb:162:in `class_name'
/Library/Ruby/Gems/2.3.0/gems/activerecord-5.2.3/lib/active_record/reflection.rb:769:in `klass'
/Library/Ruby/Gems/2.3.0/gems/activerecord-5.2.3/lib/active_record/reflection.rb:790:in `source_reflection'
/Library/Ruby/Gems/2.3.0/gems/activerecord-5.2.3/lib/active_record/reflection.rb:991:in `derive_class_name'
/Library/Ruby/Gems/2.3.0/gems/activerecord-5.2.3/lib/active_record/reflection.rb:162:in `class_name'
/Library/Ruby/Gems/2.3.0/gems/activerecord-5.2.3/lib/active_record/reflection.rb:769:in `klass'
/Library/Ruby/Gems/2.3.0/gems/activerecord-5.2.3/lib/active_record/reflection.rb:790:in `source_reflection'
/Library/Ruby/Gems/2.3.0/gems/activerecord-5.2.3/lib/active_record/reflection.rb:991:in `derive_class_name'
/Library/Ruby/Gems/2.3.0/gems/activerecord-5.2.3/lib/active_record/reflection.rb:162:in `class_name'
/Library/Ruby/Gems/2.3.0/gems/activerecord-5.2.3/lib/active_record/reflection.rb:769:in `klass'
/Library/Ruby/Gems/2.3.0/gems/activerecord-5.2.3/lib/active_record/reflection.rb:790:in `source_reflection'
/Library/Ruby/Gems/2.3.0/gems/activerecord-5.2.3/lib/active_record/reflection.rb:991:in `derive_class_name'
/Library/Ruby/Gems/2.3.0/gems/activerecord-5.2.3/lib/active_record/reflection.rb:162:in `class_name'
/Library/Ruby/Gems/2.3.0/gems/activerecord-5.2.3/lib/active_record/reflection.rb:769:in `klass'
/Library/Ruby/Gems/2.3.0/gems/activerecord-5.2.3/lib/active_record/reflection.rb:790:in `source_reflection'
/Library/Ruby/Gems/2.3.0/gems/activerecord-5.2.3/lib/active_record/reflection.rb:991:in `derive_class_name'
/Library/Ruby/Gems/2.3.0/gems/activerecord-5.2.3/lib/active_record/reflection.rb:162:in `class_name'
/Library/Ruby/Gems/2.3.0/gems/activerecord-5.2.3/lib/active_record/reflection.rb:769:in `klass'
/Library/Ruby/Gems/2.3.0/gems/activerecord-5.2.3/lib/active_record/reflection.rb:790:in `source_reflection'
/Library/Ruby/Gems/2.3.0/gems/activerecord-5.2.3/lib/active_record/reflection.rb:991:in `derive_class_name'
/Library/Ruby/Gems/2.3.0/gems/activerecord-5.2.3/lib/active_record/reflection.rb:162:in `class_name'
/Library/Ruby/Gems/2.3.0/gems/activerecord-5.2.3/lib/active_record/reflection.rb:769:in `klass'
/Library/Ruby/Gems/2.3.0/gems/activerecord-5.2.3/lib/active_record/reflection.rb:790:in `source_reflection'
/Library/Ruby/Gems/2.3.0/gems/activerecord-5.2.3/lib/active_record/reflection.rb:991:in `derive_class_name'
/Library/Ruby/Gems/2.3.0/gems/activerecord-5.2.3/lib/active_record/reflection.rb:162:in `class_name'
/Library/Ruby/Gems/2.3.0/gems/activerecord-5.2.3/lib/active_record/reflection.rb:769:in `klass'
/Library/Ruby/Gems/2.3.0/gems/activerecord-5.2.3/lib/active_record/reflection.rb:790:in `source_reflection'
/Library/Ruby/Gems/2.3.0/gems/activerecord-5.2.3/lib/active_record/reflection.rb:991:in `derive_class_name'
/Library/Ruby/Gems/2.3.0/gems/activerecord-5.2.3/lib/active_record/reflection.rb:162:in `class_name'
/Library/Ruby/Gems/2.3.0/gems/activerecord-5.2.3/lib/active_record/reflection.rb:769:in `klass'
/Library/Ruby/Gems/2.3.0/gems/activerecord-5.2.3/lib/active_record/reflection.rb:790:in `source_reflection'
/Library/Ruby/Gems/2.3.0/gems/activerecord-5.2.3/lib/active_record/reflection.rb:991:in `derive_class_name'
/Library/Ruby/Gems/2.3.0/gems/activerecord-5.2.3/lib/active_record/reflection.rb:162:in `class_name'
/Library/Ruby/Gems/2.3.0/gems/activerecord-5.2.3/lib/active_record/reflection.rb:769:in `klass'
/Library/Ruby/Gems/2.3.0/gems/activerecord-5.2.3/lib/active_record/reflection.rb:790:in `source_reflection'
/Library/Ruby/Gems/2.3.0/gems/activerecord-5.2.3/lib/active_record/reflection.rb:991:in `derive_class_name'
/Library/Ruby/Gems/2.3.0/gems/activerecord-5.2.3/lib/active_record/reflection.rb:162:in `class_name'
/Library/Ruby/Gems/2.3.0/gems/activerecord-5.2.3/lib/active_record/reflection.rb:769:in `klass'
/Library/Ruby/Gems/2.3.0/gems/activerecord-5.2.3/lib/active_record/reflection.rb:790:in `source_reflection'
/Library/Ruby/Gems/2.3.0/gems/activerecord-5.2.3/lib/active_record/reflection.rb:991:in `derive_class_name'
/Library/Ruby/Gems/2.3.0/gems/activerecord-5.2.3/lib/active_record/reflection.rb:162:in `class_name'
/Library/Ruby/Gems/2.3.0/gems/activerecord-5.2.3/lib/active_record/reflection.rb:769:in `klass'
/Library/Ruby/Gems/2.3.0/gems/activerecord-5.2.3/lib/active_record/reflection.rb:790:in `source_reflection'
/Library/Ruby/Gems/2.3.0/gems/activerecord-5.2.3/lib/active_record/reflection.rb:991:in `derive_class_name'
/Library/Ruby/Gems/2.3.0/gems/activerecord-5.2.3/lib/active_record/reflection.rb:162:in `class_name'
/Library/Ruby/Gems/2.3.0/gems/activerecord-5.2.3/lib/active_record/reflection.rb:769:in `klass'
/Library/Ruby/Gems/2.3.0/gems/activerecord-5.2.3/lib/active_record/reflection.rb:790:in `source_reflection'
/Library/Ruby/Gems/2.3.0/gems/activerecord-5.2.3/lib/active_record/reflection.rb:991:in `derive_class_name'
/Library/Ruby/Gems/2.3.0/gems/activerecord-5.2.3/lib/active_record/reflection.rb:162:in `class_name'
/Library/Ruby/Gems/2.3.0/gems/activerecord-5.2.3/lib/active_record/reflection.rb:769:in `klass'
/Library/Ruby/Gems/2.3.0/gems/activerecord-5.2.3/lib/active_record/reflection.rb:790:in `source_reflection'
/Library/Ruby/Gems/2.3.0/gems/activerecord-5.2.3/lib/active_record/reflection.rb:991:in `derive_class_name'
/Library/Ruby/Gems/2.3.0/gems/activerecord-5.2.3/lib/active_record/reflection.rb:162:in `class_name'
/Library/Ruby/Gems/2.3.0/gems/activerecord-5.2.3/lib/active_record/reflection.rb:769:in `klass'
/Library/Ruby/Gems/2.3.0/gems/activerecord-5.2.3/lib/active_record/reflection.rb:790:in `source_reflection'
/Library/Ruby/Gems/2.3.0/gems/activerecord-5.2.3/lib/active_record/reflection.rb:991:in `derive_class_name'
/Library/Ruby/Gems/2.3.0/gems/activerecord-5.2.3/lib/active_record/reflection.rb:162:in `class_name'
/Library/Ruby/Gems/2.3.0/gems/activerecord-5.2.3/lib/active_record/reflection.rb:769:in `klass'
/Library/Ruby/Gems/2.3.0/gems/activerecord-5.2.3/lib/active_record/reflection.rb:790:in `source_reflection'
/Library/Ruby/Gems/2.3.0/gems/activerecord-5.2.3/lib/active_record/reflection.rb:991:in `derive_class_name'
/Library/Ruby/Gems/2.3.0/gems/activerecord-5.2.3/lib/active_record/reflection.rb:162:in `class_name'
/Library/Ruby/Gems/2.3.0/gems/activerecord-5.2.3/lib/active_record/reflection.rb:769:in `klass'
/Library/Ruby/Gems/2.3.0/gems/activerecord-5.2.3/lib/active_record/reflection.rb:790:in `source_reflection'
/Library/Ruby/Gems/2.3.0/gems/activerecord-5.2.3/lib/active_record/reflection.rb:991:in `derive_class_name'
/Library/Ruby/Gems/2.3.0/gems/activerecord-5.2.3/lib/active_record/reflection.rb:162:in `class_name'
/Library/Ruby/Gems/2.3.0/gems/activerecord-5.2.3/lib/active_record/reflection.rb:769:in `klass'
/Library/Ruby/Gems/2.3.0/gems/activerecord-5.2.3/lib/active_record/reflection.rb:790:in `source_reflection'
/Library/Ruby/Gems/2.3.0/gems/activerecord-5.2.3/lib/active_record/reflection.rb:991:in `derive_class_name'
/Library/Ruby/Gems/2.3.0/gems/activerecord-5.2.3/lib/active_record/reflection.rb:162:in `class_name'
/Library/Ruby/Gems/2.3.0/gems/activerecord-5.2.3/lib/active_record/reflection.rb:769:in `klass'
/Library/Ruby/Gems/2.3.0/gems/activerecord-5.2.3/lib/active_record/reflection.rb:790:in `source_reflection'
/Library/Ruby/Gems/2.3.0/gems/activerecord-5.2.3/lib/active_record/reflection.rb:991:in `derive_class_name'
/Library/Ruby/Gems/2.3.0/gems/activerecord-5.2.3/lib/active_record/reflection.rb:162:in `class_name'
/Library/Ruby/Gems/2.3.0/gems/activerecord-5.2.3/lib/active_record/reflection.rb:769:in `klass'
/Library/Ruby/Gems/2.3.0/gems/activerecord-5.2.3/lib/active_record/reflection.rb:790:in `source_reflection'
/Library/Ruby/Gems/2.3.0/gems/activerecord-5.2.3/lib/active_record/reflection.rb:991:in `derive_class_name'
/Library/Ruby/Gems/2.3.0/gems/activerecord-5.2.3/lib/active_record/reflection.rb:162:in `class_name'
/Library/Ruby/Gems/2.3.0/gems/activerecord-5.2.3/lib/active_record/reflection.rb:769:in `klass'
/Library/Ruby/Gems/2.3.0/gems/activerecord-5.2.3/lib/active_record/reflection.rb:790:in `source_reflection'
/Library/Ruby/Gems/2.3.0/gems/activerecord-5.2.3/lib/active_record/reflection.rb:991:in `derive_class_name'
/Library/Ruby/Gems/2.3.0/gems/activerecord-5.2.3/lib/active_record/reflection.rb:162:in `class_name'
/Library/Ruby/Gems/2.3.0/gems/activerecord-5.2.3/lib/active_record/reflection.rb:769:in `klass'
/Library/Ruby/Gems/2.3.0/gems/activerecord-5.2.3/lib/active_record/reflection.rb:790:in `source_reflection'
/Library/Ruby/Gems/2.3.0/gems/activerecord-5.2.3/lib/active_record/reflection.rb:991:in `derive_class_name'
/Library/Ruby/Gems/2.3.0/gems/activerecord-5.2.3/lib/active_record/reflection.rb:162:in `class_name'
/Library/Ruby/Gems/2.3.0/gems/activerecord-5.2.3/lib/active_record/reflection.rb:769:in `klass'
/Library/Ruby/Gems/2.3.0/gems/activerecord-5.2.3/lib/active_record/reflection.rb:790:in `source_reflection'
/Library/Ruby/Gems/2.3.0/gems/activerecord-5.2.3/lib/active_record/reflection.rb:991:in `derive_class_name'
/Library/Ruby/Gems/2.3.0/gems/activerecord-5.2.3/lib/active_record/reflection.rb:162:in `class_name'
/Library/Ruby/Gems/2.3.0/gems/activerecord-5.2.3/lib/active_record/reflection.rb:769:in `klass'
/Library/Ruby/Gems/2.3.0/gems/activerecord-5.2.3/lib/active_record/reflection.rb:790:in `source_reflection'
/Library/Ruby/Gems/2.3.0/gems/activerecord-5.2.3/lib/active_record/reflection.rb:991:in `derive_class_name'
/Library/Ruby/Gems/2.3.0/gems/activerecord-5.2.3/lib/active_record/reflection.rb:162:in `class_name'
/Library/Ruby/Gems/2.3.0/gems/activerecord-5.2.3/lib/active_record/reflection.rb:769:in `klass'
/Library/Ruby/Gems/2.3.0/gems/activerecord-5.2.3/lib/active_record/reflection.rb:790:in `source_reflection'
/Library/Ruby/Gems/2.3.0/gems/activerecord-5.2.3/lib/active_record/reflection.rb:991:in `derive_class_name'
/Library/Ruby/Gems/2.3.0/gems/activerecord-5.2.3/lib/active_record/reflection.rb:162:in `class_name'
/Library/Ruby/Gems/2.3.0/gems/activerecord-5.2.3/lib/active_record/reflection.rb:769:in `klass'
/Library/Ruby/Gems/2.3.0/gems/activerecord-5.2.3/lib/active_record/reflection.rb:790:in `source_reflection'
/Library/Ruby/Gems/2.3.0/gems/activerecord-5.2.3/lib/active_record/reflection.rb:991:in `derive_class_name'
/Library/Ruby/Gems/2.3.0/gems/activerecord-5.2.3/lib/active_record/reflection.rb:162:in `class_name'
/Library/Ruby/Gems/2.3.0/gems/activerecord-5.2.3/lib/active_record/reflection.rb:769:in `klass'
/Library/Ruby/Gems/2.3.0/gems/activerecord-5.2.3/lib/active_record/reflection.rb:790:in `source_reflection'
/Library/Ruby/Gems/2.3.0/gems/activerecord-5.2.3/lib/active_record/reflection.rb:991:in `derive_class_name'
/Library/Ruby/Gems/2.3.0/gems/activerecord-5.2.3/lib/active_record/reflection.rb:162:in `class_name'
/Library/Ruby/Gems/2.3.0/gems/activerecord-5.2.3/lib/active_record/reflection.rb:769:in `klass'
/Library/Ruby/Gems/2.3.0/gems/activerecord-5.2.3/lib/active_record/reflection.rb:790:in `source_reflection'
/Library/Ruby/Gems/2.3.0/gems/activerecord-5.2.3/lib/active_record/reflection.rb:991:in `derive_class_name'
/Library/Ruby/Gems/2.3.0/gems/activerecord-5.2.3/lib/active_record/reflection.rb:162:in `class_name'
/Library/Ruby/Gems/2.3.0/gems/activerecord-5.2.3/lib/active_record/reflection.rb:769:in `klass'
/Library/Ruby/Gems/2.3.0/gems/activerecord-5.2.3/lib/active_record/reflection.rb:790:in `source_reflection'
/Library/Ruby/Gems/2.3.0/gems/activerecord-5.2.3/lib/active_record/reflection.rb:991:in `derive_class_name'
/Library/Ruby/Gems/2.3.0/gems/activerecord-5.2.3/lib/active_record/reflection.rb:162:in `class_name'
/Library/Ruby/Gems/2.3.0/gems/activerecord-5.2.3/lib/active_record/reflection.rb:769:in `klass'
/Library/Ruby/Gems/2.3.0/gems/activerecord-5.2.3/lib/active_record/reflection.rb:790:in `source_reflection'
/Library/Ruby/Gems/2.3.0/gems/activerecord-5.2.3/lib/active_record/reflection.rb:991:in `derive_class_name'
/Library/Ruby/Gems/2.3.0/gems/activerecord-5.2.3/lib/active_record/reflection.rb:162:in `class_name'
/Library/Ruby/Gems/2.3.0/gems/activerecord-5.2.3/lib/active_record/reflection.rb:769:in `klass'
/Library/Ruby/Gems/2.3.0/gems/activerecord-5.2.3/lib/active_record/reflection.rb:790:in `source_reflection'
/Library/Ruby/Gems/2.3.0/gems/activerecord-5.2.3/lib/active_record/reflection.rb:991:in `derive_class_name'
/Library/Ruby/Gems/2.3.0/gems/activerecord-5.2.3/lib/active_record/reflection.rb:162:in `class_name'
/Library/Ruby/Gems/2.3.0/gems/activerecord-5.2.3/lib/active_record/reflection.rb:769:in `klass'
/Library/Ruby/Gems/2.3.0/gems/activerecord-5.2.3/lib/active_record/reflection.rb:790:in `source_reflection'
/Library/Ruby/Gems/2.3.0/gems/activerecord-5.2.3/lib/active_record/reflection.rb:991:in `derive_class_name'
/Library/Ruby/Gems/2.3.0/gems/activerecord-5.2.3/lib/active_record/reflection.rb:162:in `class_name'
/Library/Ruby/Gems/2.3.0/gems/activerecord-5.2.3/lib/active_record/reflection.rb:769:in `klass'
/Library/Ruby/Gems/2.3.0/gems/activerecord-5.2.3/lib/active_record/reflection.rb:790:in `source_reflection'
/Library/Ruby/Gems/2.3.0/gems/activerecord-5.2.3/lib/active_record/reflection.rb:991:in `derive_class_name'
/Library/Ruby/Gems/2.3.0/gems/activerecord-5.2.3/lib/active_record/reflection.rb:162:in `class_name'
/Library/Ruby/Gems/2.3.0/gems/activerecord-5.2.3/lib/active_record/reflection.rb:769:in `klass'
/Library/Ruby/Gems/2.3.0/gems/activerecord-5.2.3/lib/active_record/reflection.rb:790:in `source_reflection'
/Library/Ruby/Gems/2.3.0/gems/activerecord-5.2.3/lib/active_record/reflection.rb:991:in `derive_class_name'
/Library/Ruby/Gems/2.3.0/gems/activerecord-5.2.3/lib/active_record/reflection.rb:162:in `class_name'
/Library/Ruby/Gems/2.3.0/gems/activerecord-5.2.3/lib/active_record/reflection.rb:769:in `klass'
/Library/Ruby/Gems/2.3.0/gems/activerecord-5.2.3/lib/active_record/reflection.rb:790:in `source_reflection'
/Library/Ruby/Gems/2.3.0/gems/activerecord-5.2.3/lib/active_record/reflection.rb:991:in `derive_class_name'
/Library/Ruby/Gems/2.3.0/gems/activerecord-5.2.3/lib/active_record/reflection.rb:162:in `class_name'
/Library/Ruby/Gems/2.3.0/gems/activerecord-5.2.3/lib/active_record/reflection.rb:769:in `klass'
/Library/Ruby/Gems/2.3.0/gems/activerecord-5.2.3/lib/active_record/reflection.rb:790:in `source_reflection'
/Library/Ruby/Gems/2.3.0/gems/activerecord-5.2.3/lib/active_record/reflection.rb:991:in `derive_class_name'
/Library/Ruby/Gems/2.3.0/gems/activerecord-5.2.3/lib/active_record/reflection.rb:162:in `class_name'
/Library/Ruby/Gems/2.3.0/gems/activerecord-5.2.3/lib/active_record/reflection.rb:769:in `klass'
/Library/Ruby/Gems/2.3.0/gems/activerecord-5.2.3/lib/active_record/reflection.rb:790:in `source_reflection'
/Library/Ruby/Gems/2.3.0/gems/activerecord-5.2.3/lib/active_record/reflection.rb:991:in `derive_class_name'
/Library/Ruby/Gems/2.3.0/gems/activerecord-5.2.3/lib/active_record/reflection.rb:162:in `class_name'
/Library/Ruby/Gems/2.3.0/gems/activerecord-5.2.3/lib/active_record/reflection.rb:769:in `klass'
/Library/Ruby/Gems/2.3.0/gems/activerecord-5.2.3/lib/active_record/reflection.rb:790:in `source_reflection'
/Library/Ruby/Gems/2.3.0/gems/activerecord-5.2.3/lib/active_record/reflection.rb:991:in `derive_class_name'
/Library/Ruby/Gems/2.3.0/gems/activerecord-5.2.3/lib/active_record/reflection.rb:162:in `class_name'
/Library/Ruby/Gems/2.3.0/gems/activerecord-5.2.3/lib/active_record/reflection.rb:769:in `klass'
/Library/Ruby/Gems/2.3.0/gems/activerecord-5.2.3/lib/active_record/reflection.rb:790:in `source_reflection'
/Library/Ruby/Gems/2.3.0/gems/activerecord-5.2.3/lib/active_record/reflection.rb:991:in `derive_class_name'
/Library/Ruby/Gems/2.3.0/gems/activerecord-5.2.3/lib/active_record/reflection.rb:162:in `class_name'
/Library/Ruby/Gems/2.3.0/gems/activerecord-5.2.3/lib/active_record/reflection.rb:769:in `klass'
/Library/Ruby/Gems/2.3.0/gems/activerecord-5.2.3/lib/active_record/reflection.rb:790:in `source_reflection'
/Library/Ruby/Gems/2.3.0/gems/activerecord-5.2.3/lib/active_record/reflection.rb:991:in `derive_class_name'
/Library/Ruby/Gems/2.3.0/gems/activerecord-5.2.3/lib/active_record/reflection.rb:162:in `class_name'
/Library/Ruby/Gems/2.3.0/gems/activerecord-5.2.3/lib/active_record/reflection.rb:769:in `klass'
/Library/Ruby/Gems/2.3.0/gems/activerecord-5.2.3/lib/active_record/reflection.rb:790:in `source_reflection'
/Library/Ruby/Gems/2.3.0/gems/activerecord-5.2.3/lib/active_record/reflection.rb:991:in `derive_class_name'
/Library/Ruby/Gems/2.3.0/gems/activerecord-5.2.3/lib/active_record/reflection.rb:162:in `class_name'
/Library/Ruby/Gems/2.3.0/gems/activerecord-5.2.3/lib/active_record/reflection.rb:769:in `klass'
/Library/Ruby/Gems/2.3.0/gems/activerecord-5.2.3/lib/active_record/reflection.rb:790:in `source_reflection'
/Library/Ruby/Gems/2.3.0/gems/activerecord-5.2.3/lib/active_record/reflection.rb:991:in `derive_class_name'
/Library/Ruby/Gems/2.3.0/gems/activerecord-5.2.3/lib/active_record/reflection.rb:162:in `class_name'
/Library/Ruby/Gems/2.3.0/gems/activerecord-5.2.3/lib/active_record/reflection.rb:769:in `klass'
/Library/Ruby/Gems/2.3.0/gems/activerecord-5.2.3/lib/active_record/reflection.rb:790:in `source_reflection'
/Library/Ruby/Gems/2.3.0/gems/activerecord-5.2.3/lib/active_record/reflection.rb:991:in `derive_class_name'
/Library/Ruby/Gems/2.3.0/gems/activerecord-5.2.3/lib/active_record/reflection.rb:162:in `class_name'
/Library/Ruby/Gems/2.3.0/gems/activerecord-5.2.3/lib/active_record/reflection.rb:769:in `klass'
/Library/Ruby/Gems/2.3.0/gems/activerecord-5.2.3/lib/active_record/reflection.rb:790:in `source_reflection'
/Library/Ruby/Gems/2.3.0/gems/activerecord-5.2.3/lib/active_record/reflection.rb:991:in `derive_class_name'
/Library/Ruby/Gems/2.3.0/gems/activerecord-5.2.3/lib/active_record/reflection.rb:162:in `class_name'
/Library/Ruby/Gems/2.3.0/gems/activerecord-5.2.3/lib/active_record/reflection.rb:769:in `klass'
/Library/Ruby/Gems/2.3.0/gems/activerecord-5.2.3/lib/active_record/reflection.rb:790:in `source_reflection'
/Library/Ruby/Gems/2.3.0/gems/activerecord-5.2.3/lib/active_record/reflection.rb:991:in `derive_class_name'
/Library/Ruby/Gems/2.3.0/gems/activerecord-5.2.3/lib/active_record/reflection.rb:162:in `class_name'
/Library/Ruby/Gems/2.3.0/gems/activerecord-5.2.3/lib/active_record/reflection.rb:769:in `klass'
/Library/Ruby/Gems/2.3.0/gems/activerecord-5.2.3/lib/active_record/reflection.rb:790:in `source_reflection'
/Library/Ruby/Gems/2.3.0/gems/activerecord-5.2.3/lib/active_record/reflection.rb:991:in `derive_class_name'
/Library/Ruby/Gems/2.3.0/gems/activerecord-5.2.3/lib/active_record/reflection.rb:162:in `class_name'
/Library/Ruby/Gems/2.3.0/gems/activerecord-5.2.3/lib/active_record/reflection.rb:769:in `klass'
/Library/Ruby/Gems/2.3.0/gems/activerecord-5.2.3/lib/active_record/reflection.rb:790:in `source_reflection'
/Library/Ruby/Gems/2.3.0/gems/activerecord-5.2.3/lib/active_record/reflection.rb:991:in `derive_class_name'
/Library/Ruby/Gems/2.3.0/gems/activerecord-5.2.3/lib/active_record/reflection.rb:162:in `class_name'
/Library/Ruby/Gems/2.3.0/gems/activerecord-5.2.3/lib/active_record/reflection.rb:769:in `klass'
/Library/Ruby/Gems/2.3.0/gems/activerecord-5.2.3/lib/active_record/reflection.rb:790:in `source_reflection'
/Library/Ruby/Gems/2.3.0/gems/activerecord-5.2.3/lib/active_record/reflection.rb:991:in `derive_class_name'
/Library/Ruby/Gems/2.3.0/gems/activerecord-5.2.3/lib/active_record/reflection.rb:162:in `class_name'
/Library/Ruby/Gems/2.3.0/gems/activerecord-5.2.3/lib/active_record/reflection.rb:769:in `klass'
/Library/Ruby/Gems/2.3.0/gems/activerecord-5.2.3/lib/active_record/reflection.rb:790:in `source_reflection'
/Library/Ruby/Gems/2.3.0/gems/activerecord-5.2.3/lib/active_record/reflection.rb:991:in `derive_class_name'
/Library/Ruby/Gems/2.3.0/gems/activerecord-5.2.3/lib/active_record/reflection.rb:162:in `class_name'
/Library/Ruby/Gems/2.3.0/gems/activerecord-5.2.3/lib/active_record/reflection.rb:769:in `klass'
/Library/Ruby/Gems/2.3.0/gems/activerecord-5.2.3/lib/active_record/reflection.rb:790:in `source_reflection'
/Library/Ruby/Gems/2.3.0/gems/activerecord-5.2.3/lib/active_record/reflection.rb:991:in `derive_class_name'
/Library/Ruby/Gems/2.3.0/gems/activerecord-5.2.3/lib/active_record/reflection.rb:162:in `class_name'
/Library/Ruby/Gems/2.3.0/gems/activerecord-5.2.3/lib/active_record/reflection.rb:769:in `klass'
/Library/Ruby/Gems/2.3.0/gems/activerecord-5.2.3/lib/active_record/reflection.rb:790:in `source_reflection'
/Library/Ruby/Gems/2.3.0/gems/activerecord-5.2.3/lib/active_record/reflection.rb:991:in `derive_class_name'
/Library/Ruby/Gems/2.3.0/gems/activerecord-5.2.3/lib/active_record/reflection.rb:162:in `class_name'
/Library/Ruby/Gems/2.3.0/gems/activerecord-5.2.3/lib/active_record/reflection.rb:769:in `klass'
/Library/Ruby/Gems/2.3.0/gems/activerecord-5.2.3/lib/active_record/reflection.rb:790:in `source_reflection'
/Library/Ruby/Gems/2.3.0/gems/activerecord-5.2.3/lib/active_record/reflection.rb:991:in `derive_class_name'
/Library/Ruby/Gems/2.3.0/gems/activerecord-5.2.3/lib/active_record/reflection.rb:162:in `class_name'
/Library/Ruby/Gems/2.3.0/gems/activerecord-5.2.3/lib/active_record/reflection.rb:769:in `klass'
/Library/Ruby/Gems/2.3.0/gems/activerecord-5.2.3/lib/active_record/reflection.rb:790:in `source_reflection'
/Library/Ruby/Gems/2.3.0/gems/activerecord-5.2.3/lib/active_record/reflection.rb:991:in `derive_class_name'
/Library/Ruby/Gems/2.3.0/gems/activerecord-5.2.3/lib/active_record/reflection.rb:162:in `class_name'
/Library/Ruby/Gems/2.3.0/gems/activerecord-5.2.3/lib/active_record/reflection.rb:769:in `klass'
/Library/Ruby/Gems/2.3.0/gems/activerecord-5.2.3/lib/active_record/reflection.rb:790:in `source_reflection'
/Library/Ruby/Gems/2.3.0/gems/activerecord-5.2.3/lib/active_record/reflection.rb:991:in `derive_class_name'
/Library/Ruby/Gems/2.3.0/gems/activerecord-5.2.3/lib/active_record/reflection.rb:162:in `class_name'
/Library/Ruby/Gems/2.3.0/gems/activerecord-5.2.3/lib/active_record/reflection.rb:769:in `klass'
/Library/Ruby/Gems/2.3.0/gems/activerecord-5.2.3/lib/active_record/reflection.rb:790:in `source_reflection'
/Library/Ruby/Gems/2.3.0/gems/activerecord-5.2.3/lib/active_record/reflection.rb:991:in `derive_class_name'
/Library/Ruby/Gems/2.3.0/gems/activerecord-5.2.3/lib/active_record/reflection.rb:162:in `class_name'
/Library/Ruby/Gems/2.3.0/gems/activerecord-5.2.3/lib/active_record/reflection.rb:769:in `klass'
/Library/Ruby/Gems/2.3.0/gems/activerecord-5.2.3/lib/active_record/reflection.rb:790:in `source_reflection'
/Library/Ruby/Gems/2.3.0/gems/activerecord-5.2.3/lib/active_record/reflection.rb:991:in `derive_class_name'
/Library/Ruby/Gems/2.3.0/gems/activerecord-5.2.3/lib/active_record/reflection.rb:162:in `class_name'
/Library/Ruby/Gems/2.3.0/gems/activerecord-5.2.3/lib/active_record/reflection.rb:769:in `klass'
/Library/Ruby/Gems/2.3.0/gems/activerecord-5.2.3/lib/active_record/reflection.rb:790:in `source_reflection'
/Library/Ruby/Gems/2.3.0/gems/activerecord-5.2.3/lib/active_record/reflection.rb:991:in `derive_class_name'
/Library/Ruby/Gems/2.3.0/gems/activerecord-5.2.3/lib/active_record/reflection.rb:162:in `class_name'
/Library/Ruby/Gems/2.3.0/gems/activerecord-5.2.3/lib/active_record/reflection.rb:769:in `klass'
/Library/Ruby/Gems/2.3.0/gems/activerecord-5.2.3/lib/active_record/reflection.rb:790:in `source_reflection'
/Library/Ruby/Gems/2.3.0/gems/activerecord-5.2.3/lib/active_record/reflection.rb:991:in `derive_class_name'
/Library/Ruby/Gems/2.3.0/gems/activerecord-5.2.3/lib/active_record/reflection.rb:162:in `class_name'
/Library/Ruby/Gems/2.3.0/gems/activerecord-5.2.3/lib/active_record/reflection.rb:769:in `klass'
/Library/Ruby/Gems/2.3.0/gems/activerecord-5.2.3/lib/active_record/reflection.rb:790:in `source_reflection'
/Library/Ruby/Gems/2.3.0/gems/activerecord-5.2.3/lib/active_record/reflection.rb:991:in `derive_class_name'
/Library/Ruby/Gems/2.3.0/gems/activerecord-5.2.3/lib/active_record/reflection.rb:162:in `class_name'
/Library/Ruby/Gems/2.3.0/gems/activerecord-5.2.3/lib/active_record/reflection.rb:769:in `klass'
/Library/Ruby/Gems/2.3.0/gems/activerecord-5.2.3/lib/active_record/reflection.rb:790:in `source_reflection'
/Library/Ruby/Gems/2.3.0/gems/activerecord-5.2.3/lib/active_record/reflection.rb:991:in `derive_class_name'
/Library/Ruby/Gems/2.3.0/gems/activerecord-5.2.3/lib/active_record/reflection.rb:162:in `class_name'
/Library/Ruby/Gems/2.3.0/gems/activerecord-5.2.3/lib/active_record/reflection.rb:769:in `klass'
/Library/Ruby/Gems/2.3.0/gems/activerecord-5.2.3/lib/active_record/reflection.rb:790:in `source_reflection'
/Library/Ruby/Gems/2.3.0/gems/activerecord-5.2.3/lib/active_record/reflection.rb:991:in `derive_class_name'
/Library/Ruby/Gems/2.3.0/gems/activerecord-5.2.3/lib/active_record/reflection.rb:162:in `class_name'
/Library/Ruby/Gems/2.3.0/gems/activerecord-5.2.3/lib/active_record/reflection.rb:769:in `klass'
/Library/Ruby/Gems/2.3.0/gems/activerecord-5.2.3/lib/active_record/reflection.rb:790:in `source_reflection'
/Library/Ruby/Gems/2.3.0/gems/activerecord-5.2.3/lib/active_record/reflection.rb:991:in `derive_class_name'
/Library/Ruby/Gems/2.3.0/gems/activerecord-5.2.3/lib/active_record/reflection.rb:162:in `class_name'
/Library/Ruby/Gems/2.3.0/gems/activerecord-5.2.3/lib/active_record/reflection.rb:769:in `klass'
/Library/Ruby/Gems/2.3.0/gems/activerecord-5.2.3/lib/active_record/reflection.rb:790:in `source_reflection'
/Library/Ruby/Gems/2.3.0/gems/activerecord-5.2.3/lib/active_record/reflection.rb:991:in `derive_class_name'
/Library/Ruby/Gems/2.3.0/gems/activerecord-5.2.3/lib/active_record/reflection.rb:162:in `class_name'
/Library/Ruby/Gems/2.3.0/gems/activerecord-5.2.3/lib/active_record/reflection.rb:769:in `klass'
/Library/Ruby/Gems/2.3.0/gems/activerecord-5.2.3/lib/active_record/reflection.rb:790:in `source_reflection'
/Library/Ruby/Gems/2.3.0/gems/activerecord-5.2.3/lib/active_record/reflection.rb:991:in `derive_class_name'
/Library/Ruby/Gems/2.3.0/gems/activerecord-5.2.3/lib/active_record/reflection.rb:162:in `class_name'
/Library/Ruby/Gems/2.3.0/gems/activerecord-5.2.3/lib/active_record/reflection.rb:769:in `klass'
/Library/Ruby/Gems/2.3.0/gems/activerecord-5.2.3/lib/active_record/reflection.rb:790:in `source_reflection'
/Library/Ruby/Gems/2.3.0/gems/activerecord-5.2.3/lib/active_record/reflection.rb:991:in `derive_class_name'
/Library/Ruby/Gems/2.3.0/gems/activerecord-5.2.3/lib/active_record/reflection.rb:162:in `class_name'
/Library/Ruby/Gems/2.3.0/gems/activerecord-5.2.3/lib/active_record/reflection.rb:769:in `klass'
/Library/Ruby/Gems/2.3.0/gems/activerecord-5.2.3/lib/active_record/reflection.rb:790:in `source_reflection'
/Library/Ruby/Gems/2.3.0/gems/activerecord-5.2.3/lib/active_record/reflection.rb:991:in `derive_class_name'
/Library/Ruby/Gems/2.3.0/gems/activerecord-5.2.3/lib/active_record/reflection.rb:162:in `class_name'
/Library/Ruby/Gems/2.3.0/gems/activerecord-5.2.3/lib/active_record/reflection.rb:769:in `klass'
/Library/Ruby/Gems/2.3.0/gems/activerecord-5.2.3/lib/active_record/reflection.rb:790:in `source_reflection'
/Library/Ruby/Gems/2.3.0/gems/activerecord-5.2.3/lib/active_record/reflection.rb:991:in `derive_class_name'
/Library/Ruby/Gems/2.3.0/gems/activerecord-5.2.3/lib/active_record/reflection.rb:162:in `class_name'
/Library/Ruby/Gems/2.3.0/gems/activerecord-5.2.3/lib/active_record/reflection.rb:769:in `klass'
/Library/Ruby/Gems/2.3.0/gems/activerecord-5.2.3/lib/active_record/reflection.rb:790:in `source_reflection'
/Library/Ruby/Gems/2.3.0/gems/activerecord-5.2.3/lib/active_record/reflection.rb:991:in `derive_class_name'
/Library/Ruby/Gems/2.3.0/gems/activerecord-5.2.3/lib/active_record/reflection.rb:162:in `class_name'
/Library/Ruby/Gems/2.3.0/gems/activerecord-5.2.3/lib/active_record/reflection.rb:769:in `klass'
/Library/Ruby/Gems/2.3.0/gems/activerecord-5.2.3/lib/active_record/reflection.rb:790:in `source_reflection'
/Library/Ruby/Gems/2.3.0/gems/activerecord-5.2.3/lib/active_record/reflection.rb:991:in `derive_class_name'
/Library/Ruby/Gems/2.3.0/gems/activerecord-5.2.3/lib/active_record/reflection.rb:162:in `class_name'
/Library/Ruby/Gems/2.3.0/gems/activerecord-5.2.3/lib/active_record/reflection.rb:769:in `klass'
/Library/Ruby/Gems/2.3.0/gems/activerecord-5.2.3/lib/active_record/reflection.rb:790:in `source_reflection'
/Library/Ruby/Gems/2.3.0/gems/activerecord-5.2.3/lib/active_record/reflection.rb:991:in `derive_class_name'
/Library/Ruby/Gems/2.3.0/gems/activerecord-5.2.3/lib/active_record/reflection.rb:162:in `class_name'
/Library/Ruby/Gems/2.3.0/gems/activerecord-5.2.3/lib/active_record/reflection.rb:769:in `klass'
/Library/Ruby/Gems/2.3.0/gems/activerecord-5.2.3/lib/active_record/reflection.rb:790:in `source_reflection'
/Library/Ruby/Gems/2.3.0/gems/activerecord-5.2.3/lib/active_record/reflection.rb:991:in `derive_class_name'
/Library/Ruby/Gems/2.3.0/gems/activerecord-5.2.3/lib/active_record/reflection.rb:162:in `class_name'
/Library/Ruby/Gems/2.3.0/gems/activerecord-5.2.3/lib/active_record/reflection.rb:769:in `klass'
/Library/Ruby/Gems/2.3.0/gems/activerecord-5.2.3/lib/active_record/reflection.rb:790:in `source_reflection'
/Library/Ruby/Gems/2.3.0/gems/activerecord-5.2.3/lib/active_record/reflection.rb:991:in `derive_class_name'
/Library/Ruby/Gems/2.3.0/gems/activerecord-5.2.3/lib/active_record/reflection.rb:162:in `class_name'
/Library/Ruby/Gems/2.3.0/gems/activerecord-5.2.3/lib/active_record/reflection.rb:769:in `klass'
/Library/Ruby/Gems/2.3.0/gems/activerecord-5.2.3/lib/active_record/reflection.rb:790:in `source_reflection'
/Library/Ruby/Gems/2.3.0/gems/activerecord-5.2.3/lib/active_record/reflection.rb:991:in `derive_class_name'
/Library/Ruby/Gems/2.3.0/gems/activerecord-5.2.3/lib/active_record/reflection.rb:162:in `class_name'
/Library/Ruby/Gems/2.3.0/gems/activerecord-5.2.3/lib/active_record/reflection.rb:769:in `klass'
/Library/Ruby/Gems/2.3.0/gems/activerecord-5.2.3/lib/active_record/reflection.rb:790:in `source_reflection'
/Library/Ruby/Gems/2.3.0/gems/activerecord-5.2.3/lib/active_record/reflection.rb:991:in `derive_class_name'
/Library/Ruby/Gems/2.3.0/gems/activerecord-5.2.3/lib/active_record/reflection.rb:162:in `class_name'
/Library/Ruby/Gems/2.3.0/gems/activerecord-5.2.3/lib/active_record/reflection.rb:769:in `klass'
/Library/Ruby/Gems/2.3.0/gems/activerecord-5.2.3/lib/active_record/reflection.rb:790:in `source_reflection'
/Library/Ruby/Gems/2.3.0/gems/activerecord-5.2.3/lib/active_record/reflection.rb:991:in `derive_class_name'
/Library/Ruby/Gems/2.3.0/gems/activerecord-5.2.3/lib/active_record/reflection.rb:162:in `class_name'
/Library/Ruby/Gems/2.3.0/gems/activerecord-5.2.3/lib/active_record/reflection.rb:769:in `klass'
/Library/Ruby/Gems/2.3.0/gems/activerecord-5.2.3/lib/active_record/reflection.rb:790:in `source_reflection'
/Library/Ruby/Gems/2.3.0/gems/activerecord-5.2.3/lib/active_record/reflection.rb:991:in `derive_class_name'
/Library/Ruby/Gems/2.3.0/gems/activerecord-5.2.3/lib/active_record/reflection.rb:162:in `class_name'
/Library/Ruby/Gems/2.3.0/gems/activerecord-5.2.3/lib/active_record/reflection.rb:769:in `klass'
/Library/Ruby/Gems/2.3.0/gems/activerecord-5.2.3/lib/active_record/reflection.rb:790:in `source_reflection'
/Library/Ruby/Gems/2.3.0/gems/activerecord-5.2.3/lib/active_record/reflection.rb:991:in `derive_class_name'
/Library/Ruby/Gems/2.3.0/gems/activerecord-5.2.3/lib/active_record/reflection.rb:162:in `class_name'
/Library/Ruby/Gems/2.3.0/gems/activerecord-5.2.3/lib/active_record/reflection.rb:769:in `klass'
/Library/Ruby/Gems/2.3.0/gems/activerecord-5.2.3/lib/active_record/reflection.rb:790:in `source_reflection'
/Library/Ruby/Gems/2.3.0/gems/activerecord-5.2.3/lib/active_record/reflection.rb:991:in `derive_class_name'
/Library/Ruby/Gems/2.3.0/gems/activerecord-5.2.3/lib/active_record/reflection.rb:162:in `class_name'
/Library/Ruby/Gems/2.3.0/gems/activerecord-5.2.3/lib/active_record/reflection.rb:769:in `klass'
/Library/Ruby/Gems/2.3.0/gems/activerecord-5.2.3/lib/active_record/reflection.rb:790:in `source_reflection'
/Library/Ruby/Gems/2.3.0/gems/activerecord-5.2.3/lib/active_record/reflection.rb:991:in `derive_class_name'
/Library/Ruby/Gems/2.3.0/gems/activerecord-5.2.3/lib/active_record/reflection.rb:162:in `class_name'
/Library/Ruby/Gems/2.3.0/gems/activerecord-5.2.3/lib/active_record/reflection.rb:769:in `klass'
/Library/Ruby/Gems/2.3.0/gems/activerecord-5.2.3/lib/active_record/reflection.rb:790:in `source_reflection'
/Library/Ruby/Gems/2.3.0/gems/activerecord-5.2.3/lib/active_record/reflection.rb:991:in `derive_class_name'
/Library/Ruby/Gems/2.3.0/gems/activerecord-5.2.3/lib/active_record/reflection.rb:162:in `class_name'
/Library/Ruby/Gems/2.3.0/gems/activerecord-5.2.3/lib/active_record/reflection.rb:769:in `klass'
/Library/Ruby/Gems/2.3.0/gems/activerecord-5.2.3/lib/active_record/reflection.rb:790:in `source_reflection'
/Library/Ruby/Gems/2.3.0/gems/activerecord-5.2.3/lib/active_record/reflection.rb:991:in `derive_class_name'
/Library/Ruby/Gems/2.3.0/gems/activerecord-5.2.3/lib/active_record/reflection.rb:162:in `class_name'
/Library/Ruby/Gems/2.3.0/gems/activerecord-5.2.3/lib/active_record/reflection.rb:769:in `klass'
/Library/Ruby/Gems/2.3.0/gems/activerecord-5.2.3/lib/active_record/reflection.rb:790:in `source_reflection'
/Library/Ruby/Gems/2.3.0/gems/activerecord-5.2.3/lib/active_record/reflection.rb:991:in `derive_class_name'
/Library/Ruby/Gems/2.3.0/gems/activerecord-5.2.3/lib/active_record/reflection.rb:162:in `class_name'
/Library/Ruby/Gems/2.3.0/gems/activerecord-5.2.3/lib/active_record/reflection.rb:769:in `klass'
/Library/Ruby/Gems/2.3.0/gems/activerecord-5.2.3/lib/active_record/reflection.rb:790:in `source_reflection'
/Library/Ruby/Gems/2.3.0/gems/activerecord-5.2.3/lib/active_record/reflection.rb:991:in `derive_class_name'
/Library/Ruby/Gems/2.3.0/gems/activerecord-5.2.3/lib/active_record/reflection.rb:162:in `class_name'
/Library/Ruby/Gems/2.3.0/gems/activerecord-5.2.3/lib/active_record/reflection.rb:769:in `klass'
/Library/Ruby/Gems/2.3.0/gems/activerecord-5.2.3/lib/active_record/reflection.rb:790:in `source_reflection'
/Library/Ruby/Gems/2.3.0/gems/activerecord-5.2.3/lib/active_record/reflection.rb:991:in `derive_class_name'
/Library/Ruby/Gems/2.3.0/gems/activerecord-5.2.3/lib/active_record/reflection.rb:162:in `class_name'
/Library/Ruby/Gems/2.3.0/gems/activerecord-5.2.3/lib/active_record/reflection.rb:769:in `klass'
/Library/Ruby/Gems/2.3.0/gems/activerecord-5.2.3/lib/active_record/reflection.rb:790:in `source_reflection'
/Library/Ruby/Gems/2.3.0/gems/activerecord-5.2.3/lib/active_record/reflection.rb:991:in `derive_class_name'
/Library/Ruby/Gems/2.3.0/gems/activerecord-5.2.3/lib/active_record/reflection.rb:162:in `class_name'
/Library/Ruby/Gems/2.3.0/gems/activerecord-5.2.3/lib/active_record/reflection.rb:769:in `klass'
/Library/Ruby/Gems/2.3.0/gems/activerecord-5.2.3/lib/active_record/reflection.rb:790:in `source_reflection'
/Library/Ruby/Gems/2.3.0/gems/activerecord-5.2.3/lib/active_record/reflection.rb:991:in `derive_class_name'
/Library/Ruby/Gems/2.3.0/gems/activerecord-5.2.3/lib/active_record/reflection.rb:162:in `class_name'
/Library/Ruby/Gems/2.3.0/gems/activerecord-5.2.3/lib/active_record/reflection.rb:769:in `klass'
/Library/Ruby/Gems/2.3.0/gems/activerecord-5.2.3/lib/active_record/reflection.rb:790:in `source_reflection'
/Library/Ruby/Gems/2.3.0/gems/activerecord-5.2.3/lib/active_record/reflection.rb:991:in `derive_class_name'
/Library/Ruby/Gems/2.3.0/gems/activerecord-5.2.3/lib/active_record/reflection.rb:162:in `class_name'
/Library/Ruby/Gems/2.3.0/gems/activerecord-5.2.3/lib/active_record/reflection.rb:769:in `klass'
/Library/Ruby/Gems/2.3.0/gems/activerecord-5.2.3/lib/active_record/reflection.rb:790:in `source_reflection'
/Library/Ruby/Gems/2.3.0/gems/activerecord-5.2.3/lib/active_record/reflection.rb:991:in `derive_class_name'
/Library/Ruby/Gems/2.3.0/gems/activerecord-5.2.3/lib/active_record/reflection.rb:162:in `class_name'
/Library/Ruby/Gems/2.3.0/gems/activerecord-5.2.3/lib/active_record/reflection.rb:769:in `klass'
/Library/Ruby/Gems/2.3.0/gems/activerecord-5.2.3/lib/active_record/reflection.rb:790:in `source_reflection'
/Library/Ruby/Gems/2.3.0/gems/activerecord-5.2.3/lib/active_record/reflection.rb:991:in `derive_class_name'
/Library/Ruby/Gems/2.3.0/gems/activerecord-5.2.3/lib/active_record/reflection.rb:162:in `class_name'
/Library/Ruby/Gems/2.3.0/gems/activerecord-5.2.3/lib/active_record/reflection.rb:769:in `klass'
/Library/Ruby/Gems/2.3.0/gems/activerecord-5.2.3/lib/active_record/reflection.rb:790:in `source_reflection'
/Library/Ruby/Gems/2.3.0/gems/activerecord-5.2.3/lib/active_record/reflection.rb:991:in `derive_class_name'
/Library/Ruby/Gems/2.3.0/gems/activerecord-5.2.3/lib/active_record/reflection.rb:162:in `class_name'
/Library/Ruby/Gems/2.3.0/gems/activerecord-5.2.3/lib/active_record/reflection.rb:769:in `klass'
/Library/Ruby/Gems/2.3.0/gems/activerecord-5.2.3/lib/active_record/reflection.rb:790:in `source_reflection'
/Library/Ruby/Gems/2.3.0/gems/activerecord-5.2.3/lib/active_record/reflection.rb:991:in `derive_class_name'
/Library/Ruby/Gems/2.3.0/gems/activerecord-5.2.3/lib/active_record/reflection.rb:162:in `class_name'
/Library/Ruby/Gems/2.3.0/gems/activerecord-5.2.3/lib/active_record/reflection.rb:769:in `klass'
/Library/Ruby/Gems/2.3.0/gems/activerecord-5.2.3/lib/active_record/reflection.rb:790:in `source_reflection'
/Library/Ruby/Gems/2.3.0/gems/activerecord-5.2.3/lib/active_record/reflection.rb:991:in `derive_class_name'
/Library/Ruby/Gems/2.3.0/gems/activerecord-5.2.3/lib/active_record/reflection.rb:162:in `class_name'
/Library/Ruby/Gems/2.3.0/gems/activerecord-5.2.3/lib/active_record/reflection.rb:769:in `klass'
/Library/Ruby/Gems/2.3.0/gems/activerecord-5.2.3/lib/active_record/reflection.rb:790:in `source_reflection'
/Library/Ruby/Gems/2.3.0/gems/activerecord-5.2.3/lib/active_record/reflection.rb:991:in `derive_class_name'
/Library/Ruby/Gems/2.3.0/gems/activerecord-5.2.3/lib/active_record/reflection.rb:162:in `class_name'
/Library/Ruby/Gems/2.3.0/gems/activerecord-5.2.3/lib/active_record/reflection.rb:769:in `klass'
/Library/Ruby/Gems/2.3.0/gems/activerecord-5.2.3/lib/active_record/reflection.rb:790:in `source_reflection'
/Library/Ruby/Gems/2.3.0/gems/activerecord-5.2.3/lib/active_record/reflection.rb:991:in `derive_class_name'
/Library/Ruby/Gems/2.3.0/gems/activerecord-5.2.3/lib/active_record/reflection.rb:162:in `class_name'
/Library/Ruby/Gems/2.3.0/gems/activerecord-5.2.3/lib/active_record/reflection.rb:769:in `klass'
/Library/Ruby/Gems/2.3.0/gems/activerecord-5.2.3/lib/active_record/reflection.rb:790:in `source_reflection'
/Library/Ruby/Gems/2.3.0/gems/activerecord-5.2.3/lib/active_record/reflection.rb:991:in `derive_class_name'
/Library/Ruby/Gems/2.3.0/gems/activerecord-5.2.3/lib/active_record/reflection.rb:162:in `class_name'
/Library/Ruby/Gems/2.3.0/gems/activerecord-5.2.3/lib/active_record/reflection.rb:769:in `klass'
/Library/Ruby/Gems/2.3.0/gems/activerecord-5.2.3/lib/active_record/reflection.rb:790:in `source_reflection'
/Library/Ruby/Gems/2.3.0/gems/activerecord-5.2.3/lib/active_record/reflection.rb:991:in `derive_class_name'
/Library/Ruby/Gems/2.3.0/gems/activerecord-5.2.3/lib/active_record/reflection.rb:162:in `class_name'
/Library/Ruby/Gems/2.3.0/gems/activerecord-5.2.3/lib/active_record/reflection.rb:769:in `klass'
/Library/Ruby/Gems/2.3.0/gems/activerecord-5.2.3/lib/active_record/reflection.rb:790:in `source_reflection'
/Library/Ruby/Gems/2.3.0/gems/activerecord-5.2.3/lib/active_record/reflection.rb:991:in `derive_class_name'
/Library/Ruby/Gems/2.3.0/gems/activerecord-5.2.3/lib/active_record/reflection.rb:162:in `class_name'
/Library/Ruby/Gems/2.3.0/gems/activerecord-5.2.3/lib/active_record/reflection.rb:769:in `klass'
/Library/Ruby/Gems/2.3.0/gems/activerecord-5.2.3/lib/active_record/reflection.rb:790:in `source_reflection'
/Library/Ruby/Gems/2.3.0/gems/activerecord-5.2.3/lib/active_record/reflection.rb:991:in `derive_class_name'
/Library/Ruby/Gems/2.3.0/gems/activerecord-5.2.3/lib/active_record/reflection.rb:162:in `class_name'
/Library/Ruby/Gems/2.3.0/gems/activerecord-5.2.3/lib/active_record/reflection.rb:769:in `klass'
/Library/Ruby/Gems/2.3.0/gems/activerecord-5.2.3/lib/active_record/reflection.rb:790:in `source_reflection'
/Library/Ruby/Gems/2.3.0/gems/activerecord-5.2.3/lib/active_record/reflection.rb:991:in `derive_class_name'
/Library/Ruby/Gems/2.3.0/gems/activerecord-5.2.3/lib/active_record/reflection.rb:162:in `class_name'
/Library/Ruby/Gems/2.3.0/gems/activerecord-5.2.3/lib/active_record/reflection.rb:769:in `klass'
/Library/Ruby/Gems/2.3.0/gems/activerecord-5.2.3/lib/active_record/reflection.rb:790:in `source_reflection'
/Library/Ruby/Gems/2.3.0/gems/activerecord-5.2.3/lib/active_record/reflection.rb:991:in `derive_class_name'
/Library/Ruby/Gems/2.3.0/gems/activerecord-5.2.3/lib/active_record/reflection.rb:162:in `class_name'
/Library/Ruby/Gems/2.3.0/gems/activerecord-5.2.3/lib/active_record/reflection.rb:769:in `klass'
/Library/Ruby/Gems/2.3.0/gems/activerecord-5.2.3/lib/active_record/reflection.rb:790:in `source_reflection'
/Library/Ruby/Gems/2.3.0/gems/activerecord-5.2.3/lib/active_record/reflection.rb:991:in `derive_class_name'
/Library/Ruby/Gems/2.3.0/gems/activerecord-5.2.3/lib/active_record/reflection.rb:162:in `class_name'
/Library/Ruby/Gems/2.3.0/gems/activerecord-5.2.3/lib/active_record/reflection.rb:769:in `klass'
/Library/Ruby/Gems/2.3.0/gems/activerecord-5.2.3/lib/active_record/reflection.rb:790:in `source_reflection'
/Library/Ruby/Gems/2.3.0/gems/activerecord-5.2.3/lib/active_record/reflection.rb:991:in `derive_class_name'
/Library/Ruby/Gems/2.3.0/gems/activerecord-5.2.3/lib/active_record/reflection.rb:162:in `class_name'
/Library/Ruby/Gems/2.3.0/gems/activerecord-5.2.3/lib/active_record/reflection.rb:769:in `klass'
/Library/Ruby/Gems/2.3.0/gems/activerecord-5.2.3/lib/active_record/reflection.rb:790:in `source_reflection'
/Library/Ruby/Gems/2.3.0/gems/activerecord-5.2.3/lib/active_record/reflection.rb:991:in `derive_class_name'
/Library/Ruby/Gems/2.3.0/gems/activerecord-5.2.3/lib/active_record/reflection.rb:162:in `class_name'
/Library/Ruby/Gems/2.3.0/gems/activerecord-5.2.3/lib/active_record/reflection.rb:769:in `klass'
/Library/Ruby/Gems/2.3.0/gems/activerecord-5.2.3/lib/active_record/reflection.rb:790:in `source_reflection'
/Library/Ruby/Gems/2.3.0/gems/activerecord-5.2.3/lib/active_record/reflection.rb:991:in `derive_class_name'
/Library/Ruby/Gems/2.3.0/gems/activerecord-5.2.3/lib/active_record/reflection.rb:162:in `class_name'
/Library/Ruby/Gems/2.3.0/gems/activerecord-5.2.3/lib/active_record/reflection.rb:769:in `klass'
/Library/Ruby/Gems/2.3.0/gems/activerecord-5.2.3/lib/active_record/reflection.rb:790:in `source_reflection'
/Library/Ruby/Gems/2.3.0/gems/activerecord-5.2.3/lib/active_record/reflection.rb:991:in `derive_class_name'
/Library/Ruby/Gems/2.3.0/gems/activerecord-5.2.3/lib/active_record/reflection.rb:162:in `class_name'
/Library/Ruby/Gems/2.3.0/gems/activerecord-5.2.3/lib/active_record/reflection.rb:769:in `klass'
/Library/Ruby/Gems/2.3.0/gems/activerecord-5.2.3/lib/active_record/reflection.rb:790:in `source_reflection'
/Library/Ruby/Gems/2.3.0/gems/activerecord-5.2.3/lib/active_record/reflection.rb:991:in `derive_class_name'
/Library/Ruby/Gems/2.3.0/gems/activerecord-5.2.3/lib/active_record/reflection.rb:162:in `class_name'
/Library/Ruby/Gems/2.3.0/gems/activerecord-5.2.3/lib/active_record/reflection.rb:769:in `klass'
/Library/Ruby/Gems/2.3.0/gems/activerecord-5.2.3/lib/active_record/reflection.rb:790:in `source_reflection'
/Library/Ruby/Gems/2.3.0/gems/activerecord-5.2.3/lib/active_record/reflection.rb:991:in `derive_class_name'
/Library/Ruby/Gems/2.3.0/gems/activerecord-5.2.3/lib/active_record/reflection.rb:162:in `class_name'
/Library/Ruby/Gems/2.3.0/gems/activerecord-5.2.3/lib/active_record/reflection.rb:769:in `klass'
/Library/Ruby/Gems/2.3.0/gems/activerecord-5.2.3/lib/active_record/reflection.rb:790:in `source_reflection'
/Library/Ruby/Gems/2.3.0/gems/activerecord-5.2.3/lib/active_record/reflection.rb:991:in `derive_class_name'
/Library/Ruby/Gems/2.3.0/gems/activerecord-5.2.3/lib/active_record/reflection.rb:162:in `class_name'
/Library/Ruby/Gems/2.3.0/gems/activerecord-5.2.3/lib/active_record/reflection.rb:769:in `klass'
/Library/Ruby/Gems/2.3.0/gems/activerecord-5.2.3/lib/active_record/reflection.rb:790:in `source_reflection'
/Library/Ruby/Gems/2.3.0/gems/activerecord-5.2.3/lib/active_record/reflection.rb:991:in `derive_class_name'
/Library/Ruby/Gems/2.3.0/gems/activerecord-5.2.3/lib/active_record/reflection.rb:162:in `class_name'
/Library/Ruby/Gems/2.3.0/gems/activerecord-5.2.3/lib/active_record/reflection.rb:769:in `klass'
/Library/Ruby/Gems/2.3.0/gems/activerecord-5.2.3/lib/active_record/reflection.rb:790:in `source_reflection'
/Library/Ruby/Gems/2.3.0/gems/activerecord-5.2.3/lib/active_record/reflection.rb:991:in `derive_class_name'
/Library/Ruby/Gems/2.3.0/gems/activerecord-5.2.3/lib/active_record/reflection.rb:162:in `class_name'
/Library/Ruby/Gems/2.3.0/gems/activerecord-5.2.3/lib/active_record/reflection.rb:769:in `klass'
/Library/Ruby/Gems/2.3.0/gems/activerecord-5.2.3/lib/active_record/reflection.rb:790:in `source_reflection'
/Library/Ruby/Gems/2.3.0/gems/activerecord-5.2.3/lib/active_record/reflection.rb:991:in `derive_class_name'
/Library/Ruby/Gems/2.3.0/gems/activerecord-5.2.3/lib/active_record/reflection.rb:162:in `class_name'
/Library/Ruby/Gems/2.3.0/gems/activerecord-5.2.3/lib/active_record/reflection.rb:769:in `klass'
/Library/Ruby/Gems/2.3.0/gems/activerecord-5.2.3/lib/active_record/reflection.rb:790:in `source_reflection'
/Library/Ruby/Gems/2.3.0/gems/activerecord-5.2.3/lib/active_record/reflection.rb:991:in `derive_class_name'
/Library/Ruby/Gems/2.3.0/gems/activerecord-5.2.3/lib/active_record/reflection.rb:162:in `class_name'
/Library/Ruby/Gems/2.3.0/gems/activerecord-5.2.3/lib/active_record/reflection.rb:769:in `klass'
/Library/Ruby/Gems/2.3.0/gems/activerecord-5.2.3/lib/active_record/reflection.rb:790:in `source_reflection'
/Library/Ruby/Gems/2.3.0/gems/activerecord-5.2.3/lib/active_record/reflection.rb:991:in `derive_class_name'
/Library/Ruby/Gems/2.3.0/gems/activerecord-5.2.3/lib/active_record/reflection.rb:162:in `class_name'
/Library/Ruby/Gems/2.3.0/gems/activerecord-5.2.3/lib/active_record/reflection.rb:769:in `klass'
/Library/Ruby/Gems/2.3.0/gems/activerecord-5.2.3/lib/active_record/reflection.rb:790:in `source_reflection'
/Library/Ruby/Gems/2.3.0/gems/activerecord-5.2.3/lib/active_record/reflection.rb:991:in `derive_class_name'
/Library/Ruby/Gems/2.3.0/gems/activerecord-5.2.3/lib/active_record/reflection.rb:162:in `class_name'
/Library/Ruby/Gems/2.3.0/gems/activerecord-5.2.3/lib/active_record/reflection.rb:769:in `klass'
/Library/Ruby/Gems/2.3.0/gems/activerecord-5.2.3/lib/active_record/reflection.rb:790:in `source_reflection'
/Library/Ruby/Gems/2.3.0/gems/activerecord-5.2.3/lib/active_record/reflection.rb:991:in `derive_class_name'
/Library/Ruby/Gems/2.3.0/gems/activerecord-5.2.3/lib/active_record/reflection.rb:162:in `class_name'
/Library/Ruby/Gems/2.3.0/gems/activerecord-5.2.3/lib/active_record/reflection.rb:769:in `klass'
/Library/Ruby/Gems/2.3.0/gems/activerecord-5.2.3/lib/active_record/reflection.rb:790:in `source_reflection'
/Library/Ruby/Gems/2.3.0/gems/activerecord-5.2.3/lib/active_record/reflection.rb:991:in `derive_class_name'
/Library/Ruby/Gems/2.3.0/gems/activerecord-5.2.3/lib/active_record/reflection.rb:162:in `class_name'
/Library/Ruby/Gems/2.3.0/gems/activerecord-5.2.3/lib/active_record/reflection.rb:769:in `klass'
/Library/Ruby/Gems/2.3.0/gems/activerecord-5.2.3/lib/active_record/reflection.rb:790:in `source_reflection'
/Library/Ruby/Gems/2.3.0/gems/activerecord-5.2.3/lib/active_record/reflection.rb:991:in `derive_class_name'
/Library/Ruby/Gems/2.3.0/gems/activerecord-5.2.3/lib/active_record/reflection.rb:162:in `class_name'
/Library/Ruby/Gems/2.3.0/gems/activerecord-5.2.3/lib/active_record/reflection.rb:769:in `klass'
/Library/Ruby/Gems/2.3.0/gems/activerecord-5.2.3/lib/active_record/reflection.rb:790:in `source_reflection'
/Library/Ruby/Gems/2.3.0/gems/activerecord-5.2.3/lib/active_record/reflection.rb:991:in `derive_class_name'
/Library/Ruby/Gems/2.3.0/gems/activerecord-5.2.3/lib/active_record/reflection.rb:162:in `class_name'
/Library/Ruby/Gems/2.3.0/gems/activerecord-5.2.3/lib/active_record/reflection.rb:769:in `klass'
/Library/Ruby/Gems/2.3.0/gems/activerecord-5.2.3/lib/active_record/reflection.rb:790:in `source_reflection'
/Library/Ruby/Gems/2.3.0/gems/activerecord-5.2.3/lib/active_record/reflection.rb:991:in `derive_class_name'
/Library/Ruby/Gems/2.3.0/gems/activerecord-5.2.3/lib/active_record/reflection.rb:162:in `class_name'
/Library/Ruby/Gems/2.3.0/gems/activerecord-5.2.3/lib/active_record/reflection.rb:769:in `klass'
/Library/Ruby/Gems/2.3.0/gems/activerecord-5.2.3/lib/active_record/reflection.rb:790:in `source_reflection'
/Library/Ruby/Gems/2.3.0/gems/activerecord-5.2.3/lib/active_record/reflection.rb:991:in `derive_class_name'
/Library/Ruby/Gems/2.3.0/gems/activerecord-5.2.3/lib/active_record/reflection.rb:162:in `class_name'
/Library/Ruby/Gems/2.3.0/gems/activerecord-5.2.3/lib/active_record/reflection.rb:769:in `klass'
/Library/Ruby/Gems/2.3.0/gems/activerecord-5.2.3/lib/active_record/reflection.rb:790:in `source_reflection'
/Library/Ruby/Gems/2.3.0/gems/activerecord-5.2.3/lib/active_record/reflection.rb:991:in `derive_class_name'
/Library/Ruby/Gems/2.3.0/gems/activerecord-5.2.3/lib/active_record/reflection.rb:162:in `class_name'
/Library/Ruby/Gems/2.3.0/gems/activerecord-5.2.3/lib/active_record/reflection.rb:769:in `klass'
/Library/Ruby/Gems/2.3.0/gems/activerecord-5.2.3/lib/active_record/reflection.rb:790:in `source_reflection'
/Library/Ruby/Gems/2.3.0/gems/activerecord-5.2.3/lib/active_record/reflection.rb:991:in `derive_class_name'
/Library/Ruby/Gems/2.3.0/gems/activerecord-5.2.3/lib/active_record/reflection.rb:162:in `class_name'
/Library/Ruby/Gems/2.3.0/gems/activerecord-5.2.3/lib/active_record/reflection.rb:769:in `klass'
/Library/Ruby/Gems/2.3.0/gems/activerecord-5.2.3/lib/active_record/reflection.rb:790:in `source_reflection'
/Library/Ruby/Gems/2.3.0/gems/activerecord-5.2.3/lib/active_record/reflection.rb:991:in `derive_class_name'
/Library/Ruby/Gems/2.3.0/gems/activerecord-5.2.3/lib/active_record/reflection.rb:162:in `class_name'
/Library/Ruby/Gems/2.3.0/gems/activerecord-5.2.3/lib/active_record/reflection.rb:769:in `klass'
/Library/Ruby/Gems/2.3.0/gems/activerecord-5.2.3/lib/active_record/reflection.rb:790:in `source_reflection'
/Library/Ruby/Gems/2.3.0/gems/activerecord-5.2.3/lib/active_record/reflection.rb:991:in `derive_class_name'
/Library/Ruby/Gems/2.3.0/gems/activerecord-5.2.3/lib/active_record/reflection.rb:162:in `class_name'
/Library/Ruby/Gems/2.3.0/gems/activerecord-5.2.3/lib/active_record/reflection.rb:769:in `klass'
/Library/Ruby/Gems/2.3.0/gems/activerecord-5.2.3/lib/active_record/reflection.rb:790:in `source_reflection'
/Library/Ruby/Gems/2.3.0/gems/activerecord-5.2.3/lib/active_record/reflection.rb:991:in `derive_class_name'
/Library/Ruby/Gems/2.3.0/gems/activerecord-5.2.3/lib/active_record/reflection.rb:162:in `class_name'
/Library/Ruby/Gems/2.3.0/gems/activerecord-5.2.3/lib/active_record/reflection.rb:769:in `klass'
/Library/Ruby/Gems/2.3.0/gems/activerecord-5.2.3/lib/active_record/reflection.rb:790:in `source_reflection'
/Library/Ruby/Gems/2.3.0/gems/activerecord-5.2.3/lib/active_record/reflection.rb:991:in `derive_class_name'
/Library/Ruby/Gems/2.3.0/gems/activerecord-5.2.3/lib/active_record/reflection.rb:162:in `class_name'
/Library/Ruby/Gems/2.3.0/gems/activerecord-5.2.3/lib/active_record/reflection.rb:769:in `klass'
/Library/Ruby/Gems/2.3.0/gems/activerecord-5.2.3/lib/active_record/reflection.rb:790:in `source_reflection'
/Library/Ruby/Gems/2.3.0/gems/activerecord-5.2.3/lib/active_record/reflection.rb:991:in `derive_class_name'
/Library/Ruby/Gems/2.3.0/gems/activerecord-5.2.3/lib/active_record/reflection.rb:162:in `class_name'
/Library/Ruby/Gems/2.3.0/gems/activerecord-5.2.3/lib/active_record/reflection.rb:769:in `klass'
/Library/Ruby/Gems/2.3.0/gems/activerecord-5.2.3/lib/active_record/reflection.rb:790:in `source_reflection'
/Library/Ruby/Gems/2.3.0/gems/activerecord-5.2.3/lib/active_record/reflection.rb:991:in `derive_class_name'
/Library/Ruby/Gems/2.3.0/gems/activerecord-5.2.3/lib/active_record/reflection.rb:162:in `class_name'
/Library/Ruby/Gems/2.3.0/gems/activerecord-5.2.3/lib/active_record/reflection.rb:769:in `klass'
/Library/Ruby/Gems/2.3.0/gems/activerecord-5.2.3/lib/active_record/reflection.rb:790:in `source_reflection'
/Library/Ruby/Gems/2.3.0/gems/activerecord-5.2.3/lib/active_record/reflection.rb:991:in `derive_class_name'
/Library/Ruby/Gems/2.3.0/gems/activerecord-5.2.3/lib/active_record/reflection.rb:162:in `class_name'
/Library/Ruby/Gems/2.3.0/gems/activerecord-5.2.3/lib/active_record/reflection.rb:769:in `klass'
/Library/Ruby/Gems/2.3.0/gems/activerecord-5.2.3/lib/active_record/reflection.rb:790:in `source_reflection'
/Library/Ruby/Gems/2.3.0/gems/activerecord-5.2.3/lib/active_record/reflection.rb:991:in `derive_class_name'
/Library/Ruby/Gems/2.3.0/gems/activerecord-5.2.3/lib/active_record/reflection.rb:162:in `class_name'
/Library/Ruby/Gems/2.3.0/gems/activerecord-5.2.3/lib/active_record/reflection.rb:769:in `klass'
/Library/Ruby/Gems/2.3.0/gems/activerecord-5.2.3/lib/active_record/reflection.rb:790:in `source_reflection'
/Library/Ruby/Gems/2.3.0/gems/activerecord-5.2.3/lib/active_record/reflection.rb:991:in `derive_class_name'
/Library/Ruby/Gems/2.3.0/gems/activerecord-5.2.3/lib/active_record/reflection.rb:162:in `class_name'
/Library/Ruby/Gems/2.3.0/gems/activerecord-5.2.3/lib/active_record/reflection.rb:769:in `klass'
/Library/Ruby/Gems/2.3.0/gems/activerecord-5.2.3/lib/active_record/reflection.rb:790:in `source_reflection'
/Library/Ruby/Gems/2.3.0/gems/activerecord-5.2.3/lib/active_record/reflection.rb:991:in `derive_class_name'
/Library/Ruby/Gems/2.3.0/gems/activerecord-5.2.3/lib/active_record/reflection.rb:162:in `class_name'
/Library/Ruby/Gems/2.3.0/gems/activerecord-5.2.3/lib/active_record/reflection.rb:769:in `klass'
/Library/Ruby/Gems/2.3.0/gems/activerecord-5.2.3/lib/active_record/reflection.rb:790:in `source_reflection'
/Library/Ruby/Gems/2.3.0/gems/activerecord-5.2.3/lib/active_record/reflection.rb:991:in `derive_class_name'
/Library/Ruby/Gems/2.3.0/gems/activerecord-5.2.3/lib/active_record/reflection.rb:162:in `class_name'
/Library/Ruby/Gems/2.3.0/gems/activerecord-5.2.3/lib/active_record/reflection.rb:769:in `klass'
/Library/Ruby/Gems/2.3.0/gems/activerecord-5.2.3/lib/active_record/reflection.rb:790:in `source_reflection'
/Library/Ruby/Gems/2.3.0/gems/activerecord-5.2.3/lib/active_record/reflection.rb:991:in `derive_class_name'
/Library/Ruby/Gems/2.3.0/gems/activerecord-5.2.3/lib/active_record/reflection.rb:162:in `class_name'
/Library/Ruby/Gems/2.3.0/gems/activerecord-5.2.3/lib/active_record/reflection.rb:769:in `klass'
/Library/Ruby/Gems/2.3.0/gems/activerecord-5.2.3/lib/active_record/reflection.rb:790:in `source_reflection'
/Library/Ruby/Gems/2.3.0/gems/activerecord-5.2.3/lib/active_record/reflection.rb:991:in `derive_class_name'
/Library/Ruby/Gems/2.3.0/gems/activerecord-5.2.3/lib/active_record/reflection.rb:162:in `class_name'
/Library/Ruby/Gems/2.3.0/gems/activerecord-5.2.3/lib/active_record/reflection.rb:769:in `klass'
/Library/Ruby/Gems/2.3.0/gems/activerecord-5.2.3/lib/active_record/reflection.rb:790:in `source_reflection'
/Library/Ruby/Gems/2.3.0/gems/activerecord-5.2.3/lib/active_record/reflection.rb:991:in `derive_class_name'
/Library/Ruby/Gems/2.3.0/gems/activerecord-5.2.3/lib/active_record/reflection.rb:162:in `class_name'
/Library/Ruby/Gems/2.3.0/gems/activerecord-5.2.3/lib/active_record/reflection.rb:769:in `klass'
/Library/Ruby/Gems/2.3.0/gems/activerecord-5.2.3/lib/active_record/reflection.rb:790:in `source_reflection'
/Library/Ruby/Gems/2.3.0/gems/activerecord-5.2.3/lib/active_record/reflection.rb:991:in `derive_class_name'
/Library/Ruby/Gems/2.3.0/gems/activerecord-5.2.3/lib/active_record/reflection.rb:162:in `class_name'
/Library/Ruby/Gems/2.3.0/gems/activerecord-5.2.3/lib/active_record/reflection.rb:769:in `klass'
/Library/Ruby/Gems/2.3.0/gems/activerecord-5.2.3/lib/active_record/reflection.rb:790:in `source_reflection'
/Library/Ruby/Gems/2.3.0/gems/activerecord-5.2.3/lib/active_record/reflection.rb:923:in `check_validity!'
/Library/Ruby/Gems/2.3.0/gems/activerecord-5.2.3/lib/active_record/associations/association.rb:26:in `initialize'
/Library/Ruby/Gems/2.3.0/gems/activerecord-5.2.3/lib/active_record/associations/has_many_through_association.rb:10:in `initialize'
/Library/Ruby/Gems/2.3.0/gems/activerecord-5.2.3/lib/active_record/associations.rb:237:in `new'
/Library/Ruby/Gems/2.3.0/gems/activerecord-5.2.3/lib/active_record/associations.rb:237:in `association'
/Library/Ruby/Gems/2.3.0/gems/activerecord-5.2.3/lib/active_record/associations/builder/association.rb:108:in `users_going'
/Users/ian/Code/en-me/db/seeds.rb:42:in `<main>'
/Library/Ruby/Gems/2.3.0/gems/bootsnap-1.4.4/lib/bootsnap/load_path_cache/core_ext/kernel_require.rb:54:in `load'
/Library/Ruby/Gems/2.3.0/gems/bootsnap-1.4.4/lib/bootsnap/load_path_cache/core_ext/kernel_require.rb:54:in `load'
/Library/Ruby/Gems/2.3.0/gems/activesupport-5.2.3/lib/active_support/dependencies.rb:285:in `block in load'
/Library/Ruby/Gems/2.3.0/gems/activesupport-5.2.3/lib/active_support/dependencies.rb:257:in `load_dependency'
/Library/Ruby/Gems/2.3.0/gems/activesupport-5.2.3/lib/active_support/dependencies.rb:285:in `load'
/Library/Ruby/Gems/2.3.0/gems/railties-5.2.3/lib/rails/engine.rb:551:in `block in load_seed'
/Library/Ruby/Gems/2.3.0/gems/railties-5.2.3/lib/rails/engine.rb:666:in `with_inline_jobs'
/Library/Ruby/Gems/2.3.0/gems/railties-5.2.3/lib/rails/engine.rb:551:in `load_seed'
/Library/Ruby/Gems/2.3.0/gems/activerecord-5.2.3/lib/active_record/tasks/database_tasks.rb:281:in `load_seed'
/Library/Ruby/Gems/2.3.0/gems/activerecord-5.2.3/lib/active_record/railties/databases.rake:194:in `block (2 levels) in <main>'
/Library/Ruby/Gems/2.3.0/gems/rake-12.3.3/exe/rake:27:in `<top (required)>'
Tasks: TOP => db:reset => db:setup => db:seed
(See full trace by running task with --trace)
